[2026-09-30 05:52:51] E8 FD Hessian: 13 atoms, cc-pvdz, frozen 8 (derived from the elements: 8), step 0.005 bohr, 78 displacements, 16 threads, max_memory 26000 MB, explicit (T) lambda, fast (T) density kernel
[2026-09-30 06:13:19] E8 FD Hessian: 13 atoms, cc-pvdz, frozen 8 (derived from the elements: 8), step 0.005 bohr, 78 displacements, 16 threads, max_memory 26000 MB, explicit (T) lambda, fast (T) density kernel, fast (T) lambda kernel
[2026-09-30 06:32:07] fast (T) lambda two-route check: max |kernel − pyscf| = 2.3e-16 (l2_t; limit 1e-10; 1073 s)
[2026-09-30 07:40:25] fast (T) density two-route check: max |kernel − pyscf| = 2.8e-17 (dvo[for_grad=True]; limit 1e-10; 3964 s)
[2026-09-30 07:40:44] (T) lambda 4098 s, gradient 18 s
[2026-09-30 07:40:44] reference: E = -323.598536697, max|grad| 3.63e-02, 5245 s
[2026-09-30 07:40:44] E8 FD Hessian: 13 atoms, cc-pvdz, frozen 8 (derived from the elements: 8), step 0.005 bohr, 78 displacements, 8 threads, max_memory 12000 MB, explicit (T) lambda, fast (T) density kernel, fast (T) lambda kernel
[2026-09-30 07:40:44] symmetry: 4 operations, orbits [[0], [1], [2], [3, 7], [4, 6], [5], [8, 12], [9, 11], [10]], 27 displacements (54 gradients) instead of 78
[2026-09-30 07:40:44] partial run: displacement indices [0, 1, 2, 3, 4, 5, 6, 7, 8, 9, 10, 11, 12]
[2026-09-30 07:40:49] E8 FD Hessian: 13 atoms, cc-pvdz, frozen 8 (derived from the elements: 8), step 0.005 bohr, 78 displacements, 8 threads, max_memory 12000 MB, explicit (T) lambda, fast (T) density kernel, fast (T) lambda kernel
[2026-09-30 07:40:49] symmetry: 4 operations, orbits [[0], [1], [2], [3, 7], [4, 6], [5], [8, 12], [9, 11], [10]], 27 displacements (54 gradients) instead of 78
[2026-09-30 07:40:49] partial run: displacement indices [13, 14, 15, 16, 17, 24, 25, 26, 27, 28, 29, 30, 31, 32]
[2026-09-30 07:49:23] (T) lambda 227 s, gradient 204 s
[2026-09-30 07:49:23] coordinate 13 p: E − E0 =    +30.05 µE_h, 514 s  (1/78 gradients)
[2026-09-30 07:49:25] (T) lambda 232 s, gradient 205 s
[2026-09-30 07:49:25] coordinate  0 p: E − E0 =   -166.20 µE_h, 520 s  (2/78 gradients)
[2026-09-30 07:58:10] (T) lambda 235 s, gradient 207 s
[2026-09-30 07:58:10] coordinate 13 m: E − E0 =    -11.42 µE_h, 526 s  (3/78 gradients)
[2026-09-30 07:58:10] pair check coordinate 13: max |mean(g+, g−) − g0| = 1.3e-05 a.u. (limit 1e-04)
[2026-09-30 07:58:13] (T) lambda 234 s, gradient 209 s
[2026-09-30 07:58:13] coordinate  0 m: E − E0 =   +196.91 µE_h, 528 s  (4/78 gradients)
[2026-09-30 07:58:13] pair check coordinate  0: max |mean(g+, g−) − g0| = 5.2e-05 a.u. (limit 1e-04)
[2026-09-30 08:07:05] (T) lambda 238 s, gradient 213 s
[2026-09-30 08:07:05] coordinate 14 p: E − E0 =     +3.20 µE_h, 535 s  (5/78 gradients)
[2026-09-30 08:07:15] (T) lambda 239 s, gradient 218 s
[2026-09-30 08:07:15] coordinate  1 p: E − E0 =    +28.81 µE_h, 542 s  (6/78 gradients)
[2026-09-30 08:15:59] (T) lambda 240 s, gradient 209 s
[2026-09-30 08:15:59] coordinate 14 m: E − E0 =     -0.47 µE_h, 535 s  (7/78 gradients)
[2026-09-30 08:15:59] pair check coordinate 14: max |mean(g+, g−) − g0| = 1.5e-06 a.u. (limit 1e-04)
[2026-09-30 08:16:09] (T) lambda 241 s, gradient 210 s
[2026-09-30 08:16:09] coordinate  1 m: E − E0 =    -28.07 µE_h, 535 s  (8/78 gradients)
[2026-09-30 08:16:09] pair check coordinate  1: max |mean(g+, g−) − g0| = 5.1e-06 a.u. (limit 1e-04)
[2026-09-30 08:25:34] (T) lambda 244 s, gradient 248 s
[2026-09-30 08:25:34] coordinate 15 p: E − E0 =    +38.76 µE_h, 574 s  (9/78 gradients)
[2026-09-30 08:25:59] (T) lambda 258 s, gradient 250 s
[2026-09-30 08:25:59] coordinate  2 p: E − E0 =     +2.23 µE_h, 590 s  (10/78 gradients)
[2026-09-30 08:34:09] (T) lambda 223 s, gradient 213 s
[2026-09-30 08:34:09] coordinate 15 m: E − E0 =    -19.39 µE_h, 515 s  (11/78 gradients)
[2026-09-30 08:34:09] pair check coordinate 15: max |mean(g+, g−) − g0| = 1.5e-05 a.u. (limit 1e-04)
[2026-09-30 08:34:32] (T) lambda 225 s, gradient 210 s
[2026-09-30 08:34:32] coordinate  2 m: E − E0 =     -2.20 µE_h, 513 s  (12/78 gradients)
[2026-09-30 08:34:32] pair check coordinate  2: max |mean(g+, g−) − g0| = 6.8e-06 a.u. (limit 1e-04)
[2026-09-30 08:42:33] (T) lambda 231 s, gradient 193 s
[2026-09-30 08:42:33] coordinate 16 p: E − E0 =     +4.24 µE_h, 505 s  (13/78 gradients)
[2026-09-30 08:42:55] (T) lambda 226 s, gradient 194 s
[2026-09-30 08:42:55] coordinate  3 p: E − E0 =   +125.05 µE_h, 503 s  (14/78 gradients)
[2026-09-30 08:51:21] (T) lambda 239 s, gradient 211 s
[2026-09-30 08:51:21] coordinate 16 m: E − E0 =    +13.38 µE_h, 527 s  (15/78 gradients)
[2026-09-30 08:51:21] pair check coordinate 16: max |mean(g+, g−) − g0| = 1.4e-05 a.u. (limit 1e-04)
[2026-09-30 08:51:43] (T) lambda 237 s, gradient 211 s
[2026-09-30 08:51:43] coordinate  3 m: E − E0 =    -84.81 µE_h, 528 s  (16/78 gradients)
[2026-09-30 08:51:43] pair check coordinate  3: max |mean(g+, g−) − g0| = 5.3e-05 a.u. (limit 1e-04)
[2026-09-30 08:59:57] (T) lambda 230 s, gradient 208 s
[2026-09-30 08:59:57] coordinate 17 p: E − E0 =     +1.04 µE_h, 516 s  (17/78 gradients)
[2026-09-30 09:00:26] (T) lambda 232 s, gradient 210 s
[2026-09-30 09:00:26] coordinate  4 p: E − E0 =    -14.82 µE_h, 523 s  (18/78 gradients)
[2026-09-30 09:08:40] (T) lambda 234 s, gradient 205 s
[2026-09-30 09:08:40] coordinate 17 m: E − E0 =     +1.74 µE_h, 523 s  (19/78 gradients)
[2026-09-30 09:08:40] pair check coordinate 17: max |mean(g+, g−) − g0| = 1.6e-06 a.u. (limit 1e-04)
[2026-09-30 09:09:10] (T) lambda 231 s, gradient 206 s
[2026-09-30 09:09:10] coordinate  4 m: E − E0 =    +18.04 µE_h, 523 s  (20/78 gradients)
[2026-09-30 09:09:10] pair check coordinate  4: max |mean(g+, g−) − g0| = 4.0e-06 a.u. (limit 1e-04)
[2026-09-30 09:17:16] (T) lambda 234 s, gradient 203 s
[2026-09-30 09:17:16] coordinate 24 p: E − E0 =    -14.40 µE_h, 516 s  (21/78 gradients)
[2026-09-30 09:17:47] (T) lambda 230 s, gradient 202 s
[2026-09-30 09:17:47] coordinate  5 p: E − E0 =     -0.54 µE_h, 517 s  (22/78 gradients)
[2026-09-30 09:25:45] (T) lambda 223 s, gradient 207 s
[2026-09-30 09:25:45] coordinate 24 m: E − E0 =    +16.89 µE_h, 509 s  (23/78 gradients)
[2026-09-30 09:25:45] pair check coordinate 24: max |mean(g+, g−) − g0| = 9.8e-07 a.u. (limit 1e-04)
[2026-09-30 09:26:20] (T) lambda 223 s, gradient 210 s
[2026-09-30 09:26:20] coordinate  5 m: E − E0 =     +2.01 µE_h, 513 s  (24/78 gradients)
[2026-09-30 09:26:20] pair check coordinate  5: max |mean(g+, g−) − g0| = 6.0e-06 a.u. (limit 1e-04)
[2026-09-30 09:34:32] (T) lambda 239 s, gradient 204 s
[2026-09-30 09:34:32] coordinate 25 p: E − E0 =    +42.36 µE_h, 527 s  (25/78 gradients)
[2026-09-30 09:35:10] (T) lambda 241 s, gradient 204 s
[2026-09-30 09:35:10] coordinate  6 p: E − E0 =    +34.14 µE_h, 531 s  (26/78 gradients)
[2026-09-30 09:43:05] (T) lambda 236 s, gradient 197 s
[2026-09-30 09:43:05] coordinate 25 m: E − E0 =    -33.87 µE_h, 513 s  (27/78 gradients)
[2026-09-30 09:43:05] pair check coordinate 25: max |mean(g+, g−) − g0| = 1.1e-05 a.u. (limit 1e-04)
[2026-09-30 09:43:47] (T) lambda 236 s, gradient 199 s
[2026-09-30 09:43:47] coordinate  6 m: E − E0 =    -15.95 µE_h, 517 s  (28/78 gradients)
[2026-09-30 09:43:47] pair check coordinate  6: max |mean(g+, g−) − g0| = 1.3e-05 a.u. (limit 1e-04)
[2026-09-30 09:51:37] (T) lambda 220 s, gradient 217 s
[2026-09-30 09:51:37] coordinate 26 p: E − E0 =     +3.61 µE_h, 513 s  (29/78 gradients)
[2026-09-30 09:52:30] (T) lambda 225 s, gradient 223 s
[2026-09-30 09:52:30] coordinate  7 p: E − E0 =     +4.60 µE_h, 523 s  (30/78 gradients)
[2026-09-30 10:00:22] (T) lambda 232 s, gradient 207 s
[2026-09-30 10:00:22] coordinate 26 m: E − E0 =     -3.01 µE_h, 524 s  (31/78 gradients)
[2026-09-30 10:00:22] pair check coordinate 26: max |mean(g+, g−) − g0| = 1.9e-06 a.u. (limit 1e-04)
[2026-09-30 10:01:20] (T) lambda 235 s, gradient 212 s
[2026-09-30 10:01:20] coordinate  7 m: E − E0 =    +12.42 µE_h, 530 s  (32/78 gradients)
[2026-09-30 10:01:20] pair check coordinate  7: max |mean(g+, g−) − g0| = 1.3e-05 a.u. (limit 1e-04)
[2026-09-30 10:09:38] (T) lambda 247 s, gradient 222 s
[2026-09-30 10:09:38] coordinate 27 p: E − E0 =    +27.46 µE_h, 557 s  (33/78 gradients)
[2026-09-30 10:10:39] (T) lambda 249 s, gradient 221 s
[2026-09-30 10:10:39] coordinate  8 p: E − E0 =     +1.14 µE_h, 559 s  (34/78 gradients)
[2026-09-30 10:18:42] (T) lambda 240 s, gradient 217 s
[2026-09-30 10:18:42] coordinate 27 m: E − E0 =    -22.84 µE_h, 544 s  (35/78 gradients)
[2026-09-30 10:18:42] pair check coordinate 27: max |mean(g+, g−) − g0| = 4.6e-06 a.u. (limit 1e-04)
[2026-09-30 10:19:41] (T) lambda 239 s, gradient 214 s
[2026-09-30 10:19:41] coordinate  8 m: E − E0 =     +1.77 µE_h, 543 s  (36/78 gradients)
[2026-09-30 10:19:41] pair check coordinate  8: max |mean(g+, g−) − g0| = 1.3e-06 a.u. (limit 1e-04)
[2026-09-30 10:27:23] (T) lambda 237 s, gradient 203 s
[2026-09-30 10:27:23] coordinate 28 p: E − E0 =    +33.66 µE_h, 521 s  (37/78 gradients)
[2026-09-30 10:28:27] (T) lambda 239 s, gradient 203 s
[2026-09-30 10:28:27] coordinate  9 p: E − E0 =    -15.41 µE_h, 525 s  (38/78 gradients)
[2026-09-30 10:35:52] (T) lambda 232 s, gradient 203 s
[2026-09-30 10:35:52] coordinate 28 m: E − E0 =    -27.34 µE_h, 509 s  (39/78 gradients)
[2026-09-30 10:35:52] pair check coordinate 28: max |mean(g+, g−) − g0| = 6.3e-06 a.u. (limit 1e-04)
[2026-09-30 10:37:06] (T) lambda 236 s, gradient 204 s
[2026-09-30 10:37:06] coordinate  9 m: E − E0 =    +33.58 µE_h, 519 s  (40/78 gradients)
[2026-09-30 10:37:06] pair check coordinate  9: max |mean(g+, g−) − g0| = 1.6e-05 a.u. (limit 1e-04)
[2026-09-30 10:44:13] (T) lambda 227 s, gradient 198 s
[2026-09-30 10:44:13] coordinate 29 p: E − E0 =     +3.00 µE_h, 501 s  (41/78 gradients)
[2026-09-30 10:45:25] (T) lambda 227 s, gradient 195 s
[2026-09-30 10:45:25] coordinate 10 p: E − E0 =    +25.84 µE_h, 500 s  (42/78 gradients)
[2026-09-30 10:52:23] (T) lambda 216 s, gradient 200 s
[2026-09-30 10:52:23] coordinate 29 m: E − E0 =     -2.41 µE_h, 489 s  (43/78 gradients)
[2026-09-30 10:52:23] pair check coordinate 29: max |mean(g+, g−) − g0| = 1.6e-06 a.u. (limit 1e-04)
[2026-09-30 10:53:42] (T) lambda 224 s, gradient 198 s
[2026-09-30 10:53:42] coordinate 10 m: E − E0 =     -7.02 µE_h, 497 s  (44/78 gradients)
[2026-09-30 10:53:42] pair check coordinate 10: max |mean(g+, g−) − g0| = 1.3e-05 a.u. (limit 1e-04)
[2026-09-30 11:00:30] (T) lambda 220 s, gradient 192 s
[2026-09-30 11:00:30] coordinate 30 p: E − E0 =    +43.64 µE_h, 487 s  (45/78 gradients)
[2026-09-30 11:01:55] (T) lambda 219 s, gradient 198 s
[2026-09-30 11:01:55] coordinate 11 p: E − E0 =     +2.79 µE_h, 493 s  (46/78 gradients)
[2026-09-30 11:09:28] (T) lambda 239 s, gradient 222 s
[2026-09-30 11:09:28] coordinate 30 m: E − E0 =    -34.25 µE_h, 538 s  (47/78 gradients)
[2026-09-30 11:09:28] pair check coordinate 30: max |mean(g+, g−) − g0| = 1.4e-05 a.u. (limit 1e-04)
[2026-09-30 11:11:04] (T) lambda 246 s, gradient 221 s
[2026-09-30 11:11:04] coordinate 11 m: E − E0 =     -0.02 µE_h, 549 s  (48/78 gradients)
[2026-09-30 11:11:04] pair check coordinate 11: max |mean(g+, g−) − g0| = 1.4e-06 a.u. (limit 1e-04)
[2026-09-30 11:18:12] (T) lambda 234 s, gradient 206 s
[2026-09-30 11:18:12] coordinate 31 p: E − E0 =     -5.32 µE_h, 525 s  (49/78 gradients)
[2026-09-30 11:19:43] (T) lambda 235 s, gradient 201 s
[2026-09-30 11:19:43] coordinate 12 p: E − E0 =    +32.53 µE_h, 518 s  (50/78 gradients)
[2026-09-30 11:26:40] (T) lambda 224 s, gradient 207 s
[2026-09-30 11:26:40] coordinate 31 m: E − E0 =     +6.88 µE_h, 508 s  (51/78 gradients)
[2026-09-30 11:26:40] pair check coordinate 31: max |mean(g+, g−) − g0| = 1.5e-06 a.u. (limit 1e-04)
[2026-09-30 11:28:18] (T) lambda 230 s, gradient 207 s
[2026-09-30 11:28:18] coordinate 12 m: E − E0 =    -13.99 µE_h, 516 s  (52/78 gradients)
[2026-09-30 11:28:18] pair check coordinate 12: max |mean(g+, g−) − g0| = 1.6e-05 a.u. (limit 1e-04)
[2026-09-30 11:28:18] partial run done; merge grad_*.npy files and rerun without --ks to assemble the Hessian
[2026-09-30 11:34:39] (T) lambda 213 s, gradient 188 s
[2026-09-30 11:34:39] coordinate 32 p: E − E0 =     -0.20 µE_h, 480 s  (53/78 gradients)
[2026-09-30 11:42:19] (T) lambda 203 s, gradient 186 s
[2026-09-30 11:42:19] coordinate 32 m: E − E0 =     +0.75 µE_h, 459 s  (54/78 gradients)
[2026-09-30 11:42:19] pair check coordinate 32: max |mean(g+, g−) − g0| = 2.1e-06 a.u. (limit 1e-04)
[2026-09-30 11:42:19] partial run done; merge grad_*.npy files and rerun without --ks to assemble the Hessian
[2026-09-30 11:42:30] E8 FD Hessian: 13 atoms, cc-pvdz, frozen 8 (derived from the elements: 8), step 0.005 bohr, 78 displacements, 16 threads, max_memory 26000 MB, explicit (T) lambda, fast (T) density kernel, fast (T) lambda kernel
[2026-09-30 11:42:30] symmetry: 4 operations, orbits [[0], [1], [2], [3, 7], [4, 6], [5], [8, 12], [9, 11], [10]], 27 displacements (54 gradients) instead of 78
[2026-09-30 11:42:30] pair check coordinate  0: max |mean(g+, g−) − g0| = 5.2e-05 a.u. (limit 1e-04)
[2026-09-30 11:42:30] pair check coordinate  1: max |mean(g+, g−) − g0| = 5.1e-06 a.u. (limit 1e-04)
[2026-09-30 11:42:30] pair check coordinate  2: max |mean(g+, g−) − g0| = 6.8e-06 a.u. (limit 1e-04)
[2026-09-30 11:42:30] pair check coordinate  3: max |mean(g+, g−) − g0| = 5.3e-05 a.u. (limit 1e-04)
[2026-09-30 11:42:30] pair check coordinate  4: max |mean(g+, g−) − g0| = 4.0e-06 a.u. (limit 1e-04)
[2026-09-30 11:42:30] pair check coordinate  5: max |mean(g+, g−) − g0| = 6.0e-06 a.u. (limit 1e-04)
[2026-09-30 11:42:30] pair check coordinate  6: max |mean(g+, g−) − g0| = 1.3e-05 a.u. (limit 1e-04)
[2026-09-30 11:42:30] pair check coordinate  7: max |mean(g+, g−) − g0| = 1.3e-05 a.u. (limit 1e-04)
[2026-09-30 11:42:30] pair check coordinate  8: max |mean(g+, g−) − g0| = 1.3e-06 a.u. (limit 1e-04)
[2026-09-30 11:42:30] pair check coordinate  9: max |mean(g+, g−) − g0| = 1.6e-05 a.u. (limit 1e-04)
[2026-09-30 11:42:30] pair check coordinate 10: max |mean(g+, g−) − g0| = 1.3e-05 a.u. (limit 1e-04)
[2026-09-30 11:42:30] pair check coordinate 11: max |mean(g+, g−) − g0| = 1.4e-06 a.u. (limit 1e-04)
[2026-09-30 11:42:30] pair check coordinate 12: max |mean(g+, g−) − g0| = 1.6e-05 a.u. (limit 1e-04)
[2026-09-30 11:42:30] pair check coordinate 13: max |mean(g+, g−) − g0| = 1.3e-05 a.u. (limit 1e-04)
[2026-09-30 11:42:30] pair check coordinate 14: max |mean(g+, g−) − g0| = 1.5e-06 a.u. (limit 1e-04)
[2026-09-30 11:42:30] pair check coordinate 15: max |mean(g+, g−) − g0| = 1.5e-05 a.u. (limit 1e-04)
[2026-09-30 11:42:30] pair check coordinate 16: max |mean(g+, g−) − g0| = 1.4e-05 a.u. (limit 1e-04)
[2026-09-30 11:42:30] pair check coordinate 17: max |mean(g+, g−) − g0| = 1.6e-06 a.u. (limit 1e-04)
[2026-09-30 11:42:30] pair check coordinate 24: max |mean(g+, g−) − g0| = 9.8e-07 a.u. (limit 1e-04)
[2026-09-30 11:42:30] pair check coordinate 25: max |mean(g+, g−) − g0| = 1.1e-05 a.u. (limit 1e-04)
[2026-09-30 11:42:30] pair check coordinate 26: max |mean(g+, g−) − g0| = 1.9e-06 a.u. (limit 1e-04)
[2026-09-30 11:42:30] pair check coordinate 27: max |mean(g+, g−) − g0| = 4.6e-06 a.u. (limit 1e-04)
[2026-09-30 11:42:30] pair check coordinate 28: max |mean(g+, g−) − g0| = 6.3e-06 a.u. (limit 1e-04)
[2026-09-30 11:42:30] pair check coordinate 29: max |mean(g+, g−) − g0| = 1.6e-06 a.u. (limit 1e-04)
[2026-09-30 11:42:30] pair check coordinate 30: max |mean(g+, g−) − g0| = 1.4e-05 a.u. (limit 1e-04)
[2026-09-30 11:42:30] pair check coordinate 31: max |mean(g+, g−) − g0| = 1.5e-06 a.u. (limit 1e-04)
[2026-09-30 11:42:30] pair check coordinate 32: max |mean(g+, g−) − g0| = 2.1e-06 a.u. (limit 1e-04)
[2026-09-30 11:42:30] symmetry reconstruction: spread of multiply-reached rows 4.62e-05 a.u.; self-check 6.4e-12
[2026-09-30 11:42:30] Hessian written; FD asymmetry max 4.62e-05 a.u.; frequencies (cm-1): [0, 0, 314, 356, 460, 495, 502, 611, 620, 695, 773, 798, 868, 915, 920, 1013, 1055, 1096, 1159, 1180, 1248, 1314, 1400, 1485, 1535, 1667, 1701, 2388, 3288, 3300, 3309, 3319, 3322]
[2026-09-30 11:42:30] two-route checks: six lowest |freq| after projection [87.0, 81.9, 0.0, 0.0, 0.0, 0.0] (translations/rotations → ~0)
[2026-09-30 11:42:30] SELF-CHECK FAILED: asymmetry 4.62e-05 (limit 2e-03) / null space 87.0 cm⁻¹ (limit 10) — written as hessian_ccsd_t_INVALID.npz; no read-out may run on it (guard of 27 Sep 2026)
