[10:12:47] truth a2 (E_h): mode 6 2.013595e-03 (σ 0.016 µE_h, n 9), mode 12 2.264156e-03 (σ 0.001 µE_h, n 9), mode 18 2.994520e-03 (σ 0.000 µE_h, n 9)

  Memory set to  22.352 GiB by Python driver.
  Threads set to 16 by Python driver.
[10:13:25] lrc-wpbeh ω=0.1 N mode 6 q=+0.00: E=-232.0475122612 ε_HOMO=-0.301826 (37.4 s)
[10:15:14] lrc-wpbeh ω=0.1 cation mode 6 q=+0.00: E=-231.7077777545 (110.0 s)
[10:15:14] J(ω=0.1) = +0.037909 E_h
[10:15:43] lrc-wpbeh ω=0.15 N mode 6 q=+0.00: E=-232.0625223356 ε_HOMO=-0.319089 (28.7 s)
[10:16:15] lrc-wpbeh ω=0.15 cation mode 6 q=+0.00: E=-231.7221261174 (32.2 s)
[10:16:15] J(ω=0.15) = +0.021307 E_h
[10:16:27] lrc-wpbeh ω=0.2 N mode 6 q=+0.00: E=-232.0788800916 ε_HOMO=-0.332873 (11.6 s)
[10:17:01] lrc-wpbeh ω=0.2 cation mode 6 q=+0.00: E=-231.7378183022 (33.8 s)
[10:17:01] J(ω=0.2) = +0.008188 E_h
[10:17:13] lrc-wpbeh ω=0.25 N mode 6 q=+0.00: E=-232.0943867221 ε_HOMO=-0.343592 (11.7 s)
[10:17:49] lrc-wpbeh ω=0.25 cation mode 6 q=+0.00: E=-231.7527622715 (36.0 s)
[10:17:49] J(ω=0.25) = -0.001967 E_h
[10:18:00] lrc-wpbeh ω=0.3 N mode 6 q=+0.00: E=-232.1078612183 ε_HOMO=-0.351843 (11.8 s)
[10:18:38] lrc-wpbeh ω=0.3 cation mode 6 q=+0.00: E=-231.7658431897 (38.0 s)
[10:18:38] J(ω=0.3) = -0.009825 E_h
[10:18:50] lrc-wpbeh ω=0.35 N mode 6 q=+0.00: E=-232.1187475955 ε_HOMO=-0.358167 (11.4 s)
[10:19:29] lrc-wpbeh ω=0.35 cation mode 6 q=+0.00: E=-231.7765372633 (39.2 s)
[10:19:29] J(ω=0.35) = -0.015957 E_h
[10:19:41] lrc-wpbeh ω=0.4 N mode 6 q=+0.00: E=-232.1268656759 ε_HOMO=-0.362992 (12.4 s)
[10:20:15] lrc-wpbeh ω=0.4 cation mode 6 q=+0.00: E=-231.7846662331 (33.8 s)
[10:20:15] J(ω=0.4) = -0.020792 E_h
[10:20:27] lrc-wpbeh ω=0.45 N mode 6 q=+0.00: E=-232.1322754455 ε_HOMO=-0.366645 (11.7 s)
[10:21:01] lrc-wpbeh ω=0.45 cation mode 6 q=+0.00: E=-231.7902694419 (34.0 s)
[10:21:01] J(ω=0.45) = -0.024639 E_h
[10:21:13] lrc-wpbeh ω=0.5 N mode 6 q=+0.00: E=-232.1351961462 ε_HOMO=-0.369381 (11.7 s)
[10:21:45] lrc-wpbeh ω=0.5 cation mode 6 q=+0.00: E=-231.7935325705 (32.6 s)
[10:21:45] J(ω=0.5) = -0.027717 E_h
[10:21:57] lrc-wpbeh ω=0.21 N mode 6 q=+0.00: E=-232.0820991302 ε_HOMO=-0.335244 (11.9 s)
[10:22:31] lrc-wpbeh ω=0.21 cation mode 6 q=+0.00: E=-231.7409139503 (33.8 s)
[10:22:43] lrc-wpbeh ω=0.22 N mode 6 q=+0.00: E=-232.0852690325 ε_HOMO=-0.337495 (11.7 s)
[10:23:16] lrc-wpbeh ω=0.22 cation mode 6 q=+0.00: E=-231.7439653369 (33.6 s)
[10:23:28] lrc-wpbeh ω=0.23 N mode 6 q=+0.00: E=-232.0883794317 ε_HOMO=-0.339634 (11.5 s)
[10:24:02] lrc-wpbeh ω=0.23 cation mode 6 q=+0.00: E=-231.7469626773 (34.9 s)
[10:24:14] lrc-wpbeh ω=0.24 N mode 6 q=+0.00: E=-232.0914212819 ε_HOMO=-0.341665 (11.5 s)
[10:24:49] lrc-wpbeh ω=0.24 cation mode 6 q=+0.00: E=-231.7498974519 (34.8 s)
[10:24:49] ω* = 0.24 (|J| = 0.000141 E_h; bracket (0.2, 0.25))
[10:24:59] b3lyp ω=None scan mode 6 q=-1.00: E=-232.3310051308 (10.3 s)
[10:25:10] b3lyp ω=None scan mode 6 q=-0.75: E=-232.3319383671 (10.6 s)
[10:25:20] b3lyp ω=None scan mode 6 q=-0.50: E=-232.3325954901 (10.5 s)
[10:25:31] b3lyp ω=None scan mode 6 q=-0.25: E=-232.3329859062 (10.6 s)
[10:25:41] b3lyp ω=None scan mode 6 q=+0.00: E=-232.3331153975 (10.6 s)
[10:25:52] b3lyp ω=None scan mode 6 q=+0.25: E=-232.3329859035 (10.5 s)
[10:26:02] b3lyp ω=None scan mode 6 q=+0.50: E=-232.3325954820 (10.2 s)
[10:26:12] b3lyp ω=None scan mode 6 q=+0.75: E=-232.3319383684 (10.2 s)
[10:26:23] b3lyp ω=None scan mode 6 q=+1.00: E=-232.3310051433 (10.4 s)
[10:26:23] B3LYP                        mode 6: a2 2.069640e-03  Δω = -12.30 cm⁻¹  (fit σ 0.014 µE_h)
[10:26:34] b3lyp ω=None scan mode 12 q=-1.00: E=-232.3296107456 (10.9 s)
[10:26:45] b3lyp ω=None scan mode 12 q=-0.75: E=-232.3308828177 (11.0 s)
[10:26:56] b3lyp ω=None scan mode 12 q=-0.50: E=-232.3318955564 (11.1 s)
[10:27:05] b3lyp ω=None scan mode 12 q=-0.25: E=-232.3326420483 (9.6 s)
[10:27:16] b3lyp ω=None scan mode 12 q=+0.00: E=-232.3331153975 (10.4 s)
[10:27:27] b3lyp ω=None scan mode 12 q=+0.25: E=-232.3333090951 (11.2 s)
[10:27:38] b3lyp ω=None scan mode 12 q=+0.50: E=-232.3332161499 (11.0 s)
[10:27:48] b3lyp ω=None scan mode 12 q=+0.75: E=-232.3328289658 (10.3 s)
[10:27:59] b3lyp ω=None scan mode 12 q=+1.00: E=-232.3321402750 (11.0 s)
[10:27:59] B3LYP                        mode 12: a2 2.238124e-03  Δω = +5.71 cm⁻¹  (fit σ 0.072 µE_h)
[10:28:10] b3lyp ω=None scan mode 18 q=-1.00: E=-232.3302281792 (10.3 s)
[10:28:20] b3lyp ω=None scan mode 18 q=-0.75: E=-232.3314950554 (10.4 s)
[10:28:30] b3lyp ω=None scan mode 18 q=-0.50: E=-232.3323962203 (10.1 s)
[10:28:40] b3lyp ω=None scan mode 18 q=-0.25: E=-232.3329362309 (10.3 s)
[10:28:51] b3lyp ω=None scan mode 18 q=+0.00: E=-232.3331153975 (10.3 s)
[10:29:01] b3lyp ω=None scan mode 18 q=+0.25: E=-232.3329359900 (10.3 s)
[10:29:11] b3lyp ω=None scan mode 18 q=+0.50: E=-232.3323965488 (10.5 s)
[10:29:22] b3lyp ω=None scan mode 18 q=+0.75: E=-232.3314948812 (10.5 s)
[10:29:32] b3lyp ω=None scan mode 18 q=+1.00: E=-232.3302277493 (10.3 s)
[10:29:32] B3LYP                        mode 18: a2 2.872765e-03  Δω = +26.72 cm⁻¹  (fit σ 0.137 µE_h)
[10:29:45] lrc-wpbeh ω=0.2 scan mode 6 q=-1.00: E=-232.0767825109 (12.8 s)
[10:29:58] lrc-wpbeh ω=0.2 scan mode 6 q=-0.75: E=-232.0777103822 (12.9 s)
[10:30:11] lrc-wpbeh ω=0.2 scan mode 6 q=-0.50: E=-232.0783634365 (13.6 s)
[10:30:24] lrc-wpbeh ω=0.2 scan mode 6 q=-0.25: E=-232.0787513945 (12.3 s)
[10:30:35] lrc-wpbeh ω=0.2 scan mode 6 q=+0.00: E=-232.0788800916 (11.5 s)
[10:30:48] lrc-wpbeh ω=0.2 scan mode 6 q=+0.25: E=-232.0787514737 (12.4 s)
[10:31:00] lrc-wpbeh ω=0.2 scan mode 6 q=+0.50: E=-232.0783635716 (12.5 s)
[10:31:14] lrc-wpbeh ω=0.2 scan mode 6 q=+0.75: E=-232.0777105294 (13.4 s)
[10:31:27] lrc-wpbeh ω=0.2 scan mode 6 q=+1.00: E=-232.0767826674 (13.1 s)
[10:31:27] LRC-ωPBEh ω=0.2 (default)    mode 6: a2 2.056014e-03  Δω = -9.31 cm⁻¹  (fit σ 0.005 µE_h)
[10:31:39] lrc-wpbeh ω=0.2 scan mode 12 q=-1.00: E=-232.0744723922 (12.1 s)
[10:31:51] lrc-wpbeh ω=0.2 scan mode 12 q=-0.75: E=-232.0759777112 (12.4 s)
[10:32:04] lrc-wpbeh ω=0.2 scan mode 12 q=-0.50: E=-232.0772171734 (13.2 s)
[10:32:17] lrc-wpbeh ω=0.2 scan mode 12 q=-0.25: E=-232.0781879195 (13.1 s)
[10:32:29] lrc-wpbeh ω=0.2 scan mode 12 q=+0.00: E=-232.0788800916 (11.5 s)
[10:32:42] lrc-wpbeh ω=0.2 scan mode 12 q=+0.25: E=-232.0792868057 (13.1 s)
[10:32:55] lrc-wpbeh ω=0.2 scan mode 12 q=+0.50: E=-232.0794005557 (13.0 s)
[10:33:08] lrc-wpbeh ω=0.2 scan mode 12 q=+0.75: E=-232.0792167153 (13.1 s)
[10:33:22] lrc-wpbeh ω=0.2 scan mode 12 q=+1.00: E=-232.0787267012 (13.3 s)
[10:33:22] LRC-ωPBEh ω=0.2 (default)    mode 12: a2 2.281946e-03  Δω = -3.90 cm⁻¹  (fit σ 0.406 µE_h)
[10:33:35] lrc-wpbeh ω=0.2 scan mode 18 q=-1.00: E=-232.0760064646 (13.1 s)
[10:33:48] lrc-wpbeh ω=0.2 scan mode 18 q=-0.75: E=-232.0772686493 (13.3 s)
[10:34:01] lrc-wpbeh ω=0.2 scan mode 18 q=-0.50: E=-232.0781653575 (13.2 s)
[10:34:14] lrc-wpbeh ω=0.2 scan mode 18 q=-0.25: E=-232.0787002957 (13.2 s)
[10:34:26] lrc-wpbeh ω=0.2 scan mode 18 q=+0.00: E=-232.0788800916 (11.6 s)
[10:34:39] lrc-wpbeh ω=0.2 scan mode 18 q=+0.25: E=-232.0787004949 (13.2 s)
[10:34:53] lrc-wpbeh ω=0.2 scan mode 18 q=+0.50: E=-232.0781637117 (13.3 s)
[10:35:06] lrc-wpbeh ω=0.2 scan mode 18 q=+0.75: E=-232.0772675711 (13.1 s)
[10:35:19] lrc-wpbeh ω=0.2 scan mode 18 q=+1.00: E=-232.0760071320 (13.0 s)
[10:35:19] LRC-ωPBEh ω=0.2 (default)    mode 18: a2 2.854483e-03  Δω = +30.73 cm⁻¹  (fit σ 0.428 µE_h)
[10:35:32] lrc-wpbeh ω=0.24 scan mode 6 q=-1.00: E=-232.0892869789 (13.0 s)
[10:35:45] lrc-wpbeh ω=0.24 scan mode 6 q=-0.75: E=-232.0902309187 (13.1 s)
[10:35:58] lrc-wpbeh ω=0.24 scan mode 6 q=-0.50: E=-232.0908954474 (13.0 s)
[10:36:11] lrc-wpbeh ω=0.24 scan mode 6 q=-0.25: E=-232.0912902885 (13.1 s)
[10:36:23] lrc-wpbeh ω=0.24 scan mode 6 q=+0.00: E=-232.0914212819 (11.8 s)
[10:36:35] lrc-wpbeh ω=0.24 scan mode 6 q=+0.25: E=-232.0912903706 (12.6 s)
[10:36:48] lrc-wpbeh ω=0.24 scan mode 6 q=+0.50: E=-232.0908955851 (12.9 s)
[10:37:00] lrc-wpbeh ω=0.24 scan mode 6 q=+0.75: E=-232.0902310703 (12.0 s)
[10:37:13] lrc-wpbeh ω=0.24 scan mode 6 q=+1.00: E=-232.0892871435 (13.1 s)
[10:37:13] LRC-ωPBEh ω*=0.24            mode 6: a2 2.092722e-03  Δω = -17.37 cm⁻¹  (fit σ 0.005 µE_h)
[10:37:26] lrc-wpbeh ω=0.24 scan mode 12 q=-1.00: E=-232.0866813727 (13.0 s)
[10:37:40] lrc-wpbeh ω=0.24 scan mode 12 q=-0.75: E=-232.0882713444 (13.2 s)
[10:37:54] lrc-wpbeh ω=0.24 scan mode 12 q=-0.50: E=-232.0895943780 (14.1 s)
[10:38:07] lrc-wpbeh ω=0.24 scan mode 12 q=-0.25: E=-232.0906477016 (13.7 s)
[10:38:19] lrc-wpbeh ω=0.24 scan mode 12 q=+0.00: E=-232.0914212819 (12.0 s)
[10:38:33] lrc-wpbeh ω=0.24 scan mode 12 q=+0.25: E=-232.0919084232 (13.5 s)
[10:38:47] lrc-wpbeh ω=0.24 scan mode 12 q=+0.50: E=-232.0921015111 (13.8 s)
[10:39:01] lrc-wpbeh ω=0.24 scan mode 12 q=+0.75: E=-232.0919959538 (14.9 s)
[10:39:16] lrc-wpbeh ω=0.24 scan mode 12 q=+1.00: E=-232.0915831459 (14.7 s)
[10:39:16] LRC-ωPBEh ω*=0.24            mode 12: a2 2.290439e-03  Δω = -5.77 cm⁻¹  (fit σ 0.408 µE_h)
[10:39:30] lrc-wpbeh ω=0.24 scan mode 18 q=-1.00: E=-232.0885995238 (14.2 s)
[10:39:45] lrc-wpbeh ω=0.24 scan mode 18 q=-0.75: E=-232.0898393796 (14.3 s)
[10:39:59] lrc-wpbeh ω=0.24 scan mode 18 q=-0.50: E=-232.0907197903 (13.9 s)
[10:40:14] lrc-wpbeh ω=0.24 scan mode 18 q=-0.25: E=-232.0912448588 (15.2 s)
[10:40:26] lrc-wpbeh ω=0.24 scan mode 18 q=+0.00: E=-232.0914212819 (11.9 s)
[10:40:40] lrc-wpbeh ω=0.24 scan mode 18 q=+0.25: E=-232.0912450151 (14.3 s)
[10:40:54] lrc-wpbeh ω=0.24 scan mode 18 q=+0.50: E=-232.0907181274 (14.2 s)
[10:41:08] lrc-wpbeh ω=0.24 scan mode 18 q=+0.75: E=-232.0898382394 (13.9 s)
[10:41:22] lrc-wpbeh ω=0.24 scan mode 18 q=+1.00: E=-232.0886001238 (13.4 s)
[10:41:22] LRC-ωPBEh ω*=0.24            mode 18: a2 2.801264e-03  Δω = +42.41 cm⁻¹  (fit σ 0.418 µE_h)
[10:41:22] RMS Δω: B3LYP 17.30, LRC-ωPBEh default 18.68, tuned 26.67 cm⁻¹; ratio tuned/B3LYP 1.54; sign flips [12] → LOSE
[10:41:22] wrote x19_tuned_functional.json/.md
