[16:26:26] set naphthalene: modes [12, 22, 31] (785.3, 1045.1, 1409.9 cm⁻¹); geometry source: stage A optimisation (pre-2026-09-15)
    reference b3lyp: 12 s
    reference bhhlyp: 13 s
    mode 12 b3lyp: odd +0.179, +0.705 µE_h
    mode 12 bhhlyp: odd +15.282, +30.942 µE_h
    mode 22 b3lyp: odd -0.026, -0.204 µE_h
    mode 22 bhhlyp: odd +0.673, +1.193 µE_h
    mode 31 b3lyp: odd -0.300, -2.873 µE_h
    mode 31 bhhlyp: odd +8.233, +13.663 µE_h
[16:32:21] set naphthalene_sym: modes [12, 22, 31] (785.2, 1044.8, 1409.9 cm⁻¹); geometry source: geometry_symmetrised.json (point-group averaged, not re-optimised)
    reference b3lyp: 13 s
    reference bhhlyp: 13 s
    mode 12 b3lyp: odd +0.001, +0.000 µE_h
    mode 12 bhhlyp: odd +0.001, +0.000 µE_h
    mode 22 b3lyp: odd +0.001, -0.001 µE_h
    mode 22 bhhlyp: odd +0.001, -0.001 µE_h
    mode 31 b3lyp: odd +0.000, -0.001 µE_h
    mode 31 bhhlyp: odd +0.000, -0.001 µE_h
# I14 at DFT level — odd and even parts along modes [12, 22, 31] (indices of `naphthalene`), 2026-09-15 16:26

½[E(+q) − E(−q)] and ½[E(+q) + E(−q)] − E(0) in µE_h; 6-31g*; sets: ['naphthalene', 'naphthalene_sym']

## naphthalene — geometry: stage A optimisation

| mode | ω (cm⁻¹) | irrep | 1 − purity | functional | odd(0.5) | odd(1) | even(0.5) | even(1) |
|---|---|---|---|---|---|---|---|---|
| 12 | 785.3 | — | — | b3lyp | +0.179 | +0.705 | +447.34 | +1790.53 |
| 12 | 785.3 | — | — | bhhlyp | +15.282 | +30.942 | +497.15 | +1991.55 |
| 22 | 1045.1 | — | — | b3lyp | -0.026 | -0.204 | +595.19 | +2383.15 |
| 22 | 1045.1 | — | — | bhhlyp | +0.673 | +1.193 | +617.00 | +2470.42 |
| 31 | 1409.9 | — | — | b3lyp | -0.300 | -2.873 | +803.51 | +3219.92 |
| 31 | 1409.9 | — | — | bhhlyp | +8.233 | +13.663 | +794.29 | +3184.14 |

## naphthalene_sym — geometry: geometry_symmetrised.json (point-group averaged, not re-optimised)

| mode | ω (cm⁻¹) | irrep | 1 − purity | functional | odd(0.5) | odd(1) | even(0.5) | even(1) |
|---|---|---|---|---|---|---|---|---|
| 12 | 785.2 | B3g | 1.2e-05 | b3lyp | +0.001 | +0.000 | +447.35 | +1790.57 |
| 12 | 785.2 | B3g | 1.2e-05 | bhhlyp | +0.001 | +0.000 | +497.19 | +1991.71 |
| 22 | 1044.8 | B3u | 4.5e-05 | b3lyp | +0.001 | -0.001 | +595.40 | +2383.98 |
| 22 | 1044.8 | B3u | 4.5e-05 | bhhlyp | +0.001 | -0.001 | +617.16 | +2471.04 |
| 31 | 1409.9 | B3u | 2.1e-05 | b3lyp | +0.000 | -0.001 | +803.52 | +3219.95 |
| 31 | 1409.9 | B3u | 2.1e-05 | bhhlyp | +0.000 | -0.001 | +794.26 | +3183.99 |

written C:\Users\thebr\Documents\CapstonePlan\plans\05_delta-probed-ir-pipeline\probes\results_dryrun\i14_odd_part_dft.json and C:\Users\thebr\Documents\CapstonePlan\plans\05_delta-probed-ir-pipeline\probes\results_dryrun\i14_odd_part_dft.md
