[2026-09-23 12:47:27] E8 FD Hessian: 12 atoms, cc-pvdz, frozen 6, step 0.005 bohr, 72 displacements, 16 threads
[2026-09-23 12:58:51] reference: E = -231.581302636, max|grad| 6.55e-03, 684 s
[2026-09-23 13:10:31] coordinate  0 p: E − E0 =    +36.32 µE_h, 700 s  (1/72 gradients)
[2026-09-23 13:22:25] coordinate  0 m: E − E0 =    -17.32 µE_h, 714 s  (2/72 gradients)
[2026-09-23 13:33:55] coordinate  1 p: E − E0 =     -4.41 µE_h, 690 s  (3/72 gradients)
[2026-09-23 13:45:16] coordinate  1 m: E − E0 =    +22.43 µE_h, 681 s  (4/72 gradients)
[2026-09-23 13:56:48] coordinate  2 p: E − E0 =     +1.60 µE_h, 692 s  (5/72 gradients)
[2026-09-23 14:07:58] coordinate  2 m: E − E0 =     +1.03 µE_h, 670 s  (6/72 gradients)
[2026-09-23 14:19:09] coordinate  3 p: E − E0 =    +34.38 µE_h, 671 s  (7/72 gradients)
[2026-09-23 14:30:20] coordinate  3 m: E − E0 =    -15.55 µE_h, 672 s  (8/72 gradients)
[2026-09-23 14:41:33] coordinate  4 p: E − E0 =    +25.58 µE_h, 673 s  (9/72 gradients)
[2026-09-23 14:52:38] coordinate  4 m: E − E0 =     -7.39 µE_h, 665 s  (10/72 gradients)
[2026-09-23 15:03:35] coordinate  5 p: E − E0 =     +0.76 µE_h, 657 s  (11/72 gradients)
[2026-09-23 15:14:40] coordinate  5 m: E − E0 =     +1.87 µE_h, 666 s  (12/72 gradients)
[2026-09-23 15:25:47] coordinate  6 p: E − E0 =     +7.09 µE_h, 666 s  (13/72 gradients)
[2026-09-23 15:36:46] coordinate  6 m: E − E0 =    +10.63 µE_h, 660 s  (14/72 gradients)
[2026-09-23 15:48:11] coordinate  7 p: E − E0 =    +39.42 µE_h, 684 s  (15/72 gradients)
[2026-09-23 15:59:08] coordinate  7 m: E − E0 =    -20.11 µE_h, 658 s  (16/72 gradients)
[2026-09-23 16:10:12] coordinate  8 p: E − E0 =     +0.48 µE_h, 663 s  (17/72 gradients)
[2026-09-23 16:21:14] coordinate  8 m: E − E0 =     +2.15 µE_h, 663 s  (18/72 gradients)
[2026-09-23 16:32:16] coordinate  9 p: E − E0 =    -17.32 µE_h, 662 s  (19/72 gradients)
[2026-09-23 16:43:20] coordinate  9 m: E − E0 =    +36.32 µE_h, 664 s  (20/72 gradients)
[2026-09-23 16:54:17] coordinate 10 p: E − E0 =    +22.43 µE_h, 657 s  (21/72 gradients)
[2026-09-23 17:05:22] coordinate 10 m: E − E0 =     -4.41 µE_h, 665 s  (22/72 gradients)
[2026-09-23 17:16:14] coordinate 11 p: E − E0 =     +1.03 µE_h, 652 s  (23/72 gradients)
[2026-09-23 17:27:01] coordinate 11 m: E − E0 =     +1.60 µE_h, 647 s  (24/72 gradients)
[2026-09-23 17:37:51] coordinate 12 p: E − E0 =    -15.55 µE_h, 650 s  (25/72 gradients)
[2026-09-23 17:48:39] coordinate 12 m: E − E0 =    +34.38 µE_h, 648 s  (26/72 gradients)
[2026-09-23 17:59:32] coordinate 13 p: E − E0 =     -7.39 µE_h, 653 s  (27/72 gradients)
[2026-09-23 18:10:26] coordinate 13 m: E − E0 =    +25.58 µE_h, 655 s  (28/72 gradients)
[2026-09-23 18:21:24] coordinate 14 p: E − E0 =     +1.87 µE_h, 658 s  (29/72 gradients)
[2026-09-23 18:32:13] coordinate 14 m: E − E0 =     +0.76 µE_h, 649 s  (30/72 gradients)
[2026-09-23 18:43:03] coordinate 15 p: E − E0 =    +10.63 µE_h, 651 s  (31/72 gradients)
[2026-09-23 18:54:02] coordinate 15 m: E − E0 =     +7.09 µE_h, 659 s  (32/72 gradients)
[2026-09-23 19:04:57] coordinate 16 p: E − E0 =    -20.11 µE_h, 655 s  (33/72 gradients)
[2026-09-23 19:15:55] coordinate 16 m: E − E0 =    +39.42 µE_h, 658 s  (34/72 gradients)
[2026-09-23 19:26:45] coordinate 17 p: E − E0 =     +2.15 µE_h, 649 s  (35/72 gradients)
[2026-09-23 19:37:32] coordinate 17 m: E − E0 =     +0.48 µE_h, 647 s  (36/72 gradients)
[2026-09-23 19:48:25] coordinate 18 p: E − E0 =    +38.37 µE_h, 653 s  (37/72 gradients)
[2026-09-23 19:59:24] coordinate 18 m: E − E0 =    -30.47 µE_h, 659 s  (38/72 gradients)
[2026-09-23 20:10:25] coordinate 19 p: E − E0 =    -15.71 µE_h, 660 s  (39/72 gradients)
[2026-09-23 20:21:29] coordinate 19 m: E − E0 =    +18.71 µE_h, 664 s  (40/72 gradients)
[2026-09-23 20:32:20] coordinate 20 p: E − E0 =     +0.63 µE_h, 651 s  (41/72 gradients)
[2026-09-23 20:43:14] coordinate 20 m: E − E0 =     -0.09 µE_h, 655 s  (42/72 gradients)
[2026-09-23 20:54:04] coordinate 21 p: E − E0 =    +35.65 µE_h, 650 s  (43/72 gradients)
[2026-09-23 21:04:56] coordinate 21 m: E − E0 =    -28.59 µE_h, 652 s  (44/72 gradients)
[2026-09-23 21:15:51] coordinate 22 p: E − E0 =    +23.08 µE_h, 654 s  (45/72 gradients)
[2026-09-23 21:26:52] coordinate 22 m: E − E0 =    -19.24 µE_h, 662 s  (46/72 gradients)
[2026-09-23 21:37:39] coordinate 23 p: E − E0 =     -0.45 µE_h, 647 s  (47/72 gradients)
[2026-09-23 21:48:33] coordinate 23 m: E − E0 =     +0.99 µE_h, 654 s  (48/72 gradients)
[2026-09-23 21:59:26] coordinate 24 p: E − E0 =     -1.59 µE_h, 653 s  (49/72 gradients)
[2026-09-23 22:10:14] coordinate 24 m: E − E0 =     +2.99 µE_h, 648 s  (50/72 gradients)
[2026-09-23 22:21:11] coordinate 25 p: E − E0 =    +43.15 µE_h, 657 s  (51/72 gradients)
[2026-09-23 22:32:04] coordinate 25 m: E − E0 =    -33.65 µE_h, 653 s  (52/72 gradients)
[2026-09-23 22:42:59] coordinate 26 p: E − E0 =     -0.80 µE_h, 655 s  (53/72 gradients)
[2026-09-23 22:53:58] coordinate 26 m: E − E0 =     +1.35 µE_h, 659 s  (54/72 gradients)
[2026-09-23 23:04:49] coordinate 27 p: E − E0 =    -30.47 µE_h, 652 s  (55/72 gradients)
[2026-09-23 23:15:49] coordinate 27 m: E − E0 =    +38.37 µE_h, 660 s  (56/72 gradients)
[2026-09-23 23:26:43] coordinate 28 p: E − E0 =    +18.71 µE_h, 654 s  (57/72 gradients)
[2026-09-23 23:37:37] coordinate 28 m: E − E0 =    -15.71 µE_h, 654 s  (58/72 gradients)
[2026-09-23 23:48:30] coordinate 29 p: E − E0 =     -0.09 µE_h, 653 s  (59/72 gradients)
[2026-09-23 23:59:26] coordinate 29 m: E − E0 =     +0.63 µE_h, 657 s  (60/72 gradients)
[2026-09-24 00:10:37] coordinate 30 p: E − E0 =    -28.59 µE_h, 670 s  (61/72 gradients)
[2026-09-24 00:21:49] coordinate 30 m: E − E0 =    +35.65 µE_h, 672 s  (62/72 gradients)
[2026-09-24 00:33:01] coordinate 31 p: E − E0 =    -19.24 µE_h, 672 s  (63/72 gradients)
[2026-09-24 00:44:11] coordinate 31 m: E − E0 =    +23.08 µE_h, 670 s  (64/72 gradients)
[2026-09-24 00:55:21] coordinate 32 p: E − E0 =     +0.99 µE_h, 670 s  (65/72 gradients)
[2026-09-24 01:06:35] coordinate 32 m: E − E0 =     -0.45 µE_h, 674 s  (66/72 gradients)
[2026-09-24 01:17:50] coordinate 33 p: E − E0 =     +2.99 µE_h, 675 s  (67/72 gradients)
[2026-09-24 01:28:53] coordinate 33 m: E − E0 =     -1.59 µE_h, 663 s  (68/72 gradients)
[2026-09-24 01:39:58] coordinate 34 p: E − E0 =    -33.65 µE_h, 665 s  (69/72 gradients)
[2026-09-24 01:50:55] coordinate 34 m: E − E0 =    +43.15 µE_h, 657 s  (70/72 gradients)
[2026-09-24 02:02:04] coordinate 35 p: E − E0 =     +1.35 µE_h, 670 s  (71/72 gradients)
[2026-09-24 02:12:58] coordinate 35 m: E − E0 =     -0.80 µE_h, 654 s  (72/72 gradients)
[2026-09-24 02:12:58] Hessian written; FD asymmetry max 2.66e-04 a.u.; frequencies (cm-1): [378, 378, 606, 606, 632, 633, 826, 826, 940, 940, 943, 1005, 1046, 1066, 1066, 1151, 1187, 1187, 1355, 1387, 1526, 1526, 1699, 1699, 3274, 3285, 3285, 3303, 3303, 3314]
[2026-09-24 02:12:58] two-route checks: six lowest |freq| after projection [0.0, 0.0, 0.0, 0.0, 0.0, 0.0] (translations/rotations → ~0)
