[2026-09-30 15:10:36] E8 FD Hessian: 12 atoms, cc-pvdz, frozen 7 (derived from the elements: 7), step 0.005 bohr, 72 displacements, 16 threads, max_memory 26000 MB, explicit (T) lambda, fast (T) density kernel, fast (T) lambda kernel
[2026-09-30 15:22:47] fast (T) lambda two-route check: max |kernel − pyscf| = 2.4e-17 (l2_t; limit 1e-10; 698 s)
[2026-09-30 16:03:29] fast (T) density two-route check: max |kernel − pyscf| = 2.8e-17 (dvo[for_grad=False]; limit 1e-10; 2407 s)
[2026-09-30 16:03:42] (T) lambda 2442 s, gradient 13 s
[2026-09-30 16:03:42] reference: E = -330.615743226, max|grad| 9.98e-03, 3186 s
[2026-09-30 16:04:03] E8 FD Hessian: 12 atoms, cc-pvdz, frozen 7 (derived from the elements: 7), step 0.005 bohr, 72 displacements, 16 threads, max_memory 26000 MB, explicit (T) lambda, fast (T) density kernel, fast (T) lambda kernel
[2026-09-30 16:04:04] E8 FD Hessian: 12 atoms, cc-pvdz, frozen 7 (derived from the elements: 7), step 0.005 bohr, 72 displacements, 5 threads, max_memory 8000 MB, explicit (T) lambda, fast (T) density kernel, fast (T) lambda kernel
[2026-09-30 16:04:04] symmetry: 4 operations, orbits [[0], [1], [2, 6], [3, 5], [4], [7, 11], [8, 10], [9]], 24 displacements (48 gradients) instead of 72
[2026-09-30 16:04:04] partial run: displacement indices [0, 1, 2, 3, 4, 5, 6, 7]
[2026-09-30 16:04:09] E8 FD Hessian: 12 atoms, cc-pvdz, frozen 7 (derived from the elements: 7), step 0.005 bohr, 72 displacements, 5 threads, max_memory 8000 MB, explicit (T) lambda, fast (T) density kernel, fast (T) lambda kernel
[2026-09-30 16:04:09] symmetry: 4 operations, orbits [[0], [1], [2, 6], [3, 5], [4], [7, 11], [8, 10], [9]], 24 displacements (48 gradients) instead of 72
[2026-09-30 16:04:09] partial run: displacement indices [8, 9, 10, 11, 12, 13, 14, 21]
[2026-09-30 16:04:14] E8 FD Hessian: 12 atoms, cc-pvdz, frozen 7 (derived from the elements: 7), step 0.005 bohr, 72 displacements, 5 threads, max_memory 8000 MB, explicit (T) lambda, fast (T) density kernel, fast (T) lambda kernel
[2026-09-30 16:04:14] symmetry: 4 operations, orbits [[0], [1], [2, 6], [3, 5], [4], [7, 11], [8, 10], [9]], 24 displacements (48 gradients) instead of 72
[2026-09-30 16:04:14] partial run: displacement indices [22, 23, 24, 25, 26, 27, 28, 29]
[2026-09-30 16:09:54] (T) lambda 263 s, gradient 19 s
[2026-09-30 16:09:54] coordinate  0 p: E − E0 =    -12.58 µE_h, 350 s  (1/72 gradients)
[2026-09-30 16:09:59] (T) lambda 263 s, gradient 18 s
[2026-09-30 16:09:59] coordinate  8 p: E − E0 =     +1.42 µE_h, 350 s  (2/72 gradients)
[2026-09-30 16:10:01] (T) lambda 261 s, gradient 17 s
[2026-09-30 16:10:01] coordinate 22 p: E − E0 =    -32.25 µE_h, 347 s  (3/72 gradients)
[2026-09-30 16:15:27] (T) lambda 250 s, gradient 18 s
[2026-09-30 16:15:27] coordinate  0 m: E − E0 =    +22.65 µE_h, 333 s  (4/72 gradients)
[2026-09-30 16:15:27] pair check coordinate  0: max |mean(g+, g−) − g0| = 1.6e-05 a.u. (limit 1e-04)
[2026-09-30 16:15:30] (T) lambda 248 s, gradient 18 s
[2026-09-30 16:15:30] coordinate  8 m: E − E0 =     +1.10 µE_h, 331 s  (5/72 gradients)
[2026-09-30 16:15:30] pair check coordinate  8: max |mean(g+, g−) − g0| = 1.5e-06 a.u. (limit 1e-04)
[2026-09-30 16:15:30] (T) lambda 246 s, gradient 18 s
[2026-09-30 16:15:30] coordinate 22 m: E − E0 =    +41.09 µE_h, 330 s  (6/72 gradients)
[2026-09-30 16:15:30] pair check coordinate 22: max |mean(g+, g−) − g0| = 1.2e-05 a.u. (limit 1e-04)
[2026-09-30 16:21:02] (T) lambda 252 s, gradient 18 s
[2026-09-30 16:21:02] coordinate  1 p: E − E0 =     -2.95 µE_h, 335 s  (7/72 gradients)
[2026-09-30 16:21:09] (T) lambda 255 s, gradient 19 s
[2026-09-30 16:21:09] coordinate 23 p: E − E0 =     +0.49 µE_h, 338 s  (8/72 gradients)
[2026-09-30 16:21:18] (T) lambda 265 s, gradient 19 s
[2026-09-30 16:21:18] coordinate  9 p: E − E0 =    +30.34 µE_h, 348 s  (9/72 gradients)
[2026-09-30 16:26:46] (T) lambda 257 s, gradient 19 s
[2026-09-30 16:26:46] coordinate  1 m: E − E0 =     +5.04 µE_h, 344 s  (10/72 gradients)
[2026-09-30 16:26:46] pair check coordinate  1: max |mean(g+, g−) − g0| = 5.0e-07 a.u. (limit 1e-04)
[2026-09-30 16:26:52] (T) lambda 255 s, gradient 19 s
[2026-09-30 16:26:52] coordinate 23 m: E − E0 =     +0.03 µE_h, 343 s  (11/72 gradients)
[2026-09-30 16:26:52] pair check coordinate 23: max |mean(g+, g−) − g0| = 2.1e-06 a.u. (limit 1e-04)
[2026-09-30 16:27:10] (T) lambda 263 s, gradient 19 s
[2026-09-30 16:27:10] coordinate  9 m: E − E0 =    -11.84 µE_h, 352 s  (12/72 gradients)
[2026-09-30 16:27:10] pair check coordinate  9: max |mean(g+, g−) − g0| = 1.5e-05 a.u. (limit 1e-04)
[2026-09-30 16:32:23] (T) lambda 250 s, gradient 19 s
[2026-09-30 16:32:23] coordinate  2 p: E − E0 =     +0.49 µE_h, 337 s  (13/72 gradients)
[2026-09-30 16:32:30] (T) lambda 253 s, gradient 18 s
[2026-09-30 16:32:30] coordinate 24 p: E − E0 =    +29.16 µE_h, 339 s  (14/72 gradients)
[2026-09-30 16:32:54] (T) lambda 258 s, gradient 19 s
[2026-09-30 16:32:54] coordinate 10 p: E − E0 =    -12.14 µE_h, 344 s  (15/72 gradients)
[2026-09-30 16:38:08] (T) lambda 259 s, gradient 19 s
[2026-09-30 16:38:08] coordinate  2 m: E − E0 =     +0.10 µE_h, 345 s  (16/72 gradients)
[2026-09-30 16:38:08] pair check coordinate  2: max |mean(g+, g−) − g0| = 1.6e-06 a.u. (limit 1e-04)
[2026-09-30 16:38:16] (T) lambda 260 s, gradient 19 s
[2026-09-30 16:38:16] coordinate 24 m: E − E0 =    -24.03 µE_h, 346 s  (17/72 gradients)
[2026-09-30 16:38:16] pair check coordinate 24: max |mean(g+, g−) − g0| = 5.3e-06 a.u. (limit 1e-04)
[2026-09-30 16:38:46] (T) lambda 265 s, gradient 20 s
[2026-09-30 16:38:46] coordinate 10 m: E − E0 =    +30.72 µE_h, 352 s  (18/72 gradients)
[2026-09-30 16:38:46] pair check coordinate 10: max |mean(g+, g−) − g0| = 1.4e-05 a.u. (limit 1e-04)
[2026-09-30 16:43:54] (T) lambda 256 s, gradient 19 s
[2026-09-30 16:43:54] coordinate  3 p: E − E0 =    -41.01 µE_h, 346 s  (19/72 gradients)
[2026-09-30 16:43:58] (T) lambda 253 s, gradient 19 s
[2026-09-30 16:43:58] coordinate 25 p: E − E0 =    -25.43 µE_h, 342 s  (20/72 gradients)
[2026-09-30 16:44:35] (T) lambda 259 s, gradient 20 s
[2026-09-30 16:44:35] coordinate 11 p: E − E0 =     +1.19 µE_h, 348 s  (21/72 gradients)
[2026-09-30 16:49:42] (T) lambda 259 s, gradient 18 s
[2026-09-30 16:49:42] coordinate  3 m: E − E0 =    +58.77 µE_h, 348 s  (22/72 gradients)
[2026-09-30 16:49:42] pair check coordinate  3: max |mean(g+, g−) − g0| = 1.5e-05 a.u. (limit 1e-04)
[2026-09-30 16:49:45] (T) lambda 259 s, gradient 18 s
[2026-09-30 16:49:45] coordinate 25 m: E − E0 =    +31.25 µE_h, 346 s  (23/72 gradients)
[2026-09-30 16:49:45] pair check coordinate 25: max |mean(g+, g−) − g0| = 5.9e-06 a.u. (limit 1e-04)
[2026-09-30 16:50:19] (T) lambda 255 s, gradient 18 s
[2026-09-30 16:50:19] coordinate 11 m: E − E0 =     +1.50 µE_h, 345 s  (24/72 gradients)
[2026-09-30 16:50:19] pair check coordinate 11: max |mean(g+, g−) − g0| = 1.4e-06 a.u. (limit 1e-04)
[2026-09-30 16:55:00] (T) lambda 234 s, gradient 17 s
[2026-09-30 16:55:00] coordinate 26 p: E − E0 =     +0.07 µE_h, 315 s  (25/72 gradients)
[2026-09-30 16:55:01] (T) lambda 239 s, gradient 17 s
[2026-09-30 16:55:01] coordinate  4 p: E − E0 =     -2.01 µE_h, 319 s  (26/72 gradients)
[2026-09-30 16:55:34] (T) lambda 233 s, gradient 17 s
[2026-09-30 16:55:34] coordinate 12 p: E − E0 =    +38.31 µE_h, 315 s  (27/72 gradients)
[2026-09-30 17:00:16] (T) lambda 238 s, gradient 18 s
[2026-09-30 17:00:16] coordinate 26 m: E − E0 =     +0.47 µE_h, 316 s  (28/72 gradients)
[2026-09-30 17:00:16] pair check coordinate 26: max |mean(g+, g−) − g0| = 1.5e-06 a.u. (limit 1e-04)
[2026-09-30 17:00:24] (T) lambda 244 s, gradient 18 s
[2026-09-30 17:00:24] coordinate  4 m: E − E0 =    +20.70 µE_h, 322 s  (29/72 gradients)
[2026-09-30 17:00:24] pair check coordinate  4: max |mean(g+, g−) − g0| = 1.5e-05 a.u. (limit 1e-04)
[2026-09-30 17:00:58] (T) lambda 243 s, gradient 19 s
[2026-09-30 17:00:58] coordinate 12 m: E − E0 =    -18.94 µE_h, 324 s  (30/72 gradients)
[2026-09-30 17:00:58] pair check coordinate 12: max |mean(g+, g−) − g0| = 1.4e-05 a.u. (limit 1e-04)
[2026-09-30 17:05:43] (T) lambda 245 s, gradient 18 s
[2026-09-30 17:05:43] coordinate 27 p: E − E0 =    +42.54 µE_h, 327 s  (31/72 gradients)
[2026-09-30 17:05:53] (T) lambda 246 s, gradient 18 s
[2026-09-30 17:05:53] coordinate  5 p: E − E0 =     +2.26 µE_h, 329 s  (32/72 gradients)
[2026-09-30 17:06:33] (T) lambda 252 s, gradient 18 s
[2026-09-30 17:06:33] coordinate 13 p: E − E0 =    +15.38 µE_h, 335 s  (33/72 gradients)
[2026-09-30 17:11:03] (T) lambda 239 s, gradient 18 s
[2026-09-30 17:11:03] coordinate 27 m: E − E0 =    -33.35 µE_h, 321 s  (34/72 gradients)
[2026-09-30 17:11:03] pair check coordinate 27: max |mean(g+, g−) − g0| = 1.3e-05 a.u. (limit 1e-04)
[2026-09-30 17:11:17] (T) lambda 242 s, gradient 19 s
[2026-09-30 17:11:17] coordinate  5 m: E − E0 =     +1.15 µE_h, 324 s  (35/72 gradients)
[2026-09-30 17:11:17] pair check coordinate  5: max |mean(g+, g−) − g0| = 1.2e-06 a.u. (limit 1e-04)
[2026-09-30 17:12:08] (T) lambda 252 s, gradient 19 s
[2026-09-30 17:12:08] coordinate 13 m: E − E0 =     +2.33 µE_h, 335 s  (36/72 gradients)
[2026-09-30 17:12:08] pair check coordinate 13: max |mean(g+, g−) − g0| = 1.4e-05 a.u. (limit 1e-04)
[2026-09-30 17:16:26] (T) lambda 237 s, gradient 18 s
[2026-09-30 17:16:26] coordinate 28 p: E − E0 =     +9.50 µE_h, 323 s  (37/72 gradients)
[2026-09-30 17:16:47] (T) lambda 246 s, gradient 18 s
[2026-09-30 17:16:47] coordinate  6 p: E − E0 =     -1.06 µE_h, 330 s  (38/72 gradients)
[2026-09-30 17:17:27] (T) lambda 238 s, gradient 18 s
[2026-09-30 17:17:27] coordinate 14 p: E − E0 =     +0.95 µE_h, 319 s  (39/72 gradients)
[2026-09-30 17:21:49] (T) lambda 242 s, gradient 18 s
[2026-09-30 17:21:49] coordinate 28 m: E − E0 =     -7.73 µE_h, 323 s  (40/72 gradients)
[2026-09-30 17:21:49] pair check coordinate 28: max |mean(g+, g−) − g0| = 9.4e-07 a.u. (limit 1e-04)
[2026-09-30 17:22:16] (T) lambda 249 s, gradient 18 s
[2026-09-30 17:22:16] coordinate  6 m: E − E0 =    +19.44 µE_h, 329 s  (41/72 gradients)
[2026-09-30 17:22:16] pair check coordinate  6: max |mean(g+, g−) − g0| = 1.5e-05 a.u. (limit 1e-04)
[2026-09-30 17:22:52] (T) lambda 244 s, gradient 18 s
[2026-09-30 17:22:52] coordinate 14 m: E − E0 =     +1.58 µE_h, 325 s  (42/72 gradients)
[2026-09-30 17:22:52] pair check coordinate 14: max |mean(g+, g−) − g0| = 1.6e-06 a.u. (limit 1e-04)
[2026-09-30 17:27:12] (T) lambda 239 s, gradient 19 s
[2026-09-30 17:27:12] coordinate 29 p: E − E0 =     -0.15 µE_h, 323 s  (43/72 gradients)
[2026-09-30 17:27:48] (T) lambda 250 s, gradient 20 s
[2026-09-30 17:27:48] coordinate  7 p: E − E0 =    -10.97 µE_h, 332 s  (44/72 gradients)
[2026-09-30 17:28:24] (T) lambda 249 s, gradient 20 s
[2026-09-30 17:28:24] coordinate 21 p: E − E0 =    -11.54 µE_h, 332 s  (45/72 gradients)
[2026-09-30 17:33:04] (T) lambda 264 s, gradient 18 s
[2026-09-30 17:33:04] coordinate 29 m: E − E0 =     +0.69 µE_h, 352 s  (46/72 gradients)
[2026-09-30 17:33:04] pair check coordinate 29: max |mean(g+, g−) − g0| = 2.1e-06 a.u. (limit 1e-04)
[2026-09-30 17:33:04] partial run done; merge grad_*.npy files and rerun without --ks to assemble the Hessian
[2026-09-30 17:33:39] (T) lambda 263 s, gradient 18 s
[2026-09-30 17:33:39] coordinate  7 m: E − E0 =    +30.50 µE_h, 350 s  (47/72 gradients)
[2026-09-30 17:33:39] pair check coordinate  7: max |mean(g+, g−) − g0| = 1.3e-05 a.u. (limit 1e-04)
[2026-09-30 17:33:39] partial run done; merge grad_*.npy files and rerun without --ks to assemble the Hessian
[2026-09-30 17:34:05] (T) lambda 255 s, gradient 17 s
[2026-09-30 17:34:05] coordinate 21 m: E − E0 =    +13.65 µE_h, 341 s  (48/72 gradients)
[2026-09-30 17:34:05] pair check coordinate 21: max |mean(g+, g−) − g0| = 9.7e-07 a.u. (limit 1e-04)
[2026-09-30 17:34:05] partial run done; merge grad_*.npy files and rerun without --ks to assemble the Hessian
[2026-09-30 17:34:21] E8 FD Hessian: 12 atoms, cc-pvdz, frozen 7 (derived from the elements: 7), step 0.005 bohr, 72 displacements, 16 threads, max_memory 26000 MB, explicit (T) lambda, fast (T) density kernel, fast (T) lambda kernel
[2026-09-30 17:34:21] symmetry: 4 operations, orbits [[0], [1], [2, 6], [3, 5], [4], [7, 11], [8, 10], [9]], 24 displacements (48 gradients) instead of 72
[2026-09-30 17:34:21] pair check coordinate  0: max |mean(g+, g−) − g0| = 1.6e-05 a.u. (limit 1e-04)
[2026-09-30 17:34:21] pair check coordinate  1: max |mean(g+, g−) − g0| = 5.0e-07 a.u. (limit 1e-04)
[2026-09-30 17:34:21] pair check coordinate  2: max |mean(g+, g−) − g0| = 1.6e-06 a.u. (limit 1e-04)
[2026-09-30 17:34:21] pair check coordinate  3: max |mean(g+, g−) − g0| = 1.5e-05 a.u. (limit 1e-04)
[2026-09-30 17:34:21] pair check coordinate  4: max |mean(g+, g−) − g0| = 1.5e-05 a.u. (limit 1e-04)
[2026-09-30 17:34:21] pair check coordinate  5: max |mean(g+, g−) − g0| = 1.2e-06 a.u. (limit 1e-04)
[2026-09-30 17:34:21] pair check coordinate  6: max |mean(g+, g−) − g0| = 1.5e-05 a.u. (limit 1e-04)
[2026-09-30 17:34:21] pair check coordinate  7: max |mean(g+, g−) − g0| = 1.3e-05 a.u. (limit 1e-04)
[2026-09-30 17:34:21] pair check coordinate  8: max |mean(g+, g−) − g0| = 1.5e-06 a.u. (limit 1e-04)
[2026-09-30 17:34:21] pair check coordinate  9: max |mean(g+, g−) − g0| = 1.5e-05 a.u. (limit 1e-04)
[2026-09-30 17:34:21] pair check coordinate 10: max |mean(g+, g−) − g0| = 1.4e-05 a.u. (limit 1e-04)
[2026-09-30 17:34:21] pair check coordinate 11: max |mean(g+, g−) − g0| = 1.4e-06 a.u. (limit 1e-04)
[2026-09-30 17:34:21] pair check coordinate 12: max |mean(g+, g−) − g0| = 1.4e-05 a.u. (limit 1e-04)
[2026-09-30 17:34:21] pair check coordinate 13: max |mean(g+, g−) − g0| = 1.4e-05 a.u. (limit 1e-04)
[2026-09-30 17:34:21] pair check coordinate 14: max |mean(g+, g−) − g0| = 1.6e-06 a.u. (limit 1e-04)
[2026-09-30 17:34:21] pair check coordinate 21: max |mean(g+, g−) − g0| = 9.7e-07 a.u. (limit 1e-04)
[2026-09-30 17:34:21] pair check coordinate 22: max |mean(g+, g−) − g0| = 1.2e-05 a.u. (limit 1e-04)
[2026-09-30 17:34:21] pair check coordinate 23: max |mean(g+, g−) − g0| = 2.1e-06 a.u. (limit 1e-04)
[2026-09-30 17:34:21] pair check coordinate 24: max |mean(g+, g−) − g0| = 5.3e-06 a.u. (limit 1e-04)
[2026-09-30 17:34:21] pair check coordinate 25: max |mean(g+, g−) − g0| = 5.9e-06 a.u. (limit 1e-04)
[2026-09-30 17:34:21] pair check coordinate 26: max |mean(g+, g−) − g0| = 1.5e-06 a.u. (limit 1e-04)
[2026-09-30 17:34:21] pair check coordinate 27: max |mean(g+, g−) − g0| = 1.3e-05 a.u. (limit 1e-04)
[2026-09-30 17:34:21] pair check coordinate 28: max |mean(g+, g−) − g0| = 9.4e-07 a.u. (limit 1e-04)
[2026-09-30 17:34:21] pair check coordinate 29: max |mean(g+, g−) − g0| = 2.1e-06 a.u. (limit 1e-04)
[2026-09-30 17:34:21] symmetry reconstruction: spread of multiply-reached rows 2.29e-05 a.u.; self-check 8.0e-14
[2026-09-30 17:34:21] Hessian written (VALID); FD asymmetry max 2.29e-05 a.u.; vibrational frequencies (cm-1): [210, 378, 392, 466, 512, 611, 617, 707, 780, 823, 847, 910, 910, 1016, 1043, 1078, 1153, 1155, 1281, 1299, 1411, 1495, 1545, 1698, 1701, 3286, 3296, 3311, 3322, 3324]
[2026-09-30 17:34:21] two-route checks: translational sum rule 5.4e-06 E_h/bohr² (limit 1e-03); translations/rotations after projection max 5.5e-05 cm⁻¹; energy route max |H_kk − d²E/dx_k²| 1.0e-04 E_h/bohr² over 24 coordinates (limit 1e-03)
