[2026-09-30 16:04:04] E8 FD Hessian: 12 atoms, cc-pvdz, frozen 7 (derived from the elements: 7), step 0.005 bohr, 72 displacements, 5 threads, max_memory 8000 MB, explicit (T) lambda, fast (T) density kernel, fast (T) lambda kernel
[2026-09-30 16:04:04] symmetry: 4 operations, orbits [[0], [1], [2, 6], [3, 5], [4], [7, 11], [8, 10], [9]], 24 displacements (48 gradients) instead of 72
[2026-09-30 16:04:04] partial run: displacement indices [0, 1, 2, 3, 4, 5, 6, 7]
cycle = 1  norm(lambda1,lambda2) = 0.0596933
cycle = 2  norm(lambda1,lambda2) = 0.0174397
cycle = 3  norm(lambda1,lambda2) = 0.00811899
cycle = 4  norm(lambda1,lambda2) = 0.0029092
cycle = 5  norm(lambda1,lambda2) = 0.00106091
cycle = 6  norm(lambda1,lambda2) = 0.000223459
cycle = 7  norm(lambda1,lambda2) = 9.74856e-05
cycle = 8  norm(lambda1,lambda2) = 3.1091e-05
cycle = 9  norm(lambda1,lambda2) = 1.4144e-05
cycle = 10  norm(lambda1,lambda2) = 6.40449e-06
cycle = 11  norm(lambda1,lambda2) = 2.32501e-06
cycle = 12  norm(lambda1,lambda2) = 7.73426e-07
cycle = 13  norm(lambda1,lambda2) = 4.03883e-07
cycle = 14  norm(lambda1,lambda2) = 1.20729e-07
cycle = 15  norm(lambda1,lambda2) = 6.71262e-08
cycle = 16  norm(lambda1,lambda2) = 4.53604e-08
cycle = 17  norm(lambda1,lambda2) = 3.42674e-08
cycle = 18  norm(lambda1,lambda2) = 2.87994e-08
cycle = 19  norm(lambda1,lambda2) = 2.65225e-08
cycle = 20  norm(lambda1,lambda2) = 2.62994e-08
cycle = 21  norm(lambda1,lambda2) = 1.95823e-08
cycle = 22  norm(lambda1,lambda2) = 1.56221e-08
cycle = 23  norm(lambda1,lambda2) = 1.34621e-08
cycle = 24  norm(lambda1,lambda2) = 1.21085e-08
cycle = 25  norm(lambda1,lambda2) = 1.0797e-08
cycle = 26  norm(lambda1,lambda2) = 9.66469e-09
[2026-09-30 16:09:54] (T) lambda 263 s, gradient 19 s
[2026-09-30 16:09:54] coordinate  0 p: E − E0 =    -12.58 µE_h, 350 s  (1/72 gradients)
cycle = 1  norm(lambda1,lambda2) = 0.0596158
cycle = 2  norm(lambda1,lambda2) = 0.0173808
cycle = 3  norm(lambda1,lambda2) = 0.00808579
cycle = 4  norm(lambda1,lambda2) = 0.00290654
cycle = 5  norm(lambda1,lambda2) = 0.00105738
cycle = 6  norm(lambda1,lambda2) = 0.000223622
cycle = 7  norm(lambda1,lambda2) = 9.7824e-05
cycle = 8  norm(lambda1,lambda2) = 3.14836e-05
cycle = 9  norm(lambda1,lambda2) = 1.43483e-05
cycle = 10  norm(lambda1,lambda2) = 6.4259e-06
cycle = 11  norm(lambda1,lambda2) = 2.32441e-06
cycle = 12  norm(lambda1,lambda2) = 7.7155e-07
cycle = 13  norm(lambda1,lambda2) = 4.01145e-07
cycle = 14  norm(lambda1,lambda2) = 1.19541e-07
cycle = 15  norm(lambda1,lambda2) = 6.65509e-08
cycle = 16  norm(lambda1,lambda2) = 4.49626e-08
cycle = 17  norm(lambda1,lambda2) = 3.37699e-08
cycle = 18  norm(lambda1,lambda2) = 2.82736e-08
cycle = 19  norm(lambda1,lambda2) = 2.60489e-08
cycle = 20  norm(lambda1,lambda2) = 2.58881e-08
cycle = 21  norm(lambda1,lambda2) = 1.92611e-08
cycle = 22  norm(lambda1,lambda2) = 1.5326e-08
cycle = 23  norm(lambda1,lambda2) = 1.32189e-08
cycle = 24  norm(lambda1,lambda2) = 1.19087e-08
cycle = 25  norm(lambda1,lambda2) = 1.06288e-08
cycle = 26  norm(lambda1,lambda2) = 9.51669e-09
[2026-09-30 16:15:27] (T) lambda 250 s, gradient 18 s
[2026-09-30 16:15:27] coordinate  0 m: E − E0 =    +22.65 µE_h, 333 s  (4/72 gradients)
[2026-09-30 16:15:27] pair check coordinate  0: max |mean(g+, g−) − g0| = 1.6e-05 a.u. (limit 1e-04)
cycle = 1  norm(lambda1,lambda2) = 0.0596624
cycle = 2  norm(lambda1,lambda2) = 0.0174168
cycle = 3  norm(lambda1,lambda2) = 0.00810608
cycle = 4  norm(lambda1,lambda2) = 0.00290812
cycle = 5  norm(lambda1,lambda2) = 0.00105954
cycle = 6  norm(lambda1,lambda2) = 0.000223501
cycle = 7  norm(lambda1,lambda2) = 9.76127e-05
cycle = 8  norm(lambda1,lambda2) = 3.12408e-05
cycle = 9  norm(lambda1,lambda2) = 1.42225e-05
cycle = 10  norm(lambda1,lambda2) = 6.41328e-06
cycle = 11  norm(lambda1,lambda2) = 2.32494e-06
cycle = 12  norm(lambda1,lambda2) = 7.72751e-07
cycle = 13  norm(lambda1,lambda2) = 4.02867e-07
cycle = 14  norm(lambda1,lambda2) = 1.20301e-07
cycle = 15  norm(lambda1,lambda2) = 6.69353e-08
cycle = 16  norm(lambda1,lambda2) = 4.51575e-08
cycle = 17  norm(lambda1,lambda2) = 3.41735e-08
cycle = 18  norm(lambda1,lambda2) = 2.86471e-08
cycle = 19  norm(lambda1,lambda2) = 2.64047e-08
cycle = 20  norm(lambda1,lambda2) = 2.61936e-08
cycle = 21  norm(lambda1,lambda2) = 1.95035e-08
cycle = 22  norm(lambda1,lambda2) = 1.55578e-08
cycle = 23  norm(lambda1,lambda2) = 1.34072e-08
cycle = 24  norm(lambda1,lambda2) = 1.20694e-08
cycle = 25  norm(lambda1,lambda2) = 1.07666e-08
cycle = 26  norm(lambda1,lambda2) = 9.63802e-09
[2026-09-30 16:21:02] (T) lambda 252 s, gradient 18 s
[2026-09-30 16:21:02] coordinate  1 p: E − E0 =     -2.95 µE_h, 335 s  (7/72 gradients)
cycle = 1  norm(lambda1,lambda2) = 0.0596449
cycle = 2  norm(lambda1,lambda2) = 0.0174034
cycle = 3  norm(lambda1,lambda2) = 0.00809854
cycle = 4  norm(lambda1,lambda2) = 0.00290752
cycle = 5  norm(lambda1,lambda2) = 0.00105874
cycle = 6  norm(lambda1,lambda2) = 0.000223539
cycle = 7  norm(lambda1,lambda2) = 9.76895e-05
cycle = 8  norm(lambda1,lambda2) = 3.13301e-05
cycle = 9  norm(lambda1,lambda2) = 1.42689e-05
cycle = 10  norm(lambda1,lambda2) = 6.41814e-06
cycle = 11  norm(lambda1,lambda2) = 2.32481e-06
cycle = 12  norm(lambda1,lambda2) = 7.72323e-07
cycle = 13  norm(lambda1,lambda2) = 4.02244e-07
cycle = 14  norm(lambda1,lambda2) = 1.20033e-07
cycle = 15  norm(lambda1,lambda2) = 6.68048e-08
cycle = 16  norm(lambda1,lambda2) = 4.50109e-08
cycle = 17  norm(lambda1,lambda2) = 3.40297e-08
cycle = 18  norm(lambda1,lambda2) = 2.85755e-08
cycle = 19  norm(lambda1,lambda2) = 2.63147e-08
cycle = 20  norm(lambda1,lambda2) = 2.61137e-08
cycle = 21  norm(lambda1,lambda2) = 1.94413e-08
cycle = 22  norm(lambda1,lambda2) = 1.55039e-08
cycle = 23  norm(lambda1,lambda2) = 1.33634e-08
cycle = 24  norm(lambda1,lambda2) = 1.20278e-08
cycle = 25  norm(lambda1,lambda2) = 1.07319e-08
cycle = 26  norm(lambda1,lambda2) = 9.60882e-09
[2026-09-30 16:26:46] (T) lambda 257 s, gradient 19 s
[2026-09-30 16:26:46] coordinate  1 m: E − E0 =     +5.04 µE_h, 344 s  (10/72 gradients)
[2026-09-30 16:26:46] pair check coordinate  1: max |mean(g+, g−) − g0| = 5.0e-07 a.u. (limit 1e-04)
cycle = 1  norm(lambda1,lambda2) = 0.0596515
cycle = 2  norm(lambda1,lambda2) = 0.0174095
cycle = 3  norm(lambda1,lambda2) = 0.0081018
cycle = 4  norm(lambda1,lambda2) = 0.00290777
cycle = 5  norm(lambda1,lambda2) = 0.00105903
cycle = 6  norm(lambda1,lambda2) = 0.00022348
cycle = 7  norm(lambda1,lambda2) = 9.76437e-05
cycle = 8  norm(lambda1,lambda2) = 3.12887e-05
cycle = 9  norm(lambda1,lambda2) = 1.42462e-05
cycle = 10  norm(lambda1,lambda2) = 6.41508e-06
cycle = 11  norm(lambda1,lambda2) = 2.32483e-06
cycle = 12  norm(lambda1,lambda2) = 7.72425e-07
cycle = 13  norm(lambda1,lambda2) = 4.02476e-07
cycle = 14  norm(lambda1,lambda2) = 1.20113e-07
cycle = 15  norm(lambda1,lambda2) = 6.68284e-08
cycle = 16  norm(lambda1,lambda2) = 4.51276e-08
cycle = 17  norm(lambda1,lambda2) = 3.40185e-08
cycle = 18  norm(lambda1,lambda2) = 2.85423e-08
cycle = 19  norm(lambda1,lambda2) = 2.62848e-08
cycle = 20  norm(lambda1,lambda2) = 2.60924e-08
cycle = 21  norm(lambda1,lambda2) = 1.94215e-08
cycle = 22  norm(lambda1,lambda2) = 1.5475e-08
cycle = 23  norm(lambda1,lambda2) = 1.33416e-08
cycle = 24  norm(lambda1,lambda2) = 1.20092e-08
cycle = 25  norm(lambda1,lambda2) = 1.07166e-08
cycle = 26  norm(lambda1,lambda2) = 9.59067e-09
[2026-09-30 16:32:23] (T) lambda 250 s, gradient 19 s
[2026-09-30 16:32:23] coordinate  2 p: E − E0 =     +0.49 µE_h, 337 s  (13/72 gradients)
cycle = 1  norm(lambda1,lambda2) = 0.0596524
cycle = 2  norm(lambda1,lambda2) = 0.0174101
cycle = 3  norm(lambda1,lambda2) = 0.00810217
cycle = 4  norm(lambda1,lambda2) = 0.0029078
cycle = 5  norm(lambda1,lambda2) = 0.00105907
cycle = 6  norm(lambda1,lambda2) = 0.000223479
cycle = 7  norm(lambda1,lambda2) = 9.76403e-05
cycle = 8  norm(lambda1,lambda2) = 3.12844e-05
cycle = 9  norm(lambda1,lambda2) = 1.4244e-05
cycle = 10  norm(lambda1,lambda2) = 6.41487e-06
cycle = 11  norm(lambda1,lambda2) = 2.32484e-06
cycle = 12  norm(lambda1,lambda2) = 7.72447e-07
cycle = 13  norm(lambda1,lambda2) = 4.02507e-07
cycle = 14  norm(lambda1,lambda2) = 1.20127e-07
cycle = 15  norm(lambda1,lambda2) = 6.68349e-08
cycle = 16  norm(lambda1,lambda2) = 4.51079e-08
cycle = 17  norm(lambda1,lambda2) = 3.40453e-08
cycle = 18  norm(lambda1,lambda2) = 2.8562e-08
cycle = 19  norm(lambda1,lambda2) = 2.63097e-08
cycle = 20  norm(lambda1,lambda2) = 2.61084e-08
cycle = 21  norm(lambda1,lambda2) = 1.94338e-08
cycle = 22  norm(lambda1,lambda2) = 1.54891e-08
cycle = 23  norm(lambda1,lambda2) = 1.33514e-08
cycle = 24  norm(lambda1,lambda2) = 1.20177e-08
cycle = 25  norm(lambda1,lambda2) = 1.07235e-08
cycle = 26  norm(lambda1,lambda2) = 9.59644e-09
[2026-09-30 16:38:08] (T) lambda 259 s, gradient 19 s
[2026-09-30 16:38:08] coordinate  2 m: E − E0 =     +0.10 µE_h, 345 s  (16/72 gradients)
[2026-09-30 16:38:08] pair check coordinate  2: max |mean(g+, g−) − g0| = 1.6e-06 a.u. (limit 1e-04)
cycle = 1  norm(lambda1,lambda2) = 0.0596629
cycle = 2  norm(lambda1,lambda2) = 0.0174005
cycle = 3  norm(lambda1,lambda2) = 0.00809719
cycle = 4  norm(lambda1,lambda2) = 0.00291101
cycle = 5  norm(lambda1,lambda2) = 0.00105868
cycle = 6  norm(lambda1,lambda2) = 0.000223871
cycle = 7  norm(lambda1,lambda2) = 9.78473e-05
cycle = 8  norm(lambda1,lambda2) = 3.14516e-05
cycle = 9  norm(lambda1,lambda2) = 1.43368e-05
cycle = 10  norm(lambda1,lambda2) = 6.42679e-06
cycle = 11  norm(lambda1,lambda2) = 2.32901e-06
cycle = 12  norm(lambda1,lambda2) = 7.73676e-07
cycle = 13  norm(lambda1,lambda2) = 4.02383e-07
cycle = 14  norm(lambda1,lambda2) = 1.20593e-07
cycle = 15  norm(lambda1,lambda2) = 6.72856e-08
cycle = 16  norm(lambda1,lambda2) = 4.55256e-08
cycle = 17  norm(lambda1,lambda2) = 3.43149e-08
cycle = 18  norm(lambda1,lambda2) = 2.89315e-08
cycle = 19  norm(lambda1,lambda2) = 2.66969e-08
cycle = 20  norm(lambda1,lambda2) = 2.65536e-08
cycle = 21  norm(lambda1,lambda2) = 1.98759e-08
cycle = 22  norm(lambda1,lambda2) = 1.59266e-08
cycle = 23  norm(lambda1,lambda2) = 1.37922e-08
cycle = 24  norm(lambda1,lambda2) = 1.24437e-08
cycle = 25  norm(lambda1,lambda2) = 1.11346e-08
cycle = 26  norm(lambda1,lambda2) = 9.99296e-09
[2026-09-30 16:43:54] (T) lambda 256 s, gradient 19 s
[2026-09-30 16:43:54] coordinate  3 p: E − E0 =    -41.01 µE_h, 346 s  (19/72 gradients)
cycle = 1  norm(lambda1,lambda2) = 0.0596457
cycle = 2  norm(lambda1,lambda2) = 0.0174196
cycle = 3  norm(lambda1,lambda2) = 0.00810744
cycle = 4  norm(lambda1,lambda2) = 0.00290452
cycle = 5  norm(lambda1,lambda2) = 0.00105959
cycle = 6  norm(lambda1,lambda2) = 0.000223203
cycle = 7  norm(lambda1,lambda2) = 9.7469e-05
cycle = 8  norm(lambda1,lambda2) = 3.11282e-05
cycle = 9  norm(lambda1,lambda2) = 1.41603e-05
cycle = 10  norm(lambda1,lambda2) = 6.40664e-06
cycle = 11  norm(lambda1,lambda2) = 2.32243e-06
cycle = 12  norm(lambda1,lambda2) = 7.73242e-07
cycle = 13  norm(lambda1,lambda2) = 4.04106e-07
cycle = 14  norm(lambda1,lambda2) = 1.21528e-07
cycle = 15  norm(lambda1,lambda2) = 6.77793e-08
cycle = 16  norm(lambda1,lambda2) = 4.59687e-08
cycle = 17  norm(lambda1,lambda2) = 3.46914e-08
cycle = 18  norm(lambda1,lambda2) = 2.92449e-08
cycle = 19  norm(lambda1,lambda2) = 2.69729e-08
cycle = 20  norm(lambda1,lambda2) = 2.68331e-08
cycle = 21  norm(lambda1,lambda2) = 2.00917e-08
cycle = 22  norm(lambda1,lambda2) = 1.61013e-08
cycle = 23  norm(lambda1,lambda2) = 1.39293e-08
cycle = 24  norm(lambda1,lambda2) = 1.25646e-08
cycle = 25  norm(lambda1,lambda2) = 1.12419e-08
cycle = 26  norm(lambda1,lambda2) = 1.00893e-08
cycle = 27  norm(lambda1,lambda2) = 8.42303e-09
[2026-09-30 16:49:42] (T) lambda 259 s, gradient 18 s
[2026-09-30 16:49:42] coordinate  3 m: E − E0 =    +58.77 µE_h, 348 s  (22/72 gradients)
[2026-09-30 16:49:42] pair check coordinate  3: max |mean(g+, g−) − g0| = 1.5e-05 a.u. (limit 1e-04)
cycle = 1  norm(lambda1,lambda2) = 0.0596521
cycle = 2  norm(lambda1,lambda2) = 0.0174038
cycle = 3  norm(lambda1,lambda2) = 0.00809928
cycle = 4  norm(lambda1,lambda2) = 0.0029065
cycle = 5  norm(lambda1,lambda2) = 0.00105873
cycle = 6  norm(lambda1,lambda2) = 0.000223615
cycle = 7  norm(lambda1,lambda2) = 9.77337e-05
cycle = 8  norm(lambda1,lambda2) = 3.13587e-05
cycle = 9  norm(lambda1,lambda2) = 1.42975e-05
cycle = 10  norm(lambda1,lambda2) = 6.43945e-06
cycle = 11  norm(lambda1,lambda2) = 2.34323e-06
cycle = 12  norm(lambda1,lambda2) = 7.90731e-07
cycle = 13  norm(lambda1,lambda2) = 4.16095e-07
cycle = 14  norm(lambda1,lambda2) = 1.36591e-07
cycle = 15  norm(lambda1,lambda2) = 7.86367e-08
cycle = 16  norm(lambda1,lambda2) = 5.45005e-08
cycle = 17  norm(lambda1,lambda2) = 4.21555e-08
cycle = 18  norm(lambda1,lambda2) = 3.70176e-08
cycle = 19  norm(lambda1,lambda2) = 3.46314e-08
cycle = 20  norm(lambda1,lambda2) = 2.52497e-08
cycle = 21  norm(lambda1,lambda2) = 2.62613e-08
cycle = 22  norm(lambda1,lambda2) = 2.16693e-08
cycle = 23  norm(lambda1,lambda2) = 1.90175e-08
cycle = 24  norm(lambda1,lambda2) = 1.71632e-08
cycle = 25  norm(lambda1,lambda2) = 1.53446e-08
cycle = 26  norm(lambda1,lambda2) = 1.36535e-08
cycle = 27  norm(lambda1,lambda2) = 1.24927e-08
cycle = 28  norm(lambda1,lambda2) = 1.1013e-08
cycle = 29  norm(lambda1,lambda2) = 9.85772e-09
[2026-09-30 16:55:01] (T) lambda 239 s, gradient 17 s
[2026-09-30 16:55:01] coordinate  4 p: E − E0 =     -2.01 µE_h, 319 s  (26/72 gradients)
cycle = 1  norm(lambda1,lambda2) = 0.0596483
cycle = 2  norm(lambda1,lambda2) = 0.0174081
cycle = 3  norm(lambda1,lambda2) = 0.00810161
cycle = 4  norm(lambda1,lambda2) = 0.00290502
cycle = 5  norm(lambda1,lambda2) = 0.00105893
cycle = 6  norm(lambda1,lambda2) = 0.000223465
cycle = 7  norm(lambda1,lambda2) = 9.76479e-05
cycle = 8  norm(lambda1,lambda2) = 3.12855e-05
cycle = 9  norm(lambda1,lambda2) = 1.42577e-05
cycle = 10  norm(lambda1,lambda2) = 6.435e-06
cycle = 11  norm(lambda1,lambda2) = 2.34181e-06
cycle = 12  norm(lambda1,lambda2) = 7.90678e-07
cycle = 13  norm(lambda1,lambda2) = 4.16495e-07
cycle = 14  norm(lambda1,lambda2) = 1.36786e-07
cycle = 15  norm(lambda1,lambda2) = 7.87345e-08
cycle = 16  norm(lambda1,lambda2) = 5.45975e-08
cycle = 17  norm(lambda1,lambda2) = 4.22454e-08
cycle = 18  norm(lambda1,lambda2) = 3.70728e-08
cycle = 19  norm(lambda1,lambda2) = 3.46658e-08
cycle = 20  norm(lambda1,lambda2) = 2.52729e-08
cycle = 21  norm(lambda1,lambda2) = 2.62859e-08
cycle = 22  norm(lambda1,lambda2) = 2.16843e-08
cycle = 23  norm(lambda1,lambda2) = 1.90219e-08
cycle = 24  norm(lambda1,lambda2) = 1.71663e-08
cycle = 25  norm(lambda1,lambda2) = 1.53441e-08
cycle = 26  norm(lambda1,lambda2) = 1.36536e-08
cycle = 27  norm(lambda1,lambda2) = 1.24935e-08
cycle = 28  norm(lambda1,lambda2) = 1.1012e-08
cycle = 29  norm(lambda1,lambda2) = 9.85544e-09
[2026-09-30 17:00:24] (T) lambda 244 s, gradient 18 s
[2026-09-30 17:00:24] coordinate  4 m: E − E0 =    +20.70 µE_h, 322 s  (29/72 gradients)
[2026-09-30 17:00:24] pair check coordinate  4: max |mean(g+, g−) − g0| = 1.5e-05 a.u. (limit 1e-04)
cycle = 1  norm(lambda1,lambda2) = 0.059648
cycle = 2  norm(lambda1,lambda2) = 0.0174092
cycle = 3  norm(lambda1,lambda2) = 0.00810156
cycle = 4  norm(lambda1,lambda2) = 0.00290765
cycle = 5  norm(lambda1,lambda2) = 0.00105893
cycle = 6  norm(lambda1,lambda2) = 0.000223393
cycle = 7  norm(lambda1,lambda2) = 9.76275e-05
cycle = 8  norm(lambda1,lambda2) = 3.12846e-05
cycle = 9  norm(lambda1,lambda2) = 1.42424e-05
cycle = 10  norm(lambda1,lambda2) = 6.41372e-06
cycle = 11  norm(lambda1,lambda2) = 2.32473e-06
cycle = 12  norm(lambda1,lambda2) = 7.72359e-07
cycle = 13  norm(lambda1,lambda2) = 4.02468e-07
cycle = 14  norm(lambda1,lambda2) = 1.20105e-07
cycle = 15  norm(lambda1,lambda2) = 6.68284e-08
cycle = 16  norm(lambda1,lambda2) = 4.50728e-08
cycle = 17  norm(lambda1,lambda2) = 3.40944e-08
cycle = 18  norm(lambda1,lambda2) = 2.85811e-08
cycle = 19  norm(lambda1,lambda2) = 2.63391e-08
cycle = 20  norm(lambda1,lambda2) = 2.61305e-08
cycle = 21  norm(lambda1,lambda2) = 1.94519e-08
cycle = 22  norm(lambda1,lambda2) = 1.55117e-08
cycle = 23  norm(lambda1,lambda2) = 1.33674e-08
cycle = 24  norm(lambda1,lambda2) = 1.20296e-08
cycle = 25  norm(lambda1,lambda2) = 1.07338e-08
cycle = 26  norm(lambda1,lambda2) = 9.60488e-09
[2026-09-30 17:05:53] (T) lambda 246 s, gradient 18 s
[2026-09-30 17:05:53] coordinate  5 p: E − E0 =     +2.26 µE_h, 329 s  (32/72 gradients)
cycle = 1  norm(lambda1,lambda2) = 0.0596481
cycle = 2  norm(lambda1,lambda2) = 0.017409
cycle = 3  norm(lambda1,lambda2) = 0.00810144
cycle = 4  norm(lambda1,lambda2) = 0.00290772
cycle = 5  norm(lambda1,lambda2) = 0.00105892
cycle = 6  norm(lambda1,lambda2) = 0.000223399
cycle = 7  norm(lambda1,lambda2) = 9.76315e-05
cycle = 8  norm(lambda1,lambda2) = 3.12882e-05
cycle = 9  norm(lambda1,lambda2) = 1.42443e-05
cycle = 10  norm(lambda1,lambda2) = 6.41393e-06
cycle = 11  norm(lambda1,lambda2) = 2.3248e-06
cycle = 12  norm(lambda1,lambda2) = 7.72364e-07
cycle = 13  norm(lambda1,lambda2) = 4.02448e-07
cycle = 14  norm(lambda1,lambda2) = 1.20094e-07
cycle = 15  norm(lambda1,lambda2) = 6.6823e-08
cycle = 16  norm(lambda1,lambda2) = 4.50912e-08
cycle = 17  norm(lambda1,lambda2) = 3.40609e-08
cycle = 18  norm(lambda1,lambda2) = 2.85601e-08
cycle = 19  norm(lambda1,lambda2) = 2.63186e-08
cycle = 20  norm(lambda1,lambda2) = 2.61143e-08
cycle = 21  norm(lambda1,lambda2) = 1.94391e-08
cycle = 22  norm(lambda1,lambda2) = 1.54972e-08
cycle = 23  norm(lambda1,lambda2) = 1.33571e-08
cycle = 24  norm(lambda1,lambda2) = 1.20212e-08
cycle = 25  norm(lambda1,lambda2) = 1.0727e-08
cycle = 26  norm(lambda1,lambda2) = 9.59884e-09
[2026-09-30 17:11:17] (T) lambda 242 s, gradient 19 s
[2026-09-30 17:11:17] coordinate  5 m: E − E0 =     +1.15 µE_h, 324 s  (35/72 gradients)
[2026-09-30 17:11:17] pair check coordinate  5: max |mean(g+, g−) − g0| = 1.2e-06 a.u. (limit 1e-04)
cycle = 1  norm(lambda1,lambda2) = 0.0596555
cycle = 2  norm(lambda1,lambda2) = 0.017407
cycle = 3  norm(lambda1,lambda2) = 0.0081
cycle = 4  norm(lambda1,lambda2) = 0.00290901
cycle = 5  norm(lambda1,lambda2) = 0.00105894
cycle = 6  norm(lambda1,lambda2) = 0.00022367
cycle = 7  norm(lambda1,lambda2) = 9.76943e-05
cycle = 8  norm(lambda1,lambda2) = 3.13206e-05
cycle = 9  norm(lambda1,lambda2) = 1.42711e-05
cycle = 10  norm(lambda1,lambda2) = 6.43001e-06
cycle = 11  norm(lambda1,lambda2) = 2.33722e-06
cycle = 12  norm(lambda1,lambda2) = 7.86203e-07
cycle = 13  norm(lambda1,lambda2) = 4.12577e-07
cycle = 14  norm(lambda1,lambda2) = 1.32809e-07
cycle = 15  norm(lambda1,lambda2) = 7.59538e-08
cycle = 16  norm(lambda1,lambda2) = 5.24966e-08
cycle = 17  norm(lambda1,lambda2) = 4.0554e-08
cycle = 18  norm(lambda1,lambda2) = 3.52655e-08
cycle = 19  norm(lambda1,lambda2) = 3.28915e-08
cycle = 20  norm(lambda1,lambda2) = 2.39852e-08
cycle = 21  norm(lambda1,lambda2) = 2.46716e-08
cycle = 22  norm(lambda1,lambda2) = 2.02557e-08
cycle = 23  norm(lambda1,lambda2) = 1.77111e-08
cycle = 24  norm(lambda1,lambda2) = 1.59619e-08
cycle = 25  norm(lambda1,lambda2) = 1.4236e-08
cycle = 26  norm(lambda1,lambda2) = 1.26551e-08
cycle = 27  norm(lambda1,lambda2) = 1.15008e-08
cycle = 28  norm(lambda1,lambda2) = 1.00974e-08
cycle = 29  norm(lambda1,lambda2) = 9.00815e-09
[2026-09-30 17:16:47] (T) lambda 246 s, gradient 18 s
[2026-09-30 17:16:47] coordinate  6 p: E − E0 =     -1.06 µE_h, 330 s  (38/72 gradients)
cycle = 1  norm(lambda1,lambda2) = 0.0596512
cycle = 2  norm(lambda1,lambda2) = 0.0174125
cycle = 3  norm(lambda1,lambda2) = 0.0081043
cycle = 4  norm(lambda1,lambda2) = 0.0029063
cycle = 5  norm(lambda1,lambda2) = 0.00105929
cycle = 6  norm(lambda1,lambda2) = 0.000223435
cycle = 7  norm(lambda1,lambda2) = 9.76685e-05
cycle = 8  norm(lambda1,lambda2) = 3.13076e-05
cycle = 9  norm(lambda1,lambda2) = 1.42679e-05
cycle = 10  norm(lambda1,lambda2) = 6.43324e-06
cycle = 11  norm(lambda1,lambda2) = 2.33826e-06
cycle = 12  norm(lambda1,lambda2) = 7.8562e-07
cycle = 13  norm(lambda1,lambda2) = 4.12777e-07
cycle = 14  norm(lambda1,lambda2) = 1.32367e-07
cycle = 15  norm(lambda1,lambda2) = 7.57394e-08
cycle = 16  norm(lambda1,lambda2) = 5.22668e-08
cycle = 17  norm(lambda1,lambda2) = 4.03365e-08
cycle = 18  norm(lambda1,lambda2) = 3.51159e-08
cycle = 19  norm(lambda1,lambda2) = 3.27803e-08
cycle = 20  norm(lambda1,lambda2) = 2.38442e-08
cycle = 21  norm(lambda1,lambda2) = 2.45554e-08
cycle = 22  norm(lambda1,lambda2) = 2.01596e-08
cycle = 23  norm(lambda1,lambda2) = 1.7631e-08
cycle = 24  norm(lambda1,lambda2) = 1.58871e-08
cycle = 25  norm(lambda1,lambda2) = 1.41735e-08
cycle = 26  norm(lambda1,lambda2) = 1.25958e-08
cycle = 27  norm(lambda1,lambda2) = 1.14448e-08
cycle = 28  norm(lambda1,lambda2) = 1.00469e-08
cycle = 29  norm(lambda1,lambda2) = 8.96241e-09
[2026-09-30 17:22:16] (T) lambda 249 s, gradient 18 s
[2026-09-30 17:22:16] coordinate  6 m: E − E0 =    +19.44 µE_h, 329 s  (41/72 gradients)
[2026-09-30 17:22:16] pair check coordinate  6: max |mean(g+, g−) − g0| = 1.5e-05 a.u. (limit 1e-04)
cycle = 1  norm(lambda1,lambda2) = 0.059696
cycle = 2  norm(lambda1,lambda2) = 0.017427
cycle = 3  norm(lambda1,lambda2) = 0.00811242
cycle = 4  norm(lambda1,lambda2) = 0.00291304
cycle = 5  norm(lambda1,lambda2) = 0.00106153
cycle = 6  norm(lambda1,lambda2) = 0.000224367
cycle = 7  norm(lambda1,lambda2) = 9.82281e-05
cycle = 8  norm(lambda1,lambda2) = 3.15594e-05
cycle = 9  norm(lambda1,lambda2) = 1.43821e-05
cycle = 10  norm(lambda1,lambda2) = 6.46301e-06
cycle = 11  norm(lambda1,lambda2) = 2.3377e-06
cycle = 12  norm(lambda1,lambda2) = 7.77992e-07
cycle = 13  norm(lambda1,lambda2) = 4.0564e-07
cycle = 14  norm(lambda1,lambda2) = 1.22441e-07
cycle = 15  norm(lambda1,lambda2) = 6.85808e-08
cycle = 16  norm(lambda1,lambda2) = 4.64955e-08
cycle = 17  norm(lambda1,lambda2) = 3.51487e-08
cycle = 18  norm(lambda1,lambda2) = 2.97545e-08
cycle = 19  norm(lambda1,lambda2) = 2.74795e-08
cycle = 20  norm(lambda1,lambda2) = 1.94505e-08
cycle = 21  norm(lambda1,lambda2) = 1.95209e-08
cycle = 22  norm(lambda1,lambda2) = 1.55181e-08
cycle = 23  norm(lambda1,lambda2) = 1.33174e-08
cycle = 24  norm(lambda1,lambda2) = 1.1858e-08
cycle = 25  norm(lambda1,lambda2) = 1.04194e-08
cycle = 26  norm(lambda1,lambda2) = 9.16026e-09
[2026-09-30 17:27:48] (T) lambda 250 s, gradient 20 s
[2026-09-30 17:27:48] coordinate  7 p: E − E0 =    -10.97 µE_h, 332 s  (44/72 gradients)
cycle = 1  norm(lambda1,lambda2) = 0.059611
cycle = 2  norm(lambda1,lambda2) = 0.0173918
cycle = 3  norm(lambda1,lambda2) = 0.00809159
cycle = 4  norm(lambda1,lambda2) = 0.002902
cycle = 5  norm(lambda1,lambda2) = 0.00105665
cycle = 6  norm(lambda1,lambda2) = 0.000222698
cycle = 7  norm(lambda1,lambda2) = 9.70896e-05
cycle = 8  norm(lambda1,lambda2) = 3.10219e-05
cycle = 9  norm(lambda1,lambda2) = 1.41168e-05
cycle = 10  norm(lambda1,lambda2) = 6.37248e-06
cycle = 11  norm(lambda1,lambda2) = 2.31548e-06
cycle = 12  norm(lambda1,lambda2) = 7.70751e-07
cycle = 13  norm(lambda1,lambda2) = 4.02263e-07
cycle = 14  norm(lambda1,lambda2) = 1.21453e-07
cycle = 15  norm(lambda1,lambda2) = 6.77953e-08
cycle = 16  norm(lambda1,lambda2) = 4.61185e-08
cycle = 17  norm(lambda1,lambda2) = 3.48281e-08
cycle = 18  norm(lambda1,lambda2) = 2.9476e-08
cycle = 19  norm(lambda1,lambda2) = 2.72378e-08
cycle = 20  norm(lambda1,lambda2) = 2.71374e-08
cycle = 21  norm(lambda1,lambda2) = 2.04202e-08
cycle = 22  norm(lambda1,lambda2) = 1.6449e-08
cycle = 23  norm(lambda1,lambda2) = 1.42871e-08
cycle = 24  norm(lambda1,lambda2) = 1.29086e-08
cycle = 25  norm(lambda1,lambda2) = 1.15747e-08
cycle = 26  norm(lambda1,lambda2) = 1.04036e-08
cycle = 27  norm(lambda1,lambda2) = 8.73634e-09
[2026-09-30 17:33:39] (T) lambda 263 s, gradient 18 s
[2026-09-30 17:33:39] coordinate  7 m: E − E0 =    +30.50 µE_h, 350 s  (47/72 gradients)
[2026-09-30 17:33:39] pair check coordinate  7: max |mean(g+, g−) − g0| = 1.3e-05 a.u. (limit 1e-04)
[2026-09-30 17:33:39] partial run done; merge grad_*.npy files and rerun without --ks to assemble the Hessian
