[2026-09-30 16:04:14] E8 FD Hessian: 12 atoms, cc-pvdz, frozen 7 (derived from the elements: 7), step 0.005 bohr, 72 displacements, 5 threads, max_memory 8000 MB, explicit (T) lambda, fast (T) density kernel, fast (T) lambda kernel
[2026-09-30 16:04:14] symmetry: 4 operations, orbits [[0], [1], [2, 6], [3, 5], [4], [7, 11], [8, 10], [9]], 24 displacements (48 gradients) instead of 72
[2026-09-30 16:04:14] partial run: displacement indices [22, 23, 24, 25, 26, 27, 28, 29]
cycle = 1  norm(lambda1,lambda2) = 0.0596618
cycle = 2  norm(lambda1,lambda2) = 0.0174128
cycle = 3  norm(lambda1,lambda2) = 0.00810364
cycle = 4  norm(lambda1,lambda2) = 0.00290805
cycle = 5  norm(lambda1,lambda2) = 0.00105927
cycle = 6  norm(lambda1,lambda2) = 0.000223596
cycle = 7  norm(lambda1,lambda2) = 9.7668e-05
cycle = 8  norm(lambda1,lambda2) = 3.12877e-05
cycle = 9  norm(lambda1,lambda2) = 1.42452e-05
cycle = 10  norm(lambda1,lambda2) = 6.41552e-06
cycle = 11  norm(lambda1,lambda2) = 2.3255e-06
cycle = 12  norm(lambda1,lambda2) = 7.72767e-07
cycle = 13  norm(lambda1,lambda2) = 4.02725e-07
cycle = 14  norm(lambda1,lambda2) = 1.20181e-07
cycle = 15  norm(lambda1,lambda2) = 6.68581e-08
cycle = 16  norm(lambda1,lambda2) = 4.51609e-08
cycle = 17  norm(lambda1,lambda2) = 3.40602e-08
cycle = 18  norm(lambda1,lambda2) = 2.85461e-08
cycle = 19  norm(lambda1,lambda2) = 2.63149e-08
cycle = 20  norm(lambda1,lambda2) = 2.61147e-08
cycle = 21  norm(lambda1,lambda2) = 1.94369e-08
cycle = 22  norm(lambda1,lambda2) = 1.54909e-08
cycle = 23  norm(lambda1,lambda2) = 1.3354e-08
cycle = 24  norm(lambda1,lambda2) = 1.2021e-08
cycle = 25  norm(lambda1,lambda2) = 1.0723e-08
cycle = 26  norm(lambda1,lambda2) = 9.59821e-09
[2026-09-30 16:10:01] (T) lambda 261 s, gradient 17 s
[2026-09-30 16:10:01] coordinate 22 p: E − E0 =    -32.25 µE_h, 347 s  (3/72 gradients)
cycle = 1  norm(lambda1,lambda2) = 0.0596472
cycle = 2  norm(lambda1,lambda2) = 0.0174075
cycle = 3  norm(lambda1,lambda2) = 0.00810098
cycle = 4  norm(lambda1,lambda2) = 0.00290769
cycle = 5  norm(lambda1,lambda2) = 0.00105901
cycle = 6  norm(lambda1,lambda2) = 0.000223478
cycle = 7  norm(lambda1,lambda2) = 9.76355e-05
cycle = 8  norm(lambda1,lambda2) = 3.12861e-05
cycle = 9  norm(lambda1,lambda2) = 1.42477e-05
cycle = 10  norm(lambda1,lambda2) = 6.41602e-06
cycle = 11  norm(lambda1,lambda2) = 2.32427e-06
cycle = 12  norm(lambda1,lambda2) = 7.72213e-07
cycle = 13  norm(lambda1,lambda2) = 4.02304e-07
cycle = 14  norm(lambda1,lambda2) = 1.20085e-07
cycle = 15  norm(lambda1,lambda2) = 6.68144e-08
cycle = 16  norm(lambda1,lambda2) = 4.50657e-08
cycle = 17  norm(lambda1,lambda2) = 3.40614e-08
cycle = 18  norm(lambda1,lambda2) = 2.85641e-08
cycle = 19  norm(lambda1,lambda2) = 2.63171e-08
cycle = 20  norm(lambda1,lambda2) = 2.61141e-08
cycle = 21  norm(lambda1,lambda2) = 1.94376e-08
cycle = 22  norm(lambda1,lambda2) = 1.5497e-08
cycle = 23  norm(lambda1,lambda2) = 1.33552e-08
cycle = 24  norm(lambda1,lambda2) = 1.20183e-08
cycle = 25  norm(lambda1,lambda2) = 1.07199e-08
cycle = 26  norm(lambda1,lambda2) = 9.59735e-09
[2026-09-30 16:15:30] (T) lambda 246 s, gradient 18 s
[2026-09-30 16:15:30] coordinate 22 m: E − E0 =    +41.09 µE_h, 330 s  (6/72 gradients)
[2026-09-30 16:15:30] pair check coordinate 22: max |mean(g+, g−) − g0| = 1.2e-05 a.u. (limit 1e-04)
cycle = 1  norm(lambda1,lambda2) = 0.0596535
cycle = 2  norm(lambda1,lambda2) = 0.0174099
cycle = 3  norm(lambda1,lambda2) = 0.00810217
cycle = 4  norm(lambda1,lambda2) = 0.00290785
cycle = 5  norm(lambda1,lambda2) = 0.00105911
cycle = 6  norm(lambda1,lambda2) = 0.000223522
cycle = 7  norm(lambda1,lambda2) = 9.76496e-05
cycle = 8  norm(lambda1,lambda2) = 3.12871e-05
cycle = 9  norm(lambda1,lambda2) = 1.42463e-05
cycle = 10  norm(lambda1,lambda2) = 6.41561e-06
cycle = 11  norm(lambda1,lambda2) = 2.32488e-06
cycle = 12  norm(lambda1,lambda2) = 7.72464e-07
cycle = 13  norm(lambda1,lambda2) = 4.02504e-07
cycle = 14  norm(lambda1,lambda2) = 1.20128e-07
cycle = 15  norm(lambda1,lambda2) = 6.6834e-08
cycle = 16  norm(lambda1,lambda2) = 4.50625e-08
cycle = 17  norm(lambda1,lambda2) = 3.40773e-08
cycle = 18  norm(lambda1,lambda2) = 2.8584e-08
cycle = 19  norm(lambda1,lambda2) = 2.63326e-08
cycle = 20  norm(lambda1,lambda2) = 2.61251e-08
cycle = 21  norm(lambda1,lambda2) = 1.94459e-08
cycle = 22  norm(lambda1,lambda2) = 1.55048e-08
cycle = 23  norm(lambda1,lambda2) = 1.33614e-08
cycle = 24  norm(lambda1,lambda2) = 1.20257e-08
cycle = 25  norm(lambda1,lambda2) = 1.07302e-08
cycle = 26  norm(lambda1,lambda2) = 9.60194e-09
[2026-09-30 16:21:09] (T) lambda 255 s, gradient 19 s
[2026-09-30 16:21:09] coordinate 23 p: E − E0 =     +0.49 µE_h, 338 s  (8/72 gradients)
cycle = 1  norm(lambda1,lambda2) = 0.0596536
cycle = 2  norm(lambda1,lambda2) = 0.01741
cycle = 3  norm(lambda1,lambda2) = 0.00810217
cycle = 4  norm(lambda1,lambda2) = 0.00290785
cycle = 5  norm(lambda1,lambda2) = 0.00105911
cycle = 6  norm(lambda1,lambda2) = 0.000223522
cycle = 7  norm(lambda1,lambda2) = 9.76498e-05
cycle = 8  norm(lambda1,lambda2) = 3.12871e-05
cycle = 9  norm(lambda1,lambda2) = 1.42463e-05
cycle = 10  norm(lambda1,lambda2) = 6.41561e-06
cycle = 11  norm(lambda1,lambda2) = 2.32489e-06
cycle = 12  norm(lambda1,lambda2) = 7.72467e-07
cycle = 13  norm(lambda1,lambda2) = 4.02505e-07
cycle = 14  norm(lambda1,lambda2) = 1.20128e-07
cycle = 15  norm(lambda1,lambda2) = 6.6834e-08
cycle = 16  norm(lambda1,lambda2) = 4.50622e-08
cycle = 17  norm(lambda1,lambda2) = 3.40742e-08
cycle = 18  norm(lambda1,lambda2) = 2.85833e-08
cycle = 19  norm(lambda1,lambda2) = 2.63322e-08
cycle = 20  norm(lambda1,lambda2) = 2.61245e-08
cycle = 21  norm(lambda1,lambda2) = 1.94453e-08
cycle = 22  norm(lambda1,lambda2) = 1.55042e-08
cycle = 23  norm(lambda1,lambda2) = 1.33607e-08
cycle = 24  norm(lambda1,lambda2) = 1.20253e-08
cycle = 25  norm(lambda1,lambda2) = 1.07298e-08
cycle = 26  norm(lambda1,lambda2) = 9.60154e-09
[2026-09-30 16:26:52] (T) lambda 255 s, gradient 19 s
[2026-09-30 16:26:52] coordinate 23 m: E − E0 =     +0.03 µE_h, 343 s  (11/72 gradients)
[2026-09-30 16:26:52] pair check coordinate 23: max |mean(g+, g−) − g0| = 2.1e-06 a.u. (limit 1e-04)
cycle = 1  norm(lambda1,lambda2) = 0.0596482
cycle = 2  norm(lambda1,lambda2) = 0.0174085
cycle = 3  norm(lambda1,lambda2) = 0.00810177
cycle = 4  norm(lambda1,lambda2) = 0.00290773
cycle = 5  norm(lambda1,lambda2) = 0.00105911
cycle = 6  norm(lambda1,lambda2) = 0.000223475
cycle = 7  norm(lambda1,lambda2) = 9.76389e-05
cycle = 8  norm(lambda1,lambda2) = 3.1283e-05
cycle = 9  norm(lambda1,lambda2) = 1.4245e-05
cycle = 10  norm(lambda1,lambda2) = 6.41588e-06
cycle = 11  norm(lambda1,lambda2) = 2.32473e-06
cycle = 12  norm(lambda1,lambda2) = 7.72309e-07
cycle = 13  norm(lambda1,lambda2) = 4.02417e-07
cycle = 14  norm(lambda1,lambda2) = 1.20073e-07
cycle = 15  norm(lambda1,lambda2) = 6.68127e-08
cycle = 16  norm(lambda1,lambda2) = 4.50802e-08
cycle = 17  norm(lambda1,lambda2) = 3.40456e-08
cycle = 18  norm(lambda1,lambda2) = 2.85543e-08
cycle = 19  norm(lambda1,lambda2) = 2.63104e-08
cycle = 20  norm(lambda1,lambda2) = 2.61038e-08
cycle = 21  norm(lambda1,lambda2) = 1.94302e-08
cycle = 22  norm(lambda1,lambda2) = 1.54887e-08
cycle = 23  norm(lambda1,lambda2) = 1.3349e-08
cycle = 24  norm(lambda1,lambda2) = 1.20121e-08
cycle = 25  norm(lambda1,lambda2) = 1.07148e-08
cycle = 26  norm(lambda1,lambda2) = 9.59319e-09
[2026-09-30 16:32:30] (T) lambda 253 s, gradient 18 s
[2026-09-30 16:32:30] coordinate 24 p: E − E0 =    +29.16 µE_h, 339 s  (14/72 gradients)
cycle = 1  norm(lambda1,lambda2) = 0.0596577
cycle = 2  norm(lambda1,lambda2) = 0.0174115
cycle = 3  norm(lambda1,lambda2) = 0.00810276
cycle = 4  norm(lambda1,lambda2) = 0.00290786
cycle = 5  norm(lambda1,lambda2) = 0.00105916
cycle = 6  norm(lambda1,lambda2) = 0.000223542
cycle = 7  norm(lambda1,lambda2) = 9.76626e-05
cycle = 8  norm(lambda1,lambda2) = 3.12863e-05
cycle = 9  norm(lambda1,lambda2) = 1.42457e-05
cycle = 10  norm(lambda1,lambda2) = 6.41538e-06
cycle = 11  norm(lambda1,lambda2) = 2.32484e-06
cycle = 12  norm(lambda1,lambda2) = 7.72659e-07
cycle = 13  norm(lambda1,lambda2) = 4.02612e-07
cycle = 14  norm(lambda1,lambda2) = 1.20153e-07
cycle = 15  norm(lambda1,lambda2) = 6.68537e-08
cycle = 16  norm(lambda1,lambda2) = 4.51738e-08
cycle = 17  norm(lambda1,lambda2) = 3.40379e-08
cycle = 18  norm(lambda1,lambda2) = 2.85417e-08
cycle = 19  norm(lambda1,lambda2) = 2.63031e-08
cycle = 20  norm(lambda1,lambda2) = 2.61062e-08
cycle = 21  norm(lambda1,lambda2) = 1.94304e-08
cycle = 22  norm(lambda1,lambda2) = 1.54842e-08
cycle = 23  norm(lambda1,lambda2) = 1.33489e-08
cycle = 24  norm(lambda1,lambda2) = 1.20165e-08
cycle = 25  norm(lambda1,lambda2) = 1.07208e-08
cycle = 26  norm(lambda1,lambda2) = 9.59552e-09
[2026-09-30 16:38:16] (T) lambda 260 s, gradient 19 s
[2026-09-30 16:38:16] coordinate 24 m: E − E0 =    -24.03 µE_h, 346 s  (17/72 gradients)
[2026-09-30 16:38:16] pair check coordinate 24: max |mean(g+, g−) − g0| = 5.3e-06 a.u. (limit 1e-04)
cycle = 1  norm(lambda1,lambda2) = 0.0596602
cycle = 2  norm(lambda1,lambda2) = 0.017412
cycle = 3  norm(lambda1,lambda2) = 0.00810313
cycle = 4  norm(lambda1,lambda2) = 0.00290793
cycle = 5  norm(lambda1,lambda2) = 0.00105927
cycle = 6  norm(lambda1,lambda2) = 0.000223578
cycle = 7  norm(lambda1,lambda2) = 9.76713e-05
cycle = 8  norm(lambda1,lambda2) = 3.12925e-05
cycle = 9  norm(lambda1,lambda2) = 1.42488e-05
cycle = 10  norm(lambda1,lambda2) = 6.41683e-06
cycle = 11  norm(lambda1,lambda2) = 2.3254e-06
cycle = 12  norm(lambda1,lambda2) = 7.72736e-07
cycle = 13  norm(lambda1,lambda2) = 4.02686e-07
cycle = 14  norm(lambda1,lambda2) = 1.20179e-07
cycle = 15  norm(lambda1,lambda2) = 6.68564e-08
cycle = 16  norm(lambda1,lambda2) = 4.51637e-08
cycle = 17  norm(lambda1,lambda2) = 3.40378e-08
cycle = 18  norm(lambda1,lambda2) = 2.8535e-08
cycle = 19  norm(lambda1,lambda2) = 2.62913e-08
cycle = 20  norm(lambda1,lambda2) = 2.61e-08
cycle = 21  norm(lambda1,lambda2) = 1.94258e-08
cycle = 22  norm(lambda1,lambda2) = 1.54774e-08
cycle = 23  norm(lambda1,lambda2) = 1.33421e-08
cycle = 24  norm(lambda1,lambda2) = 1.20098e-08
cycle = 25  norm(lambda1,lambda2) = 1.07159e-08
cycle = 26  norm(lambda1,lambda2) = 9.59151e-09
[2026-09-30 16:43:58] (T) lambda 253 s, gradient 19 s
[2026-09-30 16:43:58] coordinate 25 p: E − E0 =    -25.43 µE_h, 342 s  (20/72 gradients)
cycle = 1  norm(lambda1,lambda2) = 0.059649
cycle = 2  norm(lambda1,lambda2) = 0.0174083
cycle = 3  norm(lambda1,lambda2) = 0.00810149
cycle = 4  norm(lambda1,lambda2) = 0.00290782
cycle = 5  norm(lambda1,lambda2) = 0.00105901
cycle = 6  norm(lambda1,lambda2) = 0.000223499
cycle = 7  norm(lambda1,lambda2) = 9.76321e-05
cycle = 8  norm(lambda1,lambda2) = 3.12814e-05
cycle = 9  norm(lambda1,lambda2) = 1.42441e-05
cycle = 10  norm(lambda1,lambda2) = 6.41472e-06
cycle = 11  norm(lambda1,lambda2) = 2.32439e-06
cycle = 12  norm(lambda1,lambda2) = 7.72242e-07
cycle = 13  norm(lambda1,lambda2) = 4.02341e-07
cycle = 14  norm(lambda1,lambda2) = 1.20086e-07
cycle = 15  norm(lambda1,lambda2) = 6.68145e-08
cycle = 16  norm(lambda1,lambda2) = 4.50879e-08
cycle = 17  norm(lambda1,lambda2) = 3.40588e-08
cycle = 18  norm(lambda1,lambda2) = 2.85589e-08
cycle = 19  norm(lambda1,lambda2) = 2.63106e-08
cycle = 20  norm(lambda1,lambda2) = 2.6107e-08
cycle = 21  norm(lambda1,lambda2) = 1.94326e-08
cycle = 22  norm(lambda1,lambda2) = 1.54903e-08
cycle = 23  norm(lambda1,lambda2) = 1.33498e-08
cycle = 24  norm(lambda1,lambda2) = 1.20126e-08
cycle = 25  norm(lambda1,lambda2) = 1.07166e-08
cycle = 26  norm(lambda1,lambda2) = 9.5943e-09
[2026-09-30 16:49:45] (T) lambda 259 s, gradient 18 s
[2026-09-30 16:49:45] coordinate 25 m: E − E0 =    +31.25 µE_h, 346 s  (23/72 gradients)
[2026-09-30 16:49:45] pair check coordinate 25: max |mean(g+, g−) − g0| = 5.9e-06 a.u. (limit 1e-04)
cycle = 1  norm(lambda1,lambda2) = 0.0596535
cycle = 2  norm(lambda1,lambda2) = 0.0174101
cycle = 3  norm(lambda1,lambda2) = 0.00810224
cycle = 4  norm(lambda1,lambda2) = 0.00290785
cycle = 5  norm(lambda1,lambda2) = 0.00105912
cycle = 6  norm(lambda1,lambda2) = 0.000223522
cycle = 7  norm(lambda1,lambda2) = 9.76494e-05
cycle = 8  norm(lambda1,lambda2) = 3.12868e-05
cycle = 9  norm(lambda1,lambda2) = 1.4246e-05
cycle = 10  norm(lambda1,lambda2) = 6.41562e-06
cycle = 11  norm(lambda1,lambda2) = 2.32485e-06
cycle = 12  norm(lambda1,lambda2) = 7.72471e-07
cycle = 13  norm(lambda1,lambda2) = 4.02503e-07
cycle = 14  norm(lambda1,lambda2) = 1.20131e-07
cycle = 15  norm(lambda1,lambda2) = 6.68358e-08
cycle = 16  norm(lambda1,lambda2) = 4.50635e-08
cycle = 17  norm(lambda1,lambda2) = 3.40727e-08
cycle = 18  norm(lambda1,lambda2) = 2.85834e-08
cycle = 19  norm(lambda1,lambda2) = 2.6332e-08
cycle = 20  norm(lambda1,lambda2) = 2.61247e-08
cycle = 21  norm(lambda1,lambda2) = 1.94455e-08
cycle = 22  norm(lambda1,lambda2) = 1.55041e-08
cycle = 23  norm(lambda1,lambda2) = 1.33605e-08
cycle = 24  norm(lambda1,lambda2) = 1.20254e-08
cycle = 25  norm(lambda1,lambda2) = 1.07298e-08
cycle = 26  norm(lambda1,lambda2) = 9.60143e-09
[2026-09-30 16:55:00] (T) lambda 234 s, gradient 17 s
[2026-09-30 16:55:00] coordinate 26 p: E − E0 =     +0.07 µE_h, 315 s  (25/72 gradients)
cycle = 1  norm(lambda1,lambda2) = 0.0596534
cycle = 2  norm(lambda1,lambda2) = 0.0174101
cycle = 3  norm(lambda1,lambda2) = 0.00810223
cycle = 4  norm(lambda1,lambda2) = 0.00290785
cycle = 5  norm(lambda1,lambda2) = 0.00105912
cycle = 6  norm(lambda1,lambda2) = 0.000223522
cycle = 7  norm(lambda1,lambda2) = 9.76494e-05
cycle = 8  norm(lambda1,lambda2) = 3.12868e-05
cycle = 9  norm(lambda1,lambda2) = 1.4246e-05
cycle = 10  norm(lambda1,lambda2) = 6.41564e-06
cycle = 11  norm(lambda1,lambda2) = 2.32486e-06
cycle = 12  norm(lambda1,lambda2) = 7.7247e-07
cycle = 13  norm(lambda1,lambda2) = 4.02503e-07
cycle = 14  norm(lambda1,lambda2) = 1.2013e-07
cycle = 15  norm(lambda1,lambda2) = 6.68355e-08
cycle = 16  norm(lambda1,lambda2) = 4.50625e-08
cycle = 17  norm(lambda1,lambda2) = 3.40685e-08
cycle = 18  norm(lambda1,lambda2) = 2.85827e-08
cycle = 19  norm(lambda1,lambda2) = 2.63312e-08
cycle = 20  norm(lambda1,lambda2) = 2.61239e-08
cycle = 21  norm(lambda1,lambda2) = 1.94447e-08
cycle = 22  norm(lambda1,lambda2) = 1.55033e-08
cycle = 23  norm(lambda1,lambda2) = 1.33597e-08
cycle = 24  norm(lambda1,lambda2) = 1.20249e-08
cycle = 25  norm(lambda1,lambda2) = 1.07293e-08
cycle = 26  norm(lambda1,lambda2) = 9.60093e-09
[2026-09-30 17:00:16] (T) lambda 238 s, gradient 18 s
[2026-09-30 17:00:16] coordinate 26 m: E − E0 =     +0.47 µE_h, 316 s  (28/72 gradients)
[2026-09-30 17:00:16] pair check coordinate 26: max |mean(g+, g−) − g0| = 1.5e-06 a.u. (limit 1e-04)
cycle = 1  norm(lambda1,lambda2) = 0.0596483
cycle = 2  norm(lambda1,lambda2) = 0.0174084
cycle = 3  norm(lambda1,lambda2) = 0.00810107
cycle = 4  norm(lambda1,lambda2) = 0.00290772
cycle = 5  norm(lambda1,lambda2) = 0.00105889
cycle = 6  norm(lambda1,lambda2) = 0.00022348
cycle = 7  norm(lambda1,lambda2) = 9.76332e-05
cycle = 8  norm(lambda1,lambda2) = 3.12802e-05
cycle = 9  norm(lambda1,lambda2) = 1.42449e-05
cycle = 10  norm(lambda1,lambda2) = 6.41486e-06
cycle = 11  norm(lambda1,lambda2) = 2.32402e-06
cycle = 12  norm(lambda1,lambda2) = 7.72116e-07
cycle = 13  norm(lambda1,lambda2) = 4.02303e-07
cycle = 14  norm(lambda1,lambda2) = 1.20058e-07
cycle = 15  norm(lambda1,lambda2) = 6.67985e-08
cycle = 16  norm(lambda1,lambda2) = 4.50004e-08
cycle = 17  norm(lambda1,lambda2) = 3.4056e-08
cycle = 18  norm(lambda1,lambda2) = 2.85757e-08
cycle = 19  norm(lambda1,lambda2) = 2.63295e-08
cycle = 20  norm(lambda1,lambda2) = 2.61123e-08
cycle = 21  norm(lambda1,lambda2) = 1.94358e-08
cycle = 22  norm(lambda1,lambda2) = 1.54989e-08
cycle = 23  norm(lambda1,lambda2) = 1.33561e-08
cycle = 24  norm(lambda1,lambda2) = 1.20192e-08
cycle = 25  norm(lambda1,lambda2) = 1.07198e-08
cycle = 26  norm(lambda1,lambda2) = 9.59629e-09
[2026-09-30 17:05:43] (T) lambda 245 s, gradient 18 s
[2026-09-30 17:05:43] coordinate 27 p: E − E0 =    +42.54 µE_h, 327 s  (31/72 gradients)
cycle = 1  norm(lambda1,lambda2) = 0.0596608
cycle = 2  norm(lambda1,lambda2) = 0.0174119
cycle = 3  norm(lambda1,lambda2) = 0.00810356
cycle = 4  norm(lambda1,lambda2) = 0.00290803
cycle = 5  norm(lambda1,lambda2) = 0.00105939
cycle = 6  norm(lambda1,lambda2) = 0.000223597
cycle = 7  norm(lambda1,lambda2) = 9.76704e-05
cycle = 8  norm(lambda1,lambda2) = 3.12938e-05
cycle = 9  norm(lambda1,lambda2) = 1.4248e-05
cycle = 10  norm(lambda1,lambda2) = 6.41671e-06
cycle = 11  norm(lambda1,lambda2) = 2.32577e-06
cycle = 12  norm(lambda1,lambda2) = 7.72868e-07
cycle = 13  norm(lambda1,lambda2) = 4.02728e-07
cycle = 14  norm(lambda1,lambda2) = 1.20208e-07
cycle = 15  norm(lambda1,lambda2) = 6.6873e-08
cycle = 16  norm(lambda1,lambda2) = 4.52047e-08
cycle = 17  norm(lambda1,lambda2) = 3.40181e-08
cycle = 18  norm(lambda1,lambda2) = 2.8528e-08
cycle = 19  norm(lambda1,lambda2) = 2.62856e-08
cycle = 20  norm(lambda1,lambda2) = 2.60986e-08
cycle = 21  norm(lambda1,lambda2) = 1.94242e-08
cycle = 22  norm(lambda1,lambda2) = 1.54721e-08
cycle = 23  norm(lambda1,lambda2) = 1.33413e-08
cycle = 24  norm(lambda1,lambda2) = 1.2013e-08
cycle = 25  norm(lambda1,lambda2) = 1.07155e-08
cycle = 26  norm(lambda1,lambda2) = 9.59242e-09
[2026-09-30 17:11:03] (T) lambda 239 s, gradient 18 s
[2026-09-30 17:11:03] coordinate 27 m: E − E0 =    -33.35 µE_h, 321 s  (34/72 gradients)
[2026-09-30 17:11:03] pair check coordinate 27: max |mean(g+, g−) − g0| = 1.3e-05 a.u. (limit 1e-04)
cycle = 1  norm(lambda1,lambda2) = 0.0596515
cycle = 2  norm(lambda1,lambda2) = 0.0174096
cycle = 3  norm(lambda1,lambda2) = 0.00810197
cycle = 4  norm(lambda1,lambda2) = 0.00290776
cycle = 5  norm(lambda1,lambda2) = 0.00105908
cycle = 6  norm(lambda1,lambda2) = 0.000223495
cycle = 7  norm(lambda1,lambda2) = 9.76464e-05
cycle = 8  norm(lambda1,lambda2) = 3.1283e-05
cycle = 9  norm(lambda1,lambda2) = 1.4245e-05
cycle = 10  norm(lambda1,lambda2) = 6.41539e-06
cycle = 11  norm(lambda1,lambda2) = 2.32458e-06
cycle = 12  norm(lambda1,lambda2) = 7.72393e-07
cycle = 13  norm(lambda1,lambda2) = 4.02462e-07
cycle = 14  norm(lambda1,lambda2) = 1.20094e-07
cycle = 15  norm(lambda1,lambda2) = 6.68234e-08
cycle = 16  norm(lambda1,lambda2) = 4.52353e-08
cycle = 17  norm(lambda1,lambda2) = 3.39633e-08
cycle = 18  norm(lambda1,lambda2) = 2.85034e-08
cycle = 19  norm(lambda1,lambda2) = 2.62493e-08
cycle = 20  norm(lambda1,lambda2) = 2.60643e-08
cycle = 21  norm(lambda1,lambda2) = 1.94001e-08
cycle = 22  norm(lambda1,lambda2) = 1.54494e-08
cycle = 23  norm(lambda1,lambda2) = 1.33235e-08
cycle = 24  norm(lambda1,lambda2) = 1.19929e-08
cycle = 25  norm(lambda1,lambda2) = 1.06977e-08
cycle = 26  norm(lambda1,lambda2) = 9.58044e-09
[2026-09-30 17:16:26] (T) lambda 237 s, gradient 18 s
[2026-09-30 17:16:26] coordinate 28 p: E − E0 =     +9.50 µE_h, 323 s  (37/72 gradients)
cycle = 1  norm(lambda1,lambda2) = 0.0596544
cycle = 2  norm(lambda1,lambda2) = 0.0174104
cycle = 3  norm(lambda1,lambda2) = 0.00810254
cycle = 4  norm(lambda1,lambda2) = 0.00290783
cycle = 5  norm(lambda1,lambda2) = 0.00105919
cycle = 6  norm(lambda1,lambda2) = 0.000223523
cycle = 7  norm(lambda1,lambda2) = 9.76547e-05
cycle = 8  norm(lambda1,lambda2) = 3.12862e-05
cycle = 9  norm(lambda1,lambda2) = 1.42457e-05
cycle = 10  norm(lambda1,lambda2) = 6.41581e-06
cycle = 11  norm(lambda1,lambda2) = 2.32498e-06
cycle = 12  norm(lambda1,lambda2) = 7.72564e-07
cycle = 13  norm(lambda1,lambda2) = 4.02558e-07
cycle = 14  norm(lambda1,lambda2) = 1.20129e-07
cycle = 15  norm(lambda1,lambda2) = 6.68403e-08
cycle = 16  norm(lambda1,lambda2) = 4.52256e-08
cycle = 17  norm(lambda1,lambda2) = 3.39989e-08
cycle = 18  norm(lambda1,lambda2) = 2.85094e-08
cycle = 19  norm(lambda1,lambda2) = 2.62661e-08
cycle = 20  norm(lambda1,lambda2) = 2.60807e-08
cycle = 21  norm(lambda1,lambda2) = 1.9412e-08
cycle = 22  norm(lambda1,lambda2) = 1.54617e-08
cycle = 23  norm(lambda1,lambda2) = 1.33351e-08
cycle = 24  norm(lambda1,lambda2) = 1.20038e-08
cycle = 25  norm(lambda1,lambda2) = 1.07108e-08
cycle = 26  norm(lambda1,lambda2) = 9.58721e-09
[2026-09-30 17:21:49] (T) lambda 242 s, gradient 18 s
[2026-09-30 17:21:49] coordinate 28 m: E − E0 =     -7.73 µE_h, 323 s  (40/72 gradients)
[2026-09-30 17:21:49] pair check coordinate 28: max |mean(g+, g−) − g0| = 9.4e-07 a.u. (limit 1e-04)
cycle = 1  norm(lambda1,lambda2) = 0.0596545
cycle = 2  norm(lambda1,lambda2) = 0.0174101
cycle = 3  norm(lambda1,lambda2) = 0.00810232
cycle = 4  norm(lambda1,lambda2) = 0.00290788
cycle = 5  norm(lambda1,lambda2) = 0.00105914
cycle = 6  norm(lambda1,lambda2) = 0.000223538
cycle = 7  norm(lambda1,lambda2) = 9.7652e-05
cycle = 8  norm(lambda1,lambda2) = 3.12873e-05
cycle = 9  norm(lambda1,lambda2) = 1.42465e-05
cycle = 10  norm(lambda1,lambda2) = 6.41583e-06
cycle = 11  norm(lambda1,lambda2) = 2.32492e-06
cycle = 12  norm(lambda1,lambda2) = 7.72495e-07
cycle = 13  norm(lambda1,lambda2) = 4.02518e-07
cycle = 14  norm(lambda1,lambda2) = 1.20133e-07
cycle = 15  norm(lambda1,lambda2) = 6.68357e-08
cycle = 16  norm(lambda1,lambda2) = 4.51143e-08
cycle = 17  norm(lambda1,lambda2) = 3.40305e-08
cycle = 18  norm(lambda1,lambda2) = 2.85463e-08
cycle = 19  norm(lambda1,lambda2) = 2.62909e-08
cycle = 20  norm(lambda1,lambda2) = 2.60974e-08
cycle = 21  norm(lambda1,lambda2) = 1.94241e-08
cycle = 22  norm(lambda1,lambda2) = 1.54779e-08
cycle = 23  norm(lambda1,lambda2) = 1.33427e-08
cycle = 24  norm(lambda1,lambda2) = 1.20099e-08
cycle = 25  norm(lambda1,lambda2) = 1.07173e-08
cycle = 26  norm(lambda1,lambda2) = 9.59143e-09
[2026-09-30 17:27:12] (T) lambda 239 s, gradient 19 s
[2026-09-30 17:27:12] coordinate 29 p: E − E0 =     -0.15 µE_h, 323 s  (43/72 gradients)
cycle = 1  norm(lambda1,lambda2) = 0.0596544
cycle = 2  norm(lambda1,lambda2) = 0.0174101
cycle = 3  norm(lambda1,lambda2) = 0.0081023
cycle = 4  norm(lambda1,lambda2) = 0.00290788
cycle = 5  norm(lambda1,lambda2) = 0.00105914
cycle = 6  norm(lambda1,lambda2) = 0.000223537
cycle = 7  norm(lambda1,lambda2) = 9.76515e-05
cycle = 8  norm(lambda1,lambda2) = 3.12871e-05
cycle = 9  norm(lambda1,lambda2) = 1.42464e-05
cycle = 10  norm(lambda1,lambda2) = 6.4158e-06
cycle = 11  norm(lambda1,lambda2) = 2.3249e-06
cycle = 12  norm(lambda1,lambda2) = 7.72487e-07
cycle = 13  norm(lambda1,lambda2) = 4.02514e-07
cycle = 14  norm(lambda1,lambda2) = 1.20131e-07
cycle = 15  norm(lambda1,lambda2) = 6.68348e-08
cycle = 16  norm(lambda1,lambda2) = 4.51134e-08
cycle = 17  norm(lambda1,lambda2) = 3.40296e-08
cycle = 18  norm(lambda1,lambda2) = 2.85464e-08
cycle = 19  norm(lambda1,lambda2) = 2.62945e-08
cycle = 20  norm(lambda1,lambda2) = 2.60972e-08
cycle = 21  norm(lambda1,lambda2) = 1.94242e-08
cycle = 22  norm(lambda1,lambda2) = 1.54781e-08
cycle = 23  norm(lambda1,lambda2) = 1.3343e-08
cycle = 24  norm(lambda1,lambda2) = 1.20104e-08
cycle = 25  norm(lambda1,lambda2) = 1.07178e-08
cycle = 26  norm(lambda1,lambda2) = 9.59145e-09
[2026-09-30 17:33:04] (T) lambda 264 s, gradient 18 s
[2026-09-30 17:33:04] coordinate 29 m: E − E0 =     +0.69 µE_h, 352 s  (46/72 gradients)
[2026-09-30 17:33:04] pair check coordinate 29: max |mean(g+, g−) − g0| = 2.1e-06 a.u. (limit 1e-04)
[2026-09-30 17:33:04] partial run done; merge grad_*.npy files and rerun without --ks to assemble the Hessian
