[2026-09-30 16:04:09] E8 FD Hessian: 12 atoms, cc-pvdz, frozen 7 (derived from the elements: 7), step 0.005 bohr, 72 displacements, 5 threads, max_memory 8000 MB, explicit (T) lambda, fast (T) density kernel, fast (T) lambda kernel
[2026-09-30 16:04:09] symmetry: 4 operations, orbits [[0], [1], [2, 6], [3, 5], [4], [7, 11], [8, 10], [9]], 24 displacements (48 gradients) instead of 72
[2026-09-30 16:04:09] partial run: displacement indices [8, 9, 10, 11, 12, 13, 14, 21]
cycle = 1  norm(lambda1,lambda2) = 0.0596517
cycle = 2  norm(lambda1,lambda2) = 0.0174096
cycle = 3  norm(lambda1,lambda2) = 0.00810212
cycle = 4  norm(lambda1,lambda2) = 0.00290779
cycle = 5  norm(lambda1,lambda2) = 0.00105909
cycle = 6  norm(lambda1,lambda2) = 0.000223495
cycle = 7  norm(lambda1,lambda2) = 9.76476e-05
cycle = 8  norm(lambda1,lambda2) = 3.12854e-05
cycle = 9  norm(lambda1,lambda2) = 1.42454e-05
cycle = 10  norm(lambda1,lambda2) = 6.41541e-06
cycle = 11  norm(lambda1,lambda2) = 2.32482e-06
cycle = 12  norm(lambda1,lambda2) = 7.72454e-07
cycle = 13  norm(lambda1,lambda2) = 4.02502e-07
cycle = 14  norm(lambda1,lambda2) = 1.20115e-07
cycle = 15  norm(lambda1,lambda2) = 6.68328e-08
cycle = 16  norm(lambda1,lambda2) = 4.50623e-08
cycle = 17  norm(lambda1,lambda2) = 3.40726e-08
cycle = 18  norm(lambda1,lambda2) = 2.85862e-08
cycle = 19  norm(lambda1,lambda2) = 2.63347e-08
cycle = 20  norm(lambda1,lambda2) = 2.61256e-08
cycle = 21  norm(lambda1,lambda2) = 1.94465e-08
cycle = 22  norm(lambda1,lambda2) = 1.55061e-08
cycle = 23  norm(lambda1,lambda2) = 1.33629e-08
cycle = 24  norm(lambda1,lambda2) = 1.20271e-08
cycle = 25  norm(lambda1,lambda2) = 1.0731e-08
cycle = 26  norm(lambda1,lambda2) = 9.60257e-09
[2026-09-30 16:09:59] (T) lambda 263 s, gradient 18 s
[2026-09-30 16:09:59] coordinate  8 p: E − E0 =     +1.42 µE_h, 350 s  (2/72 gradients)
cycle = 1  norm(lambda1,lambda2) = 0.0596518
cycle = 2  norm(lambda1,lambda2) = 0.0174097
cycle = 3  norm(lambda1,lambda2) = 0.00810213
cycle = 4  norm(lambda1,lambda2) = 0.00290784
cycle = 5  norm(lambda1,lambda2) = 0.0010591
cycle = 6  norm(lambda1,lambda2) = 0.000223499
cycle = 7  norm(lambda1,lambda2) = 9.76509e-05
cycle = 8  norm(lambda1,lambda2) = 3.12868e-05
cycle = 9  norm(lambda1,lambda2) = 1.4246e-05
cycle = 10  norm(lambda1,lambda2) = 6.41561e-06
cycle = 11  norm(lambda1,lambda2) = 2.32486e-06
cycle = 12  norm(lambda1,lambda2) = 7.72479e-07
cycle = 13  norm(lambda1,lambda2) = 4.02508e-07
cycle = 14  norm(lambda1,lambda2) = 1.20119e-07
cycle = 15  norm(lambda1,lambda2) = 6.68358e-08
cycle = 16  norm(lambda1,lambda2) = 4.50896e-08
cycle = 17  norm(lambda1,lambda2) = 3.40451e-08
cycle = 18  norm(lambda1,lambda2) = 2.85674e-08
cycle = 19  norm(lambda1,lambda2) = 2.63123e-08
cycle = 20  norm(lambda1,lambda2) = 2.61117e-08
cycle = 21  norm(lambda1,lambda2) = 1.94353e-08
cycle = 22  norm(lambda1,lambda2) = 1.54923e-08
cycle = 23  norm(lambda1,lambda2) = 1.33529e-08
cycle = 24  norm(lambda1,lambda2) = 1.20189e-08
cycle = 25  norm(lambda1,lambda2) = 1.07242e-08
cycle = 26  norm(lambda1,lambda2) = 9.59711e-09
[2026-09-30 16:15:30] (T) lambda 248 s, gradient 18 s
[2026-09-30 16:15:30] coordinate  8 m: E − E0 =     +1.10 µE_h, 331 s  (5/72 gradients)
[2026-09-30 16:15:30] pair check coordinate  8: max |mean(g+, g−) − g0| = 1.5e-06 a.u. (limit 1e-04)
cycle = 1  norm(lambda1,lambda2) = 0.0596327
cycle = 2  norm(lambda1,lambda2) = 0.0174046
cycle = 3  norm(lambda1,lambda2) = 0.00809999
cycle = 4  norm(lambda1,lambda2) = 0.00290494
cycle = 5  norm(lambda1,lambda2) = 0.00105935
cycle = 6  norm(lambda1,lambda2) = 0.000223498
cycle = 7  norm(lambda1,lambda2) = 9.77907e-05
cycle = 8  norm(lambda1,lambda2) = 3.13755e-05
cycle = 9  norm(lambda1,lambda2) = 1.42931e-05
cycle = 10  norm(lambda1,lambda2) = 6.43852e-06
cycle = 11  norm(lambda1,lambda2) = 2.33336e-06
cycle = 12  norm(lambda1,lambda2) = 7.81333e-07
cycle = 13  norm(lambda1,lambda2) = 4.09636e-07
cycle = 14  norm(lambda1,lambda2) = 1.28372e-07
cycle = 15  norm(lambda1,lambda2) = 7.29631e-08
cycle = 16  norm(lambda1,lambda2) = 5.00325e-08
cycle = 17  norm(lambda1,lambda2) = 3.84757e-08
cycle = 18  norm(lambda1,lambda2) = 3.31424e-08
cycle = 19  norm(lambda1,lambda2) = 3.0829e-08
cycle = 20  norm(lambda1,lambda2) = 2.23399e-08
cycle = 21  norm(lambda1,lambda2) = 2.27425e-08
cycle = 22  norm(lambda1,lambda2) = 1.85225e-08
cycle = 23  norm(lambda1,lambda2) = 1.61233e-08
cycle = 24  norm(lambda1,lambda2) = 1.44846e-08
cycle = 25  norm(lambda1,lambda2) = 1.28766e-08
cycle = 26  norm(lambda1,lambda2) = 1.1421e-08
cycle = 27  norm(lambda1,lambda2) = 1.02783e-08
cycle = 28  norm(lambda1,lambda2) = 8.96084e-09
[2026-09-30 16:21:18] (T) lambda 265 s, gradient 19 s
[2026-09-30 16:21:18] coordinate  9 p: E − E0 =    +30.34 µE_h, 348 s  (9/72 gradients)
cycle = 1  norm(lambda1,lambda2) = 0.0596731
cycle = 2  norm(lambda1,lambda2) = 0.0174153
cycle = 3  norm(lambda1,lambda2) = 0.00810455
cycle = 4  norm(lambda1,lambda2) = 0.00291062
cycle = 5  norm(lambda1,lambda2) = 0.00105892
cycle = 6  norm(lambda1,lambda2) = 0.000223559
cycle = 7  norm(lambda1,lambda2) = 9.75489e-05
cycle = 8  norm(lambda1,lambda2) = 3.12303e-05
cycle = 9  norm(lambda1,lambda2) = 1.4228e-05
cycle = 10  norm(lambda1,lambda2) = 6.41361e-06
cycle = 11  norm(lambda1,lambda2) = 2.33315e-06
cycle = 12  norm(lambda1,lambda2) = 7.81229e-07
cycle = 13  norm(lambda1,lambda2) = 4.08765e-07
cycle = 14  norm(lambda1,lambda2) = 1.28472e-07
cycle = 15  norm(lambda1,lambda2) = 7.28856e-08
cycle = 16  norm(lambda1,lambda2) = 5.00638e-08
cycle = 17  norm(lambda1,lambda2) = 3.85621e-08
cycle = 18  norm(lambda1,lambda2) = 3.32726e-08
cycle = 19  norm(lambda1,lambda2) = 3.09608e-08
cycle = 20  norm(lambda1,lambda2) = 2.25223e-08
cycle = 21  norm(lambda1,lambda2) = 2.28573e-08
cycle = 22  norm(lambda1,lambda2) = 1.86457e-08
cycle = 23  norm(lambda1,lambda2) = 1.62358e-08
cycle = 24  norm(lambda1,lambda2) = 1.45819e-08
cycle = 25  norm(lambda1,lambda2) = 1.29676e-08
cycle = 26  norm(lambda1,lambda2) = 1.15008e-08
cycle = 27  norm(lambda1,lambda2) = 1.03516e-08
cycle = 28  norm(lambda1,lambda2) = 9.03212e-09
[2026-09-30 16:27:10] (T) lambda 263 s, gradient 19 s
[2026-09-30 16:27:10] coordinate  9 m: E − E0 =    -11.84 µE_h, 352 s  (12/72 gradients)
[2026-09-30 16:27:10] pair check coordinate  9: max |mean(g+, g−) − g0| = 1.5e-05 a.u. (limit 1e-04)
cycle = 1  norm(lambda1,lambda2) = 0.059678
cycle = 2  norm(lambda1,lambda2) = 0.0174191
cycle = 3  norm(lambda1,lambda2) = 0.00810927
cycle = 4  norm(lambda1,lambda2) = 0.00291162
cycle = 5  norm(lambda1,lambda2) = 0.00106104
cycle = 6  norm(lambda1,lambda2) = 0.000223706
cycle = 7  norm(lambda1,lambda2) = 9.76947e-05
cycle = 8  norm(lambda1,lambda2) = 3.12628e-05
cycle = 9  norm(lambda1,lambda2) = 1.42419e-05
cycle = 10  norm(lambda1,lambda2) = 6.43122e-06
cycle = 11  norm(lambda1,lambda2) = 2.33684e-06
cycle = 12  norm(lambda1,lambda2) = 7.81226e-07
cycle = 13  norm(lambda1,lambda2) = 4.09132e-07
cycle = 14  norm(lambda1,lambda2) = 1.27352e-07
cycle = 15  norm(lambda1,lambda2) = 7.21165e-08
cycle = 16  norm(lambda1,lambda2) = 4.9479e-08
cycle = 17  norm(lambda1,lambda2) = 3.79297e-08
cycle = 18  norm(lambda1,lambda2) = 3.25492e-08
cycle = 19  norm(lambda1,lambda2) = 3.02433e-08
cycle = 20  norm(lambda1,lambda2) = 2.18609e-08
cycle = 21  norm(lambda1,lambda2) = 2.21757e-08
cycle = 22  norm(lambda1,lambda2) = 1.80022e-08
cycle = 23  norm(lambda1,lambda2) = 1.56381e-08
cycle = 24  norm(lambda1,lambda2) = 1.40425e-08
cycle = 25  norm(lambda1,lambda2) = 1.24647e-08
cycle = 26  norm(lambda1,lambda2) = 1.10422e-08
cycle = 27  norm(lambda1,lambda2) = 9.89989e-09
[2026-09-30 16:32:54] (T) lambda 258 s, gradient 19 s
[2026-09-30 16:32:54] coordinate 10 p: E − E0 =    -12.14 µE_h, 344 s  (15/72 gradients)
cycle = 1  norm(lambda1,lambda2) = 0.0596265
cycle = 2  norm(lambda1,lambda2) = 0.017399
cycle = 3  norm(lambda1,lambda2) = 0.00809439
cycle = 4  norm(lambda1,lambda2) = 0.002903
cycle = 5  norm(lambda1,lambda2) = 0.0010571
cycle = 6  norm(lambda1,lambda2) = 0.000223335
cycle = 7  norm(lambda1,lambda2) = 9.76411e-05
cycle = 8  norm(lambda1,lambda2) = 3.13353e-05
cycle = 9  norm(lambda1,lambda2) = 1.42748e-05
cycle = 10  norm(lambda1,lambda2) = 6.41678e-06
cycle = 11  norm(lambda1,lambda2) = 2.32693e-06
cycle = 12  norm(lambda1,lambda2) = 7.78299e-07
cycle = 13  norm(lambda1,lambda2) = 4.07012e-07
cycle = 14  norm(lambda1,lambda2) = 1.26691e-07
cycle = 15  norm(lambda1,lambda2) = 7.17678e-08
cycle = 16  norm(lambda1,lambda2) = 4.92224e-08
cycle = 17  norm(lambda1,lambda2) = 3.75779e-08
cycle = 18  norm(lambda1,lambda2) = 3.22933e-08
cycle = 19  norm(lambda1,lambda2) = 2.99905e-08
cycle = 20  norm(lambda1,lambda2) = 2.17039e-08
cycle = 21  norm(lambda1,lambda2) = 2.1981e-08
cycle = 22  norm(lambda1,lambda2) = 1.78223e-08
cycle = 23  norm(lambda1,lambda2) = 1.54857e-08
cycle = 24  norm(lambda1,lambda2) = 1.3898e-08
cycle = 25  norm(lambda1,lambda2) = 1.23337e-08
cycle = 26  norm(lambda1,lambda2) = 1.09244e-08
cycle = 27  norm(lambda1,lambda2) = 9.79744e-09
[2026-09-30 16:38:46] (T) lambda 265 s, gradient 20 s
[2026-09-30 16:38:46] coordinate 10 m: E − E0 =    +30.72 µE_h, 352 s  (18/72 gradients)
[2026-09-30 16:38:46] pair check coordinate 10: max |mean(g+, g−) − g0| = 1.4e-05 a.u. (limit 1e-04)
cycle = 1  norm(lambda1,lambda2) = 0.0596512
cycle = 2  norm(lambda1,lambda2) = 0.0174097
cycle = 3  norm(lambda1,lambda2) = 0.00810215
cycle = 4  norm(lambda1,lambda2) = 0.0029078
cycle = 5  norm(lambda1,lambda2) = 0.00105909
cycle = 6  norm(lambda1,lambda2) = 0.000223486
cycle = 7  norm(lambda1,lambda2) = 9.76461e-05
cycle = 8  norm(lambda1,lambda2) = 3.12833e-05
cycle = 9  norm(lambda1,lambda2) = 1.42444e-05
cycle = 10  norm(lambda1,lambda2) = 6.41531e-06
cycle = 11  norm(lambda1,lambda2) = 2.32476e-06
cycle = 12  norm(lambda1,lambda2) = 7.72452e-07
cycle = 13  norm(lambda1,lambda2) = 4.02494e-07
cycle = 14  norm(lambda1,lambda2) = 1.20107e-07
cycle = 15  norm(lambda1,lambda2) = 6.68308e-08
cycle = 16  norm(lambda1,lambda2) = 4.50652e-08
cycle = 17  norm(lambda1,lambda2) = 3.40743e-08
cycle = 18  norm(lambda1,lambda2) = 2.85864e-08
cycle = 19  norm(lambda1,lambda2) = 2.63376e-08
cycle = 20  norm(lambda1,lambda2) = 2.61279e-08
cycle = 21  norm(lambda1,lambda2) = 1.94482e-08
cycle = 22  norm(lambda1,lambda2) = 1.55087e-08
cycle = 23  norm(lambda1,lambda2) = 1.33657e-08
cycle = 24  norm(lambda1,lambda2) = 1.20296e-08
cycle = 25  norm(lambda1,lambda2) = 1.07323e-08
cycle = 26  norm(lambda1,lambda2) = 9.60407e-09
[2026-09-30 16:44:35] (T) lambda 259 s, gradient 20 s
[2026-09-30 16:44:35] coordinate 11 p: E − E0 =     +1.19 µE_h, 348 s  (21/72 gradients)
cycle = 1  norm(lambda1,lambda2) = 0.0596509
cycle = 2  norm(lambda1,lambda2) = 0.0174096
cycle = 3  norm(lambda1,lambda2) = 0.00810214
cycle = 4  norm(lambda1,lambda2) = 0.00290777
cycle = 5  norm(lambda1,lambda2) = 0.00105911
cycle = 6  norm(lambda1,lambda2) = 0.000223486
cycle = 7  norm(lambda1,lambda2) = 9.76487e-05
cycle = 8  norm(lambda1,lambda2) = 3.12846e-05
cycle = 9  norm(lambda1,lambda2) = 1.4245e-05
cycle = 10  norm(lambda1,lambda2) = 6.41561e-06
cycle = 11  norm(lambda1,lambda2) = 2.32479e-06
cycle = 12  norm(lambda1,lambda2) = 7.72461e-07
cycle = 13  norm(lambda1,lambda2) = 4.02509e-07
cycle = 14  norm(lambda1,lambda2) = 1.2011e-07
cycle = 15  norm(lambda1,lambda2) = 6.6834e-08
cycle = 16  norm(lambda1,lambda2) = 4.51168e-08
cycle = 17  norm(lambda1,lambda2) = 3.40285e-08
cycle = 18  norm(lambda1,lambda2) = 2.85522e-08
cycle = 19  norm(lambda1,lambda2) = 2.62968e-08
cycle = 20  norm(lambda1,lambda2) = 2.60986e-08
cycle = 21  norm(lambda1,lambda2) = 1.94258e-08
cycle = 22  norm(lambda1,lambda2) = 1.54806e-08
cycle = 23  norm(lambda1,lambda2) = 1.33454e-08
cycle = 24  norm(lambda1,lambda2) = 1.20117e-08
cycle = 25  norm(lambda1,lambda2) = 1.07194e-08
cycle = 26  norm(lambda1,lambda2) = 9.59303e-09
[2026-09-30 16:50:19] (T) lambda 255 s, gradient 18 s
[2026-09-30 16:50:19] coordinate 11 m: E − E0 =     +1.50 µE_h, 345 s  (24/72 gradients)
[2026-09-30 16:50:19] pair check coordinate 11: max |mean(g+, g−) − g0| = 1.4e-06 a.u. (limit 1e-04)
cycle = 1  norm(lambda1,lambda2) = 0.0596168
cycle = 2  norm(lambda1,lambda2) = 0.0173953
cycle = 3  norm(lambda1,lambda2) = 0.00809243
cycle = 4  norm(lambda1,lambda2) = 0.00290197
cycle = 5  norm(lambda1,lambda2) = 0.00105601
cycle = 6  norm(lambda1,lambda2) = 0.000222717
cycle = 7  norm(lambda1,lambda2) = 9.71339e-05
cycle = 8  norm(lambda1,lambda2) = 3.10722e-05
cycle = 9  norm(lambda1,lambda2) = 1.4145e-05
cycle = 10  norm(lambda1,lambda2) = 6.37323e-06
cycle = 11  norm(lambda1,lambda2) = 2.31567e-06
cycle = 12  norm(lambda1,lambda2) = 7.69557e-07
cycle = 13  norm(lambda1,lambda2) = 4.00941e-07
cycle = 14  norm(lambda1,lambda2) = 1.20171e-07
cycle = 15  norm(lambda1,lambda2) = 6.691e-08
cycle = 16  norm(lambda1,lambda2) = 4.52651e-08
cycle = 17  norm(lambda1,lambda2) = 3.44254e-08
cycle = 18  norm(lambda1,lambda2) = 2.88164e-08
cycle = 19  norm(lambda1,lambda2) = 2.6581e-08
cycle = 20  norm(lambda1,lambda2) = 2.64237e-08
cycle = 21  norm(lambda1,lambda2) = 1.97665e-08
cycle = 22  norm(lambda1,lambda2) = 1.58322e-08
cycle = 23  norm(lambda1,lambda2) = 1.36791e-08
cycle = 24  norm(lambda1,lambda2) = 1.23419e-08
cycle = 25  norm(lambda1,lambda2) = 1.10344e-08
cycle = 26  norm(lambda1,lambda2) = 9.8976e-09
[2026-09-30 16:55:34] (T) lambda 233 s, gradient 17 s
[2026-09-30 16:55:34] coordinate 12 p: E − E0 =    +38.31 µE_h, 315 s  (27/72 gradients)
cycle = 1  norm(lambda1,lambda2) = 0.0596905
cycle = 2  norm(lambda1,lambda2) = 0.0174247
cycle = 3  norm(lambda1,lambda2) = 0.0081121
cycle = 4  norm(lambda1,lambda2) = 0.00291359
cycle = 5  norm(lambda1,lambda2) = 0.00106227
cycle = 6  norm(lambda1,lambda2) = 0.000224333
cycle = 7  norm(lambda1,lambda2) = 9.81775e-05
cycle = 8  norm(lambda1,lambda2) = 3.15034e-05
cycle = 9  norm(lambda1,lambda2) = 1.43498e-05
cycle = 10  norm(lambda1,lambda2) = 6.4601e-06
cycle = 11  norm(lambda1,lambda2) = 2.33554e-06
cycle = 12  norm(lambda1,lambda2) = 7.77041e-07
cycle = 13  norm(lambda1,lambda2) = 4.05341e-07
cycle = 14  norm(lambda1,lambda2) = 1.21635e-07
cycle = 15  norm(lambda1,lambda2) = 6.79353e-08
cycle = 16  norm(lambda1,lambda2) = 4.58596e-08
cycle = 17  norm(lambda1,lambda2) = 3.47882e-08
cycle = 18  norm(lambda1,lambda2) = 2.92265e-08
cycle = 19  norm(lambda1,lambda2) = 2.69643e-08
cycle = 20  norm(lambda1,lambda2) = 2.68101e-08
cycle = 21  norm(lambda1,lambda2) = 2.00549e-08
cycle = 22  norm(lambda1,lambda2) = 1.60639e-08
cycle = 23  norm(lambda1,lambda2) = 1.38869e-08
cycle = 24  norm(lambda1,lambda2) = 1.25304e-08
cycle = 25  norm(lambda1,lambda2) = 1.12111e-08
cycle = 26  norm(lambda1,lambda2) = 1.00582e-08
cycle = 27  norm(lambda1,lambda2) = 8.39056e-09
[2026-09-30 17:00:58] (T) lambda 243 s, gradient 19 s
[2026-09-30 17:00:58] coordinate 12 m: E − E0 =    -18.94 µE_h, 324 s  (30/72 gradients)
[2026-09-30 17:00:58] pair check coordinate 12: max |mean(g+, g−) − g0| = 1.4e-05 a.u. (limit 1e-04)
cycle = 1  norm(lambda1,lambda2) = 0.0596425
cycle = 2  norm(lambda1,lambda2) = 0.0174036
cycle = 3  norm(lambda1,lambda2) = 0.00809863
cycle = 4  norm(lambda1,lambda2) = 0.00290492
cycle = 5  norm(lambda1,lambda2) = 0.00105819
cycle = 6  norm(lambda1,lambda2) = 0.000223349
cycle = 7  norm(lambda1,lambda2) = 9.75705e-05
cycle = 8  norm(lambda1,lambda2) = 3.12668e-05
cycle = 9  norm(lambda1,lambda2) = 1.42504e-05
cycle = 10  norm(lambda1,lambda2) = 6.42351e-06
cycle = 11  norm(lambda1,lambda2) = 2.3375e-06
cycle = 12  norm(lambda1,lambda2) = 7.86887e-07
cycle = 13  norm(lambda1,lambda2) = 4.13576e-07
cycle = 14  norm(lambda1,lambda2) = 1.33978e-07
cycle = 15  norm(lambda1,lambda2) = 7.68755e-08
cycle = 16  norm(lambda1,lambda2) = 5.3214e-08
cycle = 17  norm(lambda1,lambda2) = 4.12139e-08
cycle = 18  norm(lambda1,lambda2) = 3.58953e-08
cycle = 19  norm(lambda1,lambda2) = 3.35228e-08
cycle = 20  norm(lambda1,lambda2) = 2.45035e-08
cycle = 21  norm(lambda1,lambda2) = 2.52557e-08
cycle = 22  norm(lambda1,lambda2) = 2.07885e-08
cycle = 23  norm(lambda1,lambda2) = 1.82119e-08
cycle = 24  norm(lambda1,lambda2) = 1.64214e-08
cycle = 25  norm(lambda1,lambda2) = 1.46649e-08
cycle = 26  norm(lambda1,lambda2) = 1.30453e-08
cycle = 27  norm(lambda1,lambda2) = 1.18837e-08
cycle = 28  norm(lambda1,lambda2) = 1.04522e-08
cycle = 29  norm(lambda1,lambda2) = 9.33834e-09
[2026-09-30 17:06:33] (T) lambda 252 s, gradient 18 s
[2026-09-30 17:06:33] coordinate 13 p: E − E0 =    +15.38 µE_h, 335 s  (33/72 gradients)
cycle = 1  norm(lambda1,lambda2) = 0.0596592
cycle = 2  norm(lambda1,lambda2) = 0.0174102
cycle = 3  norm(lambda1,lambda2) = 0.0081031
cycle = 4  norm(lambda1,lambda2) = 0.00290756
cycle = 5  norm(lambda1,lambda2) = 0.00105961
cycle = 6  norm(lambda1,lambda2) = 0.000223716
cycle = 7  norm(lambda1,lambda2) = 9.78075e-05
cycle = 8  norm(lambda1,lambda2) = 3.13647e-05
cycle = 9  norm(lambda1,lambda2) = 1.42969e-05
cycle = 10  norm(lambda1,lambda2) = 6.44318e-06
cycle = 11  norm(lambda1,lambda2) = 2.34198e-06
cycle = 12  norm(lambda1,lambda2) = 7.88565e-07
cycle = 13  norm(lambda1,lambda2) = 4.14569e-07
cycle = 14  norm(lambda1,lambda2) = 1.34305e-07
cycle = 15  norm(lambda1,lambda2) = 7.71e-08
cycle = 16  norm(lambda1,lambda2) = 5.33295e-08
cycle = 17  norm(lambda1,lambda2) = 4.1273e-08
cycle = 18  norm(lambda1,lambda2) = 3.59924e-08
cycle = 19  norm(lambda1,lambda2) = 3.36122e-08
cycle = 20  norm(lambda1,lambda2) = 2.45443e-08
cycle = 21  norm(lambda1,lambda2) = 2.53128e-08
cycle = 22  norm(lambda1,lambda2) = 2.08343e-08
cycle = 23  norm(lambda1,lambda2) = 1.82512e-08
cycle = 24  norm(lambda1,lambda2) = 1.64523e-08
cycle = 25  norm(lambda1,lambda2) = 1.46908e-08
cycle = 26  norm(lambda1,lambda2) = 1.30686e-08
cycle = 27  norm(lambda1,lambda2) = 1.19068e-08
cycle = 28  norm(lambda1,lambda2) = 1.04717e-08
cycle = 29  norm(lambda1,lambda2) = 9.35503e-09
[2026-09-30 17:12:08] (T) lambda 252 s, gradient 19 s
[2026-09-30 17:12:08] coordinate 13 m: E − E0 =     +2.33 µE_h, 335 s  (36/72 gradients)
[2026-09-30 17:12:08] pair check coordinate 13: max |mean(g+, g−) − g0| = 1.4e-05 a.u. (limit 1e-04)
cycle = 1  norm(lambda1,lambda2) = 0.0596539
cycle = 2  norm(lambda1,lambda2) = 0.0174101
cycle = 3  norm(lambda1,lambda2) = 0.00810243
cycle = 4  norm(lambda1,lambda2) = 0.00290793
cycle = 5  norm(lambda1,lambda2) = 0.00105918
cycle = 6  norm(lambda1,lambda2) = 0.000223532
cycle = 7  norm(lambda1,lambda2) = 9.76589e-05
cycle = 8  norm(lambda1,lambda2) = 3.12891e-05
cycle = 9  norm(lambda1,lambda2) = 1.42474e-05
cycle = 10  norm(lambda1,lambda2) = 6.41638e-06
cycle = 11  norm(lambda1,lambda2) = 2.32501e-06
cycle = 12  norm(lambda1,lambda2) = 7.72545e-07
cycle = 13  norm(lambda1,lambda2) = 4.0255e-07
cycle = 14  norm(lambda1,lambda2) = 1.20133e-07
cycle = 15  norm(lambda1,lambda2) = 6.68418e-08
cycle = 16  norm(lambda1,lambda2) = 4.51031e-08
cycle = 17  norm(lambda1,lambda2) = 3.40362e-08
cycle = 18  norm(lambda1,lambda2) = 2.85518e-08
cycle = 19  norm(lambda1,lambda2) = 2.63089e-08
cycle = 20  norm(lambda1,lambda2) = 2.61065e-08
cycle = 21  norm(lambda1,lambda2) = 1.94305e-08
cycle = 22  norm(lambda1,lambda2) = 1.54862e-08
cycle = 23  norm(lambda1,lambda2) = 1.33497e-08
cycle = 24  norm(lambda1,lambda2) = 1.20176e-08
cycle = 25  norm(lambda1,lambda2) = 1.07216e-08
cycle = 26  norm(lambda1,lambda2) = 9.59527e-09
[2026-09-30 17:17:27] (T) lambda 238 s, gradient 18 s
[2026-09-30 17:17:27] coordinate 14 p: E − E0 =     +0.95 µE_h, 319 s  (39/72 gradients)
cycle = 1  norm(lambda1,lambda2) = 0.0596539
cycle = 2  norm(lambda1,lambda2) = 0.0174099
cycle = 3  norm(lambda1,lambda2) = 0.00810223
cycle = 4  norm(lambda1,lambda2) = 0.00290784
cycle = 5  norm(lambda1,lambda2) = 0.00105911
cycle = 6  norm(lambda1,lambda2) = 0.00022353
cycle = 7  norm(lambda1,lambda2) = 9.76478e-05
cycle = 8  norm(lambda1,lambda2) = 3.12855e-05
cycle = 9  norm(lambda1,lambda2) = 1.42457e-05
cycle = 10  norm(lambda1,lambda2) = 6.41549e-06
cycle = 11  norm(lambda1,lambda2) = 2.32484e-06
cycle = 12  norm(lambda1,lambda2) = 7.72464e-07
cycle = 13  norm(lambda1,lambda2) = 4.02501e-07
cycle = 14  norm(lambda1,lambda2) = 1.20126e-07
cycle = 15  norm(lambda1,lambda2) = 6.68316e-08
cycle = 16  norm(lambda1,lambda2) = 4.52365e-08
cycle = 17  norm(lambda1,lambda2) = 3.39707e-08
cycle = 18  norm(lambda1,lambda2) = 2.84971e-08
cycle = 19  norm(lambda1,lambda2) = 2.62499e-08
cycle = 20  norm(lambda1,lambda2) = 2.60689e-08
cycle = 21  norm(lambda1,lambda2) = 1.94026e-08
cycle = 22  norm(lambda1,lambda2) = 1.54511e-08
cycle = 23  norm(lambda1,lambda2) = 1.33257e-08
cycle = 24  norm(lambda1,lambda2) = 1.19965e-08
cycle = 25  norm(lambda1,lambda2) = 1.06983e-08
cycle = 26  norm(lambda1,lambda2) = 9.58189e-09
[2026-09-30 17:22:52] (T) lambda 244 s, gradient 18 s
[2026-09-30 17:22:52] coordinate 14 m: E − E0 =     +1.58 µE_h, 325 s  (42/72 gradients)
[2026-09-30 17:22:52] pair check coordinate 14: max |mean(g+, g−) − g0| = 1.6e-06 a.u. (limit 1e-04)
cycle = 1  norm(lambda1,lambda2) = 0.0596564
cycle = 2  norm(lambda1,lambda2) = 0.0174106
cycle = 3  norm(lambda1,lambda2) = 0.00810247
cycle = 4  norm(lambda1,lambda2) = 0.00290786
cycle = 5  norm(lambda1,lambda2) = 0.00105915
cycle = 6  norm(lambda1,lambda2) = 0.00022355
cycle = 7  norm(lambda1,lambda2) = 9.76595e-05
cycle = 8  norm(lambda1,lambda2) = 3.12899e-05
cycle = 9  norm(lambda1,lambda2) = 1.42476e-05
cycle = 10  norm(lambda1,lambda2) = 6.41613e-06
cycle = 11  norm(lambda1,lambda2) = 2.3252e-06
cycle = 12  norm(lambda1,lambda2) = 7.72582e-07
cycle = 13  norm(lambda1,lambda2) = 4.02562e-07
cycle = 14  norm(lambda1,lambda2) = 1.20132e-07
cycle = 15  norm(lambda1,lambda2) = 6.68286e-08
cycle = 16  norm(lambda1,lambda2) = 4.51394e-08
cycle = 17  norm(lambda1,lambda2) = 3.40463e-08
cycle = 18  norm(lambda1,lambda2) = 2.85492e-08
cycle = 19  norm(lambda1,lambda2) = 2.63093e-08
cycle = 20  norm(lambda1,lambda2) = 2.61095e-08
cycle = 21  norm(lambda1,lambda2) = 1.94346e-08
cycle = 22  norm(lambda1,lambda2) = 1.54907e-08
cycle = 23  norm(lambda1,lambda2) = 1.3354e-08
cycle = 24  norm(lambda1,lambda2) = 1.20194e-08
cycle = 25  norm(lambda1,lambda2) = 1.07232e-08
cycle = 26  norm(lambda1,lambda2) = 9.59717e-09
[2026-09-30 17:28:24] (T) lambda 249 s, gradient 20 s
[2026-09-30 17:28:24] coordinate 21 p: E − E0 =    -11.54 µE_h, 332 s  (45/72 gradients)
cycle = 1  norm(lambda1,lambda2) = 0.059652
cycle = 2  norm(lambda1,lambda2) = 0.0174096
cycle = 3  norm(lambda1,lambda2) = 0.00810214
cycle = 4  norm(lambda1,lambda2) = 0.00290786
cycle = 5  norm(lambda1,lambda2) = 0.00105913
cycle = 6  norm(lambda1,lambda2) = 0.000223512
cycle = 7  norm(lambda1,lambda2) = 9.76432e-05
cycle = 8  norm(lambda1,lambda2) = 3.12829e-05
cycle = 9  norm(lambda1,lambda2) = 1.42447e-05
cycle = 10  norm(lambda1,lambda2) = 6.41532e-06
cycle = 11  norm(lambda1,lambda2) = 2.32453e-06
cycle = 12  norm(lambda1,lambda2) = 7.72396e-07
cycle = 13  norm(lambda1,lambda2) = 4.02468e-07
cycle = 14  norm(lambda1,lambda2) = 1.20127e-07
cycle = 15  norm(lambda1,lambda2) = 6.68436e-08
cycle = 16  norm(lambda1,lambda2) = 4.51143e-08
cycle = 17  norm(lambda1,lambda2) = 3.40584e-08
cycle = 18  norm(lambda1,lambda2) = 2.85653e-08
cycle = 19  norm(lambda1,lambda2) = 2.63033e-08
cycle = 20  norm(lambda1,lambda2) = 2.61058e-08
cycle = 21  norm(lambda1,lambda2) = 1.94316e-08
cycle = 22  norm(lambda1,lambda2) = 1.54856e-08
cycle = 23  norm(lambda1,lambda2) = 1.33471e-08
cycle = 24  norm(lambda1,lambda2) = 1.20118e-08
cycle = 25  norm(lambda1,lambda2) = 1.07155e-08
cycle = 26  norm(lambda1,lambda2) = 9.59506e-09
[2026-09-30 17:34:05] (T) lambda 255 s, gradient 17 s
[2026-09-30 17:34:05] coordinate 21 m: E − E0 =    +13.65 µE_h, 341 s  (48/72 gradients)
[2026-09-30 17:34:05] pair check coordinate 21: max |mean(g+, g−) − g0| = 9.7e-07 a.u. (limit 1e-04)
[2026-09-30 17:34:05] partial run done; merge grad_*.npy files and rerun without --ks to assemble the Hessian
