[2026-09-30 17:34:22] E8 FD Hessian: 11 atoms, cc-pvdz, frozen 6 (derived from the elements: 6), step 0.005 bohr, 66 displacements, 16 threads, max_memory 26000 MB, explicit (T) lambda, fast (T) density kernel, fast (T) lambda kernel
[2026-09-30 17:38:51] fast (T) lambda two-route check: max |kernel − pyscf| = 2.1e-17 (l2_t; limit 1e-10; 251 s)
cycle = 1  norm(lambda1,lambda2) = 0.0549326
cycle = 2  norm(lambda1,lambda2) = 0.0148243
cycle = 3  norm(lambda1,lambda2) = 0.00644573
cycle = 4  norm(lambda1,lambda2) = 0.00273074
cycle = 5  norm(lambda1,lambda2) = 0.000638427
cycle = 6  norm(lambda1,lambda2) = 0.000233635
cycle = 7  norm(lambda1,lambda2) = 6.556e-05
cycle = 8  norm(lambda1,lambda2) = 2.77552e-05
cycle = 9  norm(lambda1,lambda2) = 1.19168e-05
cycle = 10  norm(lambda1,lambda2) = 2.93511e-06
cycle = 11  norm(lambda1,lambda2) = 1.22367e-06
cycle = 12  norm(lambda1,lambda2) = 4.1007e-07
cycle = 13  norm(lambda1,lambda2) = 1.51974e-07
cycle = 14  norm(lambda1,lambda2) = 5.54848e-08
cycle = 15  norm(lambda1,lambda2) = 3.6975e-08
cycle = 16  norm(lambda1,lambda2) = 1.65911e-08
cycle = 17  norm(lambda1,lambda2) = 1.35858e-08
cycle = 18  norm(lambda1,lambda2) = 1.12288e-08
cycle = 19  norm(lambda1,lambda2) = 1.30587e-08
cycle = 20  norm(lambda1,lambda2) = 1.19432e-08
cycle = 21  norm(lambda1,lambda2) = 8.63327e-09
[2026-09-30 17:54:49] fast (T) density two-route check: max |kernel − pyscf| = 1.4e-17 (dvo[for_grad=False]; limit 1e-10; 942 s)
[2026-09-30 17:54:56] (T) lambda 959 s, gradient 7 s
[2026-09-30 17:54:56] reference: E = -247.594265866, max|grad| 1.72e-02, 1235 s
[2026-09-30 18:27:13] E8 FD Hessian: 11 atoms, cc-pvdz, frozen 6 (derived from the elements: 6), step 0.005 bohr, 66 displacements, 16 threads, max_memory 26000 MB, explicit (T) lambda, fast (T) density kernel, fast (T) lambda kernel
[2026-09-30 18:27:13] symmetry: 4 operations, orbits [[0], [1, 5], [2, 4], [3], [6], [7, 10], [8, 9]], 21 displacements (42 gradients) instead of 66
[2026-09-30 18:27:13] pair check coordinate  0: max |mean(g+, g−) − g0| = 1.5e-05 a.u. (limit 1e-04)
[2026-09-30 18:27:13] pair check coordinate  1: max |mean(g+, g−) − g0| = 1.5e-05 a.u. (limit 1e-04)
[2026-09-30 18:27:13] pair check coordinate  2: max |mean(g+, g−) − g0| = 1.5e-06 a.u. (limit 1e-04)
[2026-09-30 18:27:13] pair check coordinate  3: max |mean(g+, g−) − g0| = 1.3e-05 a.u. (limit 1e-04)
[2026-09-30 18:27:13] pair check coordinate  4: max |mean(g+, g−) − g0| = 1.6e-05 a.u. (limit 1e-04)
[2026-09-30 18:27:13] pair check coordinate  5: max |mean(g+, g−) − g0| = 1.5e-06 a.u. (limit 1e-04)
[2026-09-30 18:27:13] pair check coordinate  6: max |mean(g+, g−) − g0| = 1.4e-05 a.u. (limit 1e-04)
[2026-09-30 18:27:13] pair check coordinate  7: max |mean(g+, g−) − g0| = 1.6e-05 a.u. (limit 1e-04)
[2026-09-30 18:27:13] pair check coordinate  8: max |mean(g+, g−) − g0| = 1.3e-06 a.u. (limit 1e-04)
[2026-09-30 18:27:13] pair check coordinate  9: max |mean(g+, g−) − g0| = 1.6e-05 a.u. (limit 1e-04)
[2026-09-30 18:27:13] pair check coordinate 10: max |mean(g+, g−) − g0| = 5.9e-06 a.u. (limit 1e-04)
[2026-09-30 18:27:13] pair check coordinate 11: max |mean(g+, g−) − g0| = 1.9e-06 a.u. (limit 1e-04)
[2026-09-30 18:27:13] pair check coordinate 18: max |mean(g+, g−) − g0| = 1.5e-06 a.u. (limit 1e-04)
[2026-09-30 18:27:13] pair check coordinate 19: max |mean(g+, g−) − g0| = 1.4e-05 a.u. (limit 1e-04)
[2026-09-30 18:27:13] pair check coordinate 20: max |mean(g+, g−) − g0| = 2.0e-06 a.u. (limit 1e-04)
[2026-09-30 18:27:13] pair check coordinate 21: max |mean(g+, g−) − g0| = 1.2e-05 a.u. (limit 1e-04)
[2026-09-30 18:27:13] pair check coordinate 22: max |mean(g+, g−) − g0| = 9.9e-07 a.u. (limit 1e-04)
[2026-09-30 18:27:13] pair check coordinate 23: max |mean(g+, g−) − g0| = 2.0e-06 a.u. (limit 1e-04)
[2026-09-30 18:27:13] pair check coordinate 24: max |mean(g+, g−) − g0| = 6.0e-06 a.u. (limit 1e-04)
[2026-09-30 18:27:13] pair check coordinate 25: max |mean(g+, g−) − g0| = 4.9e-06 a.u. (limit 1e-04)
[2026-09-30 18:27:13] pair check coordinate 26: max |mean(g+, g−) − g0| = 1.5e-06 a.u. (limit 1e-04)
[2026-09-30 18:27:13] symmetry reconstruction: spread of multiply-reached rows 8.64e-06 a.u.; self-check 4.5e-14
[2026-09-30 18:27:13] Hessian written (VALID); FD asymmetry max 8.64e-06 a.u.; vibrational frequencies (cm-1): [333, 370, 593, 651, 653, 708, 842, 902, 940, 948, 1012, 1063, 1079, 1087, 1146, 1235, 1352, 1360, 1478, 1518, 1672, 1682, 3265, 3267, 3288, 3306, 3315]
[2026-09-30 18:27:13] two-route checks: translational sum rule 3.9e-06 E_h/bohr² (limit 1e-03); translations/rotations after projection max 5.0e-05 cm⁻¹; energy route max |H_kk − d²E/dx_k²| 7.6e-05 E_h/bohr² over 21 coordinates (limit 1e-03)
