[2026-09-30 17:34:22] E8 FD Hessian: 11 atoms, cc-pvdz, frozen 6 (derived from the elements: 6), step 0.005 bohr, 66 displacements, 16 threads, max_memory 26000 MB, explicit (T) lambda, fast (T) density kernel, fast (T) lambda kernel
[2026-09-30 17:38:51] fast (T) lambda two-route check: max |kernel − pyscf| = 2.1e-17 (l2_t; limit 1e-10; 251 s)
[2026-09-30 17:54:49] fast (T) density two-route check: max |kernel − pyscf| = 1.4e-17 (dvo[for_grad=False]; limit 1e-10; 942 s)
[2026-09-30 17:54:56] (T) lambda 959 s, gradient 7 s
[2026-09-30 17:54:56] reference: E = -247.594265866, max|grad| 1.72e-02, 1235 s
[2026-09-30 17:54:57] E8 FD Hessian: 11 atoms, cc-pvdz, frozen 6 (derived from the elements: 6), step 0.005 bohr, 66 displacements, 5 threads, max_memory 8000 MB, explicit (T) lambda, fast (T) density kernel, fast (T) lambda kernel
[2026-09-30 17:54:57] symmetry: 4 operations, orbits [[0], [1, 5], [2, 4], [3], [6], [7, 10], [8, 9]], 21 displacements (42 gradients) instead of 66
[2026-09-30 17:54:57] partial run: displacement indices [0, 1, 2, 3, 4, 5, 6]
[2026-09-30 17:55:02] E8 FD Hessian: 11 atoms, cc-pvdz, frozen 6 (derived from the elements: 6), step 0.005 bohr, 66 displacements, 5 threads, max_memory 8000 MB, explicit (T) lambda, fast (T) density kernel, fast (T) lambda kernel
[2026-09-30 17:55:02] symmetry: 4 operations, orbits [[0], [1, 5], [2, 4], [3], [6], [7, 10], [8, 9]], 21 displacements (42 gradients) instead of 66
[2026-09-30 17:55:02] partial run: displacement indices [7, 8, 9, 10, 11, 18, 19]
[2026-09-30 17:55:07] E8 FD Hessian: 11 atoms, cc-pvdz, frozen 6 (derived from the elements: 6), step 0.005 bohr, 66 displacements, 5 threads, max_memory 8000 MB, explicit (T) lambda, fast (T) density kernel, fast (T) lambda kernel
[2026-09-30 17:55:07] symmetry: 4 operations, orbits [[0], [1, 5], [2, 4], [3], [6], [7, 10], [8, 9]], 21 displacements (42 gradients) instead of 66
[2026-09-30 17:55:07] partial run: displacement indices [20, 21, 22, 23, 24, 25, 26]
[2026-09-30 17:57:15] (T) lambda 101 s, gradient 10 s
[2026-09-30 17:57:15] coordinate  0 p: E − E0 =    +13.86 µE_h, 138 s  (1/66 gradients)
[2026-09-30 17:57:18] (T) lambda 99 s, gradient 10 s
[2026-09-30 17:57:18] coordinate  7 p: E − E0 =    +19.10 µE_h, 136 s  (2/66 gradients)
[2026-09-30 17:57:20] (T) lambda 94 s, gradient 10 s
[2026-09-30 17:57:20] coordinate 20 p: E − E0 =     +0.75 µE_h, 133 s  (3/66 gradients)
[2026-09-30 17:59:35] (T) lambda 96 s, gradient 10 s
[2026-09-30 17:59:35] coordinate 20 m: E − E0 =     -0.19 µE_h, 135 s  (4/66 gradients)
[2026-09-30 17:59:35] pair check coordinate 20: max |mean(g+, g−) − g0| = 2.0e-06 a.u. (limit 1e-04)
[2026-09-30 17:59:35] (T) lambda 101 s, gradient 10 s
[2026-09-30 17:59:35] coordinate  0 m: E − E0 =     +3.96 µE_h, 140 s  (5/66 gradients)
[2026-09-30 17:59:35] pair check coordinate  0: max |mean(g+, g−) − g0| = 1.5e-05 a.u. (limit 1e-04)
[2026-09-30 17:59:38] (T) lambda 101 s, gradient 11 s
[2026-09-30 17:59:38] coordinate  7 m: E − E0 =     -0.46 µE_h, 140 s  (6/66 gradients)
[2026-09-30 17:59:38] pair check coordinate  7: max |mean(g+, g−) − g0| = 1.6e-05 a.u. (limit 1e-04)
[2026-09-30 18:01:46] (T) lambda 93 s, gradient 10 s
[2026-09-30 18:01:46] coordinate 21 p: E − E0 =    +40.93 µE_h, 131 s  (7/66 gradients)
[2026-09-30 18:01:48] (T) lambda 95 s, gradient 10 s
[2026-09-30 18:01:48] coordinate  1 p: E − E0 =    -23.96 µE_h, 133 s  (8/66 gradients)
[2026-09-30 18:01:51] (T) lambda 95 s, gradient 10 s
[2026-09-30 18:01:51] coordinate  8 p: E − E0 =     +1.16 µE_h, 133 s  (9/66 gradients)
[2026-09-30 18:04:06] (T) lambda 98 s, gradient 11 s
[2026-09-30 18:04:06] coordinate  1 m: E − E0 =    +43.59 µE_h, 138 s  (10/66 gradients)
[2026-09-30 18:04:06] pair check coordinate  1: max |mean(g+, g−) − g0| = 1.5e-05 a.u. (limit 1e-04)
[2026-09-30 18:04:06] (T) lambda 101 s, gradient 11 s
[2026-09-30 18:04:06] coordinate 21 m: E − E0 =    -32.27 µE_h, 140 s  (11/66 gradients)
[2026-09-30 18:04:06] pair check coordinate 21: max |mean(g+, g−) − g0| = 1.2e-05 a.u. (limit 1e-04)
[2026-09-30 18:04:10] (T) lambda 100 s, gradient 11 s
[2026-09-30 18:04:10] coordinate  8 m: E − E0 =     +2.33 µE_h, 139 s  (12/66 gradients)
[2026-09-30 18:04:10] pair check coordinate  8: max |mean(g+, g−) − g0| = 1.3e-06 a.u. (limit 1e-04)
[2026-09-30 18:06:23] (T) lambda 96 s, gradient 10 s
[2026-09-30 18:06:23] coordinate  2 p: E − E0 =     +1.88 µE_h, 137 s  (13/66 gradients)
[2026-09-30 18:06:29] (T) lambda 101 s, gradient 11 s
[2026-09-30 18:06:29] coordinate 22 p: E − E0 =    -12.28 µE_h, 142 s  (14/66 gradients)
[2026-09-30 18:06:37] (T) lambda 107 s, gradient 10 s
[2026-09-30 18:06:37] coordinate  9 p: E − E0 =     -4.04 µE_h, 147 s  (15/66 gradients)
[2026-09-30 18:08:32] (T) lambda 91 s, gradient 10 s
[2026-09-30 18:08:32] coordinate  2 m: E − E0 =     +1.05 µE_h, 129 s  (16/66 gradients)
[2026-09-30 18:08:32] pair check coordinate  2: max |mean(g+, g−) − g0| = 1.5e-06 a.u. (limit 1e-04)
[2026-09-30 18:08:39] (T) lambda 93 s, gradient 10 s
[2026-09-30 18:08:39] coordinate 22 m: E − E0 =    +14.55 µE_h, 130 s  (17/66 gradients)
[2026-09-30 18:08:39] pair check coordinate 22: max |mean(g+, g−) − g0| = 9.9e-07 a.u. (limit 1e-04)
[2026-09-30 18:08:55] (T) lambda 100 s, gradient 11 s
[2026-09-30 18:08:55] coordinate  9 m: E − E0 =    +21.07 µE_h, 138 s  (18/66 gradients)
[2026-09-30 18:08:55] pair check coordinate  9: max |mean(g+, g−) − g0| = 1.6e-05 a.u. (limit 1e-04)
[2026-09-30 18:10:46] (T) lambda 95 s, gradient 11 s
[2026-09-30 18:10:46] coordinate  3 p: E − E0 =    +38.64 µE_h, 134 s  (19/66 gradients)
[2026-09-30 18:10:55] (T) lambda 96 s, gradient 11 s
[2026-09-30 18:10:55] coordinate 23 p: E − E0 =     -0.47 µE_h, 136 s  (20/66 gradients)
[2026-09-30 18:11:11] (T) lambda 96 s, gradient 11 s
[2026-09-30 18:11:11] coordinate 10 p: E − E0 =    +91.11 µE_h, 136 s  (21/66 gradients)
[2026-09-30 18:13:04] (T) lambda 98 s, gradient 11 s
[2026-09-30 18:13:04] coordinate  3 m: E − E0 =    -19.02 µE_h, 138 s  (22/66 gradients)
[2026-09-30 18:13:04] pair check coordinate  3: max |mean(g+, g−) − g0| = 1.3e-05 a.u. (limit 1e-04)
[2026-09-30 18:13:12] (T) lambda 97 s, gradient 11 s
[2026-09-30 18:13:12] coordinate 23 m: E − E0 =     +1.02 µE_h, 137 s  (23/66 gradients)
[2026-09-30 18:13:12] pair check coordinate 23: max |mean(g+, g−) − g0| = 2.0e-06 a.u. (limit 1e-04)
[2026-09-30 18:13:27] (T) lambda 95 s, gradient 11 s
[2026-09-30 18:13:27] coordinate 10 m: E − E0 =    -80.50 µE_h, 136 s  (24/66 gradients)
[2026-09-30 18:13:27] pair check coordinate 10: max |mean(g+, g−) − g0| = 5.9e-06 a.u. (limit 1e-04)
[2026-09-30 18:15:29] (T) lambda 97 s, gradient 11 s
[2026-09-30 18:15:29] coordinate 24 p: E − E0 =    +31.33 µE_h, 138 s  (25/66 gradients)
[2026-09-30 18:15:29] (T) lambda 104 s, gradient 11 s
[2026-09-30 18:15:29] coordinate  4 p: E − E0 =     -2.28 µE_h, 145 s  (26/66 gradients)
[2026-09-30 18:15:46] (T) lambda 99 s, gradient 11 s
[2026-09-30 18:15:46] coordinate 11 p: E − E0 =     -0.04 µE_h, 139 s  (27/66 gradients)
[2026-09-30 18:17:47] (T) lambda 98 s, gradient 11 s
[2026-09-30 18:17:47] coordinate 24 m: E − E0 =    -25.33 µE_h, 138 s  (28/66 gradients)
[2026-09-30 18:17:47] pair check coordinate 24: max |mean(g+, g−) − g0| = 6.0e-06 a.u. (limit 1e-04)
[2026-09-30 18:17:51] (T) lambda 102 s, gradient 11 s
[2026-09-30 18:17:51] coordinate  4 m: E − E0 =    +20.06 µE_h, 142 s  (29/66 gradients)
[2026-09-30 18:17:51] pair check coordinate  4: max |mean(g+, g−) − g0| = 1.6e-05 a.u. (limit 1e-04)
[2026-09-30 18:18:07] (T) lambda 101 s, gradient 11 s
[2026-09-30 18:18:07] coordinate 11 m: E − E0 =     +2.06 µE_h, 141 s  (30/66 gradients)
[2026-09-30 18:18:07] pair check coordinate 11: max |mean(g+, g−) − g0| = 1.9e-06 a.u. (limit 1e-04)
[2026-09-30 18:20:05] (T) lambda 99 s, gradient 11 s
[2026-09-30 18:20:05] coordinate 25 p: E − E0 =    +26.47 µE_h, 138 s  (31/66 gradients)
[2026-09-30 18:20:10] (T) lambda 98 s, gradient 11 s
[2026-09-30 18:20:10] coordinate  5 p: E − E0 =     +0.78 µE_h, 139 s  (32/66 gradients)
[2026-09-30 18:20:26] (T) lambda 99 s, gradient 11 s
[2026-09-30 18:20:26] coordinate 18 p: E − E0 =     +6.41 µE_h, 140 s  (33/66 gradients)
[2026-09-30 18:22:20] (T) lambda 96 s, gradient 10 s
[2026-09-30 18:22:20] coordinate 25 m: E − E0 =    -21.51 µE_h, 135 s  (34/66 gradients)
[2026-09-30 18:22:20] pair check coordinate 25: max |mean(g+, g−) − g0| = 4.9e-06 a.u. (limit 1e-04)
[2026-09-30 18:22:24] (T) lambda 94 s, gradient 11 s
[2026-09-30 18:22:24] coordinate  5 m: E − E0 =     +1.94 µE_h, 135 s  (35/66 gradients)
[2026-09-30 18:22:24] pair check coordinate  5: max |mean(g+, g−) − g0| = 1.5e-06 a.u. (limit 1e-04)
[2026-09-30 18:22:37] (T) lambda 92 s, gradient 10 s
[2026-09-30 18:22:37] coordinate 18 m: E − E0 =     -4.88 µE_h, 131 s  (36/66 gradients)
[2026-09-30 18:22:37] pair check coordinate 18: max |mean(g+, g−) − g0| = 1.5e-06 a.u. (limit 1e-04)
[2026-09-30 18:24:35] (T) lambda 95 s, gradient 11 s
[2026-09-30 18:24:35] coordinate 26 p: E − E0 =     -0.83 µE_h, 134 s  (37/66 gradients)
[2026-09-30 18:24:42] (T) lambda 99 s, gradient 11 s
[2026-09-30 18:24:42] coordinate  6 p: E − E0 =    +25.36 µE_h, 138 s  (38/66 gradients)
[2026-09-30 18:24:49] (T) lambda 93 s, gradient 11 s
[2026-09-30 18:24:49] coordinate 19 p: E − E0 =    -33.96 µE_h, 132 s  (39/66 gradients)
[2026-09-30 18:26:46] (T) lambda 93 s, gradient 10 s
[2026-09-30 18:26:46] coordinate 26 m: E − E0 =     +1.42 µE_h, 131 s  (40/66 gradients)
[2026-09-30 18:26:46] pair check coordinate 26: max |mean(g+, g−) − g0| = 1.5e-06 a.u. (limit 1e-04)
[2026-09-30 18:26:46] partial run done; merge grad_*.npy files and rerun without --ks to assemble the Hessian
[2026-09-30 18:26:58] (T) lambda 98 s, gradient 10 s
[2026-09-30 18:26:58] coordinate  6 m: E − E0 =     -6.64 µE_h, 137 s  (41/66 gradients)
[2026-09-30 18:26:58] pair check coordinate  6: max |mean(g+, g−) − g0| = 1.4e-05 a.u. (limit 1e-04)
[2026-09-30 18:26:58] partial run done; merge grad_*.npy files and rerun without --ks to assemble the Hessian
[2026-09-30 18:26:59] (T) lambda 92 s, gradient 10 s
[2026-09-30 18:26:59] coordinate 19 m: E − E0 =    +43.35 µE_h, 129 s  (42/66 gradients)
[2026-09-30 18:26:59] pair check coordinate 19: max |mean(g+, g−) − g0| = 1.4e-05 a.u. (limit 1e-04)
[2026-09-30 18:26:59] partial run done; merge grad_*.npy files and rerun without --ks to assemble the Hessian
[2026-09-30 18:27:13] E8 FD Hessian: 11 atoms, cc-pvdz, frozen 6 (derived from the elements: 6), step 0.005 bohr, 66 displacements, 16 threads, max_memory 26000 MB, explicit (T) lambda, fast (T) density kernel, fast (T) lambda kernel
[2026-09-30 18:27:13] symmetry: 4 operations, orbits [[0], [1, 5], [2, 4], [3], [6], [7, 10], [8, 9]], 21 displacements (42 gradients) instead of 66
[2026-09-30 18:27:13] pair check coordinate  0: max |mean(g+, g−) − g0| = 1.5e-05 a.u. (limit 1e-04)
[2026-09-30 18:27:13] pair check coordinate  1: max |mean(g+, g−) − g0| = 1.5e-05 a.u. (limit 1e-04)
[2026-09-30 18:27:13] pair check coordinate  2: max |mean(g+, g−) − g0| = 1.5e-06 a.u. (limit 1e-04)
[2026-09-30 18:27:13] pair check coordinate  3: max |mean(g+, g−) − g0| = 1.3e-05 a.u. (limit 1e-04)
[2026-09-30 18:27:13] pair check coordinate  4: max |mean(g+, g−) − g0| = 1.6e-05 a.u. (limit 1e-04)
[2026-09-30 18:27:13] pair check coordinate  5: max |mean(g+, g−) − g0| = 1.5e-06 a.u. (limit 1e-04)
[2026-09-30 18:27:13] pair check coordinate  6: max |mean(g+, g−) − g0| = 1.4e-05 a.u. (limit 1e-04)
[2026-09-30 18:27:13] pair check coordinate  7: max |mean(g+, g−) − g0| = 1.6e-05 a.u. (limit 1e-04)
[2026-09-30 18:27:13] pair check coordinate  8: max |mean(g+, g−) − g0| = 1.3e-06 a.u. (limit 1e-04)
[2026-09-30 18:27:13] pair check coordinate  9: max |mean(g+, g−) − g0| = 1.6e-05 a.u. (limit 1e-04)
[2026-09-30 18:27:13] pair check coordinate 10: max |mean(g+, g−) − g0| = 5.9e-06 a.u. (limit 1e-04)
[2026-09-30 18:27:13] pair check coordinate 11: max |mean(g+, g−) − g0| = 1.9e-06 a.u. (limit 1e-04)
[2026-09-30 18:27:13] pair check coordinate 18: max |mean(g+, g−) − g0| = 1.5e-06 a.u. (limit 1e-04)
[2026-09-30 18:27:13] pair check coordinate 19: max |mean(g+, g−) − g0| = 1.4e-05 a.u. (limit 1e-04)
[2026-09-30 18:27:13] pair check coordinate 20: max |mean(g+, g−) − g0| = 2.0e-06 a.u. (limit 1e-04)
[2026-09-30 18:27:13] pair check coordinate 21: max |mean(g+, g−) − g0| = 1.2e-05 a.u. (limit 1e-04)
[2026-09-30 18:27:13] pair check coordinate 22: max |mean(g+, g−) − g0| = 9.9e-07 a.u. (limit 1e-04)
[2026-09-30 18:27:13] pair check coordinate 23: max |mean(g+, g−) − g0| = 2.0e-06 a.u. (limit 1e-04)
[2026-09-30 18:27:13] pair check coordinate 24: max |mean(g+, g−) − g0| = 6.0e-06 a.u. (limit 1e-04)
[2026-09-30 18:27:13] pair check coordinate 25: max |mean(g+, g−) − g0| = 4.9e-06 a.u. (limit 1e-04)
[2026-09-30 18:27:13] pair check coordinate 26: max |mean(g+, g−) − g0| = 1.5e-06 a.u. (limit 1e-04)
[2026-09-30 18:27:13] symmetry reconstruction: spread of multiply-reached rows 8.64e-06 a.u.; self-check 4.5e-14
[2026-09-30 18:27:13] Hessian written (VALID); FD asymmetry max 8.64e-06 a.u.; vibrational frequencies (cm-1): [333, 370, 593, 651, 653, 708, 842, 902, 940, 948, 1012, 1063, 1079, 1087, 1146, 1235, 1352, 1360, 1478, 1518, 1672, 1682, 3265, 3267, 3288, 3306, 3315]
[2026-09-30 18:27:13] two-route checks: translational sum rule 3.9e-06 E_h/bohr² (limit 1e-03); translations/rotations after projection max 5.0e-05 cm⁻¹; energy route max |H_kk − d²E/dx_k²| 7.6e-05 E_h/bohr² over 21 coordinates (limit 1e-03)
