/root/miniforge3/envs/qcad/lib/python3.12/site-packages/pyscf/gto/mole.py:1291: UserWarning: Function mol.dumps drops attribute coords because it is not JSON-serializable
  warnings.warn(msg)
    CPU time for make_fpno1:      4.37 sec, wall time      3.26 sec
    CPU time for make_fpno1:      0.63 sec, wall time      0.17 sec
    CPU time for make_fpno1:      0.65 sec, wall time      0.17 sec
    CPU time for make_fpno1:      0.67 sec, wall time      0.18 sec
    CPU time for make_fpno1:      0.65 sec, wall time      0.17 sec
    CPU time for make_fpno1:      0.68 sec, wall time      0.16 sec
    CPU time for make_fpno1:      0.66 sec, wall time      0.19 sec
    CPU time for make_fpno1:      0.58 sec, wall time      0.17 sec
    CPU time for make_fpno1:      0.64 sec, wall time      0.16 sec
    CPU time for make_fpno1:      0.65 sec, wall time      0.17 sec
    CPU time for make_fpno1:      0.65 sec, wall time      0.16 sec
    CPU time for make_fpno1:      0.69 sec, wall time      0.18 sec
    CPU time for make_fpno1:      0.90 sec, wall time      0.18 sec
    CPU time for make_fpno1:      0.69 sec, wall time      0.18 sec
    CPU time for make_fpno1:      0.71 sec, wall time      0.18 sec
    CPU time for make_fpno1:      0.73 sec, wall time      0.26 sec
    CPU time for make_fpno1:      0.69 sec, wall time      0.17 sec
    CPU time for make_fpno1:      0.72 sec, wall time      0.18 sec
    CPU time for make_fpno1:      5.03 sec, wall time      3.40 sec
    CPU time for make_fpno1:      0.72 sec, wall time      0.24 sec
    CPU time for make_fpno1:      0.76 sec, wall time      0.24 sec
    CPU time for make_fpno1:      0.64 sec, wall time      0.20 sec
    CPU time for make_fpno1:      0.71 sec, wall time      0.22 sec
    CPU time for make_fpno1:      0.73 sec, wall time      0.22 sec
    CPU time for _ccsd_t_energy_bwd:     72.01 sec, wall time     16.47 sec
E0919 10:55:04.467203   38102 slow_operation_alarm.cc:73] 
********************************
[Compiling module jit_pad for CPU] Very slow compile? If you want to file a bug, run with envvar XLA_FLAGS=--xla_dump_to=/tmp/foo and attach the results.
********************************
E0919 10:55:11.772167   38095 slow_operation_alarm.cc:140] The operation took 2m7.31598317s

********************************
[Compiling module jit_pad for CPU] Very slow compile? If you want to file a bug, run with envvar XLA_FLAGS=--xla_dump_to=/tmp/foo and attach the results.
********************************
