=== detached start Mon Sep 14 16:28:32 CEST 2026: python m2a_gradient_cost_ratio.py --cells 0,1,2,3,4 --threads 8
An NVIDIA GPU may be present on this machine, but a CUDA-enabled jaxlib is not installed. Falling back to cpu.
/home/thebreadishard/qcad/lib/python3.12/site-packages/pyscf/gto/mole.py:1291: UserWarning: Function mol.dumps drops attribute coords because it is not JSON-serializable
  warnings.warn(msg)
cell 0: t_E 21.5 s, t_grad 61.0 s, g = 2.84 (g_FD = 72), RSS 18415 MB
cell 1: t_E 20.6 s, t_grad 65.7 s, g = 3.20 (g_FD = 72), RSS 22102 MB
Traceback (most recent call last):
  File "/mnt/c/Users/thebr/Documents/CapstonePlan/plans/05_delta-probed-ir-pipeline/probes/m2a_gradient_cost_ratio.py", line 156, in <module>
    main()
  File "/mnt/c/Users/thebr/Documents/CapstonePlan/plans/05_delta-probed-ir-pipeline/probes/m2a_gradient_cost_ratio.py", line 123, in main
    t_e, ts_e, _ = timed(e_fn, args.repeats); rss_e = peak_rss_mb(); t_g, ts_g, _ = timed(g_fn, args.repeats); rss_g = peak_rss_mb()
                   ^^^^^^^^^^^^^^^^^^^^^^^^^
  File "/mnt/c/Users/thebr/Documents/CapstonePlan/plans/05_delta-probed-ir-pipeline/probes/m2a_gradient_cost_ratio.py", line 48, in timed
    t0 = time.perf_counter(); vals = fn(); ts.append(time.perf_counter() - t0)
                                     ^^^^
  File "/mnt/c/Users/thebr/Documents/CapstonePlan/plans/05_delta-probed-ir-pipeline/probes/m2a_gradient_cost_ratio.py", line 118, in e_fn
    mf_ = scf.RHF(mol).run(conv_tol=1e-11); mc = rccsd.RCCSD(mf_); ecc = mc.kernel()[0]; return ecc + mc.ccsd_t()
                                                                         ^^^^^^^^^^^
  File "/home/thebreadishard/qcad/lib/python3.12/site-packages/pyscfad/cc/rccsd.py", line 148, in kernel
    return self.ccsd(t1, t2, eris, mbpt2)
           ^^^^^^^^^^^^^^^^^^^^^^^^^^^^^^
  File "/home/thebreadishard/qcad/lib/python3.12/site-packages/pyscfad/cc/rccsd.py", line 155, in ccsd
    eris = self.ao2mo(self.mo_coeff)
           ^^^^^^^^^^^^^^^^^^^^^^^^^
  File "/home/thebreadishard/qcad/lib/python3.12/site-packages/pyscfad/cc/rccsd.py", line 171, in ao2mo
    raise NotImplementedError
NotImplementedError
=== relaunch Mon Sep 14 16:41:01 CEST 2026 cells 2,3,4 one process each (cell 2 died 16:37: RCCSD.ao2mo NotImplementedError from the max_memory check at 22 GB RSS; incore_anyway set)
=== detached start Mon Sep 14 16:41:01 CEST 2026: python -c for c in 2 3 4; do echo "--- cell $c starts $(date)"; $HOME/qcad/bin/python m2a_gradient_cost_ratio.py --cells $c --threads 8; echo "--- cell $c process exit $? $(date)"; done
--- cell 2 starts Mon Sep 14 16:41:01 CEST 2026
An NVIDIA GPU may be present on this machine, but a CUDA-enabled jaxlib is not installed. Falling back to cpu.
/home/thebreadishard/qcad/lib/python3.12/site-packages/pyscf/gto/mole.py:1291: UserWarning: Function mol.dumps drops attribute coords because it is not JSON-serializable
  warnings.warn(msg)
Terminated                 $HOME/qcad/bin/python m2a_gradient_cost_ratio.py --cells $c --threads 8
--- cell 2 process exit 143 Mon Sep 14 16:45:25 CEST 2026
--- cell 3 starts Mon Sep 14 16:45:25 CEST 2026
An NVIDIA GPU may be present on this machine, but a CUDA-enabled jaxlib is not installed. Falling back to cpu.
/home/thebreadishard/qcad/lib/python3.12/site-packages/pyscf/gto/mole.py:1291: UserWarning: Function mol.dumps drops attribute coords because it is not JSON-serializable
  warnings.warn(msg)
--- 2026-09-14 16:45:46 cell 2 (canonical CCSD(T), AD gradient) STOPPED by hand: RSS 20.97 GB + 6.8 GB swap inside the 25 GB VM, host free 0.4 GB (Windows) - recorded as 'does not fit 25 GB', the outcome the pre-registration names; chain continues with cells 3-4
Traceback (most recent call last):
  File "/mnt/c/Users/thebr/Documents/CapstonePlan/plans/05_delta-probed-ir-pipeline/probes/m2a_gradient_cost_ratio.py", line 167, in <module>
    main()
  File "/mnt/c/Users/thebr/Documents/CapstonePlan/plans/05_delta-probed-ir-pipeline/probes/m2a_gradient_cost_ratio.py", line 152, in main
    t_e, ts_e, e_val = timed(e_fn, args.repeats); rss_e = peak_rss_mb(); t_g, ts_g, _ = timed(g_fn, args.repeats); rss_g = peak_rss_mb()
                       ^^^^^^^^^^^^^^^^^^^^^^^^^
  File "/mnt/c/Users/thebr/Documents/CapstonePlan/plans/05_delta-probed-ir-pipeline/probes/m2a_gradient_cost_ratio.py", line 48, in timed
    t0 = time.perf_counter(); vals = fn(); ts.append(time.perf_counter() - t0)
                                     ^^^^
  File "/mnt/c/Users/thebr/Documents/CapstonePlan/plans/05_delta-probed-ir-pipeline/probes/m2a_gradient_cost_ratio.py", line 147, in e_fn
    mf_, mlno = make(mol); return mlno.kernel()
                ^^^^^^^^^
  File "/mnt/c/Users/thebr/Documents/CapstonePlan/plans/05_delta-probed-ir-pipeline/probes/m2a_gradient_cost_ratio.py", line 142, in make
    mlno = lno.LNOCCSD_T(mf_)          # defaults: thresh 1e-4 (sets thresh_occ = thresh_vir), lo_type "iao", single-atom fragments (autofrag)
           ^^^^^^^^^^^^^^^^^^
  File "/home/thebreadishard/qcad/lib/python3.12/site-packages/pyscfad/lno/ccsd.py", line 275, in __init__
    super().__init__(mf, thresh=thresh, frozen=frozen, **kwargs)
  File "/home/thebreadishard/qcad/lib/python3.12/site-packages/pyscfad/lno/ccsd.py", line 203, in __init__
    super().__init__(mf, thresh=thresh, frozen=frozen, fock=fock, s1e=s1e, **kwargs)
  File "/home/thebreadishard/qcad/lib/python3.12/site-packages/pyscfad/lno/lno_base.py", line 573, in __init__
    raise KeyError('The mean-field object has no density fitting.')
KeyError: 'The mean-field object has no density fitting.'
--- cell 3 process exit 1 Mon Sep 14 16:46:19 CEST 2026
--- cell 4 starts Mon Sep 14 16:46:19 CEST 2026
An NVIDIA GPU may be present on this machine, but a CUDA-enabled jaxlib is not installed. Falling back to cpu.
/home/thebreadishard/qcad/lib/python3.12/site-packages/pyscf/gto/mole.py:1291: UserWarning: Function mol.dumps drops attribute coords because it is not JSON-serializable
  warnings.warn(msg)
Traceback (most recent call last):
  File "/mnt/c/Users/thebr/Documents/CapstonePlan/plans/05_delta-probed-ir-pipeline/probes/m2a_gradient_cost_ratio.py", line 167, in <module>
    main()
  File "/mnt/c/Users/thebr/Documents/CapstonePlan/plans/05_delta-probed-ir-pipeline/probes/m2a_gradient_cost_ratio.py", line 152, in main
    t_e, ts_e, e_val = timed(e_fn, args.repeats); rss_e = peak_rss_mb(); t_g, ts_g, _ = timed(g_fn, args.repeats); rss_g = peak_rss_mb()
                       ^^^^^^^^^^^^^^^^^^^^^^^^^
  File "/mnt/c/Users/thebr/Documents/CapstonePlan/plans/05_delta-probed-ir-pipeline/probes/m2a_gradient_cost_ratio.py", line 48, in timed
    t0 = time.perf_counter(); vals = fn(); ts.append(time.perf_counter() - t0)
                                     ^^^^
  File "/mnt/c/Users/thebr/Documents/CapstonePlan/plans/05_delta-probed-ir-pipeline/probes/m2a_gradient_cost_ratio.py", line 147, in e_fn
    mf_, mlno = make(mol); return mlno.kernel()
                ^^^^^^^^^
  File "/mnt/c/Users/thebr/Documents/CapstonePlan/plans/05_delta-probed-ir-pipeline/probes/m2a_gradient_cost_ratio.py", line 142, in make
    mlno = lno.LNOCCSD_T(mf_)          # defaults: thresh 1e-4 (sets thresh_occ = thresh_vir), lo_type "iao", single-atom fragments (autofrag)
           ^^^^^^^^^^^^^^^^^^
  File "/home/thebreadishard/qcad/lib/python3.12/site-packages/pyscfad/lno/ccsd.py", line 275, in __init__
    super().__init__(mf, thresh=thresh, frozen=frozen, **kwargs)
  File "/home/thebreadishard/qcad/lib/python3.12/site-packages/pyscfad/lno/ccsd.py", line 203, in __init__
    super().__init__(mf, thresh=thresh, frozen=frozen, fock=fock, s1e=s1e, **kwargs)
  File "/home/thebreadishard/qcad/lib/python3.12/site-packages/pyscfad/lno/lno_base.py", line 573, in __init__
    raise KeyError('The mean-field object has no density fitting.')
KeyError: 'The mean-field object has no density fitting.'
--- cell 4 process exit 1 Mon Sep 14 16:47:01 CEST 2026
=== relaunch Mon Sep 14 16:53:33 CEST 2026 cells 3,4 one process each (both died 16:46: PySCFAD LNO needs a density-fitted mean field; df_jk.density_fit now applied in make())
=== detached start Mon Sep 14 16:53:33 CEST 2026: python -c for c in 3 4; do echo "--- cell $c starts $(date)"; $HOME/qcad/bin/python m2a_gradient_cost_ratio.py --cells $c --threads 8; echo "--- cell $c process exit $? $(date)"; done
--- cell 3 starts Mon Sep 14 16:53:33 CEST 2026
An NVIDIA GPU may be present on this machine, but a CUDA-enabled jaxlib is not installed. Falling back to cpu.
/home/thebreadishard/qcad/lib/python3.12/site-packages/pyscf/gto/mole.py:1291: UserWarning: Function mol.dumps drops attribute coords because it is not JSON-serializable
  warnings.warn(msg)
    CPU time for make_fpno1:      3.21 sec, wall time      2.31 sec
    CPU time for make_fpno1:      0.74 sec, wall time      0.14 sec
    CPU time for make_fpno1:      0.77 sec, wall time      0.14 sec
    CPU time for make_fpno1:      0.79 sec, wall time      0.15 sec
    CPU time for make_fpno1:      0.74 sec, wall time      0.14 sec
    CPU time for make_fpno1:      0.74 sec, wall time      0.15 sec
    CPU time for make_fpno1:      0.82 sec, wall time      0.15 sec
    CPU time for make_fpno1:      0.74 sec, wall time      0.15 sec
    CPU time for make_fpno1:      0.83 sec, wall time      0.24 sec
    CPU time for make_fpno1:      0.73 sec, wall time      0.14 sec
    CPU time for make_fpno1:      0.74 sec, wall time      0.14 sec
    CPU time for make_fpno1:      0.75 sec, wall time      0.14 sec
    CPU time for make_fpno1:      0.83 sec, wall time      0.17 sec
Traceback (most recent call last):
  File "/mnt/c/Users/thebr/Documents/CapstonePlan/plans/05_delta-probed-ir-pipeline/probes/m2a_gradient_cost_ratio.py", line 168, in <module>
    main()
  File "/mnt/c/Users/thebr/Documents/CapstonePlan/plans/05_delta-probed-ir-pipeline/probes/m2a_gradient_cost_ratio.py", line 153, in main
    t_e, ts_e, e_val = timed(e_fn, args.repeats); rss_e = peak_rss_mb(); t_g, ts_g, _ = timed(g_fn, args.repeats); rss_g = peak_rss_mb()
                       ^^^^^^^^^^^^^^^^^^^^^^^^^
  File "/mnt/c/Users/thebr/Documents/CapstonePlan/plans/05_delta-probed-ir-pipeline/probes/m2a_gradient_cost_ratio.py", line 48, in timed
    t0 = time.perf_counter(); vals = fn(); ts.append(time.perf_counter() - t0)
                                     ^^^^
  File "/mnt/c/Users/thebr/Documents/CapstonePlan/plans/05_delta-probed-ir-pipeline/probes/m2a_gradient_cost_ratio.py", line 148, in e_fn
    mf_, mlno = make(mol); return mlno.kernel()
                                  ^^^^^^^^^^^^^
  File "/home/thebreadishard/qcad/lib/python3.12/site-packages/pyscfad/lno/lno_base.py", line 723, in kernel
    frag_res = kernel(self, orbloc, frag_lolist, no_type=no_type,
               ^^^^^^^^^^^^^^^^^^^^^^^^^^^^^^^^^^^^^^^^^^^^^^^^^^
  File "/home/thebreadishard/qcad/lib/python3.12/site-packages/pyscfad/lno/lno_base.py", line 59, in kernel
    frag_res[ifrag] = kernel_1frag(mfcc, eris, orbfragloc, no_type,
                      ^^^^^^^^^^^^^^^^^^^^^^^^^^^^^^^^^^^^^^^^^^^^^
  File "/home/thebreadishard/qcad/lib/python3.12/site-packages/pyscfad/lno/lno_base.py", line 77, in kernel_1frag
    frag_res = mfcc.impurity_solve(mf, orbfrag, orbfragloc,
               ^^^^^^^^^^^^^^^^^^^^^^^^^^^^^^^^^^^^^^^^^^^^
  File "/home/thebreadishard/qcad/lib/python3.12/site-packages/pyscfad/lno/ccsd.py", line 211, in impurity_solve
    return impurity_solve(mf, mo_coeff, lo_coeff, eris=eris, frozen=frozen,
           ^^^^^^^^^^^^^^^^^^^^^^^^^^^^^^^^^^^^^^^^^^^^^^^^^^^^^^^^^^^^^^^^
  File "/home/thebreadishard/qcad/lib/python3.12/site-packages/pyscfad/lno/ccsd.py", line 159, in impurity_solve
    elcorr_cc_t = ccsd_t_mod.kernel(mcc, imp_eris, prjlo, t1=t1, t2=t2, verbose=verbose_imp)
                  ^^^^^^^^^^^^^^^^^^^^^^^^^^^^^^^^^^^^^^^^^^^^^^^^^^^^^^^^^^^^^^^^^^^^^^^^^^
  File "/home/thebreadishard/qcad/lib/python3.12/site-packages/pyscfad/lno/ccsd_t.py", line 54, in kernel
    et = _ccsd_t_energy(mat, t1T, t2T, mo_energy, fvo,
         ^^^^^^^^^^^^^^^^^^^^^^^^^^^^^^^^^^^^^^^^^^^^^
  File "/home/thebreadishard/qcad/lib/python3.12/site-packages/pyscfad/lno/ccsd_t.py", line 108, in _ccsd_t_energy
    raise RuntimeError(f'{cache_size*8/1e6} MB more memory is needed.')
RuntimeError: 5.423872 MB more memory is needed.
--------------------
For simplicity, JAX has removed its internal frames from the traceback of the following exception. Set JAX_TRACEBACK_FILTERING=off to include these.
--- cell 3 process exit 1 Mon Sep 14 16:55:22 CEST 2026
--- cell 4 starts Mon Sep 14 16:55:22 CEST 2026
An NVIDIA GPU may be present on this machine, but a CUDA-enabled jaxlib is not installed. Falling back to cpu.
/home/thebreadishard/qcad/lib/python3.12/site-packages/pyscf/gto/mole.py:1291: UserWarning: Function mol.dumps drops attribute coords because it is not JSON-serializable
  warnings.warn(msg)
    CPU time for make_fpno1:      3.08 sec, wall time      2.05 sec
Traceback (most recent call last):
  File "/mnt/c/Users/thebr/Documents/CapstonePlan/plans/05_delta-probed-ir-pipeline/probes/m2a_gradient_cost_ratio.py", line 168, in <module>
    main()
  File "/mnt/c/Users/thebr/Documents/CapstonePlan/plans/05_delta-probed-ir-pipeline/probes/m2a_gradient_cost_ratio.py", line 153, in main
    t_e, ts_e, e_val = timed(e_fn, args.repeats); rss_e = peak_rss_mb(); t_g, ts_g, _ = timed(g_fn, args.repeats); rss_g = peak_rss_mb()
                       ^^^^^^^^^^^^^^^^^^^^^^^^^
  File "/mnt/c/Users/thebr/Documents/CapstonePlan/plans/05_delta-probed-ir-pipeline/probes/m2a_gradient_cost_ratio.py", line 48, in timed
    t0 = time.perf_counter(); vals = fn(); ts.append(time.perf_counter() - t0)
                                     ^^^^
  File "/mnt/c/Users/thebr/Documents/CapstonePlan/plans/05_delta-probed-ir-pipeline/probes/m2a_gradient_cost_ratio.py", line 148, in e_fn
    mf_, mlno = make(mol); return mlno.kernel()
                                  ^^^^^^^^^^^^^
  File "/home/thebreadishard/qcad/lib/python3.12/site-packages/pyscfad/lno/lno_base.py", line 723, in kernel
    frag_res = kernel(self, orbloc, frag_lolist, no_type=no_type,
               ^^^^^^^^^^^^^^^^^^^^^^^^^^^^^^^^^^^^^^^^^^^^^^^^^^
  File "/home/thebreadishard/qcad/lib/python3.12/site-packages/pyscfad/lno/lno_base.py", line 59, in kernel
    frag_res[ifrag] = kernel_1frag(mfcc, eris, orbfragloc, no_type,
                      ^^^^^^^^^^^^^^^^^^^^^^^^^^^^^^^^^^^^^^^^^^^^^
  File "/home/thebreadishard/qcad/lib/python3.12/site-packages/pyscfad/lno/lno_base.py", line 77, in kernel_1frag
    frag_res = mfcc.impurity_solve(mf, orbfrag, orbfragloc,
               ^^^^^^^^^^^^^^^^^^^^^^^^^^^^^^^^^^^^^^^^^^^^
  File "/home/thebreadishard/qcad/lib/python3.12/site-packages/pyscfad/lno/ccsd.py", line 211, in impurity_solve
    return impurity_solve(mf, mo_coeff, lo_coeff, eris=eris, frozen=frozen,
           ^^^^^^^^^^^^^^^^^^^^^^^^^^^^^^^^^^^^^^^^^^^^^^^^^^^^^^^^^^^^^^^^
  File "/home/thebreadishard/qcad/lib/python3.12/site-packages/pyscfad/lno/ccsd.py", line 159, in impurity_solve
    elcorr_cc_t = ccsd_t_mod.kernel(mcc, imp_eris, prjlo, t1=t1, t2=t2, verbose=verbose_imp)
                  ^^^^^^^^^^^^^^^^^^^^^^^^^^^^^^^^^^^^^^^^^^^^^^^^^^^^^^^^^^^^^^^^^^^^^^^^^^
  File "/home/thebreadishard/qcad/lib/python3.12/site-packages/pyscfad/lno/ccsd_t.py", line 54, in kernel
    et = _ccsd_t_energy(mat, t1T, t2T, mo_energy, fvo,
         ^^^^^^^^^^^^^^^^^^^^^^^^^^^^^^^^^^^^^^^^^^^^^
  File "/home/thebreadishard/qcad/lib/python3.12/site-packages/pyscfad/lno/ccsd_t.py", line 108, in _ccsd_t_energy
    raise RuntimeError(f'{cache_size*8/1e6} MB more memory is needed.')
RuntimeError: 25.014656 MB more memory is needed.
--------------------
For simplicity, JAX has removed its internal frames from the traceback of the following exception. Set JAX_TRACEBACK_FILTERING=off to include these.
--- cell 4 process exit 1 Mon Sep 14 16:56:19 CEST 2026
--- heartbeat 2026-09-14 17:28:32: pid 62768 has exited
=== relaunch Mon Sep 14 17:33:57 CEST 2026 cells 3,4 (both died 16:55/16:56 on PySCFAD (T) cache check against max_memory 4 GB minus JAX RSS; max_memory 22000 MB set on mol, mf, lno)
=== detached start Mon Sep 14 17:33:57 CEST 2026: python -c for c in 3 4; do echo "--- cell $c starts $(date)"; $HOME/qcad/bin/python m2a_gradient_cost_ratio.py --cells $c --threads 8; echo "--- cell $c process exit $? $(date)"; done
--- cell 3 starts Mon Sep 14 17:33:57 CEST 2026
An NVIDIA GPU may be present on this machine, but a CUDA-enabled jaxlib is not installed. Falling back to cpu.
/home/thebreadishard/qcad/lib/python3.12/site-packages/pyscf/gto/mole.py:1291: UserWarning: Function mol.dumps drops attribute coords because it is not JSON-serializable
  warnings.warn(msg)
    CPU time for make_fpno1:      3.15 sec, wall time      2.26 sec
    CPU time for make_fpno1:      0.74 sec, wall time      0.14 sec
    CPU time for make_fpno1:      0.73 sec, wall time      0.14 sec
    CPU time for make_fpno1:      0.74 sec, wall time      0.13 sec
    CPU time for make_fpno1:      0.74 sec, wall time      0.14 sec
    CPU time for make_fpno1:      0.70 sec, wall time      0.14 sec
    CPU time for make_fpno1:      0.84 sec, wall time      0.16 sec
    CPU time for make_fpno1:      0.73 sec, wall time      0.14 sec
    CPU time for make_fpno1:      0.83 sec, wall time      0.25 sec
    CPU time for make_fpno1:      0.72 sec, wall time      0.14 sec
    CPU time for make_fpno1:      0.80 sec, wall time      0.16 sec
    CPU time for make_fpno1:      0.76 sec, wall time      0.15 sec
    CPU time for make_fpno1:      0.82 sec, wall time      0.16 sec
    CPU time for make_fpno1:      0.73 sec, wall time      0.14 sec
    CPU time for make_fpno1:      0.78 sec, wall time      0.15 sec
    CPU time for make_fpno1:      0.74 sec, wall time      0.15 sec
    CPU time for make_fpno1:      0.77 sec, wall time      0.15 sec
    CPU time for make_fpno1:      0.75 sec, wall time      0.15 sec
    CPU time for make_fpno1:      3.76 sec, wall time      2.35 sec
    CPU time for make_fpno1:      0.88 sec, wall time      0.23 sec
    CPU time for make_fpno1:      0.84 sec, wall time      0.22 sec
Traceback (most recent call last):
  File "/mnt/c/Users/thebr/Documents/CapstonePlan/plans/05_delta-probed-ir-pipeline/probes/m2a_gradient_cost_ratio.py", line 172, in <module>
    main()
  File "/mnt/c/Users/thebr/Documents/CapstonePlan/plans/05_delta-probed-ir-pipeline/probes/m2a_gradient_cost_ratio.py", line 157, in main
    t_e, ts_e, e_val = timed(e_fn, args.repeats); rss_e = peak_rss_mb(); t_g, ts_g, _ = timed(g_fn, args.repeats); rss_g = peak_rss_mb()
                                                                                        ^^^^^^^^^^^^^^^^^^^^^^^^^
  File "/mnt/c/Users/thebr/Documents/CapstonePlan/plans/05_delta-probed-ir-pipeline/probes/m2a_gradient_cost_ratio.py", line 48, in timed
    t0 = time.perf_counter(); vals = fn(); ts.append(time.perf_counter() - t0)
                                     ^^^^
  File "/mnt/c/Users/thebr/Documents/CapstonePlan/plans/05_delta-probed-ir-pipeline/probes/m2a_gradient_cost_ratio.py", line 156, in g_fn
    return jax.grad(e_of_mol)(mol).coords
           ^^^^^^^^^^^^^^^^^^^^^^^
  File "/mnt/c/Users/thebr/Documents/CapstonePlan/plans/05_delta-probed-ir-pipeline/probes/m2a_gradient_cost_ratio.py", line 155, in e_of_mol
    mf_, mlno = make(m); return mf_.e_tot + mlno.kernel()
                                            ^^^^^^^^^^^^^
  File "/home/thebreadishard/qcad/lib/python3.12/site-packages/pyscfad/lno/lno_base.py", line 723, in kernel
    frag_res = kernel(self, orbloc, frag_lolist, no_type=no_type,
               ^^^^^^^^^^^^^^^^^^^^^^^^^^^^^^^^^^^^^^^^^^^^^^^^^^
  File "/home/thebreadishard/qcad/lib/python3.12/site-packages/pyscfad/lno/lno_base.py", line 59, in kernel
    frag_res[ifrag] = kernel_1frag(mfcc, eris, orbfragloc, no_type,
                      ^^^^^^^^^^^^^^^^^^^^^^^^^^^^^^^^^^^^^^^^^^^^^
  File "/home/thebreadishard/qcad/lib/python3.12/site-packages/pyscfad/lno/lno_base.py", line 77, in kernel_1frag
    frag_res = mfcc.impurity_solve(mf, orbfrag, orbfragloc,
               ^^^^^^^^^^^^^^^^^^^^^^^^^^^^^^^^^^^^^^^^^^^^
  File "/home/thebreadishard/qcad/lib/python3.12/site-packages/pyscfad/lno/ccsd.py", line 211, in impurity_solve
    return impurity_solve(mf, mo_coeff, lo_coeff, eris=eris, frozen=frozen,
           ^^^^^^^^^^^^^^^^^^^^^^^^^^^^^^^^^^^^^^^^^^^^^^^^^^^^^^^^^^^^^^^^
  File "/home/thebreadishard/qcad/lib/python3.12/site-packages/pyscfad/lno/ccsd.py", line 159, in impurity_solve
    elcorr_cc_t = ccsd_t_mod.kernel(mcc, imp_eris, prjlo, t1=t1, t2=t2, verbose=verbose_imp)
                  ^^^^^^^^^^^^^^^^^^^^^^^^^^^^^^^^^^^^^^^^^^^^^^^^^^^^^^^^^^^^^^^^^^^^^^^^^^
  File "/home/thebreadishard/qcad/lib/python3.12/site-packages/pyscfad/lno/ccsd_t.py", line 54, in kernel
    et = _ccsd_t_energy(mat, t1T, t2T, mo_energy, fvo,
         ^^^^^^^^^^^^^^^^^^^^^^^^^^^^^^^^^^^^^^^^^^^^^
  File "/home/thebreadishard/qcad/lib/python3.12/site-packages/pyscfad/lno/ccsd_t.py", line 117, in _ccsd_t_energy_fwd
    et = _ccsd_t_energy(mat, t1T, t2T, mo_energy, fvo,
         ^^^^^^^^^^^^^^^^^^^^^^^^^^^^^^^^^^^^^^^^^^^^^
  File "/home/thebreadishard/qcad/lib/python3.12/site-packages/pyscfad/lno/ccsd_t.py", line 108, in _ccsd_t_energy
    raise RuntimeError(f'{cache_size*8/1e6} MB more memory is needed.')
RuntimeError: 5.423872 MB more memory is needed.
--------------------
For simplicity, JAX has removed its internal frames from the traceback of the following exception. Set JAX_TRACEBACK_FILTERING=off to include these.
--- cell 3 process exit 1 Mon Sep 14 17:37:05 CEST 2026
--- cell 4 starts Mon Sep 14 17:37:05 CEST 2026
An NVIDIA GPU may be present on this machine, but a CUDA-enabled jaxlib is not installed. Falling back to cpu.
/home/thebreadishard/qcad/lib/python3.12/site-packages/pyscf/gto/mole.py:1291: UserWarning: Function mol.dumps drops attribute coords because it is not JSON-serializable
  warnings.warn(msg)
    CPU time for make_fpno1:      3.01 sec, wall time      2.12 sec
Terminated                 $HOME/qcad/bin/python m2a_gradient_cost_ratio.py --cells $c --threads 8
--- cell 4 process exit 143 Mon Sep 14 17:38:38 CEST 2026
=== relaunch Mon Sep 14 17:39:22 CEST 2026 cells 3,4: XLA_PYTHON_CLIENT_ALLOCATOR=platform (RSS was 24 GB before the (T) step; the guard measures RSS), max_memory 60000; cell 4 of the previous chain stopped by hand 17:38
=== detached start Mon Sep 14 17:39:22 CEST 2026: python -c for c in 3 4; do echo "--- cell $c starts $(date)"; $HOME/qcad/bin/python m2a_gradient_cost_ratio.py --cells $c --threads 8; echo "--- cell $c process exit $? $(date)"; done
--- cell 3 starts Mon Sep 14 17:39:22 CEST 2026
An NVIDIA GPU may be present on this machine, but a CUDA-enabled jaxlib is not installed. Falling back to cpu.
/home/thebreadishard/qcad/lib/python3.12/site-packages/pyscf/gto/mole.py:1291: UserWarning: Function mol.dumps drops attribute coords because it is not JSON-serializable
  warnings.warn(msg)
    CPU time for make_fpno1:      3.23 sec, wall time      2.35 sec
    CPU time for make_fpno1:      0.73 sec, wall time      0.14 sec
    CPU time for make_fpno1:      0.79 sec, wall time      0.15 sec
    CPU time for make_fpno1:      0.74 sec, wall time      0.14 sec
    CPU time for make_fpno1:      0.72 sec, wall time      0.14 sec
    CPU time for make_fpno1:      0.74 sec, wall time      0.14 sec
    CPU time for make_fpno1:      0.91 sec, wall time      0.17 sec
    CPU time for make_fpno1:      0.72 sec, wall time      0.13 sec
    CPU time for make_fpno1:      0.80 sec, wall time      0.22 sec
    CPU time for make_fpno1:      0.75 sec, wall time      0.14 sec
    CPU time for make_fpno1:      0.76 sec, wall time      0.14 sec
    CPU time for make_fpno1:      0.73 sec, wall time      0.14 sec
--- heartbeat 2026-09-14 17:41:01: pid 63029 has exited
    CPU time for make_fpno1:      0.82 sec, wall time      0.15 sec
    CPU time for make_fpno1:      0.77 sec, wall time      0.14 sec
    CPU time for make_fpno1:      0.74 sec, wall time      0.14 sec
    CPU time for make_fpno1:      0.73 sec, wall time      0.14 sec
    CPU time for make_fpno1:      0.76 sec, wall time      0.14 sec
    CPU time for make_fpno1:      0.76 sec, wall time      0.15 sec
    CPU time for make_fpno1:      3.97 sec, wall time      2.55 sec
    CPU time for make_fpno1:      1.22 sec, wall time      0.35 sec
    CPU time for make_fpno1:      1.03 sec, wall time      0.28 sec
    CPU time for make_fpno1:      1.71 sec, wall time      1.02 sec
    CPU time for make_fpno1:      1.75 sec, wall time      0.80 sec
=== Mon Sep 14 17:44:16 CEST 2026: the WSL distro instance restarted between 17:39 and 17:43 (journal uncleanly shut down; init processes 1 s old) - the M2a chain, the M3 watcher and the app-side keep-alive session all died; keep-alive restarted; relaunching cells 3,4 and re-arming the watcher
=== detached start Mon Sep 14 17:44:16 CEST 2026: python -c for c in 3 4; do echo "--- cell $c starts $(date)"; $HOME/qcad/bin/python m2a_gradient_cost_ratio.py --cells $c --threads 8; echo "--- cell $c process exit $? $(date)"; done
--- cell 3 starts Mon Sep 14 17:44:16 CEST 2026
An NVIDIA GPU may be present on this machine, but a CUDA-enabled jaxlib is not installed. Falling back to cpu.
/home/thebreadishard/qcad/lib/python3.12/site-packages/pyscf/gto/mole.py:1291: UserWarning: Function mol.dumps drops attribute coords because it is not JSON-serializable
  warnings.warn(msg)
    CPU time for make_fpno1:      3.34 sec, wall time      2.42 sec
    CPU time for make_fpno1:      0.76 sec, wall time      0.15 sec
    CPU time for make_fpno1:      0.80 sec, wall time      0.15 sec
    CPU time for make_fpno1:      0.76 sec, wall time      0.14 sec
    CPU time for make_fpno1:      0.74 sec, wall time      0.14 sec
    CPU time for make_fpno1:      0.77 sec, wall time      0.14 sec
    CPU time for make_fpno1:      0.81 sec, wall time      0.16 sec
=== Mon Sep 14 17:47:02 CEST 2026: WSL service reported Wsl/Service/E_UNEXPECTED at 17:45 and the distro stopped a second time (chain, watcher, keep-alive lost again); wsl --shutdown, clean start, keep-alive now a hidden detached wsl.exe process outside the app session; relaunching cells 3,4 and the M3 watcher
=== detached start Mon Sep 14 17:47:02 CEST 2026: python -c for c in 3 4; do echo "--- cell $c starts $(date)"; $HOME/qcad/bin/python m2a_gradient_cost_ratio.py --cells $c --threads 8; echo "--- cell $c process exit $? $(date)"; done
--- cell 3 starts Mon Sep 14 17:47:02 CEST 2026
An NVIDIA GPU may be present on this machine, but a CUDA-enabled jaxlib is not installed. Falling back to cpu.
/home/thebreadishard/qcad/lib/python3.12/site-packages/pyscf/gto/mole.py:1291: UserWarning: Function mol.dumps drops attribute coords because it is not JSON-serializable
  warnings.warn(msg)
    CPU time for make_fpno1:      3.24 sec, wall time      2.31 sec
    CPU time for make_fpno1:      0.74 sec, wall time      0.15 sec
    CPU time for make_fpno1:      0.71 sec, wall time      0.14 sec
    CPU time for make_fpno1:      0.76 sec, wall time      0.15 sec
    CPU time for make_fpno1:      0.76 sec, wall time      0.15 sec
    CPU time for make_fpno1:      0.75 sec, wall time      0.14 sec
    CPU time for make_fpno1:      0.81 sec, wall time      0.16 sec
    CPU time for make_fpno1:      0.75 sec, wall time      0.15 sec
    CPU time for make_fpno1:      0.81 sec, wall time      0.24 sec
    CPU time for make_fpno1:      0.73 sec, wall time      0.14 sec
    CPU time for make_fpno1:      0.77 sec, wall time      0.14 sec
    CPU time for make_fpno1:      0.74 sec, wall time      0.14 sec
    CPU time for make_fpno1:      0.82 sec, wall time      0.15 sec
    CPU time for make_fpno1:      0.76 sec, wall time      0.14 sec
    CPU time for make_fpno1:      0.74 sec, wall time      0.14 sec
    CPU time for make_fpno1:      0.74 sec, wall time      0.15 sec
    CPU time for make_fpno1:      0.75 sec, wall time      0.15 sec
    CPU time for make_fpno1:      0.75 sec, wall time      0.14 sec
    CPU time for make_fpno1:      3.86 sec, wall time      2.46 sec
    CPU time for make_fpno1:      0.81 sec, wall time      0.20 sec
    CPU time for make_fpno1:      0.84 sec, wall time      0.21 sec
    CPU time for make_fpno1:      2.53 sec, wall time      1.22 sec
python 441 stopped (recorded as does-not-fit; the chain continues)
--- 2026-09-14 17:50:22 HOST GUARD: host free 0,4 GB < 1.0 GB, M2a python 446 stopped (recorded as does-not-fit; the chain continues)
--- heartbeat 2026-09-14 18:47:02: pid 441 has exited
