An NVIDIA GPU may be present on this machine, but a CUDA-enabled jaxlib is not installed. Falling back to cpu.
/home/thebreadishard/qcad/lib/python3.12/site-packages/pyscf/gto/mole.py:1291: UserWarning: Function mol.dumps drops attribute coords because it is not JSON-serializable
  warnings.warn(msg)
    CPU time for make_fpno1:      8.30 sec, wall time      6.71 sec
    CPU time for make_fpno1:      1.12 sec, wall time      0.34 sec
    CPU time for make_fpno1:      1.01 sec, wall time      0.31 sec
    CPU time for make_fpno1:      1.01 sec, wall time      0.34 sec
    CPU time for make_fpno1:      0.72 sec, wall time      0.25 sec
    CPU time for make_fpno1:      1.69 sec, wall time      0.45 sec
    CPU time for make_fpno1:      1.10 sec, wall time      0.36 sec
    CPU time for make_fpno1:      1.12 sec, wall time      0.41 sec
    CPU time for make_fpno1:      1.07 sec, wall time      0.37 sec
    CPU time for make_fpno1:      1.28 sec, wall time      0.54 sec
    CPU time for make_fpno1:      1.27 sec, wall time      0.39 sec
    CPU time for make_fpno1:      1.21 sec, wall time      0.38 sec
    CPU time for make_fpno1:      0.76 sec, wall time      0.26 sec
    CPU time for make_fpno1:      0.97 sec, wall time      0.32 sec
    CPU time for make_fpno1:      1.37 sec, wall time      0.37 sec
    CPU time for make_fpno1:      1.00 sec, wall time      0.35 sec
    CPU time for make_fpno1:      1.09 sec, wall time      0.36 sec
    CPU time for make_fpno1:      1.22 sec, wall time      0.42 sec
    CPU time for make_fpno1:      9.14 sec, wall time      6.76 sec
    CPU time for make_fpno1:      0.94 sec, wall time      0.42 sec
    CPU time for make_fpno1:      0.94 sec, wall time      0.40 sec
    CPU time for make_fpno1:      1.30 sec, wall time      0.57 sec
    CPU time for make_fpno1:      1.67 sec, wall time      0.75 sec
    CPU time for make_fpno1:      1.29 sec, wall time      0.57 sec
    CPU time for _ccsd_t_energy_bwd:     19.76 sec, wall time      5.04 sec
    CPU time for _ccsd_t_energy_bwd:     17.02 sec, wall time      4.39 sec
    CPU time for _ccsd_t_energy_bwd:     17.06 sec, wall time      4.31 sec
    CPU time for _ccsd_t_energy_bwd:     17.98 sec, wall time      4.49 sec
    CPU time for _ccsd_t_energy_bwd:     17.46 sec, wall time      4.40 sec
    CPU time for _ccsd_t_energy_bwd:     19.24 sec, wall time      4.83 sec
    CPU time for make_fpno1:      1.89 sec, wall time      1.82 sec
    CPU time for make_fpno1:      0.96 sec, wall time      0.49 sec
    CPU time for make_fpno1:      1.28 sec, wall time      0.60 sec
    CPU time for make_fpno1:      1.34 sec, wall time      0.57 sec
    CPU time for make_fpno1:      1.18 sec, wall time      0.61 sec
    CPU time for make_fpno1:      0.92 sec, wall time      0.47 sec
    CPU time for _ccsd_t_energy_bwd:     18.53 sec, wall time      5.05 sec
    CPU time for _ccsd_t_energy_bwd:     17.32 sec, wall time      4.39 sec
    CPU time for _ccsd_t_energy_bwd:     19.19 sec, wall time      4.85 sec
    CPU time for _ccsd_t_energy_bwd:     16.70 sec, wall time      4.20 sec
    CPU time for _ccsd_t_energy_bwd:     17.54 sec, wall time      4.40 sec
    CPU time for _ccsd_t_energy_bwd:     18.05 sec, wall time      4.54 sec
    CPU time for make_fpno1:      1.38 sec, wall time      0.96 sec
    CPU time for make_fpno1:      1.42 sec, wall time      0.66 sec
    CPU time for make_fpno1:      1.82 sec, wall time      1.08 sec
    CPU time for make_fpno1:      2.17 sec, wall time      1.68 sec
    CPU time for make_fpno1:      1.42 sec, wall time      0.69 sec
    CPU time for make_fpno1:      1.95 sec, wall time      0.76 sec
    CPU time for _ccsd_t_energy_bwd:     18.13 sec, wall time      4.56 sec
    CPU time for _ccsd_t_energy_bwd:     19.35 sec, wall time      4.84 sec
    CPU time for _ccsd_t_energy_bwd:     17.60 sec, wall time      4.52 sec
    CPU time for _ccsd_t_energy_bwd:     18.28 sec, wall time      4.54 sec
    CPU time for _ccsd_t_energy_bwd:     21.04 sec, wall time      5.33 sec
    CPU time for _ccsd_t_energy_bwd:     17.51 sec, wall time      4.39 sec
cell 3: t_E 26.0 s, t_grad 186.8 s, g = 7.19 (g_FD = 72), RSS 12432 MB
    CPU time for make_fpno1:      5.75 sec, wall time      6.46 sec
    CPU time for make_fpno1:      1.27 sec, wall time      0.52 sec
    CPU time for make_fpno1:      0.88 sec, wall time      0.34 sec
