[07:03:43] pyVPT2 0.1.2, psi4 1.10.2, qcelemental 0.30.1; water b3lyp/6-31g*, 4 threads
[07:03:43] optimised geometry reused from C:\Users\thebr\Documents\CapstonePlan\plans\05_delta-probed-ir-pipeline\probes\results_vpt2\cache_water_b3lyp_631gs_psi4-1.10.2\geometry_opt.json
[07:03:43] largest coordinate change against the dry run's geometry: 1.54e-02 bohr
[07:03:43] checkpoint cache: C:\Users\thebr\Documents\CapstonePlan\plans\05_delta-probed-ir-pipeline\probes\results_vpt2\cache_water_b3lyp_631gs_psi4-1.10.2 (5 tasks stored already)
[07:03:43] VPT2 started
Checking for numerical inconsistencies in quartic terms...
No inconsistencies found
Checking for numerical inconsistencies in cubic terms...
No inconsistencies found
C:\Users\thebr\.conda\envs\vpt2\Lib\site-packages\pyvpt2\vpt2.py:157: ComplexWarning: Casting complex values to real discards the imaginary part
  zeta[0, :, :] = np.matmul(np.transpose(q), np.matmul(Mx, q))
C:\Users\thebr\.conda\envs\vpt2\Lib\site-packages\pyvpt2\vpt2.py:158: ComplexWarning: Casting complex values to real discards the imaginary part
  zeta[1, :, :] = np.matmul(np.transpose(q), np.matmul(My, q))
C:\Users\thebr\.conda\envs\vpt2\Lib\site-packages\pyvpt2\vpt2.py:159: ComplexWarning: Casting complex values to real discards the imaginary part
  zeta[2, :, :] = np.matmul(np.transpose(q), np.matmul(Mz, q))

Identifying Fermi resonances... 
None detected.
C:\Users\thebr\.conda\envs\vpt2\Lib\site-packages\pyvpt2\vpt2.py:496: ComplexWarning: Casting complex values to real discards the imaginary part
  chi[i, j] += (4 * (omega[i] ** 2 + omega[j] ** 2) / (omega[i] * omega[j]) * rot)

Anharmonic Constants (cm-1)
 7  7   -19.2837
 7  8    -4.4063
 7  9   -19.4289
 8  8   -42.4526
 8  9  -166.6366
 9  9   -49.6700
C:\Users\thebr\.conda\envs\vpt2\Lib\site-packages\qcelemental\models\types.py:14: ComplexWarning: Casting complex values to real discards the imaginary part
  v = np.asarray(v, dtype=cls._dtype)


Cubic (cm-1):
7 7 7      -275.4155211641269
7 7 8      276.59259610473265
7 8 7      276.59259610473265
7 8 8      88.65414307609501
7 9 9      272.19158325297803
8 7 7      276.59259610473265
8 7 8      88.65414307609502
8 8 7      88.65414307609501
8 8 8      -1813.9702937122368
8 9 9      -1827.011512429441
9 7 9      272.191583252978
9 8 9      -1827.011512429441
9 9 7      272.19158325297803
9 9 8      -1827.011512429441

Quartic (cm-1):
7 7 7 7      -61.215890405208526
7 7 8 8      -287.16029150637826
7 7 9 9      -347.1718420496122
8 8 7 7      -287.16029150637826
8 8 8 8      801.1619678754828
8 8 9 9      803.1493339213122
9 9 7 7      -347.1718420496122
9 9 8 8      803.1493339213122
9 9 9 9      806.571153995014

B Rotational Constants (cm-1)
26.269750876182176    14.420338945269092    9.30985193949163

Coriolis Constants (cm-1):
3 7 9      -0.9999176007836142
3 8 9      -0.01283711973694629
3 9 7      0.9999176007836141
3 9 8      0.01283711973694629

Fundamentals (cm-1):
                     Harmonic           Anharmonic           Anharmonic
    Mode            Frequency           Correction            Frequency
       7            1713.0211             -50.4850            1662.5362
       8            3726.9522            -170.4266            3556.5256
       9            3848.9452            -192.3727            3656.5725

Zero-Point Vibrational Energy:
                      Harmonic           Anharmonic           Anharmonic
                          ZPVE           Correction                 ZPVE
    cm-1:            4644.4593             -72.9657            4571.4936
kcal/mol:              13.2792              -0.2086              13.0706
  kJ/mol:              55.5601              -0.8729              54.6872
[07:04:55] VPT2 done in 72 s; cache hits 2, computed 5
# pyVPT2 — water, b3lyp/6-31g*, 2026-09-16 07:04 (psi4 1.10.2, pyVPT2 0.1.2, 4 threads; optimisation 0 s, VPT2 72 s)

Geometry: the dry run's optimum re-optimised in this build (largest change 1.5e-02 bohr). ZPVE harmonic 4644.4592795106655 / anharmonic 4571.49356035667 cm⁻¹.

| mode | harmonic ω (cm⁻¹) | VPT2 ν (cm⁻¹) | ν − ω | harmonic intensity (km/mol) |
|---|---|---|---|---|
| 6 | 1713.0 | 1662.5 | -50.5 | 75.8 |
| 7 | 3727.0 | 3556.5 | -170.4 | 1.7 |
| 8 | 3848.9 | 3656.6 | -192.4 | 19.4 |

Fermi resonances: None

Intensities are harmonic only (pyVPT2 has no VPT2 intensities; idea I6).
