[06:56:30] pyVPT2 0.1.2, psi4 1.10.2, qcelemental 0.30.1; water b3lyp/6-31g*, 4 threads
[06:56:30] optimising in this psi4 build (gau_verytight)
Some dependencies such as QCElemental have not yet finished migration to pydantic v2. If issues are encountered please downgrade pydantic or upgrade QCElemental as appropriate
	Denominators (dg)(dq) or (dq)(dq) are very small.
	Skipping Hessian update for step 4.
Optimizer: Optimization complete!
[06:56:37] optimised in 7 s
[06:56:37] largest coordinate change against the dry run's geometry: 1.54e-02 bohr
[06:56:37] checkpoint cache: C:\Users\thebr\Documents\CapstonePlan\plans\05_delta-probed-ir-pipeline\probes\results_vpt2\cache_water_b3lyp_631gs_psi4-1.10.2 (7 tasks stored already)
[06:56:37] VPT2 started
Checking for numerical inconsistencies in quartic terms...
No inconsistencies found
Checking for numerical inconsistencies in cubic terms...
No inconsistencies found
C:\Users\thebr\.conda\envs\vpt2\Lib\site-packages\pyvpt2\vpt2.py:157: ComplexWarning: Casting complex values to real discards the imaginary part
  zeta[0, :, :] = np.matmul(np.transpose(q), np.matmul(Mx, q))
C:\Users\thebr\.conda\envs\vpt2\Lib\site-packages\pyvpt2\vpt2.py:158: ComplexWarning: Casting complex values to real discards the imaginary part
  zeta[1, :, :] = np.matmul(np.transpose(q), np.matmul(My, q))
C:\Users\thebr\.conda\envs\vpt2\Lib\site-packages\pyvpt2\vpt2.py:159: ComplexWarning: Casting complex values to real discards the imaginary part
  zeta[2, :, :] = np.matmul(np.transpose(q), np.matmul(Mz, q))

Identifying Fermi resonances... 
None detected.
C:\Users\thebr\.conda\envs\vpt2\Lib\site-packages\pyvpt2\vpt2.py:496: ComplexWarning: Casting complex values to real discards the imaginary part
  chi[i, j] += (4 * (omega[i] ** 2 + omega[j] ** 2) / (omega[i] * omega[j]) * rot)

Anharmonic Constants (cm-1)
 7  7   -19.2779
 7  8    -4.4630
 7  9   -19.4144
 8  8   -42.4382
 8  9  -166.7523
 9  9   -49.6721
C:\Users\thebr\.conda\envs\vpt2\Lib\site-packages\qcelemental\models\types.py:14: ComplexWarning: Casting complex values to real discards the imaginary part
  v = np.asarray(v, dtype=cls._dtype)


Cubic (cm-1):
7 7 7      -275.4149379943394
7 7 8      276.60326820288225
7 8 7      276.60326820288225
7 8 8      88.63876064652476
7 9 9      272.18986512501584
8 7 7      276.60326820288225
8 7 8      88.63876064652477
8 8 7      88.63876064652477
8 8 8      -1813.9879512155824
8 9 9      -1827.0123743030517
9 7 9      272.18986512501584
9 8 9      -1827.0123743030517
9 9 7      272.18986512501584
9 9 8      -1827.012374303052

Quartic (cm-1):
7 7 7 7      -61.1106858950625
7 7 8 8      -287.40102593417384
7 7 9 9      -347.11868267700294
8 8 7 7      -287.40102593417384
8 8 8 8      801.4179632600817
8 8 9 9      802.6935303325706
9 9 7 7      -347.11868267700294
9 9 8 8      802.6935303325706
9 9 9 9      806.5376705838545

B Rotational Constants (cm-1)
26.269750763742852    14.420338869867559    9.30985189394191

Coriolis Constants (cm-1):
3 7 9      -0.9999176078779362
3 8 9      -0.012836567129313137
3 9 7      0.9999176078779362
3 9 8      0.012836567129313137

Fundamentals (cm-1):
                     Harmonic           Anharmonic           Anharmonic
    Mode            Frequency           Correction            Frequency
       7            1713.0211             -50.4945            1662.5265
       8            3726.9522            -170.4840            3556.4681
       9            3848.9452            -192.4276            3656.5176

Zero-Point Vibrational Energy:
                      Harmonic           Anharmonic           Anharmonic
                          ZPVE           Correction                 ZPVE
    cm-1:            4644.4592             -72.9962            4571.4629
kcal/mol:              13.2792              -0.2087              13.0705
  kJ/mol:              55.5601              -0.8732              54.6868
[06:58:21] VPT2 done in 103 s; cache hits 0, computed 7
# pyVPT2 — water, b3lyp/6-31g*, 2026-09-16 06:58 (psi4 1.10.2, pyVPT2 0.1.2, 4 threads; optimisation 7 s, VPT2 103 s)

Geometry: the dry run's optimum re-optimised in this build (largest change 1.5e-02 bohr). ZPVE harmonic 4644.459194025967 / anharmonic 4571.462949526477 cm⁻¹.

| mode | harmonic ω (cm⁻¹) | VPT2 ν (cm⁻¹) | ν − ω | harmonic intensity (km/mol) |
|---|---|---|---|---|
| 0 | 0.0 | 0.0 | +0.0 | 65.2 |
| 1 | 0.0 | 0.0 | +0.0 | 45.2 |
| 2 | 0.0 | 0.0 | +0.0 | 24.1 |
| 3 | 0.0 | 0.0 | +0.0 | 128.4 |
| 4 | 0.0 | 0.0 | -0.0 | 128.4 |
| 5 | 0.0 | 0.0 | -0.0 | 0.4 |
| 6 | 1713.0 | 1662.5 | -50.5 | 75.8 |
| 7 | 3727.0 | 3556.5 | -170.5 | 1.7 |
| 8 | 3848.9 | 3656.5 | -192.4 | 19.4 |

Fermi resonances: None

Intensities are harmonic only (pyVPT2 has no VPT2 intensities; idea I6).
