[07:10:19] pyVPT2 0.1.2, psi4 1.10.2, qcelemental 0.30.1; water b3lyp/6-31g*, 4 threads
[07:10:19] optimised geometry reused from results_vpt2/cache_water_testB\geometry_opt.json
[07:10:19] largest coordinate change against the dry run's geometry: 1.54e-02 bohr
[07:10:19] checkpoint cache: results_vpt2/cache_water_testB (5 tasks stored already)
[07:10:19] VPT2 started
Checking for numerical inconsistencies in quartic terms...
No inconsistencies found
Checking for numerical inconsistencies in cubic terms...
No inconsistencies found
C:\Users\thebr\.conda\envs\vpt2\Lib\site-packages\pyvpt2\vpt2.py:157: ComplexWarning: Casting complex values to real discards the imaginary part
  zeta[0, :, :] = np.matmul(np.transpose(q), np.matmul(Mx, q))
C:\Users\thebr\.conda\envs\vpt2\Lib\site-packages\pyvpt2\vpt2.py:158: ComplexWarning: Casting complex values to real discards the imaginary part
  zeta[1, :, :] = np.matmul(np.transpose(q), np.matmul(My, q))
C:\Users\thebr\.conda\envs\vpt2\Lib\site-packages\pyvpt2\vpt2.py:159: ComplexWarning: Casting complex values to real discards the imaginary part
  zeta[2, :, :] = np.matmul(np.transpose(q), np.matmul(Mz, q))

Identifying Fermi resonances... 
None detected.
C:\Users\thebr\.conda\envs\vpt2\Lib\site-packages\pyvpt2\vpt2.py:496: ComplexWarning: Casting complex values to real discards the imaginary part
  chi[i, j] += (4 * (omega[i] ** 2 + omega[j] ** 2) / (omega[i] * omega[j]) * rot)

Anharmonic Constants (cm-1)
 7  7   -19.2867
 7  8    -4.4192
 7  9   -19.4271
 8  8   -42.4676
 8  9  -166.6331
 9  9   -49.6705
C:\Users\thebr\.conda\envs\vpt2\Lib\site-packages\qcelemental\models\types.py:14: ComplexWarning: Casting complex values to real discards the imaginary part
  v = np.asarray(v, dtype=cls._dtype)


Cubic (cm-1):
7 7 7      -275.415875239983
7 7 8      276.5955642600031
7 8 7      276.5955642600031
7 8 8      88.6396621698126
7 9 9      272.191284368538
8 7 7      276.5955642600031
8 7 8      88.6396621698126
8 8 7      88.6396621698126
8 8 8      -1814.0036435581235
8 9 9      -1827.0178576979044
9 7 9      272.191284368538
9 8 9      -1827.017857697905
9 9 7      272.191284368538
9 9 8      -1827.017857697905

Quartic (cm-1):
7 7 7 7      -61.26039304094279
7 7 8 8      -287.21667876050935
7 7 9 9      -347.1663607007289
8 8 7 7      -287.21667876050935
8 8 8 8      800.9730145693819
8 8 9 9      803.1843111534608
9 9 7 7      -347.1663607007289
9 9 8 8      803.1843111534608
9 9 9 9      806.5729271607078

B Rotational Constants (cm-1)
26.269750876182176    14.420338945269092    9.30985193949163

Coriolis Constants (cm-1):
3 7 9      -0.9999176001100107
3 8 9      -0.012837172205632769
3 9 7      0.9999176001100107
3 9 8      0.01283717220563274

Fundamentals (cm-1):
                     Harmonic           Anharmonic           Anharmonic
    Mode            Frequency           Correction            Frequency
       7            1713.0211             -50.4966            1662.5246
       8            3726.9524            -170.4614            3556.4910
       9            3848.9452            -192.3711            3656.5741

Zero-Point Vibrational Energy:
                      Harmonic           Anharmonic           Anharmonic
                          ZPVE           Correction                 ZPVE
    cm-1:            4644.4594             -72.9763            4571.4830
kcal/mol:              13.2792              -0.2086              13.0705
  kJ/mol:              55.5601              -0.8730              54.6871
[07:11:06] VPT2 done in 47 s; cache hits 4, computed 3
# pyVPT2 — water, b3lyp/6-31g*, 2026-09-16 07:11 (psi4 1.10.2, pyVPT2 0.1.2, 4 threads; optimisation 0 s, VPT2 47 s)

Geometry: the dry run's optimum re-optimised in this build (largest change 1.5e-02 bohr). ZPVE harmonic 4644.4593583859305 / anharmonic 4571.4830344311185 cm⁻¹.

| mode | harmonic ω (cm⁻¹) | VPT2 ν (cm⁻¹) | ν − ω | harmonic intensity (km/mol) |
|---|---|---|---|---|
| 6 | 1713.0 | 1662.5 | -50.5 | 75.8 |
| 7 | 3727.0 | 3556.5 | -170.5 | 1.7 |
| 8 | 3848.9 | 3656.6 | -192.4 | 19.4 |

Fermi resonances: None

Intensities are harmonic only (pyVPT2 has no VPT2 intensities; idea I6).
