[04:57:31] M1: benzene_r0 cc-pvtz, thresholds [1e-06, 1e-07], frozen core 6, modes [0, 2, 4, 5, 6, 8, 10, 11, 12, 13, 15, 16, 18, 19, 20, 22, 24, 25, 27, 29] (415 cm⁻¹ CH-oop, 622 cm⁻¹ ring-ip, 695 cm⁻¹ CH-oop, 718 cm⁻¹ CH-oop, 865 cm⁻¹ CH-oop, 969 cm⁻¹ CH-oop, 1011 cm⁻¹ CH-oop, 1020 cm⁻¹ ring-breathing-a1g, 1020 cm⁻¹ ring-ip-b1u, 1069 cm⁻¹ CH-ip-bend, 1186 cm⁻¹ CH-ip-bend, 1208 cm⁻¹ CH-ip-bend, 1357 cm⁻¹ CC-stretch, 1387 cm⁻¹ CC-stretch, 1531 cm⁻¹ CC-stretch, 1656 cm⁻¹ CC-stretch, 3174 cm⁻¹ CH-stretch, 3184 cm⁻¹ CH-stretch, 3199 cm⁻¹ CH-stretch, 3210 cm⁻¹ CH-stretch), 9 points, 8 threads, max_memory 8000 MB

WARN: Input vhf is not found. Building vhf from SCF MO.

[05:42:15] reference: arm C 2684 s; 15 fragments; sizes [(15, 172), (15, 172), (15, 172), (15, 152), (15, 172)]…; frozen-space hash 5fea5d0f40760000

WARN: Input vhf is not found. Building vhf from SCF MO.

[06:49:07] stage 0 round trip: E_A(0) − E_C(0) = 0.0001 µE_h (target |·| ≤ 1e-3 µE_h = 1e-9 E_h); arm A 4012 s

WARN: Input vhf is not found. Building vhf from SCF MO.

[07:44:54] mode 0 q=+0.00: s_min occ 1.0000 vir 1.0000; pre-Löwdin off-diag occ 5.99e-15 vir 7.61e-12; A−B — A−C — µE_h (LNO-MP2 piece A−C —); PM fresh 6.9999 transported 6.9999; match 1.000; 3347 s

WARN: Input vhf is not found. Building vhf from SCF MO.

[08:33:02] mode 0 q=+0.50: s_min occ 0.9938 vir 0.7026; pre-Löwdin off-diag occ 7.76e-03 vir 2.82e-01; A−B — A−C — µE_h (LNO-MP2 piece A−C —); PM fresh 6.9999 transported 6.9995; match 0.667; 2888 s

WARN: Input vhf is not found. Building vhf from SCF MO.

[09:21:12] mode 0 q=+1.00: s_min occ 0.9874 vir 0.5184; pre-Löwdin off-diag occ 1.55e-02 vir 5.63e-01; A−B — A−C — µE_h (LNO-MP2 piece A−C —); PM fresh 7.0000 transported 6.9983; match 0.668; 2890 s
[09:21:12] mode 2 q=+0.00: same geometry as mode 0 q=0 -- energies copied, not recomputed

WARN: Input vhf is not found. Building vhf from SCF MO.

[10:09:19] mode 2 q=+0.50: s_min occ 0.9940 vir 0.7355; pre-Löwdin off-diag occ 5.32e-03 vir 1.66e-01; A−B — A−C — µE_h (LNO-MP2 piece A−C —); PM fresh 6.9999 transported 6.9998; match 1.000; 2887 s

WARN: Input vhf is not found. Building vhf from SCF MO.

[10:58:09] mode 2 q=+1.00: s_min occ 0.9879 vir 0.5568; pre-Löwdin off-diag occ 1.06e-02 vir 3.33e-01; A−B — A−C — µE_h (LNO-MP2 piece A−C —); PM fresh 6.9998 transported 6.9993; match 1.000; 2931 s
[10:58:09] mode 4 q=+0.00: same geometry as mode 0 q=0 -- energies copied, not recomputed

WARN: Input vhf is not found. Building vhf from SCF MO.

[11:32:21] mode 4 q=+0.50: s_min occ 0.9943 vir 0.5541; pre-Löwdin off-diag occ 6.66e-03 vir 3.80e-01; A−B — A−C — µE_h (LNO-MP2 piece A−C —); PM fresh 6.9997 transported 6.9987; match 0.952; 2052 s

WARN: Input vhf is not found. Building vhf from SCF MO.

[12:02:00] mode 4 q=+1.00: s_min occ 0.9882 vir 0.3553; pre-Löwdin off-diag occ 1.33e-02 vir 8.26e-01; A−B — A−C — µE_h (LNO-MP2 piece A−C —); PM fresh 6.9992 transported 6.995; match 0.835; 1780 s
[12:02:00] mode 5 q=+0.00: same geometry as mode 0 q=0 -- energies copied, not recomputed

WARN: Input vhf is not found. Building vhf from SCF MO.

[12:31:29] mode 5 q=+0.50: s_min occ 0.9960 vir 0.5622; pre-Löwdin off-diag occ 4.82e-03 vir 3.78e-01; A−B — A−C — µE_h (LNO-MP2 piece A−C —); PM fresh 7.0000 transported 6.9998; match 1.000; 1769 s

WARN: Input vhf is not found. Building vhf from SCF MO.

[13:01:01] mode 5 q=+1.00: s_min occ 0.9919 vir 0.3908; pre-Löwdin off-diag occ 9.63e-03 vir 9.33e-01; A−B — A−C — µE_h (LNO-MP2 piece A−C —); PM fresh 7.0000 transported 6.9995; match 0.963; 1772 s
[13:01:01] mode 6 q=+0.00: same geometry as mode 0 q=0 -- energies copied, not recomputed

WARN: Input vhf is not found. Building vhf from SCF MO.

[13:30:39] mode 6 q=+0.50: s_min occ 0.9943 vir 0.5554; pre-Löwdin off-diag occ 7.25e-03 vir 3.15e-01; A−B — A−C — µE_h (LNO-MP2 piece A−C —); PM fresh 6.9998 transported 6.9993; match 1.000; 1778 s

WARN: Input vhf is not found. Building vhf from SCF MO.

[14:00:04] mode 6 q=+1.00: s_min occ 0.9882 vir 0.3579; pre-Löwdin off-diag occ 1.44e-02 vir 6.58e-01; A−B — A−C — µE_h (LNO-MP2 piece A−C —); PM fresh 6.9993 transported 6.9974; match 0.961; 1764 s
[14:00:04] mode 8 q=+0.00: same geometry as mode 0 q=0 -- energies copied, not recomputed

WARN: Input vhf is not found. Building vhf from SCF MO.

[14:30:10] mode 8 q=+0.50: s_min occ 0.9952 vir 0.5853; pre-Löwdin off-diag occ 7.13e-03 vir 2.72e-01; A−B — A−C — µE_h (LNO-MP2 piece A−C —); PM fresh 6.9998 transported 6.9995; match 0.832; 1807 s

WARN: Input vhf is not found. Building vhf from SCF MO.

[14:57:56] mode 8 q=+1.00: s_min occ 0.9901 vir 0.3878; pre-Löwdin off-diag occ 1.42e-02 vir 6.06e-01; A−B — A−C — µE_h (LNO-MP2 piece A−C —); PM fresh 6.9994 transported 6.9981; match 0.834; 1666 s
[14:57:56] mode 10 q=+0.00: same geometry as mode 0 q=0 -- energies copied, not recomputed

WARN: Input vhf is not found. Building vhf from SCF MO.

[15:25:10] mode 10 q=+0.50: s_min occ 0.9959 vir 0.6613; pre-Löwdin off-diag occ 5.08e-03 vir 2.39e-01; A−B — A−C — µE_h (LNO-MP2 piece A−C —); PM fresh 6.9998 transported 6.9995; match 0.963; 1634 s

WARN: Input vhf is not found. Building vhf from SCF MO.

[15:53:24] mode 10 q=+1.00: s_min occ 0.9915 vir 0.4719; pre-Löwdin off-diag occ 1.01e-02 vir 4.77e-01; A−B — A−C — µE_h (LNO-MP2 piece A−C —); PM fresh 6.9995 transported 6.9982; match 0.963; 1693 s

WARN: Input vhf is not found. Building vhf from SCF MO.

[16:24:31] mode 11 q=-1.00: s_min occ 0.9905 vir 0.7896; pre-Löwdin off-diag occ 4.51e-03 vir 1.54e-01; A−B — A−C — µE_h (LNO-MP2 piece A−C —); PM fresh 7.0059 transported 7.0058; match 0.771; 1868 s

WARN: Input vhf is not found. Building vhf from SCF MO.

[16:55:25] mode 11 q=-0.50: s_min occ 0.9952 vir 0.8868; pre-Löwdin off-diag occ 2.28e-03 vir 7.13e-02; A−B — A−C — µE_h (LNO-MP2 piece A−C —); PM fresh 7.0030 transported 7.0029; match 0.771; 1854 s
[16:55:25] mode 11 q=+0.00: same geometry as mode 0 q=0 -- energies copied, not recomputed

WARN: Input vhf is not found. Building vhf from SCF MO.

[17:27:19] mode 11 q=+0.50: s_min occ 0.9974 vir 0.8573; pre-Löwdin off-diag occ 2.33e-03 vir 6.65e-02; A−B — A−C — µE_h (LNO-MP2 piece A−C —); PM fresh 6.9968 transported 6.9968; match 0.988; 1914 s

WARN: Input vhf is not found. Building vhf from SCF MO.

[17:58:06] mode 11 q=+1.00: s_min occ 0.9948 vir 0.7359; pre-Löwdin off-diag occ 4.71e-03 vir 1.40e-01; A−B — A−C — µE_h (LNO-MP2 piece A−C —); PM fresh 6.9935 transported 6.9934; match 0.988; 1847 s
[17:58:06] mode 12 q=+0.00: same geometry as mode 0 q=0 -- energies copied, not recomputed

WARN: Input vhf is not found. Building vhf from SCF MO.

[18:29:43] mode 12 q=+0.50: s_min occ 0.9942 vir 0.5991; pre-Löwdin off-diag occ 5.59e-03 vir 2.72e-01; A−B — A−C — µE_h (LNO-MP2 piece A−C —); PM fresh 7.0082 transported 6.9954; match 0.837; 1897 s

WARN: Input vhf is not found. Building vhf from SCF MO.

[19:02:07] mode 12 q=+1.00: s_min occ 0.9882 vir 0.4003; pre-Löwdin off-diag occ 1.12e-02 vir 5.64e-01; A−B — A−C — µE_h (LNO-MP2 piece A−C —); PM fresh 7.0165 transported 6.9907; match 0.837; 1944 s
[19:02:07] mode 13 q=+0.00: same geometry as mode 0 q=0 -- energies copied, not recomputed

WARN: Input vhf is not found. Building vhf from SCF MO.

[19:31:06] mode 13 q=+0.50: s_min occ 0.9968 vir 0.6605; pre-Löwdin off-diag occ 3.36e-03 vir 1.78e-01; A−B — A−C — µE_h (LNO-MP2 piece A−C —); PM fresh 6.9999 transported 6.9998; match 0.774; 1739 s

WARN: Input vhf is not found. Building vhf from SCF MO.

[19:58:47] mode 13 q=+1.00: s_min occ 0.9935 vir 0.4626; pre-Löwdin off-diag occ 6.86e-03 vir 3.63e-01; A−B — A−C — µE_h (LNO-MP2 piece A−C —); PM fresh 6.9997 transported 6.9993; match 0.772; 1662 s
[19:58:47] mode 15 q=+0.00: same geometry as mode 0 q=0 -- energies copied, not recomputed

WARN: Input vhf is not found. Building vhf from SCF MO.

[20:28:17] mode 15 q=+0.50: s_min occ 0.9958 vir 0.7125; pre-Löwdin off-diag occ 3.40e-03 vir 1.55e-01; A−B — A−C — µE_h (LNO-MP2 piece A−C —); PM fresh 7.0153 transported 6.9867; match 0.770; 1769 s

WARN: Input vhf is not found. Building vhf from SCF MO.

[21:00:09] mode 15 q=+1.00: s_min occ 0.9916 vir 0.5248; pre-Löwdin off-diag occ 6.80e-03 vir 3.15e-01; A−B — A−C — µE_h (LNO-MP2 piece A−C —); PM fresh 7.0304 transported 6.9731; match 0.770; 1913 s
[21:00:09] mode 16 q=+0.00: same geometry as mode 0 q=0 -- energies copied, not recomputed

WARN: Input vhf is not found. Building vhf from SCF MO.

[21:28:26] mode 16 q=+0.50: s_min occ 0.9964 vir 0.6732; pre-Löwdin off-diag occ 4.22e-03 vir 1.71e-01; A−B — A−C — µE_h (LNO-MP2 piece A−C —); PM fresh 6.9999 transported 6.9998; match 1.000; 1696 s

WARN: Input vhf is not found. Building vhf from SCF MO.

[21:56:27] mode 16 q=+1.00: s_min occ 0.9925 vir 0.4769; pre-Löwdin off-diag occ 8.44e-03 vir 3.85e-01; A−B — A−C — µE_h (LNO-MP2 piece A−C —); PM fresh 6.9997 transported 6.9993; match 0.986; 1681 s
[21:56:27] mode 18 q=+0.00: same geometry as mode 0 q=0 -- energies copied, not recomputed

WARN: Input vhf is not found. Building vhf from SCF MO.

[22:25:05] mode 18 q=+0.50: s_min occ 0.9956 vir 0.7451; pre-Löwdin off-diag occ 1.98e-03 vir 1.65e-01; A−B — A−C — µE_h (LNO-MP2 piece A−C —); PM fresh 7.0431 transported 7.0359; match 0.988; 1718 s

WARN: Input vhf is not found. Building vhf from SCF MO.

[22:53:37] mode 18 q=+1.00: s_min occ 0.9910 vir 0.5683; pre-Löwdin off-diag occ 3.97e-03 vir 3.30e-01; A−B — A−C — µE_h (LNO-MP2 piece A−C —); PM fresh 7.0844 transported 7.0699; match 0.988; 1712 s
[22:53:37] mode 19 q=+0.00: same geometry as mode 0 q=0 -- energies copied, not recomputed

WARN: Input vhf is not found. Building vhf from SCF MO.

[23:20:34] mode 19 q=+0.50: s_min occ 0.9954 vir 0.6711; pre-Löwdin off-diag occ 4.50e-03 vir 2.32e-01; A−B — A−C — µE_h (LNO-MP2 piece A−C —); PM fresh 6.9999 transported 6.9998; match 0.989; 1617 s

WARN: Input vhf is not found. Building vhf from SCF MO.

[23:47:32] mode 19 q=+1.00: s_min occ 0.9905 vir 0.4748; pre-Löwdin off-diag occ 9.02e-03 vir 4.66e-01; A−B — A−C — µE_h (LNO-MP2 piece A−C —); PM fresh 6.9997 transported 6.9993; match 0.988; 1618 s
[23:47:32] mode 20 q=+0.00: same geometry as mode 0 q=0 -- energies copied, not recomputed

WARN: Input vhf is not found. Building vhf from SCF MO.

[00:14:51] mode 20 q=+0.50: s_min occ 0.9959 vir 0.6937; pre-Löwdin off-diag occ 4.74e-03 vir 1.69e-01; A−B — A−C — µE_h (LNO-MP2 piece A−C —); PM fresh 6.9998 transported 6.9998; match 0.988; 1640 s

WARN: Input vhf is not found. Building vhf from SCF MO.

[00:42:51] mode 20 q=+1.00: s_min occ 0.9916 vir 0.5007; pre-Löwdin off-diag occ 9.52e-03 vir 3.38e-01; A−B — A−C — µE_h (LNO-MP2 piece A−C —); PM fresh 6.9996 transported 6.9992; match 0.988; 1679 s
[00:42:51] mode 22 q=+0.00: same geometry as mode 0 q=0 -- energies copied, not recomputed

WARN: Input vhf is not found. Building vhf from SCF MO.

[01:10:12] mode 22 q=+0.50: s_min occ 0.9962 vir 0.7550; pre-Löwdin off-diag occ 3.72e-03 vir 1.41e-01; A−B — A−C — µE_h (LNO-MP2 piece A−C —); PM fresh 6.9998 transported 6.9996; match 0.844; 1642 s

WARN: Input vhf is not found. Building vhf from SCF MO.

[01:37:15] mode 22 q=+1.00: s_min occ 0.9922 vir 0.5828; pre-Löwdin off-diag occ 7.41e-03 vir 2.87e-01; A−B — A−C — µE_h (LNO-MP2 piece A−C —); PM fresh 6.9994 transported 6.9986; match 0.834; 1623 s
[01:37:15] mode 24 q=+0.00: same geometry as mode 0 q=0 -- energies copied, not recomputed

WARN: Input vhf is not found. Building vhf from SCF MO.

[02:04:30] mode 24 q=+0.50: s_min occ 0.9958 vir 0.7329; pre-Löwdin off-diag occ 1.98e-03 vir 1.33e-01; A−B — A−C — µE_h (LNO-MP2 piece A−C —); PM fresh 7.0020 transported 7.001; match 0.964; 1635 s

WARN: Input vhf is not found. Building vhf from SCF MO.

[02:31:56] mode 24 q=+1.00: s_min occ 0.9915 vir 0.5512; pre-Löwdin off-diag occ 4.05e-03 vir 2.66e-01; A−B — A−C — µE_h (LNO-MP2 piece A−C —); PM fresh 7.0040 transported 7.0019; match 0.964; 1646 s
[02:31:56] mode 25 q=+0.00: same geometry as mode 0 q=0 -- energies copied, not recomputed

WARN: Input vhf is not found. Building vhf from SCF MO.

[02:59:13] mode 25 q=+0.50: s_min occ 0.9953 vir 0.6924; pre-Löwdin off-diag occ 2.65e-03 vir 1.70e-01; A−B — A−C — µE_h (LNO-MP2 piece A−C —); PM fresh 6.9999 transported 6.9999; match 0.858; 1637 s

WARN: Input vhf is not found. Building vhf from SCF MO.

[03:26:24] mode 25 q=+1.00: s_min occ 0.9904 vir 0.4965; pre-Löwdin off-diag occ 5.42e-03 vir 3.40e-01; A−B — A−C — µE_h (LNO-MP2 piece A−C —); PM fresh 6.9999 transported 6.9997; match 0.858; 1630 s
[03:26:24] mode 27 q=+0.00: same geometry as mode 0 q=0 -- energies copied, not recomputed

WARN: Input vhf is not found. Building vhf from SCF MO.

[03:54:02] mode 27 q=+0.50: s_min occ 0.9950 vir 0.6828; pre-Löwdin off-diag occ 2.69e-03 vir 1.44e-01; A−B — A−C — µE_h (LNO-MP2 piece A−C —); PM fresh 6.9999 transported 6.9999; match 0.987; 1659 s

WARN: Input vhf is not found. Building vhf from SCF MO.

[04:21:23] mode 27 q=+1.00: s_min occ 0.9900 vir 0.4834; pre-Löwdin off-diag occ 5.52e-03 vir 3.42e-01; A−B — A−C — µE_h (LNO-MP2 piece A−C —); PM fresh 6.9998 transported 6.9997; match 0.963; 1641 s

WARN: Input vhf is not found. Building vhf from SCF MO.

[04:49:02] mode 29 q=-1.00: s_min occ 0.9950 vir 0.5382; pre-Löwdin off-diag occ 3.98e-03 vir 3.00e-01; A−B — A−C — µE_h (LNO-MP2 piece A−C —); PM fresh 7.0078 transported 7.0076; match 0.988; 1659 s

WARN: Input vhf is not found. Building vhf from SCF MO.

[05:16:44] mode 29 q=-0.50: s_min occ 0.9976 vir 0.7249; pre-Löwdin off-diag occ 1.95e-03 vir 1.49e-01; A−B — A−C — µE_h (LNO-MP2 piece A−C —); PM fresh 7.0039 transported 7.0038; match 0.987; 1662 s
[05:16:44] mode 29 q=+0.00: same geometry as mode 0 q=0 -- energies copied, not recomputed

WARN: Input vhf is not found. Building vhf from SCF MO.

[05:49:30] mode 29 q=+0.50: s_min occ 0.9961 vir 0.7500; pre-Löwdin off-diag occ 1.87e-03 vir 1.47e-01; A−B — A−C — µE_h (LNO-MP2 piece A−C —); PM fresh 6.9959 transported 6.9959; match 0.964; 1966 s

WARN: Input vhf is not found. Building vhf from SCF MO.

[06:16:35] mode 29 q=+1.00: s_min occ 0.9921 vir 0.5822; pre-Löwdin off-diag occ 3.66e-03 vir 2.94e-01; A−B — A−C — µE_h (LNO-MP2 piece A−C —); PM fresh 6.9919 transported 6.9917; match 0.770; 1625 s

# Probe M1 — frozen spaces — benzene_r0 cc-pvtz, LNO thresholds [1e-06, 1e-07], arms A, 2026-09-22 06:16, ubuntu-32gb-hel1-14 (WSL), 8 threads

- reference: 15 fragments (one per PM LMO); frozen-space hash `5fea5d0f40760000…`; arm C at the reference 2684 s
- **stage 0 round trip** E_A(0) − E_C(0) = 0.0001 µE_h (the object reloads; target ≤ 1e-3 µE_h)
- raw energies sealed: `m1_sealed_energies.json`, sha256 `38f7b159ba4a543a…` — not printed

| mode | family | ω (cm⁻¹) | q | s_min occ | off-diag occ | s_min vir | off-diag vir | PM fresh | PM transported | match | A−B (µE_h) | A−C (µE_h) | B−C (µE_h) | s |
|---|---|---|---|---|---|---|---|---|---|---|---|---|---|---|
| 0 | CH-oop | 415 | +0.00 | 1.0000 | 6.0e-15 | 1.0000 | 7.6e-12 | 7.000 | 7.000 | 1.000 | — | — | — | 3347 |
| 0 | CH-oop | 415 | +0.50 | 0.9938 | 7.8e-03 | 0.7026 | 2.8e-01 | 7.000 | 7.000 | 0.667 | — | — | — | 2888 |
| 0 | CH-oop | 415 | +1.00 | 0.9874 | 1.5e-02 | 0.5184 | 5.6e-01 | 7.000 | 6.998 | 0.668 | — | — | — | 2890 |
| 2 | ring-ip | 622 | +0.00 | 1.0000 | 6.0e-15 | 1.0000 | 7.6e-12 | 7.000 | 7.000 | 1.000 | — | — | — | 0 |
| 2 | ring-ip | 622 | +0.50 | 0.9940 | 5.3e-03 | 0.7355 | 1.7e-01 | 7.000 | 7.000 | 1.000 | — | — | — | 2887 |
| 2 | ring-ip | 622 | +1.00 | 0.9879 | 1.1e-02 | 0.5568 | 3.3e-01 | 7.000 | 6.999 | 1.000 | — | — | — | 2931 |
| 4 | CH-oop | 695 | +0.00 | 1.0000 | 6.0e-15 | 1.0000 | 7.6e-12 | 7.000 | 7.000 | 1.000 | — | — | — | 0 |
| 4 | CH-oop | 695 | +0.50 | 0.9943 | 6.7e-03 | 0.5541 | 3.8e-01 | 7.000 | 6.999 | 0.952 | — | — | — | 2052 |
| 4 | CH-oop | 695 | +1.00 | 0.9882 | 1.3e-02 | 0.3553 | 8.3e-01 | 6.999 | 6.995 | 0.835 | — | — | — | 1780 |
| 5 | CH-oop | 718 | +0.00 | 1.0000 | 6.0e-15 | 1.0000 | 7.6e-12 | 7.000 | 7.000 | 1.000 | — | — | — | 0 |
| 5 | CH-oop | 718 | +0.50 | 0.9960 | 4.8e-03 | 0.5622 | 3.8e-01 | 7.000 | 7.000 | 1.000 | — | — | — | 1769 |
| 5 | CH-oop | 718 | +1.00 | 0.9919 | 9.6e-03 | 0.3908 | 9.3e-01 | 7.000 | 7.000 | 0.963 | — | — | — | 1772 |
| 6 | CH-oop | 865 | +0.00 | 1.0000 | 6.0e-15 | 1.0000 | 7.6e-12 | 7.000 | 7.000 | 1.000 | — | — | — | 0 |
| 6 | CH-oop | 865 | +0.50 | 0.9943 | 7.2e-03 | 0.5554 | 3.2e-01 | 7.000 | 6.999 | 1.000 | — | — | — | 1778 |
| 6 | CH-oop | 865 | +1.00 | 0.9882 | 1.4e-02 | 0.3579 | 6.6e-01 | 6.999 | 6.997 | 0.961 | — | — | — | 1764 |
| 8 | CH-oop | 969 | +0.00 | 1.0000 | 6.0e-15 | 1.0000 | 7.6e-12 | 7.000 | 7.000 | 1.000 | — | — | — | 0 |
| 8 | CH-oop | 969 | +0.50 | 0.9952 | 7.1e-03 | 0.5853 | 2.7e-01 | 7.000 | 6.999 | 0.832 | — | — | — | 1807 |
| 8 | CH-oop | 969 | +1.00 | 0.9901 | 1.4e-02 | 0.3878 | 6.1e-01 | 6.999 | 6.998 | 0.834 | — | — | — | 1666 |
| 10 | CH-oop | 1011 | +0.00 | 1.0000 | 6.0e-15 | 1.0000 | 7.6e-12 | 7.000 | 7.000 | 1.000 | — | — | — | 0 |
| 10 | CH-oop | 1011 | +0.50 | 0.9959 | 5.1e-03 | 0.6613 | 2.4e-01 | 7.000 | 6.999 | 0.963 | — | — | — | 1634 |
| 10 | CH-oop | 1011 | +1.00 | 0.9915 | 1.0e-02 | 0.4719 | 4.8e-01 | 7.000 | 6.998 | 0.963 | — | — | — | 1693 |
| 11 | ring-breathing-a1g | 1020 | -1.00 | 0.9905 | 4.5e-03 | 0.7896 | 1.5e-01 | 7.006 | 7.006 | 0.771 | — | — | — | 1868 |
| 11 | ring-breathing-a1g | 1020 | -0.50 | 0.9952 | 2.3e-03 | 0.8868 | 7.1e-02 | 7.003 | 7.003 | 0.771 | — | — | — | 1854 |
| 11 | ring-breathing-a1g | 1020 | +0.00 | 1.0000 | 6.0e-15 | 1.0000 | 7.6e-12 | 7.000 | 7.000 | 1.000 | — | — | — | 0 |
| 11 | ring-breathing-a1g | 1020 | +0.50 | 0.9974 | 2.3e-03 | 0.8573 | 6.6e-02 | 6.997 | 6.997 | 0.988 | — | — | — | 1914 |
| 11 | ring-breathing-a1g | 1020 | +1.00 | 0.9948 | 4.7e-03 | 0.7359 | 1.4e-01 | 6.994 | 6.993 | 0.988 | — | — | — | 1847 |
| 12 | ring-ip-b1u | 1020 | +0.00 | 1.0000 | 6.0e-15 | 1.0000 | 7.6e-12 | 7.000 | 7.000 | 1.000 | — | — | — | 0 |
| 12 | ring-ip-b1u | 1020 | +0.50 | 0.9942 | 5.6e-03 | 0.5991 | 2.7e-01 | 7.008 | 6.995 | 0.837 | — | — | — | 1897 |
| 12 | ring-ip-b1u | 1020 | +1.00 | 0.9882 | 1.1e-02 | 0.4003 | 5.6e-01 | 7.016 | 6.991 | 0.837 | — | — | — | 1944 |
| 13 | CH-ip-bend | 1069 | +0.00 | 1.0000 | 6.0e-15 | 1.0000 | 7.6e-12 | 7.000 | 7.000 | 1.000 | — | — | — | 0 |
| 13 | CH-ip-bend | 1069 | +0.50 | 0.9968 | 3.4e-03 | 0.6605 | 1.8e-01 | 7.000 | 7.000 | 0.774 | — | — | — | 1739 |
| 13 | CH-ip-bend | 1069 | +1.00 | 0.9935 | 6.9e-03 | 0.4626 | 3.6e-01 | 7.000 | 6.999 | 0.772 | — | — | — | 1662 |
| 15 | CH-ip-bend | 1186 | +0.00 | 1.0000 | 6.0e-15 | 1.0000 | 7.6e-12 | 7.000 | 7.000 | 1.000 | — | — | — | 0 |
| 15 | CH-ip-bend | 1186 | +0.50 | 0.9958 | 3.4e-03 | 0.7125 | 1.5e-01 | 7.015 | 6.987 | 0.770 | — | — | — | 1769 |
| 15 | CH-ip-bend | 1186 | +1.00 | 0.9916 | 6.8e-03 | 0.5248 | 3.2e-01 | 7.030 | 6.973 | 0.770 | — | — | — | 1913 |
| 16 | CH-ip-bend | 1208 | +0.00 | 1.0000 | 6.0e-15 | 1.0000 | 7.6e-12 | 7.000 | 7.000 | 1.000 | — | — | — | 0 |
| 16 | CH-ip-bend | 1208 | +0.50 | 0.9964 | 4.2e-03 | 0.6732 | 1.7e-01 | 7.000 | 7.000 | 1.000 | — | — | — | 1696 |
| 16 | CH-ip-bend | 1208 | +1.00 | 0.9925 | 8.4e-03 | 0.4769 | 3.9e-01 | 7.000 | 6.999 | 0.986 | — | — | — | 1681 |
| 18 | CC-stretch | 1357 | +0.00 | 1.0000 | 6.0e-15 | 1.0000 | 7.6e-12 | 7.000 | 7.000 | 1.000 | — | — | — | 0 |
| 18 | CC-stretch | 1357 | +0.50 | 0.9956 | 2.0e-03 | 0.7451 | 1.7e-01 | 7.043 | 7.036 | 0.988 | — | — | — | 1718 |
| 18 | CC-stretch | 1357 | +1.00 | 0.9910 | 4.0e-03 | 0.5683 | 3.3e-01 | 7.084 | 7.070 | 0.988 | — | — | — | 1712 |
| 19 | CC-stretch | 1387 | +0.00 | 1.0000 | 6.0e-15 | 1.0000 | 7.6e-12 | 7.000 | 7.000 | 1.000 | — | — | — | 0 |
| 19 | CC-stretch | 1387 | +0.50 | 0.9954 | 4.5e-03 | 0.6711 | 2.3e-01 | 7.000 | 7.000 | 0.989 | — | — | — | 1617 |
| 19 | CC-stretch | 1387 | +1.00 | 0.9905 | 9.0e-03 | 0.4748 | 4.7e-01 | 7.000 | 6.999 | 0.988 | — | — | — | 1618 |
| 20 | CC-stretch | 1531 | +0.00 | 1.0000 | 6.0e-15 | 1.0000 | 7.6e-12 | 7.000 | 7.000 | 1.000 | — | — | — | 0 |
| 20 | CC-stretch | 1531 | +0.50 | 0.9959 | 4.7e-03 | 0.6937 | 1.7e-01 | 7.000 | 7.000 | 0.988 | — | — | — | 1640 |
| 20 | CC-stretch | 1531 | +1.00 | 0.9916 | 9.5e-03 | 0.5007 | 3.4e-01 | 7.000 | 6.999 | 0.988 | — | — | — | 1679 |
| 22 | CC-stretch | 1656 | +0.00 | 1.0000 | 6.0e-15 | 1.0000 | 7.6e-12 | 7.000 | 7.000 | 1.000 | — | — | — | 0 |
| 22 | CC-stretch | 1656 | +0.50 | 0.9962 | 3.7e-03 | 0.7550 | 1.4e-01 | 7.000 | 7.000 | 0.844 | — | — | — | 1642 |
| 22 | CC-stretch | 1656 | +1.00 | 0.9922 | 7.4e-03 | 0.5828 | 2.9e-01 | 6.999 | 6.999 | 0.834 | — | — | — | 1623 |
| 24 | CH-stretch | 3174 | +0.00 | 1.0000 | 6.0e-15 | 1.0000 | 7.6e-12 | 7.000 | 7.000 | 1.000 | — | — | — | 0 |
| 24 | CH-stretch | 3174 | +0.50 | 0.9958 | 2.0e-03 | 0.7329 | 1.3e-01 | 7.002 | 7.001 | 0.964 | — | — | — | 1635 |
| 24 | CH-stretch | 3174 | +1.00 | 0.9915 | 4.1e-03 | 0.5512 | 2.7e-01 | 7.004 | 7.002 | 0.964 | — | — | — | 1646 |
| 25 | CH-stretch | 3184 | +0.00 | 1.0000 | 6.0e-15 | 1.0000 | 7.6e-12 | 7.000 | 7.000 | 1.000 | — | — | — | 0 |
| 25 | CH-stretch | 3184 | +0.50 | 0.9953 | 2.6e-03 | 0.6924 | 1.7e-01 | 7.000 | 7.000 | 0.858 | — | — | — | 1637 |
| 25 | CH-stretch | 3184 | +1.00 | 0.9904 | 5.4e-03 | 0.4965 | 3.4e-01 | 7.000 | 7.000 | 0.858 | — | — | — | 1630 |
| 27 | CH-stretch | 3199 | +0.00 | 1.0000 | 6.0e-15 | 1.0000 | 7.6e-12 | 7.000 | 7.000 | 1.000 | — | — | — | 0 |
| 27 | CH-stretch | 3199 | +0.50 | 0.9950 | 2.7e-03 | 0.6828 | 1.4e-01 | 7.000 | 7.000 | 0.987 | — | — | — | 1659 |
| 27 | CH-stretch | 3199 | +1.00 | 0.9900 | 5.5e-03 | 0.4834 | 3.4e-01 | 7.000 | 7.000 | 0.963 | — | — | — | 1641 |
| 29 | CH-stretch | 3210 | -1.00 | 0.9950 | 4.0e-03 | 0.5382 | 3.0e-01 | 7.008 | 7.008 | 0.988 | — | — | — | 1659 |
| 29 | CH-stretch | 3210 | -0.50 | 0.9976 | 1.9e-03 | 0.7249 | 1.5e-01 | 7.004 | 7.004 | 0.987 | — | — | — | 1662 |
| 29 | CH-stretch | 3210 | +0.00 | 1.0000 | 6.0e-15 | 1.0000 | 7.6e-12 | 7.000 | 7.000 | 1.000 | — | — | — | 0 |
| 29 | CH-stretch | 3210 | +0.50 | 0.9961 | 1.9e-03 | 0.7500 | 1.5e-01 | 6.996 | 6.996 | 0.964 | — | — | — | 1966 |
| 29 | CH-stretch | 3210 | +1.00 | 0.9921 | 3.7e-03 | 0.5822 | 2.9e-01 | 6.992 | 6.992 | 0.770 | — | — | — | 1625 |


No verdict is printed (the τ it would be judged against does not exist yet). Printed by probes/m1_frozen_spaces.py.
