[09:22:58] canonical truth line: benzene cc-pvtz, 27 arm points, 0 already done, 8 threads
[09:38:01] mode 12 q=-1.00: canonical CCSD(T) done, 903 s
[09:52:47] mode 12 q=-0.75: canonical CCSD(T) done, 886 s
[10:13:55] mode 12 q=-0.50: canonical CCSD(T) done, 1268 s
[10:30:09] mode 12 q=-0.25: canonical CCSD(T) done, 974 s
[10:47:45] mode 12 q=+0.00: canonical CCSD(T) done, 1056 s
[11:07:30] mode 12 q=+0.25: canonical CCSD(T) done, 1186 s
[11:22:59] mode 12 q=+0.50: canonical CCSD(T) done, 929 s
[11:38:27] mode 12 q=+0.75: canonical CCSD(T) done, 928 s
[11:55:21] mode 12 q=+1.00: canonical CCSD(T) done, 1013 s
[12:13:36] mode 18 q=-1.00: canonical CCSD(T) done, 1096 s
[12:31:51] mode 18 q=-0.75: canonical CCSD(T) done, 1095 s
[12:52:20] mode 18 q=-0.50: canonical CCSD(T) done, 1229 s
[13:12:49] mode 18 q=-0.25: canonical CCSD(T) done, 1229 s
[13:30:28] mode 18 q=+0.00: canonical CCSD(T) done, 1059 s
[13:51:05] mode 18 q=+0.25: canonical CCSD(T) done, 1237 s
[14:11:36] mode 18 q=+0.50: canonical CCSD(T) done, 1232 s
[14:30:02] mode 18 q=+0.75: canonical CCSD(T) done, 1105 s
[14:48:22] mode 18 q=+1.00: canonical CCSD(T) done, 1100 s
[15:04:40] mode 6 q=-1.00: canonical CCSD(T) done, 979 s
[15:25:48] mode 6 q=-0.75: canonical CCSD(T) done, 1268 s
[15:39:58] mode 6 q=-0.50: canonical CCSD(T) done, 850 s
[16:01:08] mode 6 q=-0.25: canonical CCSD(T) done, 1270 s
[16:18:55] mode 6 q=+0.00: canonical CCSD(T) done, 1067 s
[16:40:08] mode 6 q=+0.25: canonical CCSD(T) done, 1272 s
[16:54:23] mode 6 q=+0.50: canonical CCSD(T) done, 856 s
[17:15:34] mode 6 q=+0.75: canonical CCSD(T) done, 1271 s
[17:31:52] mode 6 q=+1.00: canonical CCSD(T) done, 978 s

# Probe M1 — arms against canonical CCSD(T) — benzene cc-pvtz, arm energy = e_corr_lno_ccsd_t, 2026-09-08 17:31, Asus18 (WSL)

Difference E_arm − E_canonical (same DF-RHF reference, frozen core) at each point; fitted per mode as a degree-4 polynomial in q. σ = residual about that fit (the arm's roughness against the truth). a2, a4 = even-part coefficients of the difference (a0 + a2 q² + a4 q⁴ fitted to ½[d(q)+d(−q)]); **2·a2 is the bias the arm puts on the CC curvature** of the mode, given also in cm⁻¹ (E = ½ ω q²). Absolute energies sealed (`canonical_truth_sealed.json`), not printed.

| mode | family | ω (cm⁻¹) | arm | n | σ about deg-4 fit (µE_h) | a2 (µE_h) | a4 (µE_h) | curvature bias 2·a2 (µE_h) | ≈ Δω (cm⁻¹) | d(±1) even (µE_h) | d(±0.5) even (µE_h) |
|---|---|---|---|---|---|---|---|---|---|---|---|
| 6 | CH-oop | 865 | A | 9 | 0.010 | +74.23 | -2.53 | +148.45 | +32.58 | +71.70 | +18.41 |
| 6 | CH-oop | 865 | B | 9 | 0.887 | +7.43 | +5.02 | +14.86 | +3.26 | +12.49 | +1.41 |
| 6 | CH-oop | 865 | C | 9 | 0.936 | +12.76 | -4.75 | +25.52 | +5.60 | +7.40 | +1.44 |
| 12 | CH-ip-bend | 1020 | A | 9 | 0.002 | +8.10 | +0.01 | +16.20 | +3.56 | +8.11 | +2.02 |
| 12 | CH-ip-bend | 1020 | B | 9 | 0.999 | -9.73 | +11.50 | -19.45 | -4.27 | +2.00 | -1.62 |
| 12 | CH-ip-bend | 1020 | C | 9 | 3.410 | +25.98 | -17.51 | +51.96 | +11.40 | +12.40 | +9.61 |
| 18 | CC-stretch | 1357 | A | 9 | 0.021 | +23.96 | +0.01 | +47.91 | +10.52 | +23.95 | +5.96 |
| 18 | CC-stretch | 1357 | B | 9 | 2.328 | +25.71 | -18.82 | +51.43 | +11.29 | +7.20 | +3.53 |
| 18 | CC-stretch | 1357 | C | 9 | 1.320 | +42.33 | -24.40 | +84.67 | +18.58 | +19.29 | +10.04 |

Reading aid: an arm with small σ is smooth; an arm with small |2·a2| is unbiased. The pipeline needs both. Arm A holds the reference frozen spaces at every q; B transports the occupied LMOs and re-selects LNOs; C is fresh. No verdict (the τ it would be judged against does not exist yet). Printed by probes/m1_canonical_truth.py.
[17:31:52] canonical truth line: benzene cc-pvtz, 27 arm points, 27 already done, 8 threads

# Probe M1 — arms against canonical CCSD(T) — benzene cc-pvtz, arm energy = e_corr_composite, 2026-09-08 17:31, Asus18 (WSL)

Difference E_arm − E_canonical (same DF-RHF reference, frozen core) at each point; fitted per mode as a degree-4 polynomial in q. σ = residual about that fit (the arm's roughness against the truth). a2, a4 = even-part coefficients of the difference (a0 + a2 q² + a4 q⁴ fitted to ½[d(q)+d(−q)]); **2·a2 is the bias the arm puts on the CC curvature** of the mode, given also in cm⁻¹ (E = ½ ω q²). Absolute energies sealed (`canonical_truth_sealed.json`), not printed.

| mode | family | ω (cm⁻¹) | arm | n | σ about deg-4 fit (µE_h) | a2 (µE_h) | a4 (µE_h) | curvature bias 2·a2 (µE_h) | ≈ Δω (cm⁻¹) | d(±1) even (µE_h) | d(±0.5) even (µE_h) |
|---|---|---|---|---|---|---|---|---|---|---|---|
| 6 | CH-oop | 865 | A | 9 | 0.007 | +2.13 | -0.04 | +4.26 | +0.94 | +2.09 | +0.54 |
| 6 | CH-oop | 865 | B | 9 | 0.193 | +7.25 | -0.80 | +14.51 | +3.18 | +6.50 | +1.64 |
| 6 | CH-oop | 865 | C | 9 | 1.472 | +11.82 | -4.11 | +23.63 | +5.19 | +6.77 | +0.43 |
| 12 | CH-ip-bend | 1020 | A | 9 | 0.002 | +0.14 | +0.02 | +0.27 | +0.06 | +0.15 | +0.03 |
| 12 | CH-ip-bend | 1020 | B | 9 | 0.170 | -1.58 | +1.37 | -3.15 | -0.69 | -0.20 | -0.39 |
| 12 | CH-ip-bend | 1020 | C | 9 | 3.412 | +21.63 | -18.53 | +43.25 | +9.49 | +7.19 | +8.67 |
| 18 | CC-stretch | 1357 | A | 9 | 0.021 | +3.61 | +0.10 | +7.21 | +1.58 | +3.69 | +0.88 |
| 18 | CC-stretch | 1357 | B | 9 | 0.394 | -2.39 | +10.68 | -4.78 | -1.05 | +8.50 | +0.64 |
| 18 | CC-stretch | 1357 | C | 9 | 0.677 | -1.09 | +9.51 | -2.17 | -0.48 | +8.82 | +1.35 |

Reading aid: an arm with small σ is smooth; an arm with small |2·a2| is unbiased. The pipeline needs both. Arm A holds the reference frozen spaces at every q; B transports the occupied LMOs and re-selects LNOs; C is fresh. No verdict (the τ it would be judged against does not exist yet). Printed by probes/m1_canonical_truth.py.
=== chain done Tue Sep  8 17:31:52 CEST 2026 ===
