[21:43:03] M1: benzene cc-pvdz, thresholds [1e-06, 1e-07], modes [12, 18, 6] (1020 cm⁻¹ CH-ip-bend, 1357 cm⁻¹ CC-stretch, 865 cm⁻¹ CH-oop), 9 points, 8 threads

WARN: Input vhf is not found. Building vhf from SCF MO.

[21:46:09] reference: arm C 186 s; 15 fragments; sizes [(15, 86), (15, 86), (15, 86), (15, 84), (15, 86)]…; frozen-space hash d1988c70fcda3ab7

WARN: Input vhf is not found. Building vhf from SCF MO.

[21:49:13] stage 0 round trip: E_A(0) − E_C(0) = 0.0000 µE_h (target |·| ≤ 1e-3 µE_h = 1e-9 E_h); arm A 184 s

WARN: Input vhf is not found. Building vhf from SCF MO.


WARN: Input vhf is not found. Building vhf from SCF MO.


WARN: Input vhf is not found. Building vhf from SCF MO.

[21:58:19] mode 12 q=-1.00: s_min occ 0.9907 vir 0.8695; pre-Löwdin off-diag occ 6.62e-03 vir 1.69e-01; A−B -4.20 A−C -9.54 µE_h (LNO-MP2 piece A−C -4.5); PM fresh 7.0100 transported 7.0026; match 0.836; 547 s

WARN: Input vhf is not found. Building vhf from SCF MO.


WARN: Input vhf is not found. Building vhf from SCF MO.


WARN: Input vhf is not found. Building vhf from SCF MO.

[22:07:27] mode 12 q=-0.75: s_min occ 0.9930 vir 0.8998; pre-Löwdin off-diag occ 5.00e-03 vir 1.21e-01; A−B -4.61 A−C -11.91 µE_h (LNO-MP2 piece A−C -3.3); PM fresh 7.0074 transported 7.002; match 0.836; 547 s

WARN: Input vhf is not found. Building vhf from SCF MO.


WARN: Input vhf is not found. Building vhf from SCF MO.


WARN: Input vhf is not found. Building vhf from SCF MO.

[22:16:36] mode 12 q=-0.50: s_min occ 0.9953 vir 0.9316; pre-Löwdin off-diag occ 3.35e-03 vir 7.74e-02; A−B -4.94 A−C -7.01 µE_h (LNO-MP2 piece A−C -1.2); PM fresh 7.0049 transported 7.0013; match 0.836; 550 s

WARN: Input vhf is not found. Building vhf from SCF MO.


WARN: Input vhf is not found. Building vhf from SCF MO.


WARN: Input vhf is not found. Building vhf from SCF MO.

[22:25:48] mode 12 q=-0.25: s_min occ 0.9977 vir 0.9650; pre-Löwdin off-diag occ 1.69e-03 vir 3.70e-02; A−B +0.03 A−C -7.02 µE_h (LNO-MP2 piece A−C -1.2); PM fresh 7.0024 transported 7.0006; match 0.836; 552 s

WARN: Input vhf is not found. Building vhf from SCF MO.


WARN: Input vhf is not found. Building vhf from SCF MO.


WARN: Input vhf is not found. Building vhf from SCF MO.

[22:35:00] mode 12 q=+0.00: s_min occ 1.0000 vir 1.0000; pre-Löwdin off-diag occ 6.19e-14 vir 1.82e-12; A−B +0.00 A−C +0.00 µE_h (LNO-MP2 piece A−C +0.0); PM fresh 6.9998 transported 6.9998; match 1.000; 552 s

WARN: Input vhf is not found. Building vhf from SCF MO.


WARN: Input vhf is not found. Building vhf from SCF MO.


WARN: Input vhf is not found. Building vhf from SCF MO.

[22:44:11] mode 12 q=+0.25: s_min occ 0.9986 vir 0.9471; pre-Löwdin off-diag occ 1.71e-03 vir 3.37e-02; A−B +0.06 A−C -6.76 µE_h (LNO-MP2 piece A−C -1.2); PM fresh 6.9995 transported 6.999; match 0.964; 551 s

WARN: Input vhf is not found. Building vhf from SCF MO.


WARN: Input vhf is not found. Building vhf from SCF MO.


WARN: Input vhf is not found. Building vhf from SCF MO.

[22:53:34] mode 12 q=+0.50: s_min occ 0.9972 vir 0.8969; pre-Löwdin off-diag occ 3.44e-03 vir 6.43e-02; A−B +0.22 A−C -5.13 µE_h (LNO-MP2 piece A−C +0.4); PM fresh 6.9991 transported 6.9981; match 0.964; 563 s

WARN: Input vhf is not found. Building vhf from SCF MO.


WARN: Input vhf is not found. Building vhf from SCF MO.


WARN: Input vhf is not found. Building vhf from SCF MO.

[23:02:57] mode 12 q=+0.75: s_min occ 0.9958 vir 0.8494; pre-Löwdin off-diag occ 5.19e-03 vir 9.18e-02; A−B +1.83 A−C -4.71 µE_h (LNO-MP2 piece A−C +0.7); PM fresh 6.9987 transported 6.9972; match 0.964; 563 s

WARN: Input vhf is not found. Building vhf from SCF MO.


WARN: Input vhf is not found. Building vhf from SCF MO.


WARN: Input vhf is not found. Building vhf from SCF MO.

[23:12:21] mode 12 q=+1.00: s_min occ 0.9943 vir 0.8045; pre-Löwdin off-diag occ 6.97e-03 vir 1.16e-01; A−B +2.22 A−C -4.18 µE_h (LNO-MP2 piece A−C +1.1); PM fresh 6.9983 transported 6.9962; match 0.964; 564 s

WARN: Input vhf is not found. Building vhf from SCF MO.


WARN: Input vhf is not found. Building vhf from SCF MO.


WARN: Input vhf is not found. Building vhf from SCF MO.

[23:22:25] mode 18 q=-1.00: s_min occ 0.9922 vir 0.8630; pre-Löwdin off-diag occ 3.64e-03 vir 1.52e-01; A−B -2.63 A−C -0.52 µE_h (LNO-MP2 piece A−C +0.3); PM fresh 7.0842 transported 6.926; match 0.771; 604 s

WARN: Input vhf is not found. Building vhf from SCF MO.


WARN: Input vhf is not found. Building vhf from SCF MO.


WARN: Input vhf is not found. Building vhf from SCF MO.

[23:32:27] mode 18 q=-0.75: s_min occ 0.9942 vir 0.8958; pre-Löwdin off-diag occ 2.72e-03 vir 1.14e-01; A−B -3.54 A−C -1.38 µE_h (LNO-MP2 piece A−C -0.4); PM fresh 7.0639 transported 6.9444; match 0.771; 602 s

WARN: Input vhf is not found. Building vhf from SCF MO.


WARN: Input vhf is not found. Building vhf from SCF MO.


WARN: Input vhf is not found. Building vhf from SCF MO.

[23:42:26] mode 18 q=-0.50: s_min occ 0.9961 vir 0.9295; pre-Löwdin off-diag occ 1.81e-03 vir 7.61e-02; A−B -1.97 A−C -2.02 µE_h (LNO-MP2 piece A−C -0.8); PM fresh 7.0430 transported 6.9629; match 0.771; 599 s

WARN: Input vhf is not found. Building vhf from SCF MO.


WARN: Input vhf is not found. Building vhf from SCF MO.


WARN: Input vhf is not found. Building vhf from SCF MO.

[23:52:15] mode 18 q=-0.25: s_min occ 0.9981 vir 0.9643; pre-Löwdin off-diag occ 9.03e-04 vir 3.81e-02; A−B -2.42 A−C -2.46 µE_h (LNO-MP2 piece A−C -1.1); PM fresh 7.0215 transported 6.9814; match 0.771; 589 s

WARN: Input vhf is not found. Building vhf from SCF MO.


WARN: Input vhf is not found. Building vhf from SCF MO.


WARN: Input vhf is not found. Building vhf from SCF MO.

[00:01:42] mode 18 q=+0.00: s_min occ 1.0000 vir 1.0000; pre-Löwdin off-diag occ 9.29e-15 vir 2.05e-12; A−B +0.00 A−C +0.00 µE_h (LNO-MP2 piece A−C +0.0); PM fresh 6.9998 transported 6.9998; match 1.000; 567 s

WARN: Input vhf is not found. Building vhf from SCF MO.


WARN: Input vhf is not found. Building vhf from SCF MO.


WARN: Input vhf is not found. Building vhf from SCF MO.

[00:11:33] mode 18 q=+0.25: s_min occ 0.9981 vir 0.9643; pre-Löwdin off-diag occ 9.02e-04 vir 3.81e-02; A−B -2.43 A−C -2.46 µE_h (LNO-MP2 piece A−C -1.1); PM fresh 7.0215 transported 7.018; match 0.988; 591 s

WARN: Input vhf is not found. Building vhf from SCF MO.


WARN: Input vhf is not found. Building vhf from SCF MO.


WARN: Input vhf is not found. Building vhf from SCF MO.

[00:21:36] mode 18 q=+0.50: s_min occ 0.9961 vir 0.9296; pre-Löwdin off-diag occ 1.81e-03 vir 7.61e-02; A−B -1.97 A−C -2.02 µE_h (LNO-MP2 piece A−C -0.8); PM fresh 7.0430 transported 7.0358; match 0.988; 603 s

WARN: Input vhf is not found. Building vhf from SCF MO.


WARN: Input vhf is not found. Building vhf from SCF MO.


WARN: Input vhf is not found. Building vhf from SCF MO.

[00:31:47] mode 18 q=+0.75: s_min occ 0.9942 vir 0.8958; pre-Löwdin off-diag occ 2.72e-03 vir 1.14e-01; A−B -3.54 A−C -1.39 µE_h (LNO-MP2 piece A−C -0.4); PM fresh 7.0639 transported 7.0531; match 0.988; 611 s

WARN: Input vhf is not found. Building vhf from SCF MO.


WARN: Input vhf is not found. Building vhf from SCF MO.


WARN: Input vhf is not found. Building vhf from SCF MO.

[00:41:56] mode 18 q=+1.00: s_min occ 0.9922 vir 0.8630; pre-Löwdin off-diag occ 3.64e-03 vir 1.52e-01; A−B -5.03 A−C -0.51 µE_h (LNO-MP2 piece A−C +0.3); PM fresh 7.0842 transported 7.0698; match 0.988; 609 s

WARN: Input vhf is not found. Building vhf from SCF MO.


WARN: Input vhf is not found. Building vhf from SCF MO.


WARN: Input vhf is not found. Building vhf from SCF MO.

[00:51:22] mode 6 q=-1.00: s_min occ 0.9860 vir 0.8006; pre-Löwdin off-diag occ 1.80e-02 vir 2.03e-01; A−B +3.67 A−C -2.87 µE_h (LNO-MP2 piece A−C +2.3); PM fresh 6.9991 transported 6.9974; match 0.837; 566 s

WARN: Input vhf is not found. Building vhf from SCF MO.


WARN: Input vhf is not found. Building vhf from SCF MO.


WARN: Input vhf is not found. Building vhf from SCF MO.

[01:00:50] mode 6 q=-0.75: s_min occ 0.9896 vir 0.8443; pre-Löwdin off-diag occ 1.35e-02 vir 1.53e-01; A−B +2.29 A−C -4.59 µE_h (LNO-MP2 piece A−C +0.7); PM fresh 6.9994 transported 6.9985; match 0.846; 568 s

WARN: Input vhf is not found. Building vhf from SCF MO.


WARN: Input vhf is not found. Building vhf from SCF MO.


WARN: Input vhf is not found. Building vhf from SCF MO.

[01:10:18] mode 6 q=-0.50: s_min occ 0.9932 vir 0.8920; pre-Löwdin off-diag occ 9.02e-03 vir 1.02e-01; A−B +1.20 A−C +1.14 µE_h (LNO-MP2 piece A−C +1.0); PM fresh 6.9996 transported 6.9992; match 0.667; 568 s

WARN: Input vhf is not found. Building vhf from SCF MO.


WARN: Input vhf is not found. Building vhf from SCF MO.


WARN: Input vhf is not found. Building vhf from SCF MO.

[01:19:46] mode 6 q=-0.25: s_min occ 0.9967 vir 0.9439; pre-Löwdin off-diag occ 4.52e-03 vir 5.12e-02; A−B +0.35 A−C +0.29 µE_h (LNO-MP2 piece A−C +0.2); PM fresh 6.9998 transported 6.9997; match 0.667; 568 s

WARN: Input vhf is not found. Building vhf from SCF MO.


WARN: Input vhf is not found. Building vhf from SCF MO.


WARN: Input vhf is not found. Building vhf from SCF MO.

[01:29:14] mode 6 q=+0.00: s_min occ 1.0000 vir 1.0000; pre-Löwdin off-diag occ 2.85e-14 vir 1.92e-12; A−B +0.00 A−C +0.00 µE_h (LNO-MP2 piece A−C +0.0); PM fresh 6.9998 transported 6.9998; match 1.000; 568 s

WARN: Input vhf is not found. Building vhf from SCF MO.


WARN: Input vhf is not found. Building vhf from SCF MO.


WARN: Input vhf is not found. Building vhf from SCF MO.

[01:38:41] mode 6 q=+0.25: s_min occ 0.9967 vir 0.9439; pre-Löwdin off-diag occ 4.52e-03 vir 5.12e-02; A−B +0.35 A−C +0.29 µE_h (LNO-MP2 piece A−C +0.2); PM fresh 6.9998 transported 6.9997; match 1.000; 567 s

WARN: Input vhf is not found. Building vhf from SCF MO.


WARN: Input vhf is not found. Building vhf from SCF MO.


WARN: Input vhf is not found. Building vhf from SCF MO.

[01:48:08] mode 6 q=+0.50: s_min occ 0.9932 vir 0.8920; pre-Löwdin off-diag occ 9.02e-03 vir 1.02e-01; A−B +1.20 A−C +1.14 µE_h (LNO-MP2 piece A−C +1.0); PM fresh 6.9996 transported 6.9992; match 1.000; 567 s

WARN: Input vhf is not found. Building vhf from SCF MO.


WARN: Input vhf is not found. Building vhf from SCF MO.


WARN: Input vhf is not found. Building vhf from SCF MO.

[01:57:33] mode 6 q=+0.75: s_min occ 0.9896 vir 0.8443; pre-Löwdin off-diag occ 1.35e-02 vir 1.53e-01; A−B +2.29 A−C -4.59 µE_h (LNO-MP2 piece A−C +0.7); PM fresh 6.9994 transported 6.9985; match 0.958; 565 s

WARN: Input vhf is not found. Building vhf from SCF MO.


WARN: Input vhf is not found. Building vhf from SCF MO.


WARN: Input vhf is not found. Building vhf from SCF MO.

[02:06:58] mode 6 q=+1.00: s_min occ 0.9860 vir 0.8006; pre-Löwdin off-diag occ 1.80e-02 vir 2.03e-01; A−B +3.67 A−C -2.87 µE_h (LNO-MP2 piece A−C +2.3); PM fresh 6.9991 transported 6.9974; match 0.838; 565 s

# Probe M1 — frozen spaces — benzene cc-pvdz, LNO thresholds [1e-06, 1e-07], 2026-09-06 02:06, Asus18 (WSL), 8 threads

- reference: 15 fragments (one per PM LMO); frozen-space hash `d1988c70fcda3ab7…`; arm C at the reference 186 s
- **stage 0 round trip** E_A(0) − E_C(0) = 0.0000 µE_h (the object reloads; target ≤ 1e-3 µE_h)
- raw energies sealed: `m1_sealed_energies.json`, sha256 `07e67cd7f54b06a2…` — not printed

| mode | family | ω (cm⁻¹) | q | s_min occ | off-diag occ | s_min vir | off-diag vir | PM fresh | PM transported | match | A−B (µE_h) | A−C (µE_h) | B−C (µE_h) | s |
|---|---|---|---|---|---|---|---|---|---|---|---|---|---|---|
| 12 | CH-ip-bend | 1020 | -1.00 | 0.9907 | 6.6e-03 | 0.8695 | 1.7e-01 | 7.010 | 7.003 | 0.836 | -4.20 | -9.54 | -5.34 | 547 |
| 12 | CH-ip-bend | 1020 | -0.75 | 0.9930 | 5.0e-03 | 0.8998 | 1.2e-01 | 7.007 | 7.002 | 0.836 | -4.61 | -11.91 | -7.30 | 547 |
| 12 | CH-ip-bend | 1020 | -0.50 | 0.9953 | 3.4e-03 | 0.9316 | 7.7e-02 | 7.005 | 7.001 | 0.836 | -4.94 | -7.01 | -2.08 | 550 |
| 12 | CH-ip-bend | 1020 | -0.25 | 0.9977 | 1.7e-03 | 0.9650 | 3.7e-02 | 7.002 | 7.001 | 0.836 | +0.03 | -7.02 | -7.05 | 552 |
| 12 | CH-ip-bend | 1020 | +0.00 | 1.0000 | 6.2e-14 | 1.0000 | 1.8e-12 | 7.000 | 7.000 | 1.000 | +0.00 | +0.00 | +0.00 | 552 |
| 12 | CH-ip-bend | 1020 | +0.25 | 0.9986 | 1.7e-03 | 0.9471 | 3.4e-02 | 6.999 | 6.999 | 0.964 | +0.06 | -6.76 | -6.82 | 551 |
| 12 | CH-ip-bend | 1020 | +0.50 | 0.9972 | 3.4e-03 | 0.8969 | 6.4e-02 | 6.999 | 6.998 | 0.964 | +0.22 | -5.13 | -5.35 | 563 |
| 12 | CH-ip-bend | 1020 | +0.75 | 0.9958 | 5.2e-03 | 0.8494 | 9.2e-02 | 6.999 | 6.997 | 0.964 | +1.83 | -4.71 | -6.54 | 563 |
| 12 | CH-ip-bend | 1020 | +1.00 | 0.9943 | 7.0e-03 | 0.8045 | 1.2e-01 | 6.998 | 6.996 | 0.964 | +2.22 | -4.18 | -6.40 | 564 |
| 18 | CC-stretch | 1357 | -1.00 | 0.9922 | 3.6e-03 | 0.8630 | 1.5e-01 | 7.084 | 6.926 | 0.771 | -2.63 | -0.52 | +2.11 | 604 |
| 18 | CC-stretch | 1357 | -0.75 | 0.9942 | 2.7e-03 | 0.8958 | 1.1e-01 | 7.064 | 6.944 | 0.771 | -3.54 | -1.38 | +2.15 | 602 |
| 18 | CC-stretch | 1357 | -0.50 | 0.9961 | 1.8e-03 | 0.9295 | 7.6e-02 | 7.043 | 6.963 | 0.771 | -1.97 | -2.02 | -0.05 | 599 |
| 18 | CC-stretch | 1357 | -0.25 | 0.9981 | 9.0e-04 | 0.9643 | 3.8e-02 | 7.022 | 6.981 | 0.771 | -2.42 | -2.46 | -0.03 | 589 |
| 18 | CC-stretch | 1357 | +0.00 | 1.0000 | 9.3e-15 | 1.0000 | 2.1e-12 | 7.000 | 7.000 | 1.000 | +0.00 | +0.00 | +0.00 | 567 |
| 18 | CC-stretch | 1357 | +0.25 | 0.9981 | 9.0e-04 | 0.9643 | 3.8e-02 | 7.022 | 7.018 | 0.988 | -2.43 | -2.46 | -0.03 | 591 |
| 18 | CC-stretch | 1357 | +0.50 | 0.9961 | 1.8e-03 | 0.9296 | 7.6e-02 | 7.043 | 7.036 | 0.988 | -1.97 | -2.02 | -0.06 | 603 |
| 18 | CC-stretch | 1357 | +0.75 | 0.9942 | 2.7e-03 | 0.8958 | 1.1e-01 | 7.064 | 7.053 | 0.988 | -3.54 | -1.39 | +2.15 | 611 |
| 18 | CC-stretch | 1357 | +1.00 | 0.9922 | 3.6e-03 | 0.8630 | 1.5e-01 | 7.084 | 7.070 | 0.988 | -5.03 | -0.51 | +4.51 | 609 |
| 6 | CH-oop | 865 | -1.00 | 0.9860 | 1.8e-02 | 0.8006 | 2.0e-01 | 6.999 | 6.997 | 0.837 | +3.67 | -2.87 | -6.54 | 566 |
| 6 | CH-oop | 865 | -0.75 | 0.9896 | 1.4e-02 | 0.8443 | 1.5e-01 | 6.999 | 6.998 | 0.846 | +2.29 | -4.59 | -6.89 | 568 |
| 6 | CH-oop | 865 | -0.50 | 0.9932 | 9.0e-03 | 0.8920 | 1.0e-01 | 7.000 | 6.999 | 0.667 | +1.20 | +1.14 | -0.06 | 568 |
| 6 | CH-oop | 865 | -0.25 | 0.9967 | 4.5e-03 | 0.9439 | 5.1e-02 | 7.000 | 7.000 | 0.667 | +0.35 | +0.29 | -0.06 | 568 |
| 6 | CH-oop | 865 | +0.00 | 1.0000 | 2.9e-14 | 1.0000 | 1.9e-12 | 7.000 | 7.000 | 1.000 | +0.00 | +0.00 | +0.00 | 568 |
| 6 | CH-oop | 865 | +0.25 | 0.9967 | 4.5e-03 | 0.9439 | 5.1e-02 | 7.000 | 7.000 | 1.000 | +0.35 | +0.29 | -0.06 | 567 |
| 6 | CH-oop | 865 | +0.50 | 0.9932 | 9.0e-03 | 0.8920 | 1.0e-01 | 7.000 | 6.999 | 1.000 | +1.20 | +1.14 | -0.06 | 567 |
| 6 | CH-oop | 865 | +0.75 | 0.9896 | 1.4e-02 | 0.8443 | 1.5e-01 | 6.999 | 6.998 | 0.958 | +2.29 | -4.59 | -6.89 | 565 |
| 6 | CH-oop | 865 | +1.00 | 0.9860 | 1.8e-02 | 0.8006 | 2.0e-01 | 6.999 | 6.997 | 0.838 | +3.67 | -2.87 | -6.54 | 565 |

- mode 12 (CH-ip-bend, 1020 cm⁻¹): EA_minus_EC residual about a degree-4 fit σ = 2.747 µE_h (ν = 4); range -11.91 … +0.00 µE_h
- mode 12 (CH-ip-bend, 1020 cm⁻¹): EA_minus_EB residual about a degree-4 fit σ = 1.249 µE_h (ν = 4); range -4.94 … +2.22 µE_h
- mode 18 (CC-stretch, 1357 cm⁻¹): EA_minus_EC residual about a degree-4 fit σ = 0.990 µE_h (ν = 4); range -2.46 … +0.00 µE_h
- mode 18 (CC-stretch, 1357 cm⁻¹): EA_minus_EB residual about a degree-4 fit σ = 0.954 µE_h (ν = 4); range -5.03 … +0.00 µE_h
- mode 6 (CH-oop, 865 cm⁻¹): EA_minus_EC residual about a degree-4 fit σ = 2.112 µE_h (ν = 4); range -4.59 … +1.14 µE_h
- mode 6 (CH-oop, 865 cm⁻¹): EA_minus_EB residual about a degree-4 fit σ = 0.053 µE_h (ν = 4); range +0.00 … +3.67 µE_h

No verdict is printed (the τ it would be judged against does not exist yet). Printed by probes/m1_frozen_spaces.py.
