[06:29:47] M1: benzene_r0 cc-pvtz, thresholds [1e-07, 1e-08], frozen core 6, modes [29, 5] (3210 cm⁻¹ CH-stretch, 718 cm⁻¹ CH-oop), 9 points, 16 threads, max_memory 24000 MB

WARN: Input vhf is not found. Building vhf from SCF MO.

[07:07:31] reference: arm C 2264 s; 15 fragments; sizes [(15, 219), (15, 219), (15, 219), (15, 208), (15, 219)]…; frozen-space hash 7e82d3bda4a89505

WARN: Input vhf is not found. Building vhf from SCF MO.

[07:45:19] stage 0 round trip: E_A(0) − E_C(0) = 0.0001 µE_h (target |·| ≤ 1e-3 µE_h = 1e-9 E_h); arm A 2268 s

WARN: Input vhf is not found. Building vhf from SCF MO.

[08:21:03] mode 29 q=-1.00: s_min occ 0.9950 vir 0.4613; pre-Löwdin off-diag occ 3.98e-03 vir 6.99e-01; A−B — A−C — µE_h (LNO-MP2 piece A−C —); PM fresh 7.0078 transported 7.0076; match 0.988; 2145 s

WARN: Input vhf is not found. Building vhf from SCF MO.

[08:59:15] mode 29 q=-0.50: s_min occ 0.9976 vir 0.6659; pre-Löwdin off-diag occ 1.95e-03 vir 3.32e-01; A−B — A−C — µE_h (LNO-MP2 piece A−C —); PM fresh 7.0039 transported 7.0038; match 0.987; 2292 s

WARN: Input vhf is not found. Building vhf from SCF MO.

[09:37:02] mode 29 q=+0.00: s_min occ 1.0000 vir 1.0000; pre-Löwdin off-diag occ 5.28e-15 vir 3.73e-12; A−B — A−C — µE_h (LNO-MP2 piece A−C —); PM fresh 6.9999 transported 6.9999; match 1.000; 2267 s

WARN: Input vhf is not found. Building vhf from SCF MO.

[10:13:50] mode 29 q=+0.50: s_min occ 0.9961 vir 0.7010; pre-Löwdin off-diag occ 1.87e-03 vir 2.95e-01; A−B — A−C — µE_h (LNO-MP2 piece A−C —); PM fresh 6.9959 transported 6.9959; match 0.964; 2208 s

WARN: Input vhf is not found. Building vhf from SCF MO.

[10:51:28] mode 29 q=+1.00: s_min occ 0.9921 vir 0.5196; pre-Löwdin off-diag occ 3.66e-03 vir 5.53e-01; A−B — A−C — µE_h (LNO-MP2 piece A−C —); PM fresh 6.9919 transported 6.9917; match 0.770; 2258 s
[10:51:28] mode 5 q=+0.00: same geometry as mode 29 q=0 -- energies copied, not recomputed

WARN: Input vhf is not found. Building vhf from SCF MO.

[11:30:53] mode 5 q=+0.50: s_min occ 0.9960 vir 0.5424; pre-Löwdin off-diag occ 4.82e-03 vir 7.22e-01; A−B — A−C — µE_h (LNO-MP2 piece A−C —); PM fresh 7.0000 transported 6.9998; match 1.000; 2364 s

WARN: Input vhf is not found. Building vhf from SCF MO.

[12:10:16] mode 5 q=+1.00: s_min occ 0.9919 vir 0.3759; pre-Löwdin off-diag occ 9.63e-03 vir 1.65e+00; A−B — A−C — µE_h (LNO-MP2 piece A−C —); PM fresh 7.0000 transported 6.9995; match 0.963; 2363 s

# Probe M1 — frozen spaces — benzene_r0 cc-pvtz, LNO thresholds [1e-07, 1e-08], arms A, 2026-09-22 12:10, ubuntu-32gb-hel1-14 (WSL), 16 threads

- reference: 15 fragments (one per PM LMO); frozen-space hash `7e82d3bda4a89505…`; arm C at the reference 2264 s
- **stage 0 round trip** E_A(0) − E_C(0) = 0.0001 µE_h (the object reloads; target ≤ 1e-3 µE_h)
- raw energies sealed: `m1_sealed_energies.json`, sha256 `e8e365566885f2ea…` — not printed

| mode | family | ω (cm⁻¹) | q | s_min occ | off-diag occ | s_min vir | off-diag vir | PM fresh | PM transported | match | A−B (µE_h) | A−C (µE_h) | B−C (µE_h) | s |
|---|---|---|---|---|---|---|---|---|---|---|---|---|---|---|
| 29 | CH-stretch | 3210 | -1.00 | 0.9950 | 4.0e-03 | 0.4613 | 7.0e-01 | 7.008 | 7.008 | 0.988 | — | — | — | 2145 |
| 29 | CH-stretch | 3210 | -0.50 | 0.9976 | 1.9e-03 | 0.6659 | 3.3e-01 | 7.004 | 7.004 | 0.987 | — | — | — | 2292 |
| 29 | CH-stretch | 3210 | +0.00 | 1.0000 | 5.3e-15 | 1.0000 | 3.7e-12 | 7.000 | 7.000 | 1.000 | — | — | — | 2267 |
| 29 | CH-stretch | 3210 | +0.50 | 0.9961 | 1.9e-03 | 0.7010 | 3.0e-01 | 6.996 | 6.996 | 0.964 | — | — | — | 2208 |
| 29 | CH-stretch | 3210 | +1.00 | 0.9921 | 3.7e-03 | 0.5196 | 5.5e-01 | 6.992 | 6.992 | 0.770 | — | — | — | 2258 |
| 5 | CH-oop | 718 | +0.00 | 1.0000 | 5.3e-15 | 1.0000 | 3.7e-12 | 7.000 | 7.000 | 1.000 | — | — | — | 0 |
| 5 | CH-oop | 718 | +0.50 | 0.9960 | 4.8e-03 | 0.5424 | 7.2e-01 | 7.000 | 7.000 | 1.000 | — | — | — | 2364 |
| 5 | CH-oop | 718 | +1.00 | 0.9919 | 9.6e-03 | 0.3759 | 1.7e+00 | 7.000 | 7.000 | 0.963 | — | — | — | 2363 |


No verdict is printed (the τ it would be judged against does not exist yet). Printed by probes/m1_frozen_spaces.py.
