=== M3 watcher armed Mon Sep 14 17:37:02 CEST 2026: waits for the M2a chain (pid 63991 and any m2a python) to end, then launches the DZ cells: m1_frozen_spaces.py --molecule naphthalene --basis cc-pvdz --thresh tight --npts 5 --modes 12,22,31 --arms A --basis-terms none --threads 8 --tag _m3 (decision 38c; internet outage tonight: the launch must not depend on the session)
=== M3 watcher re-armed Mon Sep 14 17:39:24 CEST 2026 on the new M2a chain (pid 64413); same launch as above
=== M3 watcher re-armed Mon Sep 14 17:44:18 CEST 2026 on M2a chain pid 445 after the distro restart
=== M3 watcher re-armed Mon Sep 14 17:47:04 CEST 2026 on M2a chain pid 441 after wsl --shutdown
=== M2a chain ended Mon Sep 14 17:51:04 CEST 2026; launching M3 DZ cells
=== detached start Mon Sep 14 17:51:05 CEST 2026: python m1_frozen_spaces.py --molecule naphthalene --basis cc-pvdz --thresh tight --npts 5 --modes 12,22,31 --arms A --basis-terms none --threads 8 --tag _m3
[17:51:06] M1: naphthalene cc-pvdz, thresholds [1e-06, 1e-07], frozen core 10, modes [12, 22, 31] (785 cm⁻¹ CH-oop, 1045 cm⁻¹ CH-ip-bend, 1410 cm⁻¹ CC-stretch), 5 points, 8 threads

WARN: Input vhf is not found. Building vhf from SCF MO.

--- heartbeat 2026-09-14 18:51:05: pid 791 alive, elapsed 01:00:00, cpu 628 %, rss 1389 MB, tmp 1.8G
[19:04:29] reference: arm C 4403 s; 24 fragments; sizes [(24, 126), (22, 102), (24, 126), (22, 102), (23, 108)]…; frozen-space hash 8db57a6aa13ee310

WARN: Input vhf is not found. Building vhf from SCF MO.

--- heartbeat 2026-09-14 19:51:05: pid 791 alive, elapsed 02:00:00, cpu 633 %, rss 1413 MB, tmp 1.8G
[20:13:48] stage 0 round trip: E_A(0) − E_C(0) = 0.0001 µE_h (target |·| ≤ 1e-3 µE_h = 1e-9 E_h); arm A 4159 s

WARN: Input vhf is not found. Building vhf from SCF MO.

--- heartbeat 2026-09-14 20:51:05: pid 791 alive, elapsed 03:00:00, cpu 634 %, rss 1464 MB, tmp 626M
[21:25:06] mode 12 q=-1.00: s_min occ 0.9903 vir 0.6676; pre-Löwdin off-diag occ 1.22e-02 vir 4.09e-01; A−B — A−C — µE_h (LNO-MP2 piece A−C —); PM fresh 11.2586 transported 11.2576; match 1.000; 4278 s

WARN: Input vhf is not found. Building vhf from SCF MO.

--- heartbeat 2026-09-14 21:51:05: pid 791 alive, elapsed 04:00:00, cpu 638 %, rss 1579 MB, tmp 1.5G
[22:41:52] mode 12 q=-0.50: s_min occ 0.9952 vir 0.7948; pre-Löwdin off-diag occ 6.11e-03 vir 2.05e-01; A−B — A−C — µE_h (LNO-MP2 piece A−C —); PM fresh 11.2588 transported 11.2586; match 1.000; 4606 s

WARN: Input vhf is not found. Building vhf from SCF MO.

--- heartbeat 2026-09-14 22:51:05: pid 791 alive, elapsed 05:00:00, cpu 642 %, rss 1499 MB, tmp 1.4G
[23:50:44] mode 12 q=+0.00: s_min occ 1.0000 vir 1.0000; pre-Löwdin off-diag occ 8.37e-14 vir 9.69e-13; A−B — A−C — µE_h (LNO-MP2 piece A−C —); PM fresh 11.2589 transported 11.2589; match 1.000; 4131 s

WARN: Input vhf is not found. Building vhf from SCF MO.

--- heartbeat 2026-09-14 23:51:05: pid 791 alive, elapsed 06:00:00, cpu 642 %, rss 1746 MB, tmp 901M
--- heartbeat 2026-09-15 00:51:05: pid 791 alive, elapsed 07:00:00, cpu 639 %, rss 1699 MB, tmp 1.8G
[00:59:25] mode 12 q=+0.50: s_min occ 0.9952 vir 0.7951; pre-Löwdin off-diag occ 6.11e-03 vir 2.05e-01; A−B — A−C — µE_h (LNO-MP2 piece A−C —); PM fresh 11.2588 transported 11.2586; match 1.000; 4121 s

WARN: Input vhf is not found. Building vhf from SCF MO.

--- heartbeat 2026-09-15 01:51:05: pid 791 alive, elapsed 08:00:00, cpu 638 %, rss 1521 MB, tmp 1.4G
[02:08:38] mode 12 q=+1.00: s_min occ 0.9903 vir 0.6681; pre-Löwdin off-diag occ 1.22e-02 vir 4.09e-01; A−B — A−C — µE_h (LNO-MP2 piece A−C —); PM fresh 11.2587 transported 11.2577; match 1.000; 4153 s

WARN: Input vhf is not found. Building vhf from SCF MO.

--- heartbeat 2026-09-15 02:51:05: pid 791 alive, elapsed 09:00:00, cpu 638 %, rss 2282 MB, tmp 1.4G
[03:16:32] mode 22 q=-1.00: s_min occ 0.9930 vir 0.8368; pre-Löwdin off-diag occ 7.57e-03 vir 1.30e-01; A−B — A−C — µE_h (LNO-MP2 piece A−C —); PM fresh 11.2582 transported 11.258; match 1.000; 4075 s

WARN: Input vhf is not found. Building vhf from SCF MO.

--- heartbeat 2026-09-15 03:51:05: pid 791 alive, elapsed 10:00:00, cpu 638 %, rss 1782 MB, tmp 2.1G
[04:25:02] mode 22 q=-0.50: s_min occ 0.9965 vir 0.9148; pre-Löwdin off-diag occ 3.71e-03 vir 6.49e-02; A−B — A−C — µE_h (LNO-MP2 piece A−C —); PM fresh 11.2587 transported 11.2586; match 1.000; 4110 s

WARN: Input vhf is not found. Building vhf from SCF MO.

--- heartbeat 2026-09-15 04:51:05: pid 791 alive, elapsed 11:00:00, cpu 638 %, rss 1284 MB, tmp 846M
[05:34:16] mode 22 q=+0.00: s_min occ 1.0000 vir 1.0000; pre-Löwdin off-diag occ 3.07e-14 vir 9.70e-13; A−B — A−C — µE_h (LNO-MP2 piece A−C —); PM fresh 11.2589 transported 11.2589; match 1.000; 4154 s

WARN: Input vhf is not found. Building vhf from SCF MO.

--- heartbeat 2026-09-15 05:51:05: pid 791 alive, elapsed 12:00:00, cpu 639 %, rss 1535 MB, tmp 1.4G
[06:43:43] mode 22 q=+0.50: s_min occ 0.9965 vir 0.9149; pre-Löwdin off-diag occ 3.71e-03 vir 6.49e-02; A−B — A−C — µE_h (LNO-MP2 piece A−C —); PM fresh 11.2587 transported 11.2587; match 1.000; 4167 s

WARN: Input vhf is not found. Building vhf from SCF MO.

--- heartbeat 2026-09-15 06:51:05: pid 791 alive, elapsed 13:00:00, cpu 640 %, rss 1500 MB, tmp 1.4G
--- heartbeat 2026-09-15 07:51:05: pid 791 alive, elapsed 14:00:00, cpu 640 %, rss 1698 MB, tmp 1.8G
[07:53:09] mode 22 q=+1.00: s_min occ 0.9930 vir 0.8369; pre-Löwdin off-diag occ 7.56e-03 vir 1.30e-01; A−B — A−C — µE_h (LNO-MP2 piece A−C —); PM fresh 11.2583 transported 11.258; match 1.000; 4166 s

WARN: Input vhf is not found. Building vhf from SCF MO.

--- heartbeat 2026-09-15 08:51:05: pid 791 alive, elapsed 15:00:00, cpu 639 %, rss 1699 MB, tmp 1.8G
[09:03:39] mode 31 q=-1.00: s_min occ 0.9936 vir 0.8445; pre-Löwdin off-diag occ 4.45e-03 vir 1.14e-01; A−B — A−C — µE_h (LNO-MP2 piece A−C —); PM fresh 11.2542 transported 11.2531; match 1.000; 4230 s

WARN: Input vhf is not found. Building vhf from SCF MO.

--- heartbeat 2026-09-15 09:51:05: pid 791 alive, elapsed 16:00:00, cpu 639 %, rss 1441 MB, tmp 564M
[10:14:03] mode 31 q=-0.50: s_min occ 0.9969 vir 0.9197; pre-Löwdin off-diag occ 2.23e-03 vir 5.68e-02; A−B — A−C — µE_h (LNO-MP2 piece A−C —); PM fresh 11.2579 transported 11.2577; match 1.000; 4224 s

WARN: Input vhf is not found. Building vhf from SCF MO.

--- heartbeat 2026-09-15 10:51:05: pid 791 alive, elapsed 17:00:00, cpu 639 %, rss 1592 MB, tmp 626M
[11:22:52] mode 31 q=+0.00: s_min occ 1.0000 vir 1.0000; pre-Löwdin off-diag occ 4.38e-14 vir 9.73e-13; A−B — A−C — µE_h (LNO-MP2 piece A−C —); PM fresh 11.2589 transported 11.2589; match 1.000; 4129 s

WARN: Input vhf is not found. Building vhf from SCF MO.

--- heartbeat 2026-09-15 11:51:05: pid 791 alive, elapsed 18:00:00, cpu 638 %, rss 1298 MB, tmp 800M
[12:33:20] mode 31 q=+0.50: s_min occ 0.9969 vir 0.9191; pre-Löwdin off-diag occ 2.23e-03 vir 5.68e-02; A−B — A−C — µE_h (LNO-MP2 piece A−C —); PM fresh 11.2569 transported 11.2566; match 1.000; 4228 s

WARN: Input vhf is not found. Building vhf from SCF MO.

--- heartbeat 2026-09-15 12:51:05: pid 791 alive, elapsed 19:00:00, cpu 638 %, rss 1639 MB, tmp 626M
[13:43:58] mode 31 q=+1.00: s_min occ 0.9937 vir 0.8433; pre-Löwdin off-diag occ 4.46e-03 vir 1.14e-01; A−B — A−C — µE_h (LNO-MP2 piece A−C —); PM fresh 11.2521 transported 11.251; match 1.000; 4238 s

# Probe M1 — frozen spaces — naphthalene cc-pvdz, LNO thresholds [1e-06, 1e-07], arms A, 2026-09-15 13:43, Asus18 (WSL), 8 threads

- reference: 24 fragments (one per PM LMO); frozen-space hash `8db57a6aa13ee310…`; arm C at the reference 4403 s
- **stage 0 round trip** E_A(0) − E_C(0) = 0.0001 µE_h (the object reloads; target ≤ 1e-3 µE_h)
- raw energies sealed: `m1_sealed_energies.json`, sha256 `58700bfa37c5fac1…` — not printed

| mode | family | ω (cm⁻¹) | q | s_min occ | off-diag occ | s_min vir | off-diag vir | PM fresh | PM transported | match | A−B (µE_h) | A−C (µE_h) | B−C (µE_h) | s |
|---|---|---|---|---|---|---|---|---|---|---|---|---|---|---|
| 12 | CH-oop | 785 | -1.00 | 0.9903 | 1.2e-02 | 0.6676 | 4.1e-01 | 11.259 | 11.258 | 1.000 | — | — | — | 4278 |
| 12 | CH-oop | 785 | -0.50 | 0.9952 | 6.1e-03 | 0.7948 | 2.0e-01 | 11.259 | 11.259 | 1.000 | — | — | — | 4606 |
| 12 | CH-oop | 785 | +0.00 | 1.0000 | 8.4e-14 | 1.0000 | 9.7e-13 | 11.259 | 11.259 | 1.000 | — | — | — | 4131 |
| 12 | CH-oop | 785 | +0.50 | 0.9952 | 6.1e-03 | 0.7951 | 2.0e-01 | 11.259 | 11.259 | 1.000 | — | — | — | 4121 |
| 12 | CH-oop | 785 | +1.00 | 0.9903 | 1.2e-02 | 0.6681 | 4.1e-01 | 11.259 | 11.258 | 1.000 | — | — | — | 4153 |
| 22 | CH-ip-bend | 1045 | -1.00 | 0.9930 | 7.6e-03 | 0.8368 | 1.3e-01 | 11.258 | 11.258 | 1.000 | — | — | — | 4075 |
| 22 | CH-ip-bend | 1045 | -0.50 | 0.9965 | 3.7e-03 | 0.9148 | 6.5e-02 | 11.259 | 11.259 | 1.000 | — | — | — | 4110 |
| 22 | CH-ip-bend | 1045 | +0.00 | 1.0000 | 3.1e-14 | 1.0000 | 9.7e-13 | 11.259 | 11.259 | 1.000 | — | — | — | 4154 |
| 22 | CH-ip-bend | 1045 | +0.50 | 0.9965 | 3.7e-03 | 0.9149 | 6.5e-02 | 11.259 | 11.259 | 1.000 | — | — | — | 4167 |
| 22 | CH-ip-bend | 1045 | +1.00 | 0.9930 | 7.6e-03 | 0.8369 | 1.3e-01 | 11.258 | 11.258 | 1.000 | — | — | — | 4166 |
| 31 | CC-stretch | 1410 | -1.00 | 0.9936 | 4.5e-03 | 0.8445 | 1.1e-01 | 11.254 | 11.253 | 1.000 | — | — | — | 4230 |
| 31 | CC-stretch | 1410 | -0.50 | 0.9969 | 2.2e-03 | 0.9197 | 5.7e-02 | 11.258 | 11.258 | 1.000 | — | — | — | 4224 |
| 31 | CC-stretch | 1410 | +0.00 | 1.0000 | 4.4e-14 | 1.0000 | 9.7e-13 | 11.259 | 11.259 | 1.000 | — | — | — | 4129 |
| 31 | CC-stretch | 1410 | +0.50 | 0.9969 | 2.2e-03 | 0.9191 | 5.7e-02 | 11.257 | 11.257 | 1.000 | — | — | — | 4228 |
| 31 | CC-stretch | 1410 | +1.00 | 0.9937 | 4.5e-03 | 0.8433 | 1.1e-01 | 11.252 | 11.251 | 1.000 | — | — | — | 4238 |


No verdict is printed (the τ it would be judged against does not exist yet). Printed by probes/m1_frozen_spaces.py.
--- heartbeat 2026-09-15 13:51:05: pid 791 has exited
