[17:42:19] M1: benzene cc-pvdz, thresholds [1e-06, 1e-07], modes [12] (1020 cm⁻¹ CH-ip-bend), 3 points, 8 threads

WARN: Input vhf is not found. Building vhf from SCF MO.

[17:45:08] reference: arm C 170 s; 15 fragments; sizes [(15, 86), (15, 86), (15, 86), (15, 84), (15, 86)]…; frozen-space hash 2a3730c2dad7d202

WARN: Input vhf is not found. Building vhf from SCF MO.

[17:47:53] stage 0 round trip: E_A(0) − E_C(0) = 0.0000 µE_h (target |·| ≤ 1e-3 µE_h = 1e-9 E_h); arm A 165 s

WARN: Input vhf is not found. Building vhf from SCF MO.

[17:50:41] mode 12 q=-1.00: s_min occ 0.9907 vir 0.8695; pre-Löwdin off-diag occ 6.62e-03 vir 1.69e-01; A−B — A−C — µE_h (LNO-MP2 piece A−C —); PM fresh 7.0100 transported 7.0026; match 0.836; 168 s

WARN: Input vhf is not found. Building vhf from SCF MO.

[17:53:29] mode 12 q=+0.00: s_min occ 1.0000 vir 1.0000; pre-Löwdin off-diag occ 1.80e-14 vir 2.02e-12; A−B — A−C — µE_h (LNO-MP2 piece A−C —); PM fresh 6.9998 transported 6.9998; match 1.000; 168 s

WARN: Input vhf is not found. Building vhf from SCF MO.

[17:56:17] mode 12 q=+1.00: s_min occ 0.9943 vir 0.8045; pre-Löwdin off-diag occ 6.97e-03 vir 1.16e-01; A−B — A−C — µE_h (LNO-MP2 piece A−C —); PM fresh 6.9983 transported 6.9962; match 0.964; 168 s

# Probe M1 — frozen spaces — benzene cc-pvdz, LNO thresholds [1e-06, 1e-07], arms A, 2026-09-08 17:56, Asus18 (WSL), 8 threads

- reference: 15 fragments (one per PM LMO); frozen-space hash `2a3730c2dad7d202…`; arm C at the reference 170 s
- **stage 0 round trip** E_A(0) − E_C(0) = 0.0000 µE_h (the object reloads; target ≤ 1e-3 µE_h)
- raw energies sealed: `m1_sealed_energies.json`, sha256 `f456ec9e11487108…` — not printed

| mode | family | ω (cm⁻¹) | q | s_min occ | off-diag occ | s_min vir | off-diag vir | PM fresh | PM transported | match | A−B (µE_h) | A−C (µE_h) | B−C (µE_h) | s |
|---|---|---|---|---|---|---|---|---|---|---|---|---|---|---|
| 12 | CH-ip-bend | 1020 | -1.00 | 0.9907 | 6.6e-03 | 0.8695 | 1.7e-01 | 7.010 | 7.003 | 0.836 | — | — | — | 168 |
| 12 | CH-ip-bend | 1020 | +0.00 | 1.0000 | 1.8e-14 | 1.0000 | 2.0e-12 | 7.000 | 7.000 | 1.000 | — | — | — | 168 |
| 12 | CH-ip-bend | 1020 | +1.00 | 0.9943 | 7.0e-03 | 0.8045 | 1.2e-01 | 6.998 | 6.996 | 0.964 | — | — | — | 168 |


No verdict is printed (the τ it would be judged against does not exist yet). Printed by probes/m1_frozen_spaces.py.
[17:56:17] canonical truth line: benzene cc-pvdz, 3 arm points, 27 already done, 8 threads

# Probe M1 — arms against canonical CCSD(T) — benzene cc-pvdz, arm energy = e_corr_composite, 2026-09-08 17:56, Asus18 (WSL)

Difference E_arm − E_canonical (same DF-RHF reference, frozen core) at each point; fitted per mode as a degree-4 polynomial in q. σ = residual about that fit (the arm's roughness against the truth). a2, a4 = even-part coefficients of the difference (a0 + a2 q² + a4 q⁴ fitted to ½[d(q)+d(−q)]); **2·a2 is the bias the arm puts on the CC curvature** of the mode, given also in cm⁻¹ (E = ½ ω q²). Absolute energies sealed (`canonical_truth_sealed.json`), not printed.

| mode | family | ω (cm⁻¹) | arm | n | σ about deg-4 fit (µE_h) | a2 (µE_h) | a4 (µE_h) | curvature bias 2·a2 (µE_h) | ≈ Δω (cm⁻¹) | d(±1) even (µE_h) | d(±0.5) even (µE_h) |
|---|---|---|---|---|---|---|---|---|---|---|---|
| 12 | CH-ip-bend | 1020 | A | 3 | (fewer than 6 points) | | | | | | |

Reading aid: an arm with small σ is smooth; an arm with small |2·a2| is unbiased. The pipeline needs both. Arm A holds the reference frozen spaces at every q; B transports the occupied LMOs and re-selects LNOs; C is fresh. No verdict (the τ it would be judged against does not exist yet). Printed by probes/m1_canonical_truth.py.
=== smokeA done Tue Sep  8 17:56:17 CEST 2026
