=== detached start Mon Sep 14 07:59:11 CEST 2026: python m1_frozen_spaces.py --basis cc-pvdz --thresh normal --npts 3 --arms A --basis-terms none --tag smoke20260914 --threads 8
[07:59:12] M1: benzene cc-pvdz, thresholds [1e-05, 1e-06], modes [12, 18, 6] (1020 cm⁻¹ CH-ip-bend, 1357 cm⁻¹ CC-stretch, 865 cm⁻¹ CH-oop), 3 points, 8 threads

WARN: Input vhf is not found. Building vhf from SCF MO.

[08:00:48] reference: arm C 96 s; 15 fragments; sizes [(14, 69), (14, 69), (14, 69), (14, 62), (14, 69)]…; frozen-space hash 8d2f6e8639bdfb8c

WARN: Input vhf is not found. Building vhf from SCF MO.

[08:02:26] stage 0 round trip: E_A(0) − E_C(0) = 0.0000 µE_h (target |·| ≤ 1e-3 µE_h = 1e-9 E_h); arm A 97 s

WARN: Input vhf is not found. Building vhf from SCF MO.

[08:04:35] mode 12 q=-1.00: s_min occ 0.9907 vir 0.8721; pre-Löwdin off-diag occ 6.62e-03 vir 1.06e-01; A−B — A−C — µE_h (LNO-MP2 piece A−C —); PM fresh 7.0100 transported 7.0026; match 0.836; 129 s

WARN: Input vhf is not found. Building vhf from SCF MO.

[08:06:15] mode 12 q=+0.00: s_min occ 1.0000 vir 1.0000; pre-Löwdin off-diag occ 8.86e-15 vir 1.02e-12; A−B — A−C — µE_h (LNO-MP2 piece A−C —); PM fresh 6.9998 transported 6.9998; match 1.000; 100 s

WARN: Input vhf is not found. Building vhf from SCF MO.

[08:07:53] mode 12 q=+1.00: s_min occ 0.9943 vir 0.8087; pre-Löwdin off-diag occ 6.97e-03 vir 9.83e-02; A−B — A−C — µE_h (LNO-MP2 piece A−C —); PM fresh 6.9983 transported 6.9962; match 0.964; 98 s

WARN: Input vhf is not found. Building vhf from SCF MO.

[08:09:37] mode 18 q=-1.00: s_min occ 0.9922 vir 0.8915; pre-Löwdin off-diag occ 3.64e-03 vir 1.26e-01; A−B — A−C — µE_h (LNO-MP2 piece A−C —); PM fresh 7.0842 transported 6.926; match 0.771; 103 s

WARN: Input vhf is not found. Building vhf from SCF MO.

[08:11:15] mode 18 q=+0.00: s_min occ 1.0000 vir 1.0000; pre-Löwdin off-diag occ 6.55e-15 vir 1.07e-12; A−B — A−C — µE_h (LNO-MP2 piece A−C —); PM fresh 6.9998 transported 6.9998; match 1.000; 99 s

WARN: Input vhf is not found. Building vhf from SCF MO.

[08:13:00] mode 18 q=+1.00: s_min occ 0.9922 vir 0.8934; pre-Löwdin off-diag occ 3.64e-03 vir 1.28e-01; A−B — A−C — µE_h (LNO-MP2 piece A−C —); PM fresh 7.0842 transported 7.0698; match 0.988; 105 s

WARN: Input vhf is not found. Building vhf from SCF MO.

[08:14:39] mode 6 q=-1.00: s_min occ 0.9860 vir 0.8183; pre-Löwdin off-diag occ 1.80e-02 vir 1.59e-01; A−B — A−C — µE_h (LNO-MP2 piece A−C —); PM fresh 6.9991 transported 6.9974; match 0.837; 98 s

WARN: Input vhf is not found. Building vhf from SCF MO.

[08:16:17] mode 6 q=+0.00: s_min occ 1.0000 vir 1.0000; pre-Löwdin off-diag occ 4.22e-14 vir 1.06e-12; A−B — A−C — µE_h (LNO-MP2 piece A−C —); PM fresh 6.9998 transported 6.9998; match 1.000; 98 s

WARN: Input vhf is not found. Building vhf from SCF MO.

[08:17:53] mode 6 q=+1.00: s_min occ 0.9860 vir 0.8183; pre-Löwdin off-diag occ 1.80e-02 vir 1.59e-01; A−B — A−C — µE_h (LNO-MP2 piece A−C —); PM fresh 6.9991 transported 6.9974; match 0.838; 96 s

# Probe M1 — frozen spaces — benzene cc-pvdz, LNO thresholds [1e-05, 1e-06], arms A, 2026-09-14 08:17, Asus18 (WSL), 8 threads

- reference: 15 fragments (one per PM LMO); frozen-space hash `8d2f6e8639bdfb8c…`; arm C at the reference 96 s
- **stage 0 round trip** E_A(0) − E_C(0) = 0.0000 µE_h (the object reloads; target ≤ 1e-3 µE_h)
- raw energies sealed: `m1_sealed_energies.json`, sha256 `0fbfb4c15d9d3356…` — not printed

| mode | family | ω (cm⁻¹) | q | s_min occ | off-diag occ | s_min vir | off-diag vir | PM fresh | PM transported | match | A−B (µE_h) | A−C (µE_h) | B−C (µE_h) | s |
|---|---|---|---|---|---|---|---|---|---|---|---|---|---|---|
| 12 | CH-ip-bend | 1020 | -1.00 | 0.9907 | 6.6e-03 | 0.8721 | 1.1e-01 | 7.010 | 7.003 | 0.836 | — | — | — | 129 |
| 12 | CH-ip-bend | 1020 | +0.00 | 1.0000 | 8.9e-15 | 1.0000 | 1.0e-12 | 7.000 | 7.000 | 1.000 | — | — | — | 100 |
| 12 | CH-ip-bend | 1020 | +1.00 | 0.9943 | 7.0e-03 | 0.8087 | 9.8e-02 | 6.998 | 6.996 | 0.964 | — | — | — | 98 |
| 18 | CC-stretch | 1357 | -1.00 | 0.9922 | 3.6e-03 | 0.8915 | 1.3e-01 | 7.084 | 6.926 | 0.771 | — | — | — | 103 |
| 18 | CC-stretch | 1357 | +0.00 | 1.0000 | 6.5e-15 | 1.0000 | 1.1e-12 | 7.000 | 7.000 | 1.000 | — | — | — | 99 |
| 18 | CC-stretch | 1357 | +1.00 | 0.9922 | 3.6e-03 | 0.8934 | 1.3e-01 | 7.084 | 7.070 | 0.988 | — | — | — | 105 |
| 6 | CH-oop | 865 | -1.00 | 0.9860 | 1.8e-02 | 0.8183 | 1.6e-01 | 6.999 | 6.997 | 0.837 | — | — | — | 98 |
| 6 | CH-oop | 865 | +0.00 | 1.0000 | 4.2e-14 | 1.0000 | 1.1e-12 | 7.000 | 7.000 | 1.000 | — | — | — | 98 |
| 6 | CH-oop | 865 | +1.00 | 0.9860 | 1.8e-02 | 0.8183 | 1.6e-01 | 6.999 | 6.997 | 0.838 | — | — | — | 96 |


No verdict is printed (the τ it would be judged against does not exist yet). Printed by probes/m1_frozen_spaces.py.
--- heartbeat 2026-09-14 08:59:11: pid 9763 has exited
