
=== n=45: training targets per family (count / median / p5 / p95): {'CH-stretch': (386, 43.3, 41.7, 47.1), 'CH-oop': (230, 20.5, 10.5, 33.5), 'ring-ip': (1141, 11.6, -13.6, 38.0), 'other': (1210, 9.9, 3.7, 30.1)}
train RMS all: 2.86
  A_b90527ca2d     other RMS    8.4 (15 modes) | ring   6.3 | worst modes: other -37 cm-1 target +31.2 pred +11.4, ring-ip 1372 cm-1 target -17.2 pred +2.2, other 178 cm-1 target +12.1 pred -6.3
  A_fdc27f1bd1     other RMS    6.3 (22 modes) | ring   8.4 | worst modes: ring-ip 1348 cm-1 target -35.9 pred -11.4, other 71 cm-1 target +29.0 pred +7.7, ring-ip 1315 cm-1 target -21.2 pred -1.4
  A_8448043181     other RMS   21.8 (5 modes) | ring  50.4 | worst modes: ring-ip 1199 cm-1 target +151.4 pred -10.6, ring-ip 1206 cm-1 target +57.9 pred -9.3, other 645 cm-1 target -36.7 pred +5.1
  A_e72997e726     other RMS    8.0 (25 modes) | ring  10.3 | worst modes: ring-ip 1167 cm-1 target +23.4 pred -9.5, other 246 cm-1 target +21.8 pred -4.9, ring-ip 1393 cm-1 target -26.7 pred -3.6
  A_541c53d1a5     other RMS    1.9 (20 modes) | ring   6.0 | worst modes: ring-ip 1387 cm-1 target -21.8 pred -3.3, ring-ip 1238 cm-1 target -11.4 pred +1.0, ring-ip 1174 cm-1 target +3.7 pred -8.3
  A_78896cfe24     other RMS   17.3 (30 modes) | ring   6.7 | worst modes: other -48 cm-1 target -108.7 pred -15.6, ring-ip 1367 cm-1 target -41.0 pred -16.0, ring-ip 1382 cm-1 target +19.2 pred +1.2
  A_428228e5a5     other RMS    2.4 (23 modes) | ring   9.1 | worst modes: ring-ip 1356 cm-1 target -13.5 pred +7.8, ring-ip 1193 cm-1 target -5.5 pred +13.6, ring-ip 1412 cm-1 target -13.2 pred +5.1
  A_07cadc7923     other RMS    8.6 (20 modes) | ring   5.1 | worst modes: other 60 cm-1 target +47.3 pred +82.8, other 594 cm-1 target +32.8 pred +20.8, ring-ip 1429 cm-1 target -2.0 pred +8.4
  A_08dde334d8     other RMS    6.2 (25 modes) | ring   8.0 | worst modes: ring-ip 1350 cm-1 target -15.7 pred +6.2, other 66 cm-1 target +27.5 pred +8.2, ring-ip 1349 cm-1 target -9.6 pred +6.2
  A_3100da3761     other RMS    7.6 (10 modes) | ring   8.7 | worst modes: ring-ip 1227 cm-1 target +17.7 pred -6.2, other 165 cm-1 target +26.5 pred +8.7, ring-ip 1339 cm-1 target -26.6 pred -14.7
  A_bce5bae234     other RMS    1.8 (20 modes) | ring   5.6 | worst modes: ring-ip 1167 cm-1 target +5.6 pred -10.1, ring-ip 1395 cm-1 target -16.2 pred -3.1, ring-ip 1330 cm-1 target -4.6 pred -16.7
  A_72b86c2331     other RMS    6.7 (16 modes) | ring   7.0 | worst modes: ring-ip 1643 cm-1 target +56.2 pred +37.1, other 215 cm-1 target +8.5 pred -6.5, other 107 cm-1 target +15.3 pred +3.5
  other RMS ranking: [(21.8, 'A_8448043181'), (17.3, 'A_78896cfe24'), (8.6, 'A_07cadc7923'), (8.4, 'A_b90527ca2d'), (8.0, 'A_e72997e726')]

=== n=191: training targets per family (count / median / p5 / p95): {'CH-stretch': (1656, 43.4, 41.7, 47.8), 'CH-oop': (1054, 21.1, 10.2, 33.9), 'ring-ip': (4709, 11.1, -13.0, 38.5), 'other': (4869, 10.1, 3.6, 30.9)}
train RMS all: 4.2
  A_b90527ca2d     other RMS   93.6 (15 modes) | ring   5.3 | worst modes: other -37 cm-1 target +31.2 pred +393.7, ring-ip 1372 cm-1 target -17.2 pred -4.0, CH-oop 897 cm-1 target +13.4 pred +25.7
  A_fdc27f1bd1     other RMS    4.5 (22 modes) | ring   4.4 | worst modes: other 97 cm-1 target +14.4 pred +27.7, ring-ip 1221 cm-1 target +1.7 pred -8.2, ring-ip 1315 cm-1 target -21.2 pred -11.6
  A_8448043181     other RMS   19.1 (5 modes) | ring  47.7 | worst modes: ring-ip 1199 cm-1 target +151.4 pred -6.7, ring-ip 1206 cm-1 target +57.9 pred -4.8, other 645 cm-1 target -36.7 pred +0.9
  A_e72997e726     other RMS    6.3 (25 modes) | ring   7.9 | worst modes: ring-ip 1167 cm-1 target +23.4 pred -2.1, other 928 cm-1 target +28.1 pred +13.4, other 246 cm-1 target +21.8 pred +9.1
  A_541c53d1a5     other RMS    1.7 (20 modes) | ring   4.2 | worst modes: ring-ip 1238 cm-1 target -11.4 pred +0.8, ring-ip 1187 cm-1 target -12.6 pred -4.7, ring-ip 1391 cm-1 target -5.3 pred -12.7
  A_78896cfe24     other RMS   25.4 (30 modes) | ring   5.5 | worst modes: other -48 cm-1 target -108.7 pred +29.1, ring-ip 1367 cm-1 target -41.0 pred -21.6, ring-ip 1185 cm-1 target -20.3 pred -8.8
  A_428228e5a5     other RMS    2.9 (23 modes) | ring   5.7 | worst modes: ring-ip 1244 cm-1 target -6.7 pred +6.7, ring-ip 1659 cm-1 target +25.4 pred +37.4, ring-ip 1417 cm-1 target -0.1 pred +11.2
  A_07cadc7923     other RMS    2.1 (20 modes) | ring   4.5 | worst modes: ring-ip 1429 cm-1 target -2.0 pred +9.7, CH-oop 651 cm-1 target +24.6 pred +13.4, ring-ip 1281 cm-1 target +10.0 pred +2.8
  A_08dde334d8     other RMS    3.5 (25 modes) | ring   5.4 | worst modes: ring-ip 1216 cm-1 target +4.9 pred -9.8, ring-ip 1210 cm-1 target +4.5 pred -8.9, ring-ip 1350 cm-1 target -15.7 pred -5.2
  A_3100da3761     other RMS    6.5 (10 modes) | ring   3.1 | worst modes: other 165 cm-1 target +26.5 pred +9.6, other 147 cm-1 target +23.6 pred +14.5, ring-ip 1211 cm-1 target +3.1 pred -4.2
  A_bce5bae234     other RMS    2.0 (20 modes) | ring   3.3 | worst modes: CH-oop 878 cm-1 target +11.8 pred +22.5, ring-ip 1167 cm-1 target +5.6 pred -3.3, ring-ip 1395 cm-1 target -16.2 pred -7.5
  A_72b86c2331     other RMS    6.5 (16 modes) | ring   6.3 | worst modes: other 150 cm-1 target +12.7 pred +35.3, ring-ip 1643 cm-1 target +56.2 pred +37.3, ring-ip 1722 cm-1 target +25.8 pred +39.1
  other RMS ranking: [(93.6, 'A_b90527ca2d'), (25.4, 'A_78896cfe24'), (19.1, 'A_8448043181'), (6.5, 'A_72b86c2331'), (6.5, 'A_3100da3761')]
