analytic second-route Hessians substituted for 27 molecules
799 molecules; pool 1; hold-out (a) 1, (b) 1 (['fluoranthene', 'fluorene']); sizes [1]; seeds [0]; epochs 5000; threads 2; model 171,554 parameters, sum aggregation
  fresh sum body pre-flight: worst |output| 3.74 on the training molecules
    seed 0 epoch 1/5000: loss main 6.015e-05 aux 5.439 (0 s)
    seed 0 epoch 10/5000: loss main 1.063e-05 aux 1.409 (0 s)
    seed 0 epoch 20/5000: loss main 8.95e-06 aux 1.538 (0 s)
    seed 0 epoch 30/5000: loss main 1.08e-05 aux 0.7319 (0 s)
    seed 0 epoch 40/5000: loss main 8.317e-06 aux 0.6939 (0 s)
    seed 0 epoch 50/5000: loss main 6.417e-06 aux 1.294 (1 s)
    seed 0 epoch 60/5000: loss main 6.499e-06 aux 0.6754 (1 s)
    seed 0 epoch 70/5000: loss main 6.552e-06 aux 0.6791 (1 s)
    seed 0 epoch 80/5000: loss main 7.288e-06 aux 0.654 (1 s)
    seed 0 epoch 90/5000: loss main 6.079e-06 aux 0.6141 (1 s)
    seed 0 epoch 100/5000: loss main 4.989e-06 aux 0.6557 (1 s)
    seed 0 epoch 110/5000: loss main 4.769e-06 aux 0.7037 (1 s)
    seed 0 epoch 120/5000: loss main 4.892e-06 aux 0.6823 (1 s)
    seed 0 epoch 130/5000: loss main 3.314e-06 aux 0.5424 (2 s)
    seed 0 epoch 140/5000: loss main 3.076e-06 aux 0.6085 (2 s)
    seed 0 epoch 150/5000: loss main 2.797e-06 aux 0.5368 (2 s)
    seed 0 epoch 160/5000: loss main 2.822e-06 aux 0.5353 (2 s)
    seed 0 epoch 170/5000: loss main 2.312e-06 aux 0.515 (2 s)
    seed 0 epoch 180/5000: loss main 2.41e-06 aux 0.5097 (2 s)
    seed 0 epoch 190/5000: loss main 2.215e-06 aux 0.4942 (2 s)
    seed 0 epoch 200/5000: loss main 2.145e-06 aux 0.4964 (2 s)
    seed 0 epoch 210/5000: loss main 2.067e-06 aux 0.5061 (3 s)
    seed 0 epoch 220/5000: loss main 2.157e-06 aux 0.4755 (3 s)
    seed 0 epoch 230/5000: loss main 1.957e-06 aux 0.4794 (3 s)
    seed 0 epoch 240/5000: loss main 1.958e-06 aux 0.4694 (3 s)
    seed 0 epoch 250/5000: loss main 1.952e-06 aux 0.4547 (3 s)
    seed 0 epoch 260/5000: loss main 1.943e-06 aux 0.4474 (3 s)
    seed 0 epoch 270/5000: loss main 2.022e-06 aux 0.4787 (3 s)
    seed 0 epoch 280/5000: loss main 1.988e-06 aux 0.4619 (3 s)
    seed 0 epoch 290/5000: loss main 1.941e-06 aux 0.4514 (3 s)
    seed 0 epoch 300/5000: loss main 1.95e-06 aux 0.4546 (4 s)
    seed 0 epoch 310/5000: loss main 1.936e-06 aux 0.4373 (4 s)
    seed 0 epoch 320/5000: loss main 1.917e-06 aux 0.4326 (4 s)
    seed 0 epoch 330/5000: loss main 1.941e-06 aux 0.429 (4 s)
    seed 0 epoch 340/5000: loss main 1.941e-06 aux 0.4298 (4 s)
    seed 0 epoch 350/5000: loss main 1.924e-06 aux 0.4254 (4 s)
    seed 0 epoch 360/5000: loss main 1.913e-06 aux 0.4214 (4 s)
    seed 0 epoch 370/5000: loss main 1.947e-06 aux 0.4564 (4 s)
    seed 0 epoch 380/5000: loss main 2.149e-06 aux 0.5484 (4 s)
    seed 0 epoch 390/5000: loss main 2.292e-06 aux 0.4726 (5 s)
    seed 0 epoch 400/5000: loss main 1.93e-06 aux 0.4309 (5 s)
    seed 0 epoch 410/5000: loss main 1.903e-06 aux 0.4214 (5 s)
    seed 0 epoch 420/5000: loss main 1.911e-06 aux 0.4157 (5 s)
    seed 0 epoch 430/5000: loss main 1.857e-06 aux 0.4118 (5 s)
    seed 0 epoch 440/5000: loss main 1.879e-06 aux 0.42 (5 s)
    seed 0 epoch 450/5000: loss main 2.011e-06 aux 0.4479 (5 s)
    seed 0 epoch 460/5000: loss main 1.992e-06 aux 0.4242 (5 s)
    seed 0 epoch 470/5000: loss main 1.919e-06 aux 0.4264 (6 s)
    seed 0 epoch 480/5000: loss main 1.975e-06 aux 0.417 (6 s)
    seed 0 epoch 490/5000: loss main 1.877e-06 aux 0.4138 (6 s)
    seed 0 epoch 500/5000: loss main 1.904e-06 aux 0.4101 (6 s)
    seed 0 epoch 510/5000: loss main 1.867e-06 aux 0.4069 (6 s)
    seed 0 epoch 520/5000: loss main 1.953e-06 aux 0.4121 (6 s)
    seed 0 epoch 530/5000: loss main 1.865e-06 aux 0.4028 (6 s)
    seed 0 epoch 540/5000: loss main 1.864e-06 aux 0.3999 (6 s)
    seed 0 epoch 550/5000: loss main 1.868e-06 aux 0.3971 (7 s)
    seed 0 epoch 560/5000: loss main 1.875e-06 aux 0.3973 (7 s)
    seed 0 epoch 570/5000: loss main 1.925e-06 aux 0.3965 (7 s)
    seed 0 epoch 580/5000: loss main 1.875e-06 aux 0.3977 (7 s)
    seed 0 epoch 590/5000: loss main 1.9e-06 aux 0.3944 (7 s)
    seed 0 epoch 600/5000: loss main 1.906e-06 aux 0.3953 (7 s)
    seed 0 epoch 610/5000: loss main 1.879e-06 aux 0.3893 (7 s)
    seed 0 epoch 620/5000: loss main 1.879e-06 aux 0.3884 (7 s)
    seed 0 epoch 630/5000: loss main 1.873e-06 aux 0.3869 (8 s)
    seed 0 epoch 640/5000: loss main 2.999e-06 aux 0.4712 (8 s)
    seed 0 epoch 650/5000: loss main 2.037e-06 aux 0.41 (8 s)
    seed 0 epoch 660/5000: loss main 2.007e-06 aux 0.3988 (8 s)
    seed 0 epoch 670/5000: loss main 1.864e-06 aux 0.3887 (8 s)
    seed 0 epoch 680/5000: loss main 1.834e-06 aux 0.3876 (8 s)
    seed 0 epoch 690/5000: loss main 1.827e-06 aux 0.3842 (8 s)
    seed 0 epoch 700/5000: loss main 1.873e-06 aux 0.3879 (8 s)
    seed 0 epoch 710/5000: loss main 1.855e-06 aux 0.3849 (9 s)
    seed 0 epoch 720/5000: loss main 1.87e-06 aux 0.3841 (9 s)
    seed 0 epoch 730/5000: loss main 1.885e-06 aux 0.3925 (9 s)
    seed 0 epoch 740/5000: loss main 1.861e-06 aux 0.3808 (9 s)
    seed 0 epoch 750/5000: loss main 1.853e-06 aux 0.3824 (9 s)
    seed 0 epoch 760/5000: loss main 1.858e-06 aux 0.3819 (9 s)
    seed 0 epoch 770/5000: loss main 1.871e-06 aux 0.3771 (9 s)
    seed 0 epoch 780/5000: loss main 1.855e-06 aux 0.3758 (9 s)
    seed 0 epoch 790/5000: loss main 1.871e-06 aux 0.3945 (10 s)
    seed 0 epoch 800/5000: loss main 1.879e-06 aux 0.3922 (10 s)
    seed 0 epoch 810/5000: loss main 1.856e-06 aux 0.3875 (10 s)
    seed 0 epoch 820/5000: loss main 1.974e-06 aux 0.3935 (10 s)
    seed 0 epoch 830/5000: loss main 1.843e-06 aux 0.3827 (10 s)
    seed 0 epoch 840/5000: loss main 1.875e-06 aux 0.3806 (10 s)
    seed 0 epoch 850/5000: loss main 1.839e-06 aux 0.3767 (10 s)
    seed 0 epoch 860/5000: loss main 1.869e-06 aux 0.3789 (10 s)
    seed 0 epoch 870/5000: loss main 1.862e-06 aux 0.3831 (10 s)
    seed 0 epoch 880/5000: loss main 1.841e-06 aux 0.374 (11 s)
    seed 0 epoch 890/5000: loss main 1.847e-06 aux 0.3742 (11 s)
    seed 0 epoch 900/5000: loss main 1.849e-06 aux 0.3706 (11 s)
    seed 0 epoch 910/5000: loss main 1.866e-06 aux 0.3747 (11 s)
    seed 0 epoch 920/5000: loss main 1.862e-06 aux 0.3753 (11 s)
    seed 0 epoch 930/5000: loss main 1.9e-06 aux 0.3868 (11 s)
    seed 0 epoch 940/5000: loss main 1.887e-06 aux 0.3711 (11 s)
    seed 0 epoch 950/5000: loss main 2.031e-06 aux 0.4018 (11 s)
    seed 0 epoch 960/5000: loss main 1.936e-06 aux 0.3922 (12 s)
    seed 0 epoch 970/5000: loss main 1.95e-06 aux 0.4003 (12 s)
    seed 0 epoch 980/5000: loss main 2.204e-06 aux 0.4031 (12 s)
    seed 0 epoch 990/5000: loss main 1.853e-06 aux 0.3731 (12 s)
    seed 0 epoch 1000/5000: loss main 1.829e-06 aux 0.3691 (12 s)
    seed 0 epoch 1010/5000: loss main 1.826e-06 aux 0.3665 (12 s)
    seed 0 epoch 1020/5000: loss main 1.835e-06 aux 0.3638 (12 s)
    seed 0 epoch 1030/5000: loss main 1.917e-06 aux 0.3696 (12 s)
    seed 0 epoch 1040/5000: loss main 1.849e-06 aux 0.3637 (13 s)
    seed 0 epoch 1050/5000: loss main 1.866e-06 aux 0.3673 (13 s)
    seed 0 epoch 1060/5000: loss main 1.866e-06 aux 0.3602 (13 s)
    seed 0 epoch 1070/5000: loss main 1.892e-06 aux 0.3606 (13 s)
    seed 0 epoch 1080/5000: loss main 1.865e-06 aux 0.3589 (13 s)
    seed 0 epoch 1090/5000: loss main 1.963e-06 aux 0.404 (13 s)
    seed 0 epoch 1100/5000: loss main 1.855e-06 aux 0.364 (13 s)
    seed 0 epoch 1110/5000: loss main 1.868e-06 aux 0.3607 (13 s)
    seed 0 epoch 1120/5000: loss main 1.899e-06 aux 0.3597 (14 s)
    seed 0 epoch 1130/5000: loss main 1.869e-06 aux 0.3568 (14 s)
    seed 0 epoch 1140/5000: loss main 1.938e-06 aux 0.3774 (14 s)
    seed 0 epoch 1150/5000: loss main 1.898e-06 aux 0.3653 (14 s)
    seed 0 epoch 1160/5000: loss main 1.91e-06 aux 0.3769 (14 s)
    seed 0 epoch 1170/5000: loss main 1.931e-06 aux 0.4144 (14 s)
    seed 0 epoch 1180/5000: loss main 2.02e-06 aux 0.406 (14 s)
    seed 0 epoch 1190/5000: loss main 1.836e-06 aux 0.3687 (14 s)
    seed 0 epoch 1200/5000: loss main 1.834e-06 aux 0.3673 (15 s)
    seed 0 epoch 1210/5000: loss main 1.884e-06 aux 0.3791 (15 s)
    seed 0 epoch 1220/5000: loss main 1.85e-06 aux 0.3703 (15 s)
    seed 0 epoch 1230/5000: loss main 1.907e-06 aux 0.371 (15 s)
    seed 0 epoch 1240/5000: loss main 1.859e-06 aux 0.3687 (15 s)
    seed 0 epoch 1250/5000: loss main 1.903e-06 aux 0.3717 (15 s)
    seed 0 epoch 1260/5000: loss main 1.866e-06 aux 0.3711 (15 s)
    seed 0 epoch 1270/5000: loss main 1.899e-06 aux 0.3665 (15 s)
    seed 0 epoch 1280/5000: loss main 1.876e-06 aux 0.3707 (15 s)
    seed 0 epoch 1290/5000: loss main 1.902e-06 aux 0.37 (16 s)
    seed 0 epoch 1300/5000: loss main 1.863e-06 aux 0.3651 (16 s)
    seed 0 epoch 1310/5000: loss main 1.865e-06 aux 0.3577 (16 s)
    seed 0 epoch 1320/5000: loss main 1.887e-06 aux 0.3741 (16 s)
    seed 0 epoch 1330/5000: loss main 1.866e-06 aux 0.3564 (16 s)
    seed 0 epoch 1340/5000: loss main 1.863e-06 aux 0.3511 (16 s)
    seed 0 epoch 1350/5000: loss main 1.879e-06 aux 0.3512 (16 s)
    seed 0 epoch 1360/5000: loss main 1.886e-06 aux 0.3488 (16 s)
    seed 0 epoch 1370/5000: loss main 1.915e-06 aux 0.3599 (17 s)
    seed 0 epoch 1380/5000: loss main 2.032e-06 aux 0.4249 (17 s)
    seed 0 epoch 1390/5000: loss main 1.874e-06 aux 0.3607 (17 s)
    seed 0 epoch 1400/5000: loss main 1.968e-06 aux 0.3664 (17 s)
    seed 0 epoch 1410/5000: loss main 1.863e-06 aux 0.3607 (17 s)
    seed 0 epoch 1420/5000: loss main 1.849e-06 aux 0.3589 (17 s)
    seed 0 epoch 1430/5000: loss main 1.904e-06 aux 0.3595 (17 s)
    seed 0 epoch 1440/5000: loss main 1.854e-06 aux 0.3595 (17 s)
    seed 0 epoch 1450/5000: loss main 1.869e-06 aux 0.3542 (18 s)
    seed 0 epoch 1460/5000: loss main 1.849e-06 aux 0.3543 (18 s)
    seed 0 epoch 1470/5000: loss main 1.87e-06 aux 0.351 (18 s)
    seed 0 epoch 1480/5000: loss main 1.86e-06 aux 0.3493 (18 s)
    seed 0 epoch 1490/5000: loss main 1.863e-06 aux 0.3467 (18 s)
    seed 0 epoch 1500/5000: loss main 1.879e-06 aux 0.3457 (18 s)
    seed 0 epoch 1510/5000: loss main 1.888e-06 aux 0.3456 (18 s)
    seed 0 epoch 1520/5000: loss main 1.895e-06 aux 0.3459 (18 s)
    seed 0 epoch 1530/5000: loss main 1.896e-06 aux 0.3424 (19 s)
    seed 0 epoch 1540/5000: loss main 1.904e-06 aux 0.342 (19 s)
    seed 0 epoch 1550/5000: loss main 1.909e-06 aux 0.3436 (19 s)
    seed 0 epoch 1560/5000: loss main 1.911e-06 aux 0.3496 (19 s)
    seed 0 epoch 1570/5000: loss main 1.934e-06 aux 0.3846 (19 s)
    seed 0 epoch 1580/5000: loss main 1.98e-06 aux 0.3908 (19 s)
    seed 0 epoch 1590/5000: loss main 2.237e-06 aux 0.3755 (19 s)
    seed 0 epoch 1600/5000: loss main 1.825e-06 aux 0.3527 (20 s)
    seed 0 epoch 1610/5000: loss main 1.81e-06 aux 0.3642 (20 s)
    seed 0 epoch 1620/5000: loss main 1.847e-06 aux 0.3596 (20 s)
    seed 0 epoch 1630/5000: loss main 1.799e-06 aux 0.3505 (20 s)
    seed 0 epoch 1640/5000: loss main 1.85e-06 aux 0.3567 (20 s)
    seed 0 epoch 1650/5000: loss main 1.804e-06 aux 0.3535 (20 s)
    seed 0 epoch 1660/5000: loss main 1.845e-06 aux 0.3465 (20 s)
    seed 0 epoch 1670/5000: loss main 1.828e-06 aux 0.3451 (20 s)
    seed 0 epoch 1680/5000: loss main 1.862e-06 aux 0.3493 (20 s)
    seed 0 epoch 1690/5000: loss main 1.831e-06 aux 0.3418 (21 s)
    seed 0 epoch 1700/5000: loss main 1.842e-06 aux 0.343 (21 s)
    seed 0 epoch 1710/5000: loss main 1.848e-06 aux 0.3424 (21 s)
    seed 0 epoch 1720/5000: loss main 1.854e-06 aux 0.3387 (21 s)
    seed 0 epoch 1730/5000: loss main 1.869e-06 aux 0.3381 (21 s)
    seed 0 epoch 1740/5000: loss main 1.878e-06 aux 0.3373 (21 s)
    seed 0 epoch 1750/5000: loss main 1.884e-06 aux 0.3367 (21 s)
    seed 0 epoch 1760/5000: loss main 1.876e-06 aux 0.341 (21 s)
    seed 0 epoch 1770/5000: loss main 1.871e-06 aux 0.3366 (22 s)
    seed 0 epoch 1780/5000: loss main 1.877e-06 aux 0.3358 (22 s)
    seed 0 epoch 1790/5000: loss main 1.884e-06 aux 0.3386 (22 s)
    seed 0 epoch 1800/5000: loss main 1.881e-06 aux 0.338 (22 s)
    seed 0 epoch 1810/5000: loss main 1.88e-06 aux 0.3389 (22 s)
    seed 0 epoch 1820/5000: loss main 1.882e-06 aux 0.3347 (22 s)
    seed 0 epoch 1830/5000: loss main 1.878e-06 aux 0.3334 (22 s)
    seed 0 epoch 1840/5000: loss main 1.883e-06 aux 0.3665 (22 s)
    seed 0 epoch 1850/5000: loss main 1.916e-06 aux 0.3514 (22 s)
    seed 0 epoch 1860/5000: loss main 1.833e-06 aux 0.3412 (23 s)
    seed 0 epoch 1870/5000: loss main 1.849e-06 aux 0.3415 (23 s)
    seed 0 epoch 1880/5000: loss main 1.831e-06 aux 0.3508 (23 s)
    seed 0 epoch 1890/5000: loss main 1.836e-06 aux 0.341 (23 s)
    seed 0 epoch 1900/5000: loss main 1.824e-06 aux 0.3334 (23 s)
    seed 0 epoch 1910/5000: loss main 1.841e-06 aux 0.332 (23 s)
    seed 0 epoch 1920/5000: loss main 1.853e-06 aux 0.3325 (23 s)
    seed 0 epoch 1930/5000: loss main 1.862e-06 aux 0.3375 (23 s)
    seed 0 epoch 1940/5000: loss main 1.861e-06 aux 0.3342 (24 s)
    seed 0 epoch 1950/5000: loss main 1.855e-06 aux 0.3322 (24 s)
    seed 0 epoch 1960/5000: loss main 1.856e-06 aux 0.3297 (24 s)
    seed 0 epoch 1970/5000: loss main 1.86e-06 aux 0.3304 (24 s)
    seed 0 epoch 1980/5000: loss main 1.856e-06 aux 0.3311 (24 s)
    seed 0 epoch 1990/5000: loss main 1.856e-06 aux 0.3304 (24 s)
    seed 0 epoch 2000/5000: loss main 1.86e-06 aux 0.334 (24 s)
    seed 0 epoch 2010/5000: loss main 1.845e-06 aux 0.3315 (24 s)
    seed 0 epoch 2020/5000: loss main 1.799e-06 aux 0.3407 (24 s)
    seed 0 epoch 2030/5000: loss main 1.822e-06 aux 0.334 (25 s)
    seed 0 epoch 2040/5000: loss main 1.792e-06 aux 0.3345 (25 s)
    seed 0 epoch 2050/5000: loss main 1.869e-06 aux 0.3543 (25 s)
    seed 0 epoch 2060/5000: loss main 1.795e-06 aux 0.3314 (25 s)
    seed 0 epoch 2070/5000: loss main 1.802e-06 aux 0.3401 (25 s)
    seed 0 epoch 2080/5000: loss main 1.791e-06 aux 0.3339 (25 s)
    seed 0 epoch 2090/5000: loss main 1.789e-06 aux 0.3313 (25 s)
    seed 0 epoch 2100/5000: loss main 1.798e-06 aux 0.3274 (25 s)
    seed 0 epoch 2110/5000: loss main 1.808e-06 aux 0.3263 (25 s)
    seed 0 epoch 2120/5000: loss main 1.829e-06 aux 0.3266 (26 s)
    seed 0 epoch 2130/5000: loss main 1.829e-06 aux 0.3268 (26 s)
    seed 0 epoch 2140/5000: loss main 1.839e-06 aux 0.3356 (26 s)
    seed 0 epoch 2150/5000: loss main 1.828e-06 aux 0.3321 (26 s)
    seed 0 epoch 2160/5000: loss main 1.825e-06 aux 0.3247 (26 s)
    seed 0 epoch 2170/5000: loss main 1.827e-06 aux 0.324 (26 s)
    seed 0 epoch 2180/5000: loss main 1.847e-06 aux 0.3252 (26 s)
    seed 0 epoch 2190/5000: loss main 1.787e-06 aux 0.3338 (26 s)
    seed 0 epoch 2200/5000: loss main 1.853e-06 aux 0.3599 (27 s)
    seed 0 epoch 2210/5000: loss main 1.904e-06 aux 0.3857 (27 s)
    seed 0 epoch 2220/5000: loss main 2.143e-06 aux 0.3496 (27 s)
    seed 0 epoch 2230/5000: loss main 1.755e-06 aux 0.3283 (27 s)
    seed 0 epoch 2240/5000: loss main 1.73e-06 aux 0.3263 (27 s)
    seed 0 epoch 2250/5000: loss main 1.729e-06 aux 0.3244 (27 s)
    seed 0 epoch 2260/5000: loss main 1.772e-06 aux 0.3229 (27 s)
    seed 0 epoch 2270/5000: loss main 1.793e-06 aux 0.3285 (27 s)
    seed 0 epoch 2280/5000: loss main 1.794e-06 aux 0.3353 (27 s)
    seed 0 epoch 2290/5000: loss main 1.745e-06 aux 0.3355 (28 s)
    seed 0 epoch 2300/5000: loss main 1.773e-06 aux 0.3368 (28 s)
    seed 0 epoch 2310/5000: loss main 1.735e-06 aux 0.331 (28 s)
    seed 0 epoch 2320/5000: loss main 1.771e-06 aux 0.3348 (28 s)
    seed 0 epoch 2330/5000: loss main 1.734e-06 aux 0.3323 (28 s)
    seed 0 epoch 2340/5000: loss main 1.767e-06 aux 0.3357 (28 s)
    seed 0 epoch 2350/5000: loss main 1.732e-06 aux 0.3345 (28 s)
    seed 0 epoch 2360/5000: loss main 1.763e-06 aux 0.3339 (28 s)
    seed 0 epoch 2370/5000: loss main 1.727e-06 aux 0.3296 (29 s)
    seed 0 epoch 2380/5000: loss main 1.753e-06 aux 0.3305 (29 s)
    seed 0 epoch 2390/5000: loss main 1.729e-06 aux 0.3316 (29 s)
    seed 0 epoch 2400/5000: loss main 1.752e-06 aux 0.332 (29 s)
    seed 0 epoch 2410/5000: loss main 1.722e-06 aux 0.3301 (29 s)
    seed 0 epoch 2420/5000: loss main 1.749e-06 aux 0.3298 (29 s)
    seed 0 epoch 2430/5000: loss main 1.724e-06 aux 0.3289 (29 s)
    seed 0 epoch 2440/5000: loss main 1.743e-06 aux 0.3278 (29 s)
    seed 0 epoch 2450/5000: loss main 1.722e-06 aux 0.3279 (29 s)
    seed 0 epoch 2460/5000: loss main 1.735e-06 aux 0.3234 (30 s)
    seed 0 epoch 2470/5000: loss main 1.73e-06 aux 0.3275 (30 s)
    seed 0 epoch 2480/5000: loss main 1.748e-06 aux 0.3313 (30 s)
    seed 0 epoch 2490/5000: loss main 1.734e-06 aux 0.3178 (30 s)
    seed 0 epoch 2500/5000: loss main 1.738e-06 aux 0.3209 (30 s)
    seed 0 epoch 2510/5000: loss main 1.745e-06 aux 0.318 (30 s)
    seed 0 epoch 2520/5000: loss main 1.759e-06 aux 0.3162 (30 s)
    seed 0 epoch 2530/5000: loss main 1.769e-06 aux 0.3155 (30 s)
    seed 0 epoch 2540/5000: loss main 1.761e-06 aux 0.3144 (30 s)
    seed 0 epoch 2550/5000: loss main 1.758e-06 aux 0.3148 (31 s)
    seed 0 epoch 2560/5000: loss main 1.75e-06 aux 0.3142 (31 s)
    seed 0 epoch 2570/5000: loss main 1.75e-06 aux 0.3138 (31 s)
    seed 0 epoch 2580/5000: loss main 1.748e-06 aux 0.3146 (31 s)
    seed 0 epoch 2590/5000: loss main 1.748e-06 aux 0.3188 (31 s)
    seed 0 epoch 2600/5000: loss main 2.5e-06 aux 0.3603 (31 s)
    seed 0 epoch 2610/5000: loss main 1.751e-06 aux 0.3248 (31 s)
    seed 0 epoch 2620/5000: loss main 1.61e-06 aux 0.3166 (31 s)
    seed 0 epoch 2630/5000: loss main 1.63e-06 aux 0.3151 (32 s)
    seed 0 epoch 2640/5000: loss main 1.691e-06 aux 0.3169 (32 s)
    seed 0 epoch 2650/5000: loss main 1.778e-06 aux 0.3606 (32 s)
    seed 0 epoch 2660/5000: loss main 1.692e-06 aux 0.3423 (32 s)
    seed 0 epoch 2670/5000: loss main 1.687e-06 aux 0.3133 (32 s)
    seed 0 epoch 2680/5000: loss main 1.7e-06 aux 0.3135 (32 s)
    seed 0 epoch 2690/5000: loss main 1.713e-06 aux 0.3118 (32 s)
    seed 0 epoch 2700/5000: loss main 1.716e-06 aux 0.3106 (32 s)
    seed 0 epoch 2710/5000: loss main 1.726e-06 aux 0.3113 (32 s)
    seed 0 epoch 2720/5000: loss main 1.723e-06 aux 0.317 (33 s)
    seed 0 epoch 2730/5000: loss main 1.707e-06 aux 0.3093 (33 s)
    seed 0 epoch 2740/5000: loss main 1.694e-06 aux 0.3288 (33 s)
    seed 0 epoch 2750/5000: loss main 1.693e-06 aux 0.3333 (33 s)
    seed 0 epoch 2760/5000: loss main 1.71e-06 aux 0.3484 (33 s)
    seed 0 epoch 2770/5000: loss main 1.721e-06 aux 0.3294 (33 s)
    seed 0 epoch 2780/5000: loss main 1.613e-06 aux 0.3197 (33 s)
    seed 0 epoch 2790/5000: loss main 1.6e-06 aux 0.3123 (33 s)
    seed 0 epoch 2800/5000: loss main 1.635e-06 aux 0.3099 (33 s)
    seed 0 epoch 2810/5000: loss main 1.659e-06 aux 0.3083 (34 s)
    seed 0 epoch 2820/5000: loss main 1.67e-06 aux 0.3118 (34 s)
    seed 0 epoch 2830/5000: loss main 1.755e-06 aux 0.4083 (34 s)
    seed 0 epoch 2840/5000: loss main 2.384e-06 aux 0.3488 (34 s)
    seed 0 epoch 2850/5000: loss main 1.581e-06 aux 0.3368 (34 s)
    seed 0 epoch 2860/5000: loss main 1.591e-06 aux 0.3194 (34 s)
    seed 0 epoch 2870/5000: loss main 1.625e-06 aux 0.3154 (34 s)
    seed 0 epoch 2880/5000: loss main 1.615e-06 aux 0.3101 (34 s)
    seed 0 epoch 2890/5000: loss main 1.645e-06 aux 0.3076 (34 s)
    seed 0 epoch 2900/5000: loss main 1.678e-06 aux 0.3067 (35 s)
    seed 0 epoch 2910/5000: loss main 1.679e-06 aux 0.3071 (35 s)
    seed 0 epoch 2920/5000: loss main 1.668e-06 aux 0.3066 (35 s)
    seed 0 epoch 2930/5000: loss main 1.673e-06 aux 0.3219 (35 s)
    seed 0 epoch 2940/5000: loss main 1.655e-06 aux 0.3051 (35 s)
    seed 0 epoch 2950/5000: loss main 1.654e-06 aux 0.3066 (35 s)
    seed 0 epoch 2960/5000: loss main 1.659e-06 aux 0.3045 (35 s)
    seed 0 epoch 2970/5000: loss main 1.661e-06 aux 0.3047 (35 s)
    seed 0 epoch 2980/5000: loss main 1.665e-06 aux 0.3068 (36 s)
    seed 0 epoch 2990/5000: loss main 1.684e-06 aux 0.3739 (36 s)
    seed 0 epoch 3000/5000: loss main 1.721e-06 aux 0.3088 (36 s)
    seed 0 epoch 3010/5000: loss main 1.614e-06 aux 0.3053 (36 s)
    seed 0 epoch 3020/5000: loss main 1.619e-06 aux 0.3053 (36 s)
    seed 0 epoch 3030/5000: loss main 1.628e-06 aux 0.3032 (36 s)
    seed 0 epoch 3040/5000: loss main 1.648e-06 aux 0.3028 (36 s)
    seed 0 epoch 3050/5000: loss main 1.661e-06 aux 0.3023 (36 s)
    seed 0 epoch 3060/5000: loss main 1.695e-06 aux 0.3089 (37 s)
    seed 0 epoch 3070/5000: loss main 2.521e-06 aux 0.3626 (37 s)
    seed 0 epoch 3080/5000: loss main 1.513e-06 aux 0.3081 (37 s)
    seed 0 epoch 3090/5000: loss main 1.504e-06 aux 0.3093 (37 s)
    seed 0 epoch 3100/5000: loss main 1.555e-06 aux 0.3048 (37 s)
    seed 0 epoch 3110/5000: loss main 1.617e-06 aux 0.3027 (37 s)
    seed 0 epoch 3120/5000: loss main 1.651e-06 aux 0.3034 (37 s)
    seed 0 epoch 3130/5000: loss main 1.636e-06 aux 0.3012 (37 s)
    seed 0 epoch 3140/5000: loss main 1.611e-06 aux 0.3018 (37 s)
    seed 0 epoch 3150/5000: loss main 1.621e-06 aux 0.3038 (38 s)
    seed 0 epoch 3160/5000: loss main 1.616e-06 aux 0.3002 (38 s)
    seed 0 epoch 3170/5000: loss main 1.623e-06 aux 0.2997 (38 s)
    seed 0 epoch 3180/5000: loss main 1.626e-06 aux 0.2995 (38 s)
    seed 0 epoch 3190/5000: loss main 1.716e-06 aux 0.4526 (38 s)
    seed 0 epoch 3200/5000: loss main 1.668e-06 aux 0.3684 (38 s)
    seed 0 epoch 3210/5000: loss main 1.512e-06 aux 0.3077 (38 s)
    seed 0 epoch 3220/5000: loss main 1.567e-06 aux 0.308 (38 s)
    seed 0 epoch 3230/5000: loss main 1.584e-06 aux 0.3027 (39 s)
    seed 0 epoch 3240/5000: loss main 1.629e-06 aux 0.3008 (39 s)
    seed 0 epoch 3250/5000: loss main 1.629e-06 aux 0.2997 (39 s)
    seed 0 epoch 3260/5000: loss main 1.635e-06 aux 0.3092 (39 s)
    seed 0 epoch 3270/5000: loss main 1.626e-06 aux 0.3216 (39 s)
    seed 0 epoch 3280/5000: loss main 1.569e-06 aux 0.3087 (39 s)
    seed 0 epoch 3290/5000: loss main 1.584e-06 aux 0.3223 (39 s)
    seed 0 epoch 3300/5000: loss main 1.564e-06 aux 0.3027 (39 s)
    seed 0 epoch 3310/5000: loss main 1.575e-06 aux 0.3006 (39 s)
    seed 0 epoch 3320/5000: loss main 1.607e-06 aux 0.2985 (40 s)
    seed 0 epoch 3330/5000: loss main 1.619e-06 aux 0.2973 (40 s)
    seed 0 epoch 3340/5000: loss main 1.625e-06 aux 0.2974 (40 s)
    seed 0 epoch 3350/5000: loss main 1.61e-06 aux 0.2964 (40 s)
    seed 0 epoch 3360/5000: loss main 1.59e-06 aux 0.2994 (40 s)
    seed 0 epoch 3370/5000: loss main 1.571e-06 aux 0.2968 (40 s)
    seed 0 epoch 3380/5000: loss main 1.577e-06 aux 0.2974 (40 s)
    seed 0 epoch 3390/5000: loss main 1.589e-06 aux 0.2965 (40 s)
    seed 0 epoch 3400/5000: loss main 1.6e-06 aux 0.2955 (41 s)
    seed 0 epoch 3410/5000: loss main 1.607e-06 aux 0.297 (41 s)
    seed 0 epoch 3420/5000: loss main 1.595e-06 aux 0.2949 (41 s)
    seed 0 epoch 3430/5000: loss main 1.583e-06 aux 0.2965 (41 s)
    seed 0 epoch 3440/5000: loss main 1.579e-06 aux 0.2962 (41 s)
    seed 0 epoch 3450/5000: loss main 1.571e-06 aux 0.2964 (41 s)
    seed 0 epoch 3460/5000: loss main 1.575e-06 aux 0.2944 (41 s)
    seed 0 epoch 3470/5000: loss main 1.58e-06 aux 0.294 (41 s)
    seed 0 epoch 3480/5000: loss main 1.584e-06 aux 0.2937 (41 s)
    seed 0 epoch 3490/5000: loss main 1.586e-06 aux 0.3011 (42 s)
    seed 0 epoch 3500/5000: loss main 1.573e-06 aux 0.2963 (42 s)
    seed 0 epoch 3510/5000: loss main 1.567e-06 aux 0.2937 (42 s)
    seed 0 epoch 3520/5000: loss main 1.571e-06 aux 0.2953 (42 s)
    seed 0 epoch 3530/5000: loss main 1.562e-06 aux 0.2929 (42 s)
    seed 0 epoch 3540/5000: loss main 1.587e-06 aux 0.2956 (42 s)
    seed 0 epoch 3550/5000: loss main 1.64e-06 aux 0.337 (42 s)
    seed 0 epoch 3560/5000: loss main 1.656e-06 aux 0.3441 (43 s)
    seed 0 epoch 3570/5000: loss main 1.446e-06 aux 0.305 (43 s)
    seed 0 epoch 3580/5000: loss main 1.46e-06 aux 0.2968 (43 s)
    seed 0 epoch 3590/5000: loss main 1.541e-06 aux 0.2953 (43 s)
    seed 0 epoch 3600/5000: loss main 1.55e-06 aux 0.2933 (43 s)
    seed 0 epoch 3610/5000: loss main 1.572e-06 aux 0.2962 (43 s)
    seed 0 epoch 3620/5000: loss main 1.545e-06 aux 0.2933 (43 s)
    seed 0 epoch 3630/5000: loss main 1.561e-06 aux 0.2927 (43 s)
    seed 0 epoch 3640/5000: loss main 1.569e-06 aux 0.292 (43 s)
    seed 0 epoch 3650/5000: loss main 1.566e-06 aux 0.2916 (44 s)
    seed 0 epoch 3660/5000: loss main 1.568e-06 aux 0.2915 (44 s)
    seed 0 epoch 3670/5000: loss main 1.603e-06 aux 0.3875 (44 s)
    seed 0 epoch 3680/5000: loss main 1.576e-06 aux 0.3633 (44 s)
    seed 0 epoch 3690/5000: loss main 1.552e-06 aux 0.3054 (44 s)
    seed 0 epoch 3700/5000: loss main 1.423e-06 aux 0.3047 (44 s)
    seed 0 epoch 3710/5000: loss main 1.468e-06 aux 0.3048 (44 s)
    seed 0 epoch 3720/5000: loss main 1.492e-06 aux 0.2969 (44 s)
    seed 0 epoch 3730/5000: loss main 1.483e-06 aux 0.2965 (45 s)
    seed 0 epoch 3740/5000: loss main 1.539e-06 aux 0.292 (45 s)
    seed 0 epoch 3750/5000: loss main 1.572e-06 aux 0.292 (45 s)
    seed 0 epoch 3760/5000: loss main 1.588e-06 aux 0.291 (45 s)
    seed 0 epoch 3770/5000: loss main 1.59e-06 aux 0.2902 (45 s)
    seed 0 epoch 3780/5000: loss main 1.581e-06 aux 0.2913 (45 s)
    seed 0 epoch 3790/5000: loss main 1.551e-06 aux 0.2908 (45 s)
    seed 0 epoch 3800/5000: loss main 1.549e-06 aux 0.291 (45 s)
    seed 0 epoch 3810/5000: loss main 1.552e-06 aux 0.2895 (45 s)
    seed 0 epoch 3820/5000: loss main 1.57e-06 aux 0.2946 (46 s)
    seed 0 epoch 3830/5000: loss main 1.555e-06 aux 0.2931 (46 s)
    seed 0 epoch 3840/5000: loss main 1.544e-06 aux 0.2891 (46 s)
    seed 0 epoch 3850/5000: loss main 1.553e-06 aux 0.2916 (46 s)
    seed 0 epoch 3860/5000: loss main 1.547e-06 aux 0.2898 (46 s)
    seed 0 epoch 3870/5000: loss main 1.542e-06 aux 0.2911 (46 s)
    seed 0 epoch 3880/5000: loss main 1.535e-06 aux 0.2891 (46 s)
    seed 0 epoch 3890/5000: loss main 1.541e-06 aux 0.2901 (46 s)
    seed 0 epoch 3900/5000: loss main 1.544e-06 aux 0.2891 (46 s)
    seed 0 epoch 3910/5000: loss main 1.547e-06 aux 0.2958 (47 s)
    seed 0 epoch 3920/5000: loss main 1.528e-06 aux 0.2878 (47 s)
    seed 0 epoch 3930/5000: loss main 1.529e-06 aux 0.295 (47 s)
    seed 0 epoch 3940/5000: loss main 1.528e-06 aux 0.2879 (47 s)
    seed 0 epoch 3950/5000: loss main 1.536e-06 aux 0.2895 (47 s)
    seed 0 epoch 3960/5000: loss main 1.544e-06 aux 0.2886 (47 s)
    seed 0 epoch 3970/5000: loss main 1.553e-06 aux 0.2915 (47 s)
    seed 0 epoch 3980/5000: loss main 1.529e-06 aux 0.2897 (47 s)
    seed 0 epoch 3990/5000: loss main 1.529e-06 aux 0.2879 (48 s)
    seed 0 epoch 4000/5000: loss main 1.531e-06 aux 0.2884 (48 s)
    seed 0 epoch 4010/5000: loss main 1.53e-06 aux 0.2874 (48 s)
    seed 0 epoch 4020/5000: loss main 1.544e-06 aux 0.2907 (48 s)
    seed 0 epoch 4030/5000: loss main 1.529e-06 aux 0.2873 (48 s)
    seed 0 epoch 4040/5000: loss main 1.524e-06 aux 0.2868 (48 s)
    seed 0 epoch 4050/5000: loss main 1.534e-06 aux 0.2949 (48 s)
    seed 0 epoch 4060/5000: loss main 1.523e-06 aux 0.2862 (48 s)
    seed 0 epoch 4070/5000: loss main 1.543e-06 aux 0.2895 (48 s)
    seed 0 epoch 4080/5000: loss main 1.521e-06 aux 0.2886 (49 s)
    seed 0 epoch 4090/5000: loss main 1.515e-06 aux 0.286 (49 s)
    seed 0 epoch 4100/5000: loss main 1.536e-06 aux 0.2928 (49 s)
    seed 0 epoch 4110/5000: loss main 1.532e-06 aux 0.2887 (49 s)
    seed 0 epoch 4120/5000: loss main 1.512e-06 aux 0.323 (49 s)
    seed 0 epoch 4130/5000: loss main 1.736e-06 aux 0.3535 (49 s)
    seed 0 epoch 4140/5000: loss main 1.78e-06 aux 0.303 (49 s)
    seed 0 epoch 4150/5000: loss main 1.407e-06 aux 0.292 (49 s)
    seed 0 epoch 4160/5000: loss main 1.523e-06 aux 0.2879 (50 s)
    seed 0 epoch 4170/5000: loss main 1.533e-06 aux 0.2874 (50 s)
    seed 0 epoch 4180/5000: loss main 1.549e-06 aux 0.2889 (50 s)
    seed 0 epoch 4190/5000: loss main 1.523e-06 aux 0.2862 (50 s)
    seed 0 epoch 4200/5000: loss main 1.522e-06 aux 0.2874 (50 s)
    seed 0 epoch 4210/5000: loss main 1.517e-06 aux 0.2853 (50 s)
    seed 0 epoch 4220/5000: loss main 1.534e-06 aux 0.2879 (50 s)
    seed 0 epoch 4230/5000: loss main 1.525e-06 aux 0.2851 (50 s)
    seed 0 epoch 4240/5000: loss main 1.539e-06 aux 0.2891 (51 s)
    seed 0 epoch 4250/5000: loss main 1.536e-06 aux 0.3366 (51 s)
    seed 0 epoch 4260/5000: loss main 1.615e-06 aux 0.2901 (51 s)
    seed 0 epoch 4270/5000: loss main 1.47e-06 aux 0.343 (51 s)
    seed 0 epoch 4280/5000: loss main 1.583e-06 aux 0.3188 (51 s)
    seed 0 epoch 4290/5000: loss main 1.482e-06 aux 0.2993 (51 s)
    seed 0 epoch 4300/5000: loss main 1.434e-06 aux 0.2884 (51 s)
    seed 0 epoch 4310/5000: loss main 1.565e-06 aux 0.2868 (51 s)
    seed 0 epoch 4320/5000: loss main 1.569e-06 aux 0.2852 (51 s)
    seed 0 epoch 4330/5000: loss main 1.583e-06 aux 0.2848 (52 s)
    seed 0 epoch 4340/5000: loss main 1.58e-06 aux 0.2919 (52 s)
    seed 0 epoch 4350/5000: loss main 1.529e-06 aux 0.2845 (52 s)
    seed 0 epoch 4360/5000: loss main 1.528e-06 aux 0.2843 (52 s)
    seed 0 epoch 4370/5000: loss main 1.535e-06 aux 0.2841 (52 s)
    seed 0 epoch 4380/5000: loss main 1.551e-06 aux 0.2852 (52 s)
    seed 0 epoch 4390/5000: loss main 1.544e-06 aux 0.289 (52 s)
    seed 0 epoch 4400/5000: loss main 1.525e-06 aux 0.2846 (52 s)
    seed 0 epoch 4410/5000: loss main 1.533e-06 aux 0.2836 (53 s)
    seed 0 epoch 4420/5000: loss main 1.544e-06 aux 0.2871 (53 s)
    seed 0 epoch 4430/5000: loss main 1.493e-06 aux 0.3031 (53 s)
    seed 0 epoch 4440/5000: loss main 1.459e-06 aux 0.2878 (53 s)
    seed 0 epoch 4450/5000: loss main 1.436e-06 aux 0.2874 (53 s)
    seed 0 epoch 4460/5000: loss main 1.501e-06 aux 0.2853 (53 s)
    seed 0 epoch 4470/5000: loss main 1.549e-06 aux 0.2843 (53 s)
    seed 0 epoch 4480/5000: loss main 1.573e-06 aux 0.2837 (53 s)
    seed 0 epoch 4490/5000: loss main 1.571e-06 aux 0.2833 (53 s)
    seed 0 epoch 4500/5000: loss main 1.557e-06 aux 0.2836 (54 s)
    seed 0 epoch 4510/5000: loss main 1.532e-06 aux 0.284 (54 s)
    seed 0 epoch 4520/5000: loss main 1.524e-06 aux 0.2882 (54 s)
    seed 0 epoch 4530/5000: loss main 1.514e-06 aux 0.2829 (54 s)
    seed 0 epoch 4540/5000: loss main 1.532e-06 aux 0.2835 (54 s)
    seed 0 epoch 4550/5000: loss main 1.545e-06 aux 0.2828 (54 s)
    seed 0 epoch 4560/5000: loss main 1.536e-06 aux 0.2842 (54 s)
    seed 0 epoch 4570/5000: loss main 1.511e-06 aux 0.2824 (54 s)
    seed 0 epoch 4580/5000: loss main 1.519e-06 aux 0.2831 (55 s)
    seed 0 epoch 4590/5000: loss main 1.537e-06 aux 0.2821 (55 s)
    seed 0 epoch 4600/5000: loss main 1.551e-06 aux 0.2847 (55 s)
    seed 0 epoch 4610/5000: loss main 1.524e-06 aux 0.2972 (55 s)
    seed 0 epoch 4620/5000: loss main 1.484e-06 aux 0.3228 (55 s)
    seed 0 epoch 4630/5000: loss main 1.672e-06 aux 0.3037 (55 s)
    seed 0 epoch 4640/5000: loss main 1.55e-06 aux 0.3157 (55 s)
    seed 0 epoch 4650/5000: loss main 1.576e-06 aux 0.2942 (55 s)
    seed 0 epoch 4660/5000: loss main 1.536e-06 aux 0.2879 (56 s)
    seed 0 epoch 4670/5000: loss main 1.567e-06 aux 0.2845 (56 s)
    seed 0 epoch 4680/5000: loss main 1.581e-06 aux 0.2835 (56 s)
    seed 0 epoch 4690/5000: loss main 1.588e-06 aux 0.2834 (56 s)
    seed 0 epoch 4700/5000: loss main 1.544e-06 aux 0.2848 (56 s)
    seed 0 epoch 4710/5000: loss main 1.515e-06 aux 0.2827 (56 s)
    seed 0 epoch 4720/5000: loss main 1.537e-06 aux 0.2823 (56 s)
    seed 0 epoch 4730/5000: loss main 1.547e-06 aux 0.282 (56 s)
    seed 0 epoch 4740/5000: loss main 1.553e-06 aux 0.2824 (56 s)
    seed 0 epoch 4750/5000: loss main 1.541e-06 aux 0.2834 (57 s)
    seed 0 epoch 4760/5000: loss main 1.52e-06 aux 0.2854 (57 s)
    seed 0 epoch 4770/5000: loss main 1.522e-06 aux 0.2818 (57 s)
    seed 0 epoch 4780/5000: loss main 1.543e-06 aux 0.282 (57 s)
    seed 0 epoch 4790/5000: loss main 1.55e-06 aux 0.2822 (57 s)
    seed 0 epoch 4800/5000: loss main 1.531e-06 aux 0.2918 (57 s)
    seed 0 epoch 4810/5000: loss main 1.599e-06 aux 0.39 (57 s)
    seed 0 epoch 4820/5000: loss main 1.447e-06 aux 0.2878 (57 s)
    seed 0 epoch 4830/5000: loss main 1.451e-06 aux 0.2901 (57 s)
    seed 0 epoch 4840/5000: loss main 1.463e-06 aux 0.2859 (58 s)
    seed 0 epoch 4850/5000: loss main 1.502e-06 aux 0.2844 (58 s)
    seed 0 epoch 4860/5000: loss main 1.56e-06 aux 0.2828 (58 s)
    seed 0 epoch 4870/5000: loss main 1.581e-06 aux 0.2816 (58 s)
    seed 0 epoch 4880/5000: loss main 1.575e-06 aux 0.2815 (58 s)
    seed 0 epoch 4890/5000: loss main 1.562e-06 aux 0.281 (58 s)
    seed 0 epoch 4900/5000: loss main 1.562e-06 aux 0.2817 (58 s)
    seed 0 epoch 4910/5000: loss main 1.528e-06 aux 0.2861 (58 s)
    seed 0 epoch 4920/5000: loss main 1.518e-06 aux 0.2811 (59 s)
    seed 0 epoch 4930/5000: loss main 1.539e-06 aux 0.2812 (59 s)
    seed 0 epoch 4940/5000: loss main 1.559e-06 aux 0.2808 (59 s)
    seed 0 epoch 4950/5000: loss main 1.565e-06 aux 0.2808 (59 s)
    seed 0 epoch 4960/5000: loss main 1.546e-06 aux 0.2834 (59 s)
    seed 0 epoch 4970/5000: loss main 1.525e-06 aux 0.2805 (59 s)
    seed 0 epoch 4980/5000: loss main 1.533e-06 aux 0.2804 (59 s)
    seed 0 epoch 4990/5000: loss main 1.549e-06 aux 0.2823 (59 s)
    seed 0 epoch 5000/5000: loss main 1.543e-06 aux 0.2802 (59 s)
  n=1 seed 0 (a): ring couplings 1.97 vs zero 3.30 (ratio 0.60) | corrected ω 17.13 (zero 25.01) | ΔH residual ratio 0.583
  n=1 seed 0 (b): ring couplings 1.97 vs zero 3.30 (ratio 0.60) | corrected ω 17.13 (zero 25.01) | ΔH residual ratio 0.583
wrote out/E7_rungC_diag_overfit_benzene_e5000_lr1e-3_2026-10-01.json/.md in 95 s
=== overfit e5000 lr 1e-3 done Thu Oct  1 00:07:11 WEDT 2026
analytic second-route Hessians substituted for 27 molecules
799 molecules; pool 1; hold-out (a) 1, (b) 1 (['fluoranthene', 'fluorene']); sizes [1]; seeds [0]; epochs 5000; threads 2; model 171,554 parameters, sum aggregation
  fresh sum body pre-flight: worst |output| 3.74 on the training molecules
    seed 0 epoch 1/5000: loss main 6.015e-05 aux 5.439 (0 s)
    seed 0 epoch 10/5000: loss main 8.669e-05 aux 21.39 (0 s)
    seed 0 epoch 20/5000: loss main 2.779e-05 aux 1.966 (0 s)
    seed 0 epoch 30/5000: loss main 1.745e-05 aux 1.022 (0 s)
    seed 0 epoch 40/5000: loss main 9.642e-06 aux 0.7913 (0 s)
    seed 0 epoch 50/5000: loss main 9.455e-06 aux 0.7071 (1 s)
    seed 0 epoch 60/5000: loss main 7.011e-06 aux 0.6485 (1 s)
    seed 0 epoch 70/5000: loss main 5.923e-06 aux 0.5945 (1 s)
    seed 0 epoch 80/5000: loss main 4.774e-06 aux 0.9666 (1 s)
    seed 0 epoch 90/5000: loss main 4.761e-06 aux 0.7274 (1 s)
    seed 0 epoch 100/5000: loss main 4.141e-06 aux 0.5715 (1 s)
    seed 0 epoch 110/5000: loss main 2.736e-06 aux 0.52 (1 s)
    seed 0 epoch 120/5000: loss main 2.602e-06 aux 0.4901 (1 s)
    seed 0 epoch 130/5000: loss main 2.083e-06 aux 0.4645 (2 s)
    seed 0 epoch 140/5000: loss main 2.155e-06 aux 0.5351 (2 s)
    seed 0 epoch 150/5000: loss main 2.104e-06 aux 0.4776 (2 s)
    seed 0 epoch 160/5000: loss main 1.99e-06 aux 0.4468 (2 s)
    seed 0 epoch 170/5000: loss main 1.965e-06 aux 0.4331 (2 s)
    seed 0 epoch 180/5000: loss main 1.99e-06 aux 0.4257 (2 s)
    seed 0 epoch 190/5000: loss main 2.092e-06 aux 0.4374 (2 s)
    seed 0 epoch 200/5000: loss main 1.935e-06 aux 0.4296 (2 s)
    seed 0 epoch 210/5000: loss main 1.911e-06 aux 0.4155 (3 s)
    seed 0 epoch 220/5000: loss main 1.943e-06 aux 0.4088 (3 s)
    seed 0 epoch 230/5000: loss main 2.018e-06 aux 0.4356 (3 s)
    seed 0 epoch 240/5000: loss main 1.954e-06 aux 0.4136 (3 s)
    seed 0 epoch 250/5000: loss main 1.893e-06 aux 0.4019 (3 s)
    seed 0 epoch 260/5000: loss main 1.913e-06 aux 0.4059 (3 s)
    seed 0 epoch 270/5000: loss main 1.894e-06 aux 0.3961 (3 s)
    seed 0 epoch 280/5000: loss main 1.91e-06 aux 0.392 (3 s)
    seed 0 epoch 290/5000: loss main 2.272e-06 aux 0.4928 (3 s)
    seed 0 epoch 300/5000: loss main 3.363e-06 aux 0.4525 (4 s)
    seed 0 epoch 310/5000: loss main 2.033e-06 aux 0.4128 (4 s)
    seed 0 epoch 320/5000: loss main 1.9e-06 aux 0.4009 (4 s)
    seed 0 epoch 330/5000: loss main 1.897e-06 aux 0.3934 (4 s)
    seed 0 epoch 340/5000: loss main 1.927e-06 aux 0.3955 (4 s)
    seed 0 epoch 350/5000: loss main 1.895e-06 aux 0.3853 (4 s)
    seed 0 epoch 360/5000: loss main 1.864e-06 aux 0.3825 (4 s)
    seed 0 epoch 370/5000: loss main 1.897e-06 aux 0.3803 (4 s)
    seed 0 epoch 380/5000: loss main 1.92e-06 aux 0.3817 (5 s)
    seed 0 epoch 390/5000: loss main 1.893e-06 aux 0.4021 (5 s)
    seed 0 epoch 400/5000: loss main 2.067e-06 aux 0.4694 (5 s)
    seed 0 epoch 410/5000: loss main 1.868e-06 aux 0.3962 (5 s)
    seed 0 epoch 420/5000: loss main 1.997e-06 aux 0.3971 (5 s)
    seed 0 epoch 430/5000: loss main 1.831e-06 aux 0.3766 (5 s)
    seed 0 epoch 440/5000: loss main 1.865e-06 aux 0.3777 (5 s)
    seed 0 epoch 450/5000: loss main 1.972e-06 aux 0.4062 (5 s)
    seed 0 epoch 460/5000: loss main 1.868e-06 aux 0.437 (5 s)
    seed 0 epoch 470/5000: loss main 1.815e-06 aux 0.3741 (6 s)
    seed 0 epoch 480/5000: loss main 1.838e-06 aux 0.3687 (6 s)
    seed 0 epoch 490/5000: loss main 1.846e-06 aux 0.3649 (6 s)
    seed 0 epoch 500/5000: loss main 1.955e-06 aux 0.5316 (6 s)
    seed 0 epoch 510/5000: loss main 1.921e-06 aux 0.391 (6 s)
    seed 0 epoch 520/5000: loss main 1.935e-06 aux 0.3807 (6 s)
    seed 0 epoch 530/5000: loss main 1.776e-06 aux 0.3675 (6 s)
    seed 0 epoch 540/5000: loss main 1.827e-06 aux 0.3621 (6 s)
    seed 0 epoch 550/5000: loss main 1.81e-06 aux 0.3593 (7 s)
    seed 0 epoch 560/5000: loss main 1.809e-06 aux 0.3553 (7 s)
    seed 0 epoch 570/5000: loss main 1.815e-06 aux 0.3714 (7 s)
    seed 0 epoch 580/5000: loss main 1.781e-06 aux 0.3623 (7 s)
    seed 0 epoch 590/5000: loss main 1.846e-06 aux 0.3595 (7 s)
    seed 0 epoch 600/5000: loss main 1.76e-06 aux 0.3629 (7 s)
    seed 0 epoch 610/5000: loss main 1.781e-06 aux 0.3536 (7 s)
    seed 0 epoch 620/5000: loss main 1.81e-06 aux 0.3466 (7 s)
    seed 0 epoch 630/5000: loss main 1.919e-06 aux 0.4685 (8 s)
    seed 0 epoch 640/5000: loss main 1.938e-06 aux 0.3994 (8 s)
    seed 0 epoch 650/5000: loss main 1.731e-06 aux 0.3706 (8 s)
    seed 0 epoch 660/5000: loss main 1.759e-06 aux 0.3718 (8 s)
    seed 0 epoch 670/5000: loss main 1.759e-06 aux 0.3498 (8 s)
    seed 0 epoch 680/5000: loss main 1.763e-06 aux 0.3443 (8 s)
    seed 0 epoch 690/5000: loss main 1.824e-06 aux 0.3406 (8 s)
    seed 0 epoch 700/5000: loss main 1.771e-06 aux 0.3446 (8 s)
    seed 0 epoch 710/5000: loss main 1.769e-06 aux 0.3406 (8 s)
    seed 0 epoch 720/5000: loss main 1.792e-06 aux 0.338 (9 s)
    seed 0 epoch 730/5000: loss main 1.772e-06 aux 0.3362 (9 s)
    seed 0 epoch 740/5000: loss main 1.797e-06 aux 0.3333 (9 s)
    seed 0 epoch 750/5000: loss main 1.772e-06 aux 0.342 (9 s)
    seed 0 epoch 760/5000: loss main 1.768e-06 aux 0.3405 (9 s)
    seed 0 epoch 770/5000: loss main 1.771e-06 aux 0.3354 (9 s)
    seed 0 epoch 780/5000: loss main 1.794e-06 aux 0.3442 (9 s)
    seed 0 epoch 790/5000: loss main 1.744e-06 aux 0.3505 (9 s)
    seed 0 epoch 800/5000: loss main 1.771e-06 aux 0.4429 (10 s)
    seed 0 epoch 810/5000: loss main 1.938e-06 aux 0.3582 (10 s)
    seed 0 epoch 820/5000: loss main 1.689e-06 aux 0.3382 (10 s)
    seed 0 epoch 830/5000: loss main 1.796e-06 aux 0.3539 (10 s)
    seed 0 epoch 840/5000: loss main 1.725e-06 aux 0.334 (10 s)
    seed 0 epoch 850/5000: loss main 1.754e-06 aux 0.3326 (10 s)
    seed 0 epoch 860/5000: loss main 1.727e-06 aux 0.3245 (10 s)
    seed 0 epoch 870/5000: loss main 1.728e-06 aux 0.3237 (10 s)
    seed 0 epoch 880/5000: loss main 1.876e-06 aux 0.3383 (10 s)
    seed 0 epoch 890/5000: loss main 1.742e-06 aux 0.3437 (11 s)
    seed 0 epoch 900/5000: loss main 1.675e-06 aux 0.3321 (11 s)
    seed 0 epoch 910/5000: loss main 1.671e-06 aux 0.3262 (11 s)
    seed 0 epoch 920/5000: loss main 1.714e-06 aux 0.3343 (11 s)
    seed 0 epoch 930/5000: loss main 1.716e-06 aux 0.3226 (11 s)
    seed 0 epoch 940/5000: loss main 1.709e-06 aux 0.3283 (11 s)
    seed 0 epoch 950/5000: loss main 1.74e-06 aux 0.3215 (11 s)
    seed 0 epoch 960/5000: loss main 1.716e-06 aux 0.3267 (11 s)
    seed 0 epoch 970/5000: loss main 1.686e-06 aux 0.3193 (11 s)
    seed 0 epoch 980/5000: loss main 1.71e-06 aux 0.3264 (12 s)
    seed 0 epoch 990/5000: loss main 1.709e-06 aux 0.3195 (12 s)
    seed 0 epoch 1000/5000: loss main 1.702e-06 aux 0.3172 (12 s)
    seed 0 epoch 1010/5000: loss main 1.675e-06 aux 0.3151 (12 s)
    seed 0 epoch 1020/5000: loss main 1.667e-06 aux 0.3234 (12 s)
    seed 0 epoch 1030/5000: loss main 1.659e-06 aux 0.3115 (12 s)
    seed 0 epoch 1040/5000: loss main 1.701e-06 aux 0.318 (12 s)
    seed 0 epoch 1050/5000: loss main 1.667e-06 aux 0.31 (12 s)
    seed 0 epoch 1060/5000: loss main 1.659e-06 aux 0.3092 (13 s)
    seed 0 epoch 1070/5000: loss main 1.685e-06 aux 0.3102 (13 s)
    seed 0 epoch 1080/5000: loss main 1.658e-06 aux 0.3086 (13 s)
    seed 0 epoch 1090/5000: loss main 1.647e-06 aux 0.3074 (13 s)
    seed 0 epoch 1100/5000: loss main 1.675e-06 aux 0.3087 (13 s)
    seed 0 epoch 1110/5000: loss main 1.662e-06 aux 0.3133 (13 s)
    seed 0 epoch 1120/5000: loss main 1.644e-06 aux 0.3078 (13 s)
    seed 0 epoch 1130/5000: loss main 1.638e-06 aux 0.3085 (13 s)
    seed 0 epoch 1140/5000: loss main 1.636e-06 aux 0.3175 (13 s)
    seed 0 epoch 1150/5000: loss main 1.648e-06 aux 0.3157 (14 s)
    seed 0 epoch 1160/5000: loss main 1.605e-06 aux 0.3044 (14 s)
    seed 0 epoch 1170/5000: loss main 1.626e-06 aux 0.312 (14 s)
    seed 0 epoch 1180/5000: loss main 1.626e-06 aux 0.3023 (14 s)
    seed 0 epoch 1190/5000: loss main 1.618e-06 aux 0.3012 (14 s)
    seed 0 epoch 1200/5000: loss main 1.617e-06 aux 0.3008 (14 s)
    seed 0 epoch 1210/5000: loss main 1.603e-06 aux 0.3509 (14 s)
    seed 0 epoch 1220/5000: loss main 1.733e-06 aux 0.3474 (14 s)
    seed 0 epoch 1230/5000: loss main 6.359e-06 aux 1.977 (14 s)
    seed 0 epoch 1240/5000: loss main 3.561e-06 aux 0.8642 (15 s)
    seed 0 epoch 1250/5000: loss main 1.846e-06 aux 0.467 (15 s)
    seed 0 epoch 1260/5000: loss main 3.995e-06 aux 0.5173 (15 s)
    seed 0 epoch 1270/5000: loss main 2.638e-06 aux 0.3895 (15 s)
    seed 0 epoch 1280/5000: loss main 1.45e-06 aux 0.3779 (15 s)
    seed 0 epoch 1290/5000: loss main 1.483e-06 aux 0.3197 (15 s)
    seed 0 epoch 1300/5000: loss main 1.501e-06 aux 0.3188 (15 s)
    seed 0 epoch 1310/5000: loss main 1.566e-06 aux 0.3145 (15 s)
    seed 0 epoch 1320/5000: loss main 1.569e-06 aux 0.3063 (16 s)
    seed 0 epoch 1330/5000: loss main 1.581e-06 aux 0.308 (16 s)
    seed 0 epoch 1340/5000: loss main 1.8e-06 aux 0.3253 (16 s)
    seed 0 epoch 1350/5000: loss main 1.621e-06 aux 0.3171 (16 s)
    seed 0 epoch 1360/5000: loss main 1.552e-06 aux 0.3066 (16 s)
    seed 0 epoch 1370/5000: loss main 1.656e-06 aux 0.3017 (16 s)
    seed 0 epoch 1380/5000: loss main 1.531e-06 aux 0.3005 (16 s)
    seed 0 epoch 1390/5000: loss main 1.512e-06 aux 0.2976 (16 s)
    seed 0 epoch 1400/5000: loss main 1.594e-06 aux 0.3 (17 s)
    seed 0 epoch 1410/5000: loss main 1.564e-06 aux 0.2978 (17 s)
    seed 0 epoch 1420/5000: loss main 1.573e-06 aux 0.2994 (17 s)
    seed 0 epoch 1430/5000: loss main 1.558e-06 aux 0.3006 (17 s)
    seed 0 epoch 1440/5000: loss main 1.505e-06 aux 0.2945 (17 s)
    seed 0 epoch 1450/5000: loss main 1.537e-06 aux 0.2965 (17 s)
    seed 0 epoch 1460/5000: loss main 1.549e-06 aux 0.2957 (17 s)
    seed 0 epoch 1470/5000: loss main 1.533e-06 aux 0.2926 (17 s)
    seed 0 epoch 1480/5000: loss main 1.581e-06 aux 0.2955 (18 s)
    seed 0 epoch 1490/5000: loss main 1.534e-06 aux 0.2914 (18 s)
    seed 0 epoch 1500/5000: loss main 1.619e-06 aux 0.293 (18 s)
    seed 0 epoch 1510/5000: loss main 1.504e-06 aux 0.3098 (18 s)
    seed 0 epoch 1520/5000: loss main 1.741e-06 aux 0.3312 (18 s)
    seed 0 epoch 1530/5000: loss main 1.351e-06 aux 0.2998 (18 s)
    seed 0 epoch 1540/5000: loss main 1.466e-06 aux 0.2943 (18 s)
    seed 0 epoch 1550/5000: loss main 1.574e-06 aux 0.299 (18 s)
    seed 0 epoch 1560/5000: loss main 1.552e-06 aux 0.2901 (19 s)
    seed 0 epoch 1570/5000: loss main 1.58e-06 aux 0.2891 (19 s)
    seed 0 epoch 1580/5000: loss main 1.651e-06 aux 0.2919 (19 s)
    seed 0 epoch 1590/5000: loss main 1.527e-06 aux 0.289 (19 s)
    seed 0 epoch 1600/5000: loss main 1.509e-06 aux 0.2886 (19 s)
    seed 0 epoch 1610/5000: loss main 1.557e-06 aux 0.2889 (19 s)
    seed 0 epoch 1620/5000: loss main 1.567e-06 aux 0.2898 (19 s)
    seed 0 epoch 1630/5000: loss main 1.588e-06 aux 0.2908 (19 s)
    seed 0 epoch 1640/5000: loss main 1.515e-06 aux 0.2885 (20 s)
    seed 0 epoch 1650/5000: loss main 1.543e-06 aux 0.2956 (20 s)
    seed 0 epoch 1660/5000: loss main 1.508e-06 aux 0.2867 (20 s)
    seed 0 epoch 1670/5000: loss main 1.534e-06 aux 0.2861 (20 s)
    seed 0 epoch 1680/5000: loss main 1.581e-06 aux 0.29 (20 s)
    seed 0 epoch 1690/5000: loss main 1.496e-06 aux 0.2899 (20 s)
    seed 0 epoch 1700/5000: loss main 1.505e-06 aux 0.2854 (20 s)
    seed 0 epoch 1710/5000: loss main 1.55e-06 aux 0.2891 (20 s)
    seed 0 epoch 1720/5000: loss main 1.532e-06 aux 0.2903 (21 s)
    seed 0 epoch 1730/5000: loss main 1.507e-06 aux 0.2854 (21 s)
    seed 0 epoch 1740/5000: loss main 1.576e-06 aux 0.2855 (21 s)
    seed 0 epoch 1750/5000: loss main 1.541e-06 aux 0.2877 (21 s)
    seed 0 epoch 1760/5000: loss main 1.495e-06 aux 0.2894 (21 s)
    seed 0 epoch 1770/5000: loss main 1.508e-06 aux 0.284 (21 s)
    seed 0 epoch 1780/5000: loss main 1.586e-06 aux 0.2866 (21 s)
    seed 0 epoch 1790/5000: loss main 1.53e-06 aux 0.2895 (21 s)
    seed 0 epoch 1800/5000: loss main 1.495e-06 aux 0.2838 (22 s)
    seed 0 epoch 1810/5000: loss main 1.551e-06 aux 0.2854 (22 s)
    seed 0 epoch 1820/5000: loss main 1.545e-06 aux 0.2897 (22 s)
    seed 0 epoch 1830/5000: loss main 1.519e-06 aux 0.2829 (22 s)
    seed 0 epoch 1840/5000: loss main 1.561e-06 aux 0.2837 (22 s)
    seed 0 epoch 1850/5000: loss main 1.531e-06 aux 0.2843 (22 s)
    seed 0 epoch 1860/5000: loss main 1.504e-06 aux 0.2825 (22 s)
    seed 0 epoch 1870/5000: loss main 1.57e-06 aux 0.2823 (22 s)
    seed 0 epoch 1880/5000: loss main 1.54e-06 aux 0.2824 (23 s)
    seed 0 epoch 1890/5000: loss main 1.539e-06 aux 0.2837 (23 s)
    seed 0 epoch 1900/5000: loss main 1.515e-06 aux 0.2828 (23 s)
    seed 0 epoch 1910/5000: loss main 1.545e-06 aux 0.2819 (23 s)
    seed 0 epoch 1920/5000: loss main 1.624e-06 aux 0.2843 (23 s)
    seed 0 epoch 1930/5000: loss main 1.501e-06 aux 0.2847 (23 s)
    seed 0 epoch 1940/5000: loss main 1.428e-06 aux 0.2877 (23 s)
    seed 0 epoch 1950/5000: loss main 1.527e-06 aux 0.2842 (23 s)
    seed 0 epoch 1960/5000: loss main 1.579e-06 aux 0.2827 (24 s)
    seed 0 epoch 1970/5000: loss main 1.585e-06 aux 0.2813 (24 s)
    seed 0 epoch 1980/5000: loss main 1.556e-06 aux 0.2893 (24 s)
    seed 0 epoch 1990/5000: loss main 1.503e-06 aux 0.285 (24 s)
    seed 0 epoch 2000/5000: loss main 1.506e-06 aux 0.2813 (24 s)
    seed 0 epoch 2010/5000: loss main 1.565e-06 aux 0.2816 (24 s)
    seed 0 epoch 2020/5000: loss main 1.638e-06 aux 0.2931 (24 s)
    seed 0 epoch 2030/5000: loss main 1.515e-06 aux 0.2815 (25 s)
    seed 0 epoch 2040/5000: loss main 1.461e-06 aux 0.2823 (25 s)
    seed 0 epoch 2050/5000: loss main 1.559e-06 aux 0.2809 (25 s)
    seed 0 epoch 2060/5000: loss main 1.599e-06 aux 0.2816 (25 s)
    seed 0 epoch 2070/5000: loss main 1.581e-06 aux 0.2803 (25 s)
    seed 0 epoch 2080/5000: loss main 1.595e-06 aux 0.2808 (25 s)
    seed 0 epoch 2090/5000: loss main 1.536e-06 aux 0.2812 (25 s)
    seed 0 epoch 2100/5000: loss main 1.5e-06 aux 0.2811 (25 s)
    seed 0 epoch 2110/5000: loss main 1.563e-06 aux 0.2801 (26 s)
    seed 0 epoch 2120/5000: loss main 1.578e-06 aux 0.3007 (26 s)
    seed 0 epoch 2130/5000: loss main 1.476e-06 aux 0.2887 (26 s)
    seed 0 epoch 2140/5000: loss main 1.448e-06 aux 0.2835 (26 s)
    seed 0 epoch 2150/5000: loss main 1.533e-06 aux 0.28 (26 s)
    seed 0 epoch 2160/5000: loss main 1.583e-06 aux 0.2809 (26 s)
    seed 0 epoch 2170/5000: loss main 1.611e-06 aux 0.2812 (26 s)
    seed 0 epoch 2180/5000: loss main 1.56e-06 aux 0.2799 (27 s)
    seed 0 epoch 2190/5000: loss main 1.532e-06 aux 0.2796 (27 s)
    seed 0 epoch 2200/5000: loss main 1.571e-06 aux 0.2796 (27 s)
    seed 0 epoch 2210/5000: loss main 1.572e-06 aux 0.2958 (27 s)
    seed 0 epoch 2220/5000: loss main 1.513e-06 aux 0.2814 (27 s)
    seed 0 epoch 2230/5000: loss main 1.503e-06 aux 0.2804 (27 s)
    seed 0 epoch 2240/5000: loss main 1.58e-06 aux 0.2807 (27 s)
    seed 0 epoch 2250/5000: loss main 1.567e-06 aux 0.2801 (28 s)
    seed 0 epoch 2260/5000: loss main 1.535e-06 aux 0.2806 (28 s)
    seed 0 epoch 2270/5000: loss main 1.567e-06 aux 0.2811 (28 s)
    seed 0 epoch 2280/5000: loss main 1.558e-06 aux 0.2826 (28 s)
    seed 0 epoch 2290/5000: loss main 1.513e-06 aux 0.2793 (28 s)
    seed 0 epoch 2300/5000: loss main 1.601e-06 aux 0.2804 (28 s)
    seed 0 epoch 2310/5000: loss main 1.58e-06 aux 0.2798 (28 s)
    seed 0 epoch 2320/5000: loss main 1.563e-06 aux 0.2843 (29 s)
    seed 0 epoch 2330/5000: loss main 1.462e-06 aux 0.2816 (29 s)
    seed 0 epoch 2340/5000: loss main 1.532e-06 aux 0.2801 (29 s)
    seed 0 epoch 2350/5000: loss main 1.594e-06 aux 0.2786 (29 s)
    seed 0 epoch 2360/5000: loss main 1.594e-06 aux 0.2824 (29 s)
    seed 0 epoch 2370/5000: loss main 1.555e-06 aux 0.2784 (29 s)
    seed 0 epoch 2380/5000: loss main 1.565e-06 aux 0.2785 (29 s)
    seed 0 epoch 2390/5000: loss main 1.59e-06 aux 0.2784 (30 s)
    seed 0 epoch 2400/5000: loss main 1.603e-06 aux 0.2812 (30 s)
    seed 0 epoch 2410/5000: loss main 1.482e-06 aux 0.2796 (30 s)
    seed 0 epoch 2420/5000: loss main 1.49e-06 aux 0.2804 (30 s)
    seed 0 epoch 2430/5000: loss main 1.58e-06 aux 0.2785 (30 s)
    seed 0 epoch 2440/5000: loss main 1.608e-06 aux 0.2782 (30 s)
    seed 0 epoch 2450/5000: loss main 1.595e-06 aux 0.2819 (30 s)
    seed 0 epoch 2460/5000: loss main 1.549e-06 aux 0.2782 (31 s)
    seed 0 epoch 2470/5000: loss main 1.564e-06 aux 0.2785 (31 s)
    seed 0 epoch 2480/5000: loss main 1.598e-06 aux 0.2777 (31 s)
    seed 0 epoch 2490/5000: loss main 1.621e-06 aux 0.2978 (31 s)
    seed 0 epoch 2500/5000: loss main 1.511e-06 aux 0.2785 (31 s)
    seed 0 epoch 2510/5000: loss main 1.522e-06 aux 0.2784 (31 s)
    seed 0 epoch 2520/5000: loss main 1.618e-06 aux 0.2803 (31 s)
    seed 0 epoch 2530/5000: loss main 1.681e-06 aux 0.2811 (32 s)
    seed 0 epoch 2540/5000: loss main 1.487e-06 aux 0.2779 (32 s)
    seed 0 epoch 2550/5000: loss main 1.563e-06 aux 0.2785 (32 s)
    seed 0 epoch 2560/5000: loss main 1.602e-06 aux 0.2776 (32 s)
    seed 0 epoch 2570/5000: loss main 1.55e-06 aux 0.2795 (32 s)
    seed 0 epoch 2580/5000: loss main 1.483e-06 aux 0.28 (32 s)
    seed 0 epoch 2590/5000: loss main 1.53e-06 aux 0.2776 (33 s)
    seed 0 epoch 2600/5000: loss main 1.591e-06 aux 0.2783 (33 s)
    seed 0 epoch 2610/5000: loss main 1.609e-06 aux 0.2772 (33 s)
    seed 0 epoch 2620/5000: loss main 1.608e-06 aux 0.2847 (33 s)
    seed 0 epoch 2630/5000: loss main 1.521e-06 aux 0.2795 (33 s)
    seed 0 epoch 2640/5000: loss main 1.536e-06 aux 0.2781 (33 s)
    seed 0 epoch 2650/5000: loss main 1.598e-06 aux 0.278 (33 s)
    seed 0 epoch 2660/5000: loss main 1.593e-06 aux 0.278 (33 s)
    seed 0 epoch 2670/5000: loss main 1.57e-06 aux 0.2827 (34 s)
    seed 0 epoch 2680/5000: loss main 1.525e-06 aux 0.2779 (34 s)
    seed 0 epoch 2690/5000: loss main 1.559e-06 aux 0.2772 (34 s)
    seed 0 epoch 2700/5000: loss main 1.592e-06 aux 0.2778 (34 s)
    seed 0 epoch 2710/5000: loss main 1.614e-06 aux 0.2769 (34 s)
    seed 0 epoch 2720/5000: loss main 1.6e-06 aux 0.2767 (34 s)
    seed 0 epoch 2730/5000: loss main 1.665e-06 aux 0.3088 (34 s)
    seed 0 epoch 2740/5000: loss main 1.461e-06 aux 0.3162 (34 s)
    seed 0 epoch 2750/5000: loss main 1.522e-06 aux 0.3438 (35 s)
    seed 0 epoch 2760/5000: loss main 1.605e-06 aux 0.3019 (35 s)
    seed 0 epoch 2770/5000: loss main 1.398e-06 aux 0.2809 (35 s)
    seed 0 epoch 2780/5000: loss main 1.488e-06 aux 0.28 (35 s)
    seed 0 epoch 2790/5000: loss main 1.676e-06 aux 0.2787 (35 s)
    seed 0 epoch 2800/5000: loss main 1.645e-06 aux 0.2779 (35 s)
    seed 0 epoch 2810/5000: loss main 1.618e-06 aux 0.2773 (35 s)
    seed 0 epoch 2820/5000: loss main 1.609e-06 aux 0.277 (36 s)
    seed 0 epoch 2830/5000: loss main 1.603e-06 aux 0.2769 (36 s)
    seed 0 epoch 2840/5000: loss main 1.613e-06 aux 0.2768 (36 s)
    seed 0 epoch 2850/5000: loss main 1.663e-06 aux 0.3023 (36 s)
    seed 0 epoch 2860/5000: loss main 1.543e-06 aux 0.2784 (36 s)
    seed 0 epoch 2870/5000: loss main 1.487e-06 aux 0.2789 (36 s)
    seed 0 epoch 2880/5000: loss main 1.584e-06 aux 0.2772 (36 s)
    seed 0 epoch 2890/5000: loss main 1.613e-06 aux 0.277 (36 s)
    seed 0 epoch 2900/5000: loss main 1.62e-06 aux 0.2767 (37 s)
    seed 0 epoch 2910/5000: loss main 1.618e-06 aux 0.2765 (37 s)
    seed 0 epoch 2920/5000: loss main 1.612e-06 aux 0.2764 (37 s)
    seed 0 epoch 2930/5000: loss main 1.612e-06 aux 0.2776 (37 s)
    seed 0 epoch 2940/5000: loss main 1.601e-06 aux 0.2773 (37 s)
    seed 0 epoch 2950/5000: loss main 1.509e-06 aux 0.2777 (37 s)
    seed 0 epoch 2960/5000: loss main 1.566e-06 aux 0.2765 (37 s)
    seed 0 epoch 2970/5000: loss main 1.627e-06 aux 0.2765 (37 s)
    seed 0 epoch 2980/5000: loss main 1.63e-06 aux 0.2763 (38 s)
    seed 0 epoch 2990/5000: loss main 1.621e-06 aux 0.2762 (38 s)
    seed 0 epoch 3000/5000: loss main 1.616e-06 aux 0.2762 (38 s)
    seed 0 epoch 3010/5000: loss main 1.65e-06 aux 0.2898 (38 s)
    seed 0 epoch 3020/5000: loss main 1.527e-06 aux 0.2783 (38 s)
    seed 0 epoch 3030/5000: loss main 1.5e-06 aux 0.2774 (38 s)
    seed 0 epoch 3040/5000: loss main 1.593e-06 aux 0.2764 (38 s)
    seed 0 epoch 3050/5000: loss main 1.631e-06 aux 0.2762 (38 s)
    seed 0 epoch 3060/5000: loss main 1.632e-06 aux 0.2761 (39 s)
    seed 0 epoch 3070/5000: loss main 1.621e-06 aux 0.276 (39 s)
    seed 0 epoch 3080/5000: loss main 1.617e-06 aux 0.2763 (39 s)
    seed 0 epoch 3090/5000: loss main 1.589e-06 aux 0.2764 (39 s)
    seed 0 epoch 3100/5000: loss main 1.536e-06 aux 0.2768 (39 s)
    seed 0 epoch 3110/5000: loss main 1.573e-06 aux 0.2765 (39 s)
    seed 0 epoch 3120/5000: loss main 1.618e-06 aux 0.2762 (39 s)
    seed 0 epoch 3130/5000: loss main 1.629e-06 aux 0.2759 (39 s)
    seed 0 epoch 3140/5000: loss main 1.625e-06 aux 0.2759 (40 s)
    seed 0 epoch 3150/5000: loss main 1.621e-06 aux 0.2757 (40 s)
    seed 0 epoch 3160/5000: loss main 1.603e-06 aux 0.2895 (40 s)
    seed 0 epoch 3170/5000: loss main 1.71e-06 aux 0.2874 (40 s)
    seed 0 epoch 3180/5000: loss main 1.415e-06 aux 0.2935 (40 s)
    seed 0 epoch 3190/5000: loss main 1.451e-06 aux 0.2792 (40 s)
    seed 0 epoch 3200/5000: loss main 1.592e-06 aux 0.2783 (40 s)
    seed 0 epoch 3210/5000: loss main 1.625e-06 aux 0.2766 (40 s)
    seed 0 epoch 3220/5000: loss main 1.649e-06 aux 0.2764 (41 s)
    seed 0 epoch 3230/5000: loss main 1.626e-06 aux 0.2761 (41 s)
    seed 0 epoch 3240/5000: loss main 1.615e-06 aux 0.276 (41 s)
    seed 0 epoch 3250/5000: loss main 1.618e-06 aux 0.2759 (41 s)
    seed 0 epoch 3260/5000: loss main 1.628e-06 aux 0.2758 (41 s)
    seed 0 epoch 3270/5000: loss main 1.63e-06 aux 0.2758 (41 s)
    seed 0 epoch 3280/5000: loss main 1.643e-06 aux 0.2806 (41 s)
    seed 0 epoch 3290/5000: loss main 1.527e-06 aux 0.2796 (41 s)
    seed 0 epoch 3300/5000: loss main 1.508e-06 aux 0.2774 (42 s)
    seed 0 epoch 3310/5000: loss main 1.596e-06 aux 0.2764 (42 s)
    seed 0 epoch 3320/5000: loss main 1.632e-06 aux 0.2758 (42 s)
    seed 0 epoch 3330/5000: loss main 1.638e-06 aux 0.2757 (42 s)
    seed 0 epoch 3340/5000: loss main 1.629e-06 aux 0.2756 (42 s)
    seed 0 epoch 3350/5000: loss main 1.625e-06 aux 0.2756 (42 s)
    seed 0 epoch 3360/5000: loss main 1.63e-06 aux 0.2755 (42 s)
    seed 0 epoch 3370/5000: loss main 1.633e-06 aux 0.2755 (42 s)
    seed 0 epoch 3380/5000: loss main 1.627e-06 aux 0.2826 (43 s)
    seed 0 epoch 3390/5000: loss main 1.569e-06 aux 0.2792 (43 s)
    seed 0 epoch 3400/5000: loss main 1.583e-06 aux 0.2773 (43 s)
    seed 0 epoch 3410/5000: loss main 1.621e-06 aux 0.2756 (43 s)
    seed 0 epoch 3420/5000: loss main 1.636e-06 aux 0.2758 (43 s)
    seed 0 epoch 3430/5000: loss main 1.635e-06 aux 0.2756 (43 s)
    seed 0 epoch 3440/5000: loss main 1.634e-06 aux 0.2754 (43 s)
    seed 0 epoch 3450/5000: loss main 1.633e-06 aux 0.2754 (43 s)
    seed 0 epoch 3460/5000: loss main 1.638e-06 aux 0.2753 (44 s)
    seed 0 epoch 3470/5000: loss main 1.69e-06 aux 0.2776 (44 s)
    seed 0 epoch 3480/5000: loss main 1.563e-06 aux 0.2814 (44 s)
    seed 0 epoch 3490/5000: loss main 1.487e-06 aux 0.2762 (44 s)
    seed 0 epoch 3500/5000: loss main 1.551e-06 aux 0.2759 (44 s)
    seed 0 epoch 3510/5000: loss main 1.624e-06 aux 0.2759 (44 s)
    seed 0 epoch 3520/5000: loss main 1.644e-06 aux 0.2756 (44 s)
    seed 0 epoch 3530/5000: loss main 1.638e-06 aux 0.2755 (44 s)
    seed 0 epoch 3540/5000: loss main 1.635e-06 aux 0.2754 (45 s)
    seed 0 epoch 3550/5000: loss main 1.637e-06 aux 0.2753 (45 s)
    seed 0 epoch 3560/5000: loss main 1.64e-06 aux 0.2753 (45 s)
    seed 0 epoch 3570/5000: loss main 1.646e-06 aux 0.2752 (45 s)
    seed 0 epoch 3580/5000: loss main 1.712e-06 aux 0.2881 (45 s)
    seed 0 epoch 3590/5000: loss main 1.605e-06 aux 0.2782 (45 s)
    seed 0 epoch 3600/5000: loss main 1.551e-06 aux 0.2759 (45 s)
    seed 0 epoch 3610/5000: loss main 1.613e-06 aux 0.2764 (45 s)
    seed 0 epoch 3620/5000: loss main 1.662e-06 aux 0.2754 (46 s)
    seed 0 epoch 3630/5000: loss main 1.653e-06 aux 0.2753 (46 s)
    seed 0 epoch 3640/5000: loss main 1.634e-06 aux 0.2753 (46 s)
    seed 0 epoch 3650/5000: loss main 1.643e-06 aux 0.2752 (46 s)
    seed 0 epoch 3660/5000: loss main 1.64e-06 aux 0.2752 (46 s)
    seed 0 epoch 3670/5000: loss main 1.651e-06 aux 0.2751 (46 s)
    seed 0 epoch 3680/5000: loss main 1.651e-06 aux 0.2751 (46 s)
    seed 0 epoch 3690/5000: loss main 1.65e-06 aux 0.2811 (46 s)
    seed 0 epoch 3700/5000: loss main 1.57e-06 aux 0.2804 (47 s)
    seed 0 epoch 3710/5000: loss main 1.596e-06 aux 0.2762 (47 s)
    seed 0 epoch 3720/5000: loss main 1.648e-06 aux 0.2755 (47 s)
    seed 0 epoch 3730/5000: loss main 1.633e-06 aux 0.2753 (47 s)
    seed 0 epoch 3740/5000: loss main 1.654e-06 aux 0.2752 (47 s)
    seed 0 epoch 3750/5000: loss main 1.657e-06 aux 0.2752 (47 s)
    seed 0 epoch 3760/5000: loss main 1.64e-06 aux 0.2751 (47 s)
    seed 0 epoch 3770/5000: loss main 1.653e-06 aux 0.2751 (47 s)
    seed 0 epoch 3780/5000: loss main 1.658e-06 aux 0.275 (47 s)
    seed 0 epoch 3790/5000: loss main 1.702e-06 aux 0.277 (48 s)
    seed 0 epoch 3800/5000: loss main 1.699e-06 aux 0.2779 (48 s)
    seed 0 epoch 3810/5000: loss main 1.548e-06 aux 0.2776 (48 s)
    seed 0 epoch 3820/5000: loss main 1.585e-06 aux 0.2758 (48 s)
    seed 0 epoch 3830/5000: loss main 1.648e-06 aux 0.2755 (48 s)
    seed 0 epoch 3840/5000: loss main 1.688e-06 aux 0.2752 (48 s)
    seed 0 epoch 3850/5000: loss main 1.644e-06 aux 0.2751 (48 s)
    seed 0 epoch 3860/5000: loss main 1.65e-06 aux 0.2751 (49 s)
    seed 0 epoch 3870/5000: loss main 1.653e-06 aux 0.275 (49 s)
    seed 0 epoch 3880/5000: loss main 1.661e-06 aux 0.275 (49 s)
    seed 0 epoch 3890/5000: loss main 1.663e-06 aux 0.2749 (49 s)
    seed 0 epoch 3900/5000: loss main 1.64e-06 aux 0.278 (49 s)
    seed 0 epoch 3910/5000: loss main 1.556e-06 aux 0.2798 (49 s)
    seed 0 epoch 3920/5000: loss main 1.615e-06 aux 0.2762 (49 s)
    seed 0 epoch 3930/5000: loss main 1.627e-06 aux 0.2762 (49 s)
    seed 0 epoch 3940/5000: loss main 1.618e-06 aux 0.2753 (50 s)
    seed 0 epoch 3950/5000: loss main 1.684e-06 aux 0.2752 (50 s)
    seed 0 epoch 3960/5000: loss main 1.645e-06 aux 0.275 (50 s)
    seed 0 epoch 3970/5000: loss main 1.663e-06 aux 0.275 (50 s)
    seed 0 epoch 3980/5000: loss main 1.656e-06 aux 0.2749 (50 s)
    seed 0 epoch 3990/5000: loss main 1.663e-06 aux 0.2749 (50 s)
    seed 0 epoch 4000/5000: loss main 1.67e-06 aux 0.2749 (50 s)
    seed 0 epoch 4010/5000: loss main 1.77e-06 aux 0.2833 (50 s)
    seed 0 epoch 4020/5000: loss main 1.538e-06 aux 0.2763 (51 s)
    seed 0 epoch 4030/5000: loss main 1.575e-06 aux 0.2763 (51 s)
    seed 0 epoch 4040/5000: loss main 1.692e-06 aux 0.2756 (51 s)
    seed 0 epoch 4050/5000: loss main 1.678e-06 aux 0.2751 (51 s)
    seed 0 epoch 4060/5000: loss main 1.654e-06 aux 0.2751 (51 s)
    seed 0 epoch 4070/5000: loss main 1.656e-06 aux 0.2749 (51 s)
    seed 0 epoch 4080/5000: loss main 1.663e-06 aux 0.2749 (51 s)
    seed 0 epoch 4090/5000: loss main 1.665e-06 aux 0.2749 (51 s)
    seed 0 epoch 4100/5000: loss main 1.668e-06 aux 0.2749 (52 s)
    seed 0 epoch 4110/5000: loss main 1.671e-06 aux 0.2749 (52 s)
    seed 0 epoch 4120/5000: loss main 1.671e-06 aux 0.2873 (52 s)
    seed 0 epoch 4130/5000: loss main 1.555e-06 aux 0.2771 (52 s)
    seed 0 epoch 4140/5000: loss main 1.708e-06 aux 0.2766 (52 s)
    seed 0 epoch 4150/5000: loss main 1.641e-06 aux 0.2751 (52 s)
    seed 0 epoch 4160/5000: loss main 1.685e-06 aux 0.2751 (52 s)
    seed 0 epoch 4170/5000: loss main 1.66e-06 aux 0.2749 (52 s)
    seed 0 epoch 4180/5000: loss main 1.669e-06 aux 0.2748 (52 s)
    seed 0 epoch 4190/5000: loss main 1.675e-06 aux 0.2748 (53 s)
    seed 0 epoch 4200/5000: loss main 1.679e-06 aux 0.2748 (53 s)
    seed 0 epoch 4210/5000: loss main 1.684e-06 aux 0.2756 (53 s)
    seed 0 epoch 4220/5000: loss main 1.627e-06 aux 0.2782 (53 s)
    seed 0 epoch 4230/5000: loss main 1.599e-06 aux 0.2758 (53 s)
    seed 0 epoch 4240/5000: loss main 1.685e-06 aux 0.2755 (53 s)
    seed 0 epoch 4250/5000: loss main 1.65e-06 aux 0.275 (53 s)
    seed 0 epoch 4260/5000: loss main 1.683e-06 aux 0.2749 (53 s)
    seed 0 epoch 4270/5000: loss main 1.675e-06 aux 0.2748 (54 s)
    seed 0 epoch 4280/5000: loss main 1.679e-06 aux 0.2748 (54 s)
    seed 0 epoch 4290/5000: loss main 1.684e-06 aux 0.2748 (54 s)
    seed 0 epoch 4300/5000: loss main 1.679e-06 aux 0.2763 (54 s)
    seed 0 epoch 4310/5000: loss main 1.661e-06 aux 0.2774 (54 s)
    seed 0 epoch 4320/5000: loss main 1.666e-06 aux 0.2751 (54 s)
    seed 0 epoch 4330/5000: loss main 1.699e-06 aux 0.2749 (54 s)
    seed 0 epoch 4340/5000: loss main 1.672e-06 aux 0.2748 (54 s)
    seed 0 epoch 4350/5000: loss main 1.661e-06 aux 0.2748 (55 s)
    seed 0 epoch 4360/5000: loss main 1.673e-06 aux 0.2748 (55 s)
    seed 0 epoch 4370/5000: loss main 1.685e-06 aux 0.275 (55 s)
    seed 0 epoch 4380/5000: loss main 1.64e-06 aux 0.2781 (55 s)
    seed 0 epoch 4390/5000: loss main 1.682e-06 aux 0.2752 (55 s)
    seed 0 epoch 4400/5000: loss main 1.763e-06 aux 0.2783 (55 s)
    seed 0 epoch 4410/5000: loss main 1.73e-06 aux 0.2761 (55 s)
    seed 0 epoch 4420/5000: loss main 1.693e-06 aux 0.2751 (55 s)
    seed 0 epoch 4430/5000: loss main 1.681e-06 aux 0.2748 (56 s)
    seed 0 epoch 4440/5000: loss main 1.692e-06 aux 0.2748 (56 s)
    seed 0 epoch 4450/5000: loss main 1.735e-06 aux 0.2781 (56 s)
    seed 0 epoch 4460/5000: loss main 1.64e-06 aux 0.2765 (56 s)
    seed 0 epoch 4470/5000: loss main 1.642e-06 aux 0.2755 (56 s)
    seed 0 epoch 4480/5000: loss main 1.661e-06 aux 0.2751 (56 s)
    seed 0 epoch 4490/5000: loss main 1.682e-06 aux 0.2748 (56 s)
    seed 0 epoch 4500/5000: loss main 1.707e-06 aux 0.2762 (56 s)
    seed 0 epoch 4510/5000: loss main 1.663e-06 aux 0.2748 (57 s)
    seed 0 epoch 4520/5000: loss main 1.717e-06 aux 0.2758 (57 s)
    seed 0 epoch 4530/5000: loss main 1.721e-06 aux 0.2752 (57 s)
    seed 0 epoch 4540/5000: loss main 1.704e-06 aux 0.2753 (57 s)
    seed 0 epoch 4550/5000: loss main 1.662e-06 aux 0.2754 (57 s)
    seed 0 epoch 4560/5000: loss main 1.659e-06 aux 0.2755 (57 s)
    seed 0 epoch 4570/5000: loss main 1.68e-06 aux 0.275 (57 s)
    seed 0 epoch 4580/5000: loss main 1.684e-06 aux 0.2747 (57 s)
    seed 0 epoch 4590/5000: loss main 1.688e-06 aux 0.275 (58 s)
    seed 0 epoch 4600/5000: loss main 1.603e-06 aux 0.2804 (58 s)
    seed 0 epoch 4610/5000: loss main 1.694e-06 aux 0.2766 (58 s)
    seed 0 epoch 4620/5000: loss main 1.628e-06 aux 0.2754 (58 s)
    seed 0 epoch 4630/5000: loss main 1.677e-06 aux 0.275 (58 s)
    seed 0 epoch 4640/5000: loss main 1.688e-06 aux 0.2749 (58 s)
    seed 0 epoch 4650/5000: loss main 1.672e-06 aux 0.2748 (58 s)
    seed 0 epoch 4660/5000: loss main 1.682e-06 aux 0.2747 (58 s)
    seed 0 epoch 4670/5000: loss main 1.693e-06 aux 0.2747 (59 s)
    seed 0 epoch 4680/5000: loss main 1.694e-06 aux 0.2747 (59 s)
    seed 0 epoch 4690/5000: loss main 1.698e-06 aux 0.2774 (59 s)
    seed 0 epoch 4700/5000: loss main 1.702e-06 aux 0.2763 (59 s)
    seed 0 epoch 4710/5000: loss main 1.72e-06 aux 0.2751 (59 s)
    seed 0 epoch 4720/5000: loss main 1.705e-06 aux 0.2752 (59 s)
    seed 0 epoch 4730/5000: loss main 1.708e-06 aux 0.2748 (59 s)
    seed 0 epoch 4740/5000: loss main 1.695e-06 aux 0.2748 (59 s)
    seed 0 epoch 4750/5000: loss main 1.689e-06 aux 0.2747 (60 s)
    seed 0 epoch 4760/5000: loss main 1.698e-06 aux 0.2751 (60 s)
    seed 0 epoch 4770/5000: loss main 1.635e-06 aux 0.276 (60 s)
    seed 0 epoch 4780/5000: loss main 1.815e-06 aux 0.2792 (60 s)
    seed 0 epoch 4790/5000: loss main 1.599e-06 aux 0.2759 (60 s)
    seed 0 epoch 4800/5000: loss main 1.65e-06 aux 0.2926 (60 s)
    seed 0 epoch 4810/5000: loss main 1.662e-06 aux 0.4357 (60 s)
    seed 0 epoch 4820/5000: loss main 2.55e-06 aux 0.5002 (60 s)
    seed 0 epoch 4830/5000: loss main 1.876e-06 aux 0.487 (61 s)
    seed 0 epoch 4840/5000: loss main 2.113e-06 aux 0.7579 (61 s)
    seed 0 epoch 4850/5000: loss main 2.899e-06 aux 0.5589 (61 s)
    seed 0 epoch 4860/5000: loss main 5.236e-06 aux 1.111 (61 s)
    seed 0 epoch 4870/5000: loss main 7.781e-06 aux 1.275 (61 s)
    seed 0 epoch 4880/5000: loss main 3.129e-05 aux 2.062 (61 s)
    seed 0 epoch 4890/5000: loss main 1.208e-05 aux 1.543 (61 s)
    seed 0 epoch 4900/5000: loss main 1.129e-05 aux 0.6748 (61 s)
    seed 0 epoch 4910/5000: loss main 1.02e-05 aux 0.6761 (62 s)
    seed 0 epoch 4920/5000: loss main 1.495e-05 aux 0.7809 (62 s)
    seed 0 epoch 4930/5000: loss main 1.177e-05 aux 0.6287 (62 s)
    seed 0 epoch 4940/5000: loss main 6.292e-06 aux 0.5455 (62 s)
    seed 0 epoch 4950/5000: loss main 1.206e-05 aux 2.903 (62 s)
    seed 0 epoch 4960/5000: loss main 9.947e-06 aux 0.6588 (62 s)
    seed 0 epoch 4970/5000: loss main 2.188e-06 aux 0.4918 (62 s)
    seed 0 epoch 4980/5000: loss main 2.291e-06 aux 0.4749 (63 s)
    seed 0 epoch 4990/5000: loss main 1.976e-06 aux 0.4329 (63 s)
    seed 0 epoch 5000/5000: loss main 1.799e-06 aux 0.4269 (63 s)
  n=1 seed 0 (a): ring couplings 2.95 vs zero 3.30 (ratio 0.89) | corrected ω 12.56 (zero 25.01) | ΔH residual ratio 0.701
  n=1 seed 0 (b): ring couplings 2.95 vs zero 3.30 (ratio 0.89) | corrected ω 12.56 (zero 25.01) | ΔH residual ratio 0.701
wrote out/E7_rungC_diag_overfit_benzene_e5000_lr3e-3_2026-10-01.json/.md in 97 s
=== overfit e5000 lr 3e-3 done Thu Oct  1 00:08:52 WEDT 2026
=== overfit re-run finished Thu Oct  1 00:08:52 WEDT 2026
