=== stage 3 start Sun Sep 27 22:03:40 WEDT 2026; stage-2 winner flags: [--aux-weight 1.0 --lr 1e-3 --epochs 200 --patience 20]
5 shards (data-00000-of-00005.arrow 8fb0ae620ddaf83b, data-00001-of-00005.arrow 4a5435bab3710f71, data-00002-of-00005.arrow 2df9a6977971f0a2, data-00003-of-00005.arrow 67cf5c6dbb9e03ab, data-00004-of-00005.arrow 5cda6cd30270bd9c); epochs 3; threads 8
class scales (own block, bonded, non-bonded) from 2000 molecules: [0.2534851655553568, 0.12724846613361318, 0.006810434799983741]
  epoch 1 molecule 500: train loss 0.02755 (0.01 s per molecule)
  epoch 1 molecule 1000: train loss 0.01444 (0.01 s per molecule)
  epoch 1 molecule 1500: train loss 0.009934 (0.01 s per molecule)
  epoch 1 molecule 2000: train loss 0.007641 (0.01 s per molecule)
  epoch 1 molecule 2500: train loss 0.006236 (0.01 s per molecule)
  epoch 1 molecule 3000: train loss 0.005279 (0.01 s per molecule)
  epoch 1 molecule 3500: train loss 0.00458 (0.01 s per molecule)
  epoch 1 molecule 4000: train loss 0.004072 (0.01 s per molecule)
  epoch 1 molecule 4500: train loss 0.003656 (0.01 s per molecule)
  epoch 1 molecule 5000: train loss 0.003326 (0.01 s per molecule)
  epoch 1 molecule 5500: train loss 0.003054 (0.01 s per molecule)
  epoch 1 molecule 6000: train loss 0.002824 (0.01 s per molecule)
  epoch 1 molecule 6500: train loss 0.002633 (0.01 s per molecule)
  epoch 1 molecule 7000: train loss 0.002518 (0.01 s per molecule)
  epoch 1 molecule 7500: train loss 0.002398 (0.01 s per molecule)
  epoch 1 molecule 8000: train loss 0.002268 (0.01 s per molecule)
  epoch 1 molecule 8500: train loss 0.002152 (0.01 s per molecule)
  epoch 1 molecule 9000: train loss 0.002048 (0.01 s per molecule)
  epoch 1 molecule 9500: train loss 0.001977 (0.01 s per molecule)
  epoch 1 molecule 10000: train loss 0.001896 (0.01 s per molecule)
  epoch 1 molecule 10500: train loss 0.00182 (0.01 s per molecule)
  epoch 1 molecule 11000: train loss 0.00175 (0.01 s per molecule)
  epoch 1 molecule 11500: train loss 0.001685 (0.01 s per molecule)
  epoch 1 molecule 12000: train loss 0.001627 (0.01 s per molecule)
  epoch 1 molecule 12500: train loss 0.001573 (0.01 s per molecule)
  epoch 1 molecule 13000: train loss 0.001523 (0.01 s per molecule)
  epoch 1 molecule 13500: train loss 0.001479 (0.01 s per molecule)
  epoch 1 molecule 14000: train loss 0.001435 (0.01 s per molecule)
  epoch 1 molecule 14500: train loss 0.001394 (0.01 s per molecule)
  epoch 1 molecule 15000: train loss 0.001356 (0.01 s per molecule)
  epoch 1 molecule 15500: train loss 0.001324 (0.01 s per molecule)
  epoch 1 molecule 16000: train loss 0.00129 (0.01 s per molecule)
  epoch 1 molecule 16500: train loss 0.001258 (0.01 s per molecule)
  epoch 1 molecule 17000: train loss 0.001229 (0.01 s per molecule)
  epoch 1 molecule 17500: train loss 0.001201 (0.01 s per molecule)
  epoch 1 molecule 18000: train loss 0.001174 (0.01 s per molecule)
  epoch 1 molecule 18500: train loss 0.00115 (0.01 s per molecule)
  epoch 1 molecule 19000: train loss 0.001126 (0.01 s per molecule)
  epoch 1 molecule 19500: train loss 0.001103 (0.01 s per molecule)
  epoch 1 molecule 20000: train loss 0.001081 (0.01 s per molecule)
  epoch 1 molecule 20500: train loss 0.00106 (0.01 s per molecule)
  epoch 1 molecule 21000: train loss 0.001048 (0.01 s per molecule)
  epoch 1 molecule 21500: train loss 0.001031 (0.01 s per molecule)
  epoch 1 molecule 22000: train loss 0.001014 (0.01 s per molecule)
  epoch 1 molecule 22500: train loss 0.0009963 (0.01 s per molecule)
  epoch 1 molecule 23000: train loss 0.0009795 (0.01 s per molecule)
  epoch 1 molecule 23500: train loss 0.0009635 (0.01 s per molecule)
  epoch 1 molecule 24000: train loss 0.0009484 (0.01 s per molecule)
  epoch 1 molecule 24500: train loss 0.0009336 (0.01 s per molecule)
  epoch 1 molecule 25000: train loss 0.0009195 (0.01 s per molecule)
  epoch 1 molecule 25500: train loss 0.0009058 (0.01 s per molecule)
  epoch 1 molecule 26000: train loss 0.000893 (0.01 s per molecule)
  epoch 1 molecule 26500: train loss 0.0008803 (0.01 s per molecule)
  epoch 1 molecule 27000: train loss 0.0008681 (0.01 s per molecule)
  epoch 1 molecule 27500: train loss 0.0008566 (0.01 s per molecule)
  epoch 1 molecule 28000: train loss 0.0008454 (0.01 s per molecule)
  epoch 1 molecule 28500: train loss 0.0008348 (0.01 s per molecule)
  epoch 1 molecule 29000: train loss 0.0008242 (0.01 s per molecule)
  epoch 1 molecule 29500: train loss 0.0008139 (0.01 s per molecule)
  epoch 1 molecule 30000: train loss 0.0008041 (0.01 s per molecule)
  epoch 1 molecule 30500: train loss 0.0007944 (0.01 s per molecule)
  epoch 1 molecule 31000: train loss 0.0007855 (0.01 s per molecule)
  epoch 1 molecule 31500: train loss 0.0007763 (0.01 s per molecule)
  epoch 1 molecule 32000: train loss 0.0007674 (0.01 s per molecule)
  epoch 1 molecule 32500: train loss 0.0007589 (0.01 s per molecule)
  epoch 1 molecule 33000: train loss 0.0007505 (0.01 s per molecule)
  epoch 1 molecule 33500: train loss 0.0007425 (0.01 s per molecule)
  epoch 1 molecule 34000: train loss 0.0007347 (0.01 s per molecule)
  epoch 1 molecule 34500: train loss 0.000727 (0.01 s per molecule)
  epoch 1 molecule 35000: train loss 0.0007197 (0.01 s per molecule)
  epoch 1 molecule 35500: train loss 0.0007124 (0.01 s per molecule)
  epoch 1 molecule 36000: train loss 0.0007053 (0.01 s per molecule)
  epoch 1 molecule 36500: train loss 0.0006985 (0.01 s per molecule)
  epoch 1 molecule 37000: train loss 0.0006919 (0.01 s per molecule)
  epoch 1 molecule 37500: train loss 0.0006855 (0.01 s per molecule)
  epoch 1 molecule 38000: train loss 0.0006792 (0.01 s per molecule)
  epoch 1 molecule 38500: train loss 0.000673 (0.01 s per molecule)
  epoch 1 molecule 39000: train loss 0.0006669 (0.01 s per molecule)
  epoch 1 molecule 39500: train loss 0.0006612 (0.01 s per molecule)
  epoch 1 molecule 40000: train loss 0.0006553 (0.01 s per molecule)
  epoch 1 molecule 40500: train loss 0.0006497 (0.01 s per molecule)
epoch 1/3: train 0.0006463 val 0.0007684 on 40812 / 833 molecules, 545 s; checkpoint out\rungC_pretrained_2026-09-27.pt
  epoch 2 molecule 500: train loss 0.0001963 (0.01 s per molecule)
  epoch 2 molecule 1000: train loss 0.0001975 (0.01 s per molecule)
  epoch 2 molecule 1500: train loss 0.0001995 (0.01 s per molecule)
  epoch 2 molecule 2000: train loss 0.0001989 (0.01 s per molecule)
  epoch 2 molecule 2500: train loss 0.0002 (0.01 s per molecule)
  epoch 2 molecule 3000: train loss 0.0001988 (0.01 s per molecule)
  epoch 2 molecule 3500: train loss 0.0001978 (0.01 s per molecule)
  epoch 2 molecule 4000: train loss 0.0002 (0.01 s per molecule)
  epoch 2 molecule 4500: train loss 0.0001987 (0.01 s per molecule)
  epoch 2 molecule 5000: train loss 0.0001999 (0.01 s per molecule)
  epoch 2 molecule 5500: train loss 0.0001989 (0.01 s per molecule)
  epoch 2 molecule 6000: train loss 0.000198 (0.01 s per molecule)
  epoch 2 molecule 6500: train loss 0.0001973 (0.01 s per molecule)
  epoch 2 molecule 7000: train loss 0.0001972 (0.01 s per molecule)
  epoch 2 molecule 7500: train loss 0.0002016 (0.01 s per molecule)
  epoch 2 molecule 8000: train loss 0.0002009 (0.01 s per molecule)
  epoch 2 molecule 8500: train loss 0.0002001 (0.01 s per molecule)
  epoch 2 molecule 9000: train loss 0.0001992 (0.01 s per molecule)
  epoch 2 molecule 9500: train loss 0.0002018 (0.01 s per molecule)
  epoch 2 molecule 10000: train loss 0.0002012 (0.01 s per molecule)
  epoch 2 molecule 10500: train loss 0.0002006 (0.01 s per molecule)
  epoch 2 molecule 11000: train loss 0.0002 (0.01 s per molecule)
  epoch 2 molecule 11500: train loss 0.0001994 (0.01 s per molecule)
  epoch 2 molecule 12000: train loss 0.0001993 (0.01 s per molecule)
  epoch 2 molecule 12500: train loss 0.0001991 (0.01 s per molecule)
  epoch 2 molecule 13000: train loss 0.0001989 (0.01 s per molecule)
  epoch 2 molecule 13500: train loss 0.0001991 (0.01 s per molecule)
  epoch 2 molecule 14000: train loss 0.0001984 (0.01 s per molecule)
  epoch 2 molecule 14500: train loss 0.0001981 (0.01 s per molecule)
  epoch 2 molecule 15000: train loss 0.0001978 (0.01 s per molecule)
  epoch 2 molecule 15500: train loss 0.0001985 (0.01 s per molecule)
  epoch 2 molecule 16000: train loss 0.0001981 (0.01 s per molecule)
  epoch 2 molecule 16500: train loss 0.0001974 (0.01 s per molecule)
  epoch 2 molecule 17000: train loss 0.0001973 (0.01 s per molecule)
  epoch 2 molecule 17500: train loss 0.0001971 (0.01 s per molecule)
  epoch 2 molecule 18000: train loss 0.0001966 (0.01 s per molecule)
  epoch 2 molecule 18500: train loss 0.0001965 (0.01 s per molecule)
  epoch 2 molecule 19000: train loss 0.0001962 (0.01 s per molecule)
  epoch 2 molecule 19500: train loss 0.0001961 (0.01 s per molecule)
  epoch 2 molecule 20000: train loss 0.0001958 (0.01 s per molecule)
  epoch 2 molecule 20500: train loss 0.0001955 (0.01 s per molecule)
  epoch 2 molecule 21000: train loss 0.0002002 (0.01 s per molecule)
  epoch 2 molecule 21500: train loss 0.0002009 (0.01 s per molecule)
  epoch 2 molecule 22000: train loss 0.0002006 (0.01 s per molecule)
  epoch 2 molecule 22500: train loss 0.0002002 (0.01 s per molecule)
  epoch 2 molecule 23000: train loss 0.0001997 (0.01 s per molecule)
  epoch 2 molecule 23500: train loss 0.0001993 (0.01 s per molecule)
  epoch 2 molecule 24000: train loss 0.0001992 (0.01 s per molecule)
  epoch 2 molecule 24500: train loss 0.000199 (0.01 s per molecule)
  epoch 2 molecule 25000: train loss 0.0001987 (0.01 s per molecule)
  epoch 2 molecule 25500: train loss 0.0001983 (0.01 s per molecule)
  epoch 2 molecule 26000: train loss 0.0001981 (0.01 s per molecule)
  epoch 2 molecule 26500: train loss 0.0001977 (0.01 s per molecule)
  epoch 2 molecule 27000: train loss 0.0001975 (0.01 s per molecule)
  epoch 2 molecule 27500: train loss 0.0001975 (0.01 s per molecule)
  epoch 2 molecule 28000: train loss 0.0001973 (0.01 s per molecule)
  epoch 2 molecule 28500: train loss 0.0001972 (0.01 s per molecule)
  epoch 2 molecule 29000: train loss 0.0001969 (0.01 s per molecule)
  epoch 2 molecule 29500: train loss 0.0001967 (0.01 s per molecule)
  epoch 2 molecule 30000: train loss 0.0001966 (0.01 s per molecule)
  epoch 2 molecule 30500: train loss 0.0001964 (0.01 s per molecule)
  epoch 2 molecule 31000: train loss 0.0001963 (0.01 s per molecule)
  epoch 2 molecule 31500: train loss 0.0001961 (0.01 s per molecule)
  epoch 2 molecule 32000: train loss 0.0001959 (0.01 s per molecule)
  epoch 2 molecule 32500: train loss 0.0001957 (0.01 s per molecule)
  epoch 2 molecule 33000: train loss 0.0001955 (0.02 s per molecule)
  epoch 2 molecule 33500: train loss 0.0001954 (0.02 s per molecule)
  epoch 2 molecule 34000: train loss 0.0001952 (0.01 s per molecule)
  epoch 2 molecule 34500: train loss 0.000195 (0.01 s per molecule)
  epoch 2 molecule 35000: train loss 0.0001948 (0.01 s per molecule)
  epoch 2 molecule 35500: train loss 0.0001946 (0.01 s per molecule)
  epoch 2 molecule 36000: train loss 0.0001944 (0.01 s per molecule)
  epoch 2 molecule 36500: train loss 0.0001943 (0.01 s per molecule)
  epoch 2 molecule 37000: train loss 0.0001942 (0.01 s per molecule)
  epoch 2 molecule 37500: train loss 0.000194 (0.01 s per molecule)
  epoch 2 molecule 38000: train loss 0.0001939 (0.01 s per molecule)
  epoch 2 molecule 38500: train loss 0.0001937 (0.01 s per molecule)
  epoch 2 molecule 39000: train loss 0.0001935 (0.01 s per molecule)
  epoch 2 molecule 39500: train loss 0.0001934 (0.01 s per molecule)
  epoch 2 molecule 40000: train loss 0.0001932 (0.01 s per molecule)
  epoch 2 molecule 40500: train loss 0.0001931 (0.01 s per molecule)
epoch 2/3: train 0.000193 val 0.0001922 on 40812 / 833 molecules, 598 s; checkpoint out\rungC_pretrained_2026-09-27.pt
  epoch 3 molecule 500: train loss 0.0001798 (0.01 s per molecule)
  epoch 3 molecule 1000: train loss 0.0001798 (0.01 s per molecule)
  epoch 3 molecule 1500: train loss 0.0001831 (0.01 s per molecule)
  epoch 3 molecule 2000: train loss 0.0001827 (0.01 s per molecule)
  epoch 3 molecule 2500: train loss 0.0001823 (0.01 s per molecule)
  epoch 3 molecule 3000: train loss 0.0001815 (0.01 s per molecule)
  epoch 3 molecule 3500: train loss 0.0001805 (0.01 s per molecule)
  epoch 3 molecule 4000: train loss 0.0001815 (0.01 s per molecule)
  epoch 3 molecule 4500: train loss 0.0001805 (0.01 s per molecule)
  epoch 3 molecule 5000: train loss 0.0001815 (0.01 s per molecule)
  epoch 3 molecule 5500: train loss 0.0001808 (0.01 s per molecule)
  epoch 3 molecule 6000: train loss 0.0001801 (0.01 s per molecule)
  epoch 3 molecule 6500: train loss 0.0001799 (0.01 s per molecule)
  epoch 3 molecule 7000: train loss 0.0001796 (0.01 s per molecule)
  epoch 3 molecule 7500: train loss 0.0001827 (0.01 s per molecule)
  epoch 3 molecule 8000: train loss 0.0001821 (0.01 s per molecule)
  epoch 3 molecule 8500: train loss 0.0001815 (0.01 s per molecule)
  epoch 3 molecule 9000: train loss 0.0001811 (0.01 s per molecule)
  epoch 3 molecule 9500: train loss 0.0001839 (0.01 s per molecule)
  epoch 3 molecule 10000: train loss 0.0001834 (0.01 s per molecule)
  epoch 3 molecule 10500: train loss 0.000183 (0.01 s per molecule)
  epoch 3 molecule 11000: train loss 0.0001825 (0.01 s per molecule)
  epoch 3 molecule 11500: train loss 0.0001821 (0.01 s per molecule)
  epoch 3 molecule 12000: train loss 0.000182 (0.01 s per molecule)
  epoch 3 molecule 12500: train loss 0.0001819 (0.01 s per molecule)
  epoch 3 molecule 13000: train loss 0.000182 (0.01 s per molecule)
  epoch 3 molecule 13500: train loss 0.0001824 (0.01 s per molecule)
  epoch 3 molecule 14000: train loss 0.0001819 (0.01 s per molecule)
  epoch 3 molecule 14500: train loss 0.0001817 (0.01 s per molecule)
  epoch 3 molecule 15000: train loss 0.0001815 (0.01 s per molecule)
  epoch 3 molecule 15500: train loss 0.0001815 (0.01 s per molecule)
  epoch 3 molecule 16000: train loss 0.0001813 (0.01 s per molecule)
  epoch 3 molecule 16500: train loss 0.0001808 (0.01 s per molecule)
  epoch 3 molecule 17000: train loss 0.0001808 (0.01 s per molecule)
  epoch 3 molecule 17500: train loss 0.0001806 (0.01 s per molecule)
  epoch 3 molecule 18000: train loss 0.0001805 (0.01 s per molecule)
  epoch 3 molecule 18500: train loss 0.0001807 (0.01 s per molecule)
  epoch 3 molecule 19000: train loss 0.0001805 (0.01 s per molecule)
  epoch 3 molecule 19500: train loss 0.0001805 (0.01 s per molecule)
  epoch 3 molecule 20000: train loss 0.0001802 (0.01 s per molecule)
  epoch 3 molecule 20500: train loss 0.00018 (0.01 s per molecule)
  epoch 3 molecule 21000: train loss 0.0001832 (0.01 s per molecule)
  epoch 3 molecule 21500: train loss 0.000184 (0.01 s per molecule)
  epoch 3 molecule 22000: train loss 0.0001838 (0.01 s per molecule)
  epoch 3 molecule 22500: train loss 0.0001835 (0.01 s per molecule)
  epoch 3 molecule 23000: train loss 0.0001832 (0.01 s per molecule)
  epoch 3 molecule 23500: train loss 0.000183 (0.01 s per molecule)
  epoch 3 molecule 24000: train loss 0.0001828 (0.01 s per molecule)
  epoch 3 molecule 24500: train loss 0.0001826 (0.01 s per molecule)
  epoch 3 molecule 25000: train loss 0.0001825 (0.01 s per molecule)
  epoch 3 molecule 25500: train loss 0.0001822 (0.01 s per molecule)
  epoch 3 molecule 26000: train loss 0.000182 (0.01 s per molecule)
  epoch 3 molecule 26500: train loss 0.0001819 (0.01 s per molecule)
  epoch 3 molecule 27000: train loss 0.0001818 (0.01 s per molecule)
  epoch 3 molecule 27500: train loss 0.0001817 (0.01 s per molecule)
  epoch 3 molecule 28000: train loss 0.0001816 (0.01 s per molecule)
  epoch 3 molecule 28500: train loss 0.0001816 (0.01 s per molecule)
  epoch 3 molecule 29000: train loss 0.0001813 (0.01 s per molecule)
  epoch 3 molecule 29500: train loss 0.0001812 (0.01 s per molecule)
  epoch 3 molecule 30000: train loss 0.0001812 (0.01 s per molecule)
  epoch 3 molecule 30500: train loss 0.0001811 (0.01 s per molecule)
  epoch 3 molecule 31000: train loss 0.0001813 (0.01 s per molecule)
  epoch 3 molecule 31500: train loss 0.0001812 (0.01 s per molecule)
  epoch 3 molecule 32000: train loss 0.0001809 (0.01 s per molecule)
  epoch 3 molecule 32500: train loss 0.0001809 (0.01 s per molecule)
  epoch 3 molecule 33000: train loss 0.0001807 (0.01 s per molecule)
  epoch 3 molecule 33500: train loss 0.0001807 (0.01 s per molecule)
  epoch 3 molecule 34000: train loss 0.0001805 (0.01 s per molecule)
  epoch 3 molecule 34500: train loss 0.0001804 (0.01 s per molecule)
  epoch 3 molecule 35000: train loss 0.0001804 (0.01 s per molecule)
  epoch 3 molecule 35500: train loss 0.0001802 (0.01 s per molecule)
  epoch 3 molecule 36000: train loss 0.0001801 (0.01 s per molecule)
  epoch 3 molecule 36500: train loss 0.0001801 (0.01 s per molecule)
  epoch 3 molecule 37000: train loss 0.00018 (0.01 s per molecule)
  epoch 3 molecule 37500: train loss 0.0001799 (0.01 s per molecule)
  epoch 3 molecule 38000: train loss 0.0001799 (0.01 s per molecule)
  epoch 3 molecule 38500: train loss 0.0001797 (0.01 s per molecule)
  epoch 3 molecule 39000: train loss 0.0001796 (0.01 s per molecule)
  epoch 3 molecule 39500: train loss 0.0001796 (0.01 s per molecule)
  epoch 3 molecule 40000: train loss 0.0001795 (0.01 s per molecule)
  epoch 3 molecule 40500: train loss 0.0001795 (0.01 s per molecule)
epoch 3/3: train 0.0001794 val 0.0001794 on 40812 / 833 molecules, 568 s; checkpoint out\rungC_pretrained_2026-09-27.pt
wrote out\rungC_pretrained_2026-09-27.pt and out/rungC_pretrained_2026-09-27.json in 1716 s
=== pretraining done Sun Sep 27 22:32:19 WEDT 2026
analytic second-route Hessians substituted for 23 molecules
498 molecules; pool 175; hold-out (a) 10, (b) 39 (['fluoranthene', 'fluorene']); sizes [45, 100, 175]; seeds [0, 1, 2]; epochs 200; threads 8; model 171,554 parameters
    seed 0 epoch 1/200: loss main 2.451e+26 aux 3.014e+32 val 0.8473 (1 s)
    seed 0 epoch 10/200: loss main 1.711e-06 aux 0.4446 val 0.3852 (5 s)
    seed 0 epoch 20/200: loss main 1.373e-06 aux 0.3503 val 0.3439 (11 s)
    seed 0 epoch 30/200: loss main 1.312e-06 aux 0.3384 val 0.3186 (16 s)
    seed 0 epoch 40/200: loss main 1.269e-06 aux 0.3438 val 0.3065 (22 s)
    seed 0 epoch 50/200: loss main 1.241e-06 aux 0.3285 val 0.3026 (27 s)
    seed 0 epoch 60/200: loss main 1.213e-06 aux 0.3109 val 0.3008 (33 s)
    seed 0 epoch 70/200: loss main 1.208e-06 aux 0.3143 val 0.294 (38 s)
    seed 0 epoch 80/200: loss main 1.175e-06 aux 0.297 val 0.2839 (44 s)
    seed 0 epoch 90/200: loss main 1.173e-06 aux 0.3008 val 0.2944 (50 s)
    seed 0 epoch 100/200: loss main 1.149e-06 aux 0.3057 val 0.3124 (55 s)
    seed 0 epoch 110/200: loss main 1.122e-06 aux 0.3004 val 0.276 (61 s)
    seed 0 epoch 120/200: loss main 1.075e-06 aux 0.2786 val 0.2752 (67 s)
    seed 0 epoch 130/200: loss main 1.026e-06 aux 0.2779 val 0.2525 (72 s)
    seed 0 epoch 140/200: loss main 9.984e-07 aux 0.2837 val 0.2656 (78 s)
    seed 0 epoch 150/200: loss main 9.413e-07 aux 0.2619 val 0.252 (84 s)
    seed 0 epoch 160/200: loss main 9.263e-07 aux 0.2494 val 0.2431 (89 s)
    seed 0 epoch 170/200: loss main 9.235e-07 aux 0.2487 val 0.2355 (95 s)
    seed 0 epoch 180/200: loss main 9.245e-07 aux 0.2547 val 0.253 (101 s)
    seed 0 epoch 190/200: loss main 8.934e-07 aux 0.2518 val 0.2348 (106 s)
    seed 0: early stop at epoch 192, best inner val 0.2311 at epoch 172
  n=45 seed 0: inner validation internal term 0.2311 on 7 molecules (fit on 38)
  n=45 seed 0 (a): ring couplings 3.24 vs zero 3.76 (ratio 0.86) | corrected ω 9.66 (zero 23.29) | ΔH residual ratio 0.656
  n=45 seed 0 (b): ring couplings 3.29 vs zero 3.74 (ratio 0.88) | corrected ω 9.57 (zero 23.09) | ΔH residual ratio 0.646
    seed 1 epoch 1/200: loss main 1.802e+04 aux 7.951e+10 val 0.7272 (1 s)
    seed 1 epoch 10/200: loss main 1.715e-06 aux 0.447 val 0.4652 (6 s)
    seed 1 epoch 20/200: loss main 1.392e-06 aux 0.3607 val 0.3289 (11 s)
    seed 1 epoch 30/200: loss main 1.301e-06 aux 0.344 val 0.359 (17 s)
    seed 1 epoch 40/200: loss main 1.272e-06 aux 0.3306 val 0.3592 (23 s)
    seed 1 epoch 50/200: loss main 1.229e-06 aux 0.3067 val 0.3098 (28 s)
    seed 1 epoch 60/200: loss main 1.2e-06 aux 0.2917 val 0.3165 (34 s)
    seed 1 epoch 70/200: loss main 1.192e-06 aux 0.3181 val 0.426 (39 s)
    seed 1: early stop at epoch 72, best inner val 0.3016 at epoch 52
  n=45 seed 1: inner validation internal term 0.3016 on 7 molecules (fit on 38)
  n=45 seed 1 (a): ring couplings 3.62 vs zero 3.76 (ratio 0.96) | corrected ω 10.52 (zero 23.29) | ΔH residual ratio 0.715
  n=45 seed 1 (b): ring couplings 3.62 vs zero 3.74 (ratio 0.97) | corrected ω 10.49 (zero 23.09) | ΔH residual ratio 0.730
    seed 2 epoch 1/200: loss main 4.101e+26 aux 1.601e+32 val 0.6591 (1 s)
    seed 2 epoch 10/200: loss main 1.749e-06 aux 0.4532 val 0.5313 (6 s)
    seed 2 epoch 20/200: loss main 1.304e-06 aux 0.328 val 0.4691 (11 s)
    seed 2 epoch 30/200: loss main 1.245e-06 aux 0.3404 val 0.3952 (17 s)
    seed 2 epoch 40/200: loss main 1.206e-06 aux 0.3138 val 0.374 (24 s)
    seed 2: early stop at epoch 46, best inner val 0.3501 at epoch 26
  n=45 seed 2: inner validation internal term 0.3501 on 7 molecules (fit on 38)
  n=45 seed 2 (a): ring couplings 3.67 vs zero 3.76 (ratio 0.98) | corrected ω 10.33 (zero 23.29) | ΔH residual ratio 0.724
  n=45 seed 2 (b): ring couplings 3.68 vs zero 3.74 (ratio 0.98) | corrected ω 10.30 (zero 23.09) | ΔH residual ratio 0.740
    seed 0 epoch 1/200: loss main 1.132e+26 aux 1.392e+32 val 0.6461 (1 s)
    seed 0 epoch 10/200: loss main 1.399e-06 aux 0.3674 val 0.3837 (13 s)
    seed 0 epoch 20/200: loss main 1.322e-06 aux 0.3414 val 0.3592 (26 s)
    seed 0 epoch 30/200: loss main 1.27e-06 aux 0.3342 val 0.3536 (39 s)
    seed 0 epoch 40/200: loss main 1.239e-06 aux 0.3159 val 0.3519 (51 s)
    seed 0 epoch 50/200: loss main 1.215e-06 aux 0.3086 val 0.353 (64 s)
    seed 0 epoch 60/200: loss main 1.178e-06 aux 0.3018 val 0.3267 (78 s)
    seed 0 epoch 70/200: loss main 1.11e-06 aux 0.2802 val 0.3172 (91 s)
    seed 0 epoch 80/200: loss main 1.033e-06 aux 0.2657 val 0.31 (104 s)
    seed 0 epoch 90/200: loss main 1.017e-06 aux 0.2662 val 0.2928 (117 s)
    seed 0 epoch 100/200: loss main 9.407e-07 aux 0.2507 val 0.3069 (130 s)
    seed 0 epoch 110/200: loss main 9.192e-07 aux 0.2552 val 0.3539 (143 s)
    seed 0 epoch 120/200: loss main 8.691e-07 aux 0.2453 val 0.2893 (156 s)
    seed 0 epoch 130/200: loss main 8.626e-07 aux 0.2402 val 0.297 (169 s)
    seed 0 epoch 140/200: loss main 8.505e-07 aux 0.2437 val 0.3016 (182 s)
    seed 0 epoch 150/200: loss main 8.46e-07 aux 0.2379 val 0.3082 (194 s)
    seed 0 epoch 160/200: loss main 8.256e-07 aux 0.2396 val 0.3471 (207 s)
    seed 0 epoch 170/200: loss main 8.026e-07 aux 0.2201 val 0.2843 (220 s)
    seed 0: early stop at epoch 171, best inner val 0.2682 at epoch 151
  n=100 seed 0: inner validation internal term 0.2682 on 15 molecules (fit on 85)
  n=100 seed 0 (a): ring couplings 3.04 vs zero 3.76 (ratio 0.81) | corrected ω 9.51 (zero 23.29) | ΔH residual ratio 0.617
  n=100 seed 0 (b): ring couplings 3.16 vs zero 3.74 (ratio 0.85) | corrected ω 9.08 (zero 23.09) | ΔH residual ratio 0.610
    seed 1 epoch 1/200: loss main 4.086e+06 aux 1.685e+13 val 0.6582 (1 s)
    seed 1 epoch 10/200: loss main 1.393e-06 aux 0.382 val 0.3682 (13 s)
    seed 1 epoch 20/200: loss main 1.318e-06 aux 0.3361 val 0.3621 (26 s)
    seed 1 epoch 30/200: loss main 1.255e-06 aux 0.3347 val 0.3636 (38 s)
    seed 1 epoch 40/200: loss main 1.215e-06 aux 0.3071 val 0.3347 (51 s)
    seed 1 epoch 50/200: loss main 1.172e-06 aux 0.298 val 0.3604 (63 s)
    seed 1 epoch 60/200: loss main 1.103e-06 aux 0.2908 val 0.3274 (76 s)
    seed 1 epoch 70/200: loss main 1.022e-06 aux 0.2813 val 0.3026 (88 s)
    seed 1 epoch 80/200: loss main 9.89e-07 aux 0.2783 val 0.3241 (101 s)
    seed 1 epoch 90/200: loss main 9.557e-07 aux 0.2792 val 0.3219 (113 s)
    seed 1 epoch 100/200: loss main 9.426e-07 aux 0.2621 val 0.3093 (125 s)
    seed 1 epoch 110/200: loss main 8.92e-07 aux 0.2442 val 0.3048 (136 s)
    seed 1 epoch 120/200: loss main 8.845e-07 aux 0.2433 val 0.282 (149 s)
    seed 1 epoch 130/200: loss main 8.591e-07 aux 0.2401 val 0.3019 (161 s)
    seed 1 epoch 140/200: loss main 8.606e-07 aux 0.2511 val 0.3417 (174 s)
    seed 1: early stop at epoch 141, best inner val 0.2698 at epoch 121
  n=100 seed 1: inner validation internal term 0.2698 on 15 molecules (fit on 85)
  n=100 seed 1 (a): ring couplings 3.12 vs zero 3.76 (ratio 0.83) | corrected ω 9.67 (zero 23.29) | ΔH residual ratio 0.626
  n=100 seed 1 (b): ring couplings 3.20 vs zero 3.74 (ratio 0.86) | corrected ω 9.25 (zero 23.09) | ΔH residual ratio 0.627
Traceback (most recent call last):
  File "C:\Users\thebr\Documents\CapstonePlan\plans\05_delta-probed-ir-pipeline\modules\05_support_predictor\m05\rungC_train.py", line 322, in <module>
    sys.exit(main())
             ~~~~^^
  File "C:\Users\thebr\Documents\CapstonePlan\plans\05_delta-probed-ir-pipeline\modules\05_support_predictor\m05\rungC_train.py", line 291, in main
    model, hist = train_one(fit_ids, tensors, seed, a.epochs, a.lr, log, a.aux_weight, a.loss, a.scale, val_ids, a.patience, a.pretrained)
                  ~~~~~~~~~^^^^^^^^^^^^^^^^^^^^^^^^^^^^^^^^^^^^^^^^^^^^^^^^^^^^^^^^^^^^^^^^^^^^^^^^^^^^^^^^^^^^^^^^^^^^^^^^^^^^^^^^^^^^^^^
  File "C:\Users\thebr\Documents\CapstonePlan\plans\05_delta-probed-ir-pipeline\modules\05_support_predictor\m05\rungC_train.py", line 146, in train_one
    raise RuntimeError(f"non-finite loss at epoch {ep + 1}, molecule {train_ids[k]} — aborting instead of training through NaN "
                       "(guard of 27 Sep; a diverged run is an incident, not a result)")
RuntimeError: non-finite loss at epoch 1, molecule A2_1fa81d01d6 — aborting instead of training through NaN (guard of 27 Sep; a diverged run is an incident, not a result)
=== stage 3 finished Sun Sep 27 22:42:18 WEDT 2026
