analytic second-route Hessians substituted for 27 molecules
799 molecules; pool 750; hold-out (a) 10, (b) 39 (['fluoranthene', 'fluorene']); sizes [750]; seeds [0, 1, 2]; epochs 200; threads 8; model 171,554 parameters, sum aggregation
  rung B's 66 pair features added to the hybrid head (standardised on the fit molecules)
  hybrid head: 303,609 parameters; F_low input scales 0.0507, 0.26, 0.11; SQM α per class on
  fresh sum body pre-flight: worst |output| 27.8 on the training molecules
  internal term on the pair model's pattern; class scales diag_bond 0.012, diag_angle 0.0126, diag_dihedral 0.00126, diag_other 0.00453, off_bondbond 0.00409, off_other 0.00126
    seed 0 epoch 1/200: loss main 1.726e-06 aux 0.5622 val 0.6382 (12 s)
    seed 0 epoch 10/200: loss main 7.542e-07 aux 0.1397 val 0.1877 (121 s)
    seed 0 epoch 20/200: loss main 5.688e-07 aux 0.08433 val 0.1662 (244 s)
    seed 0 epoch 30/200: loss main 4.908e-07 aux 0.06298 val 0.156 (366 s)
    seed 0 epoch 40/200: loss main 4.415e-07 aux 0.05065 val 0.1375 (489 s)
    seed 0 epoch 50/200: loss main 4.137e-07 aux 0.04057 val 0.1394 (611 s)
    seed 0 epoch 60/200: loss main 3.92e-07 aux 0.03307 val 0.1305 (734 s)
    seed 0 epoch 70/200: loss main 3.759e-07 aux 0.03121 val 0.128 (857 s)
    seed 0 epoch 80/200: loss main 3.765e-07 aux 0.02727 val 0.1252 (980 s)
    seed 0 epoch 90/200: loss main 3.605e-07 aux 0.02373 val 0.1204 (1103 s)
    seed 0 epoch 100/200: loss main 3.455e-07 aux 0.02071 val 0.1162 (1226 s)
    seed 0 epoch 110/200: loss main 3.41e-07 aux 0.01884 val 0.1254 (1350 s)
    seed 0 epoch 120/200: loss main 3.336e-07 aux 0.01778 val 0.1425 (1473 s)
    seed 0 epoch 130/200: loss main 3.315e-07 aux 0.01701 val 0.1259 (1596 s)
    seed 0: early stop at epoch 132, best inner val 0.1147 at epoch 112
  n=750 seed 0: inner validation internal term 0.1147 on 112 molecules (fit on 638)
  n=750 seed 0 (a): ring couplings 1.64 vs zero 3.76 (ratio 0.44) | corrected ω 4.15 (zero 23.27) | ΔH residual ratio 0.254
  n=750 seed 0 (b): ring couplings 1.77 vs zero 3.74 (ratio 0.47) | corrected ω 5.18 (zero 23.09) | ΔH residual ratio 0.316
  rung B's 66 pair features added to the hybrid head (standardised on the fit molecules)
  hybrid head: 303,609 parameters; F_low input scales 0.0506, 0.26, 0.109; SQM α per class on
  fresh sum body pre-flight: worst |output| 18.2 on the training molecules
  internal term on the pair model's pattern; class scales diag_bond 0.012, diag_angle 0.0125, diag_dihedral 0.00125, diag_other 0.00461, off_bondbond 0.00413, off_other 0.00125
    seed 1 epoch 1/200: loss main 2.008e-06 aux 0.5669 val 0.6072 (12 s)
    seed 1 epoch 10/200: loss main 7.419e-07 aux 0.1456 val 0.1838 (123 s)
    seed 1 epoch 20/200: loss main 5.718e-07 aux 0.09213 val 0.1484 (247 s)
    seed 1 epoch 30/200: loss main 5.159e-07 aux 0.06727 val 0.1365 (371 s)
    seed 1 epoch 40/200: loss main 4.48e-07 aux 0.0494 val 0.1261 (495 s)
    seed 1 epoch 50/200: loss main 4.322e-07 aux 0.04381 val 0.1284 (619 s)
    seed 1 epoch 60/200: loss main 4.149e-07 aux 0.03474 val 0.1277 (742 s)
    seed 1 epoch 70/200: loss main 3.974e-07 aux 0.03158 val 0.1228 (866 s)
    seed 1 epoch 80/200: loss main 3.814e-07 aux 0.02677 val 0.121 (989 s)
    seed 1: early stop at epoch 83, best inner val 0.1181 at epoch 63
  n=750 seed 1: inner validation internal term 0.1181 on 112 molecules (fit on 638)
  n=750 seed 1 (a): ring couplings 1.60 vs zero 3.76 (ratio 0.42) | corrected ω 4.41 (zero 23.27) | ΔH residual ratio 0.263
  n=750 seed 1 (b): ring couplings 1.74 vs zero 3.74 (ratio 0.47) | corrected ω 4.63 (zero 23.09) | ΔH residual ratio 0.311
  rung B's 66 pair features added to the hybrid head (standardised on the fit molecules)
  hybrid head: 303,609 parameters; F_low input scales 0.0508, 0.261, 0.11; SQM α per class on
  fresh sum body pre-flight: worst |output| 26.8 on the training molecules
  internal term on the pair model's pattern; class scales diag_bond 0.012, diag_angle 0.0126, diag_dihedral 0.00126, diag_other 0.00457, off_bondbond 0.0041, off_other 0.00126
    seed 2 epoch 1/200: loss main 1.787e-06 aux 0.5733 val 0.5208 (12 s)
    seed 2 epoch 10/200: loss main 7.121e-07 aux 0.1412 val 0.1834 (124 s)
    seed 2 epoch 20/200: loss main 6.022e-07 aux 0.08575 val 0.1483 (247 s)
    seed 2 epoch 30/200: loss main 4.906e-07 aux 0.06212 val 0.1367 (370 s)
    seed 2 epoch 40/200: loss main 4.365e-07 aux 0.05032 val 0.1227 (493 s)
    seed 2 epoch 50/200: loss main 4.157e-07 aux 0.04134 val 0.1165 (616 s)
    seed 2 epoch 60/200: loss main 3.951e-07 aux 0.03373 val 0.1171 (740 s)
    seed 2 epoch 70/200: loss main 3.988e-07 aux 0.03016 val 0.1144 (863 s)
    seed 2 epoch 80/200: loss main 3.608e-07 aux 0.02498 val 0.1172 (986 s)
    seed 2 epoch 90/200: loss main 3.636e-07 aux 0.02329 val 0.1134 (1109 s)
    seed 2 epoch 100/200: loss main 3.47e-07 aux 0.02084 val 0.1133 (1232 s)
    seed 2: early stop at epoch 109, best inner val 0.1091 at epoch 89
  n=750 seed 2: inner validation internal term 0.1091 on 112 molecules (fit on 638)
  n=750 seed 2 (a): ring couplings 1.62 vs zero 3.76 (ratio 0.43) | corrected ω 4.32 (zero 23.27) | ΔH residual ratio 0.257
  n=750 seed 2 (b): ring couplings 1.84 vs zero 3.74 (ratio 0.49) | corrected ω 4.60 (zero 23.09) | ΔH residual ratio 0.325
wrote out/E7_rungC_hybrid_best_750_2026-10-01.json/.md in 4096 s
