=== chain 6 start Fri Oct  2 01:22:25 WEDT 2026
analytic second-route Hessians substituted for 27 molecules
799 molecules; pool 750; hold-out (a) 10, (b) 39 (['fluoranthene', 'fluorene']); sizes [449]; seeds [0, 1, 2]; epochs 200; threads 8; model 171,554 parameters, sum aggregation
  rung B's 66 pair features added to the hybrid head (standardised on the fit molecules)
  hybrid head: 303,636 parameters; F_low input scales 0.0411, 0.273, 0.113; SQM α per class on
  fresh sum body pre-flight: worst |output| 27.8 on the training molecules
  internal term on the pair model's pattern; class scales diag_bond 0.1, diag_angle 0.1, diag_dihedral 0.1, diag_other 0.1, off_bondbond 0.1, off_other 0.1, off_twobond 0.1, off_dist2 1, off_dist3 1
    seed 0 epoch 1/200: loss main 5.726e-06 aux 0.0001983 val 0.0001081 (13 s)
    seed 0 epoch 10/200: loss main 9.789e-07 aux 6.437e-05 val 5.82e-05 (129 s)
    seed 0 epoch 20/200: loss main 7.227e-07 aux 4.941e-05 val 4.793e-05 (259 s)
    seed 0 epoch 30/200: loss main 5.897e-07 aux 3.692e-05 val 3.837e-05 (391 s)
    seed 0 epoch 40/200: loss main 4.804e-07 aux 2.796e-05 val 3.319e-05 (530 s)
    seed 0 epoch 50/200: loss main 3.883e-07 aux 2.19e-05 val 3.172e-05 (666 s)
    seed 0 epoch 60/200: loss main 3.492e-07 aux 1.719e-05 val 2.764e-05 (800 s)
    seed 0 epoch 70/200: loss main 3.277e-07 aux 1.447e-05 val 2.67e-05 (920 s)
    seed 0 epoch 80/200: loss main 2.968e-07 aux 1.147e-05 val 2.234e-05 (1024 s)
    seed 0 epoch 90/200: loss main 2.797e-07 aux 1.04e-05 val 2.34e-05 (1158 s)
    seed 0 epoch 100/200: loss main 2.621e-07 aux 8.823e-06 val 2.561e-05 (1297 s)
    seed 0 epoch 110/200: loss main 2.553e-07 aux 8.027e-06 val 2.203e-05 (1445 s)
    seed 0 epoch 120/200: loss main 2.631e-07 aux 8.679e-06 val 2.284e-05 (1594 s)
    seed 0 epoch 130/200: loss main 2.338e-07 aux 6.246e-06 val 2.261e-05 (1740 s)
    seed 0 epoch 140/200: loss main 2.273e-07 aux 5.928e-06 val 2.14e-05 (1884 s)
    seed 0: early stop at epoch 147, best inner val 2.138e-05 at epoch 127
  n=449 seed 0: inner validation internal term 2.138e-05 on 67 molecules (fit on 382)
  n=449 seed 0 (a): ring couplings 1.37 vs zero 3.76 (ratio 0.36) | corrected ω 3.92 (zero 23.27) | ΔH residual ratio 0.205
  n=449 seed 0 (b): ring couplings 1.55 vs zero 3.74 (ratio 0.42) | corrected ω 5.16 (zero 23.09) | ΔH residual ratio 0.280
  rung B's 66 pair features added to the hybrid head (standardised on the fit molecules)
  hybrid head: 303,636 parameters; F_low input scales 0.0409, 0.272, 0.113; SQM α per class on
  fresh sum body pre-flight: worst |output| 18.2 on the training molecules
  internal term on the pair model's pattern; class scales diag_bond 0.1, diag_angle 0.1, diag_dihedral 0.1, diag_other 0.1, off_bondbond 0.1, off_other 0.1, off_twobond 0.1, off_dist2 1, off_dist3 1
    seed 1 epoch 1/200: loss main 6.03e-06 aux 0.0002223 val 0.0001242 (14 s)
    seed 1 epoch 10/200: loss main 9.437e-07 aux 6.168e-05 val 6.828e-05 (145 s)
    seed 1 epoch 20/200: loss main 7.889e-07 aux 5.213e-05 val 5.409e-05 (291 s)
    seed 1 epoch 30/200: loss main 5.899e-07 aux 3.867e-05 val 4.637e-05 (438 s)
    seed 1 epoch 40/200: loss main 4.686e-07 aux 2.753e-05 val 3.516e-05 (584 s)
    seed 1 epoch 50/200: loss main 3.855e-07 aux 2.167e-05 val 3.15e-05 (730 s)
    seed 1 epoch 60/200: loss main 3.551e-07 aux 1.834e-05 val 3.094e-05 (877 s)
    seed 1 epoch 70/200: loss main 3.028e-07 aux 1.432e-05 val 3.277e-05 (1024 s)
    seed 1 epoch 80/200: loss main 2.948e-07 aux 1.213e-05 val 2.699e-05 (1170 s)
    seed 1 epoch 90/200: loss main 2.741e-07 aux 1.015e-05 val 2.435e-05 (1318 s)
    seed 1 epoch 100/200: loss main 2.669e-07 aux 9.545e-06 val 2.525e-05 (1465 s)
    seed 1 epoch 110/200: loss main 2.491e-07 aux 7.693e-06 val 2.269e-05 (1613 s)
    seed 1 epoch 120/200: loss main 2.362e-07 aux 6.565e-06 val 2.863e-05 (1759 s)
    seed 1 epoch 130/200: loss main 2.395e-07 aux 7.024e-06 val 2.664e-05 (1905 s)
    seed 1: early stop at epoch 133, best inner val 2.162e-05 at epoch 113
  n=449 seed 1: inner validation internal term 2.162e-05 on 67 molecules (fit on 382)
  n=449 seed 1 (a): ring couplings 1.41 vs zero 3.76 (ratio 0.37) | corrected ω 4.04 (zero 23.27) | ΔH residual ratio 0.219
  n=449 seed 1 (b): ring couplings 1.56 vs zero 3.74 (ratio 0.42) | corrected ω 4.92 (zero 23.09) | ΔH residual ratio 0.291
  rung B's 66 pair features added to the hybrid head (standardised on the fit molecules)
  hybrid head: 303,636 parameters; F_low input scales 0.0411, 0.273, 0.113; SQM α per class on
  fresh sum body pre-flight: worst |output| 25.2 on the training molecules
  internal term on the pair model's pattern; class scales diag_bond 0.1, diag_angle 0.1, diag_dihedral 0.1, diag_other 0.1, off_bondbond 0.1, off_other 0.1, off_twobond 0.1, off_dist2 1, off_dist3 1
    seed 2 epoch 1/200: loss main 9.059e-06 aux 0.0002521 val 0.0001039 (15 s)
    seed 2 epoch 10/200: loss main 9.152e-07 aux 6.215e-05 val 6.784e-05 (144 s)
    seed 2 epoch 20/200: loss main 7.488e-07 aux 4.941e-05 val 6.533e-05 (287 s)
    seed 2 epoch 30/200: loss main 6.332e-07 aux 3.931e-05 val 5.045e-05 (383 s)
    seed 2 epoch 40/200: loss main 5.213e-07 aux 2.939e-05 val 4.499e-05 (486 s)
    seed 2 epoch 50/200: loss main 4.25e-07 aux 2.298e-05 val 3.797e-05 (613 s)
    seed 2 epoch 60/200: loss main 3.558e-07 aux 1.735e-05 val 3.727e-05 (747 s)
    seed 2 epoch 70/200: loss main 3.308e-07 aux 1.536e-05 val 3.382e-05 (879 s)
    seed 2 epoch 80/200: loss main 2.907e-07 aux 1.163e-05 val 3.154e-05 (1012 s)
    seed 2 epoch 90/200: loss main 2.722e-07 aux 9.996e-06 val 3.043e-05 (1148 s)
    seed 2 epoch 100/200: loss main 2.675e-07 aux 9.135e-06 val 3.576e-05 (1283 s)
    seed 2 epoch 110/200: loss main 2.459e-07 aux 8.228e-06 val 4.466e-05 (1417 s)
    seed 2: early stop at epoch 110, best inner val 3.043e-05 at epoch 90
  n=449 seed 2: inner validation internal term 3.043e-05 on 67 molecules (fit on 382)
  n=449 seed 2 (a): ring couplings 1.39 vs zero 3.76 (ratio 0.37) | corrected ω 4.23 (zero 23.27) | ΔH residual ratio 0.227
  n=449 seed 2 (b): ring couplings 1.56 vs zero 3.74 (ratio 0.42) | corrected ω 4.86 (zero 23.09) | ΔH residual ratio 0.287
wrote out/E7_rungC_lever1_d_449_2026-10-01.json/.md in 5518 s
=== pattern d (449) done Fri Oct  2 02:54:27 WEDT 2026
=== chain 6 finished Fri Oct  2 02:54:27 WEDT 2026
