=== stage 3 start Sun Sep 27 21:34:02 WEDT 2026; stage-2 winner flags: [--aux-weight 1.0 --lr 1e-3 --epochs 200 --patience 20]
5 shards (data-00000-of-00005.arrow 8fb0ae620ddaf83b, data-00001-of-00005.arrow 4a5435bab3710f71, data-00002-of-00005.arrow 2df9a6977971f0a2, data-00003-of-00005.arrow 67cf5c6dbb9e03ab, data-00004-of-00005.arrow 5cda6cd30270bd9c); epochs 3; threads 8
class scales (own block, bonded, non-bonded) from 2000 molecules: [0.2534851655553568, 0.12724846613361318, 0.006810434799983741]
  epoch 1 molecule 500: train loss 0.03178 (0.01 s per molecule)
  epoch 1 molecule 1000: train loss 0.01653 (0.01 s per molecule)
  epoch 1 molecule 1500: train loss 0.01133 (0.01 s per molecule)
  epoch 1 molecule 2000: train loss 0.008707 (0.01 s per molecule)
  epoch 1 molecule 2500: train loss 0.00708 (0.01 s per molecule)
  epoch 1 molecule 3000: train loss 0.006344 (0.01 s per molecule)
  epoch 1 molecule 3500: train loss 0.005549 (0.01 s per molecule)
  epoch 1 molecule 4000: train loss 0.004914 (0.01 s per molecule)
  epoch 1 molecule 4500: train loss 0.004413 (0.01 s per molecule)
  epoch 1 molecule 5000: train loss 0.004009 (0.01 s per molecule)
  epoch 1 molecule 5500: train loss 0.003678 (0.01 s per molecule)
  epoch 1 molecule 6000: train loss 0.003396 (0.01 s per molecule)
  epoch 1 molecule 6500: train loss 0.00316 (0.01 s per molecule)
  epoch 1 molecule 7000: train loss 0.002956 (0.01 s per molecule)
  epoch 1 molecule 7500: train loss 0.002787 (0.01 s per molecule)
  epoch 1 molecule 8000: train loss 0.002632 (0.01 s per molecule)
  epoch 1 molecule 8500: train loss 0.002494 (0.01 s per molecule)
  epoch 1 molecule 9000: train loss 0.002371 (0.01 s per molecule)
  epoch 1 molecule 9500: train loss 0.002284 (0.01 s per molecule)
  epoch 1 molecule 10000: train loss 0.002187 (0.01 s per molecule)
  epoch 1 molecule 10500: train loss 0.002097 (0.01 s per molecule)
  epoch 1 molecule 11000: train loss 0.002015 (0.01 s per molecule)
  epoch 1 molecule 11500: train loss 0.001939 (0.01 s per molecule)
  epoch 1 molecule 12000: train loss 0.001871 (0.01 s per molecule)
  epoch 1 molecule 12500: train loss 0.001807 (0.01 s per molecule)
  epoch 1 molecule 13000: train loss 0.001749 (0.01 s per molecule)
  epoch 1 molecule 13500: train loss 0.001695 (0.01 s per molecule)
  epoch 1 molecule 14000: train loss 0.001643 (0.01 s per molecule)
  epoch 1 molecule 14500: train loss 0.001595 (0.01 s per molecule)
  epoch 1 molecule 15000: train loss 0.00155 (0.01 s per molecule)
  epoch 1 molecule 15500: train loss 0.001517 (0.01 s per molecule)
  epoch 1 molecule 16000: train loss 0.001478 (0.01 s per molecule)
  epoch 1 molecule 16500: train loss 0.00144 (0.01 s per molecule)
  epoch 1 molecule 17000: train loss 0.001405 (0.01 s per molecule)
  epoch 1 molecule 17500: train loss 0.001371 (0.01 s per molecule)
  epoch 1 molecule 18000: train loss 0.001339 (0.01 s per molecule)
  epoch 1 molecule 18500: train loss 0.00131 (0.01 s per molecule)
  epoch 1 molecule 19000: train loss 0.001281 (0.01 s per molecule)
  epoch 1 molecule 19500: train loss 0.001254 (0.01 s per molecule)
  epoch 1 molecule 20000: train loss 0.001229 (0.01 s per molecule)
  epoch 1 molecule 20500: train loss 0.001205 (0.01 s per molecule)
  epoch 1 molecule 21000: train loss 0.001195 (0.01 s per molecule)
  epoch 1 molecule 21500: train loss 0.001175 (0.01 s per molecule)
  epoch 1 molecule 22000: train loss 0.001154 (0.01 s per molecule)
  epoch 1 molecule 22500: train loss 0.001133 (0.01 s per molecule)
  epoch 1 molecule 23000: train loss 0.001114 (0.01 s per molecule)
  epoch 1 molecule 23500: train loss 0.001095 (0.01 s per molecule)
  epoch 1 molecule 24000: train loss 0.001077 (0.01 s per molecule)
  epoch 1 molecule 24500: train loss 0.00106 (0.01 s per molecule)
  epoch 1 molecule 25000: train loss 0.001043 (0.01 s per molecule)
  epoch 1 molecule 25500: train loss 0.001027 (0.01 s per molecule)
  epoch 1 molecule 26000: train loss 0.001012 (0.01 s per molecule)
  epoch 1 molecule 26500: train loss 0.0009967 (0.01 s per molecule)
  epoch 1 molecule 27000: train loss 0.0009824 (0.01 s per molecule)
  epoch 1 molecule 27500: train loss 0.0009688 (0.01 s per molecule)
  epoch 1 molecule 28000: train loss 0.0009557 (0.01 s per molecule)
  epoch 1 molecule 28500: train loss 0.0009428 (0.01 s per molecule)
  epoch 1 molecule 29000: train loss 0.0009303 (0.01 s per molecule)
  epoch 1 molecule 29500: train loss 0.0009182 (0.01 s per molecule)
  epoch 1 molecule 30000: train loss 0.0009068 (0.01 s per molecule)
  epoch 1 molecule 30500: train loss 0.0008954 (0.01 s per molecule)
  epoch 1 molecule 31000: train loss 0.0008846 (0.01 s per molecule)
  epoch 1 molecule 31500: train loss 0.0008743 (0.01 s per molecule)
  epoch 1 molecule 32000: train loss 0.0008638 (0.01 s per molecule)
  epoch 1 molecule 32500: train loss 0.0008539 (0.01 s per molecule)
  epoch 1 molecule 33000: train loss 0.0008441 (0.01 s per molecule)
  epoch 1 molecule 33500: train loss 0.0008347 (0.01 s per molecule)
  epoch 1 molecule 34000: train loss 0.0008254 (0.01 s per molecule)
  epoch 1 molecule 34500: train loss 0.0008166 (0.01 s per molecule)
  epoch 1 molecule 35000: train loss 0.000808 (0.01 s per molecule)
  epoch 1 molecule 35500: train loss 0.0007995 (0.01 s per molecule)
  epoch 1 molecule 36000: train loss 0.0007912 (0.01 s per molecule)
  epoch 1 molecule 36500: train loss 0.0007834 (0.01 s per molecule)
  epoch 1 molecule 37000: train loss 0.0007755 (0.01 s per molecule)
  epoch 1 molecule 37500: train loss 0.000768 (0.01 s per molecule)
  epoch 1 molecule 38000: train loss 0.0007606 (0.01 s per molecule)
  epoch 1 molecule 38500: train loss 0.0007533 (0.01 s per molecule)
  epoch 1 molecule 39000: train loss 0.0007462 (0.01 s per molecule)
  epoch 1 molecule 39500: train loss 0.0007394 (0.01 s per molecule)
  epoch 1 molecule 40000: train loss 0.0007327 (0.01 s per molecule)
  epoch 1 molecule 40500: train loss 0.0007262 (0.01 s per molecule)
epoch 1/3: train 0.0007222 val 0.0004318 on 40812 / 833 molecules, 481 s; checkpoint out\rungC_pretrained_2026-09-27.pt
  epoch 2 molecule 500: train loss 0.0001966 (0.01 s per molecule)
  epoch 2 molecule 1000: train loss 0.0001973 (0.01 s per molecule)
  epoch 2 molecule 1500: train loss 0.0002015 (0.01 s per molecule)
  epoch 2 molecule 2000: train loss 0.0002012 (0.01 s per molecule)
  epoch 2 molecule 2500: train loss 0.0002007 (0.01 s per molecule)
  epoch 2 molecule 3000: train loss 0.0002009 (0.01 s per molecule)
  epoch 2 molecule 3500: train loss 0.000199 (0.01 s per molecule)
  epoch 2 molecule 4000: train loss 0.0001992 (0.01 s per molecule)
  epoch 2 molecule 4500: train loss 0.0001985 (0.01 s per molecule)
  epoch 2 molecule 5000: train loss 0.0001995 (0.01 s per molecule)
  epoch 2 molecule 5500: train loss 0.0001987 (0.01 s per molecule)
  epoch 2 molecule 6000: train loss 0.0001982 (0.01 s per molecule)
  epoch 2 molecule 6500: train loss 0.0001977 (0.01 s per molecule)
  epoch 2 molecule 7000: train loss 0.0001968 (0.01 s per molecule)
  epoch 2 molecule 7500: train loss 0.0001998 (0.01 s per molecule)
  epoch 2 molecule 8000: train loss 0.0001992 (0.01 s per molecule)
  epoch 2 molecule 8500: train loss 0.0001984 (0.01 s per molecule)
  epoch 2 molecule 9000: train loss 0.0001978 (0.01 s per molecule)
  epoch 2 molecule 9500: train loss 0.0002016 (0.01 s per molecule)
  epoch 2 molecule 10000: train loss 0.0002009 (0.01 s per molecule)
  epoch 2 molecule 10500: train loss 0.0002004 (0.01 s per molecule)
  epoch 2 molecule 11000: train loss 0.0001996 (0.01 s per molecule)
  epoch 2 molecule 11500: train loss 0.0001991 (0.01 s per molecule)
  epoch 2 molecule 12000: train loss 0.0001989 (0.01 s per molecule)
  epoch 2 molecule 12500: train loss 0.0001987 (0.01 s per molecule)
  epoch 2 molecule 13000: train loss 0.0001984 (0.01 s per molecule)
  epoch 2 molecule 13500: train loss 0.0001991 (0.01 s per molecule)
  epoch 2 molecule 14000: train loss 0.0001984 (0.01 s per molecule)
  epoch 2 molecule 14500: train loss 0.0001982 (0.01 s per molecule)
  epoch 2 molecule 15000: train loss 0.0001978 (0.01 s per molecule)
  epoch 2 molecule 15500: train loss 0.0001981 (0.01 s per molecule)
  epoch 2 molecule 16000: train loss 0.0001978 (0.01 s per molecule)
  epoch 2 molecule 16500: train loss 0.0001971 (0.01 s per molecule)
  epoch 2 molecule 17000: train loss 0.000197 (0.01 s per molecule)
  epoch 2 molecule 17500: train loss 0.0001968 (0.01 s per molecule)
  epoch 2 molecule 18000: train loss 0.0001966 (0.01 s per molecule)
  epoch 2 molecule 18500: train loss 0.0001963 (0.01 s per molecule)
  epoch 2 molecule 19000: train loss 0.0001959 (0.01 s per molecule)
  epoch 2 molecule 19500: train loss 0.0001957 (0.01 s per molecule)
  epoch 2 molecule 20000: train loss 0.0001955 (0.01 s per molecule)
  epoch 2 molecule 20500: train loss 0.0001953 (0.01 s per molecule)
  epoch 2 molecule 21000: train loss 0.0001992 (0.01 s per molecule)
  epoch 2 molecule 21500: train loss 0.0002002 (0.01 s per molecule)
  epoch 2 molecule 22000: train loss 0.0002 (0.01 s per molecule)
  epoch 2 molecule 22500: train loss 0.0001996 (0.01 s per molecule)
  epoch 2 molecule 23000: train loss 0.0001992 (0.01 s per molecule)
  epoch 2 molecule 23500: train loss 0.0001988 (0.01 s per molecule)
  epoch 2 molecule 24000: train loss 0.0001989 (0.01 s per molecule)
  epoch 2 molecule 24500: train loss 0.0001986 (0.01 s per molecule)
  epoch 2 molecule 25000: train loss 0.0001984 (0.01 s per molecule)
  epoch 2 molecule 25500: train loss 0.000198 (0.01 s per molecule)
  epoch 2 molecule 26000: train loss 0.0001979 (0.01 s per molecule)
  epoch 2 molecule 26500: train loss 0.0001975 (0.01 s per molecule)
  epoch 2 molecule 27000: train loss 0.0001973 (0.01 s per molecule)
  epoch 2 molecule 27500: train loss 0.0001972 (0.01 s per molecule)
  epoch 2 molecule 28000: train loss 0.0001971 (0.01 s per molecule)
  epoch 2 molecule 28500: train loss 0.000197 (0.01 s per molecule)
  epoch 2 molecule 29000: train loss 0.0001967 (0.01 s per molecule)
  epoch 2 molecule 29500: train loss 0.0001965 (0.01 s per molecule)
  epoch 2 molecule 30000: train loss 0.0001965 (0.01 s per molecule)
  epoch 2 molecule 30500: train loss 0.0001963 (0.01 s per molecule)
  epoch 2 molecule 31000: train loss 0.0001962 (0.01 s per molecule)
  epoch 2 molecule 31500: train loss 0.000196 (0.01 s per molecule)
  epoch 2 molecule 32000: train loss 0.0001957 (0.01 s per molecule)
  epoch 2 molecule 32500: train loss 0.0001956 (0.01 s per molecule)
  epoch 2 molecule 33000: train loss 0.0001954 (0.01 s per molecule)
  epoch 2 molecule 33500: train loss 0.0001954 (0.01 s per molecule)
  epoch 2 molecule 34000: train loss 0.0001951 (0.01 s per molecule)
  epoch 2 molecule 34500: train loss 0.000195 (0.01 s per molecule)
  epoch 2 molecule 35000: train loss 0.0001948 (0.01 s per molecule)
  epoch 2 molecule 35500: train loss 0.0001945 (0.01 s per molecule)
  epoch 2 molecule 36000: train loss 0.0001943 (0.01 s per molecule)
  epoch 2 molecule 36500: train loss 0.0001943 (0.01 s per molecule)
  epoch 2 molecule 37000: train loss 0.0001941 (0.01 s per molecule)
  epoch 2 molecule 37500: train loss 0.000194 (0.01 s per molecule)
  epoch 2 molecule 38000: train loss 0.0001938 (0.01 s per molecule)
  epoch 2 molecule 38500: train loss 0.0001937 (0.01 s per molecule)
  epoch 2 molecule 39000: train loss 0.0001935 (0.01 s per molecule)
  epoch 2 molecule 39500: train loss 0.0001934 (0.01 s per molecule)
  epoch 2 molecule 40000: train loss 0.0001932 (0.01 s per molecule)
  epoch 2 molecule 40500: train loss 0.0001931 (0.01 s per molecule)
epoch 2/3: train 0.0001931 val 0.0001892 on 40812 / 833 molecules, 481 s; checkpoint out\rungC_pretrained_2026-09-27.pt
  epoch 3 molecule 500: train loss 0.0001767 (0.01 s per molecule)
  epoch 3 molecule 1000: train loss 0.0001767 (0.01 s per molecule)
  epoch 3 molecule 1500: train loss 0.0001798 (0.01 s per molecule)
  epoch 3 molecule 2000: train loss 0.0001797 (0.01 s per molecule)
  epoch 3 molecule 2500: train loss 0.00018 (0.01 s per molecule)
  epoch 3 molecule 3000: train loss 0.00018 (0.01 s per molecule)
  epoch 3 molecule 3500: train loss 0.0001792 (0.01 s per molecule)
  epoch 3 molecule 4000: train loss 0.00018 (0.01 s per molecule)
  epoch 3 molecule 4500: train loss 0.0001792 (0.01 s per molecule)
  epoch 3 molecule 5000: train loss 0.0001795 (0.01 s per molecule)
  epoch 3 molecule 5500: train loss 0.0001792 (0.01 s per molecule)
  epoch 3 molecule 6000: train loss 0.0001786 (0.01 s per molecule)
  epoch 3 molecule 6500: train loss 0.0001788 (0.01 s per molecule)
  epoch 3 molecule 7000: train loss 0.0001787 (0.01 s per molecule)
  epoch 3 molecule 7500: train loss 0.0001807 (0.01 s per molecule)
  epoch 3 molecule 8000: train loss 0.0001807 (0.01 s per molecule)
  epoch 3 molecule 8500: train loss 0.0001801 (0.01 s per molecule)
  epoch 3 molecule 9000: train loss 0.0001797 (0.01 s per molecule)
  epoch 3 molecule 9500: train loss 0.0001818 (0.01 s per molecule)
  epoch 3 molecule 10000: train loss 0.0001814 (0.01 s per molecule)
  epoch 3 molecule 10500: train loss 0.0001811 (0.01 s per molecule)
  epoch 3 molecule 11000: train loss 0.0001808 (0.01 s per molecule)
  epoch 3 molecule 11500: train loss 0.0001806 (0.01 s per molecule)
  epoch 3 molecule 12000: train loss 0.0001807 (0.01 s per molecule)
  epoch 3 molecule 12500: train loss 0.0001805 (0.01 s per molecule)
  epoch 3 molecule 13000: train loss 0.0001805 (0.01 s per molecule)
  epoch 3 molecule 13500: train loss 0.0001806 (0.01 s per molecule)
  epoch 3 molecule 14000: train loss 0.0001803 (0.01 s per molecule)
  epoch 3 molecule 14500: train loss 0.0001804 (0.01 s per molecule)
  epoch 3 molecule 15000: train loss 0.0001802 (0.01 s per molecule)
  epoch 3 molecule 15500: train loss 0.0001803 (0.01 s per molecule)
  epoch 3 molecule 16000: train loss 0.0001802 (0.01 s per molecule)
  epoch 3 molecule 16500: train loss 0.0001797 (0.01 s per molecule)
  epoch 3 molecule 17000: train loss 0.0001797 (0.01 s per molecule)
  epoch 3 molecule 17500: train loss 0.0001796 (0.01 s per molecule)
  epoch 3 molecule 18000: train loss 0.0001793 (0.01 s per molecule)
  epoch 3 molecule 18500: train loss 0.0001795 (0.01 s per molecule)
  epoch 3 molecule 19000: train loss 0.0001793 (0.01 s per molecule)
  epoch 3 molecule 19500: train loss 0.0001794 (0.01 s per molecule)
  epoch 3 molecule 20000: train loss 0.0001792 (0.01 s per molecule)
  epoch 3 molecule 20500: train loss 0.000179 (0.01 s per molecule)
  epoch 3 molecule 21000: train loss 0.0001816 (0.01 s per molecule)
  epoch 3 molecule 21500: train loss 0.0001821 (0.01 s per molecule)
  epoch 3 molecule 22000: train loss 0.0001819 (0.01 s per molecule)
  epoch 3 molecule 22500: train loss 0.0001816 (0.01 s per molecule)
  epoch 3 molecule 23000: train loss 0.0001813 (0.01 s per molecule)
  epoch 3 molecule 23500: train loss 0.000181 (0.01 s per molecule)
  epoch 3 molecule 24000: train loss 0.0001809 (0.01 s per molecule)
  epoch 3 molecule 24500: train loss 0.0001807 (0.01 s per molecule)
  epoch 3 molecule 25000: train loss 0.0001806 (0.01 s per molecule)
  epoch 3 molecule 25500: train loss 0.0001805 (0.01 s per molecule)
  epoch 3 molecule 26000: train loss 0.0001804 (0.01 s per molecule)
  epoch 3 molecule 26500: train loss 0.0001802 (0.01 s per molecule)
  epoch 3 molecule 27000: train loss 0.00018 (0.01 s per molecule)
  epoch 3 molecule 27500: train loss 0.00018 (0.01 s per molecule)
  epoch 3 molecule 28000: train loss 0.0001799 (0.01 s per molecule)
  epoch 3 molecule 28500: train loss 0.0001799 (0.01 s per molecule)
  epoch 3 molecule 29000: train loss 0.0001798 (0.01 s per molecule)
  epoch 3 molecule 29500: train loss 0.0001796 (0.01 s per molecule)
  epoch 3 molecule 30000: train loss 0.0001796 (0.01 s per molecule)
  epoch 3 molecule 30500: train loss 0.0001796 (0.01 s per molecule)
  epoch 3 molecule 31000: train loss 0.0001796 (0.01 s per molecule)
  epoch 3 molecule 31500: train loss 0.0001795 (0.01 s per molecule)
  epoch 3 molecule 32000: train loss 0.0001794 (0.01 s per molecule)
  epoch 3 molecule 32500: train loss 0.0001794 (0.01 s per molecule)
  epoch 3 molecule 33000: train loss 0.0001792 (0.01 s per molecule)
  epoch 3 molecule 33500: train loss 0.0001791 (0.01 s per molecule)
  epoch 3 molecule 34000: train loss 0.000179 (0.01 s per molecule)
  epoch 3 molecule 34500: train loss 0.000179 (0.01 s per molecule)
  epoch 3 molecule 35000: train loss 0.0001789 (0.01 s per molecule)
  epoch 3 molecule 35500: train loss 0.0001787 (0.01 s per molecule)
  epoch 3 molecule 36000: train loss 0.0001787 (0.01 s per molecule)
  epoch 3 molecule 36500: train loss 0.0001785 (0.01 s per molecule)
  epoch 3 molecule 37000: train loss 0.0001785 (0.01 s per molecule)
  epoch 3 molecule 37500: train loss 0.0001784 (0.01 s per molecule)
  epoch 3 molecule 38000: train loss 0.0001783 (0.01 s per molecule)
  epoch 3 molecule 38500: train loss 0.0001783 (0.01 s per molecule)
  epoch 3 molecule 39000: train loss 0.0001782 (0.01 s per molecule)
  epoch 3 molecule 39500: train loss 0.0001781 (0.01 s per molecule)
  epoch 3 molecule 40000: train loss 0.000178 (0.01 s per molecule)
  epoch 3 molecule 40500: train loss 0.000178 (0.01 s per molecule)
epoch 3/3: train 0.0001779 val 0.0001759 on 40812 / 833 molecules, 479 s; checkpoint out\rungC_pretrained_2026-09-27.pt
wrote out\rungC_pretrained_2026-09-27.pt and out/rungC_pretrained_2026-09-27.json in 1444 s
=== pretraining done Sun Sep 27 21:58:09 WEDT 2026
analytic second-route Hessians substituted for 23 molecules
498 molecules; pool 175; hold-out (a) 10, (b) 39 (['fluoranthene', 'fluorene']); sizes [45, 100, 175]; seeds [0, 1, 2]; epochs 200; threads 8; model 171,554 parameters
    seed 0 epoch 1/200: loss main nan aux nan val nan (0 s)
    seed 0 epoch 10/200: loss main nan aux nan val nan (5 s)
    seed 0 epoch 20/200: loss main nan aux nan val nan (9 s)
    seed 0: early stop at epoch 20, best inner val inf at epoch 0
  n=45 seed 0: inner validation internal term nan on 7 molecules (fit on 38)
  n=45 seed 0 (a): ring couplings nan vs zero 3.76 (ratio nan) | corrected ω nan (zero 23.29) | ΔH residual ratio nan
  n=45 seed 0 (b): ring couplings nan vs zero 3.74 (ratio nan) | corrected ω nan (zero 23.09) | ΔH residual ratio nan
    seed 1 epoch 1/200: loss main nan aux nan val nan (0 s)
    seed 1 epoch 10/200: loss main nan aux nan val nan (5 s)
    seed 1 epoch 20/200: loss main nan aux nan val nan (9 s)
    seed 1: early stop at epoch 20, best inner val inf at epoch 0
  n=45 seed 1: inner validation internal term nan on 7 molecules (fit on 38)
  n=45 seed 1 (a): ring couplings nan vs zero 3.76 (ratio nan) | corrected ω nan (zero 23.29) | ΔH residual ratio nan
  n=45 seed 1 (b): ring couplings nan vs zero 3.74 (ratio nan) | corrected ω nan (zero 23.09) | ΔH residual ratio nan
    seed 2 epoch 1/200: loss main nan aux nan val nan (0 s)
    seed 2 epoch 10/200: loss main nan aux nan val nan (5 s)
    seed 2 epoch 20/200: loss main nan aux nan val nan (9 s)
    seed 2: early stop at epoch 20, best inner val inf at epoch 0
  n=45 seed 2: inner validation internal term nan on 7 molecules (fit on 38)
  n=45 seed 2 (a): ring couplings nan vs zero 3.76 (ratio nan) | corrected ω nan (zero 23.29) | ΔH residual ratio nan
  n=45 seed 2 (b): ring couplings nan vs zero 3.74 (ratio nan) | corrected ω nan (zero 23.09) | ΔH residual ratio nan
    seed 0 epoch 1/200: loss main nan aux nan val nan (1 s)
    seed 0 epoch 10/200: loss main nan aux nan val nan (11 s)
    seed 0 epoch 20/200: loss main nan aux nan val nan (21 s)
    seed 0: early stop at epoch 20, best inner val inf at epoch 0
  n=100 seed 0: inner validation internal term nan on 15 molecules (fit on 85)
  n=100 seed 0 (a): ring couplings nan vs zero 3.76 (ratio nan) | corrected ω nan (zero 23.29) | ΔH residual ratio nan
  n=100 seed 0 (b): ring couplings nan vs zero 3.74 (ratio nan) | corrected ω nan (zero 23.09) | ΔH residual ratio nan
    seed 1 epoch 1/200: loss main nan aux nan val nan (1 s)
    seed 1 epoch 10/200: loss main nan aux nan val nan (10 s)
    seed 1 epoch 20/200: loss main nan aux nan val nan (20 s)
    seed 1: early stop at epoch 20, best inner val inf at epoch 0
  n=100 seed 1: inner validation internal term nan on 15 molecules (fit on 85)
  n=100 seed 1 (a): ring couplings nan vs zero 3.76 (ratio nan) | corrected ω nan (zero 23.29) | ΔH residual ratio nan
  n=100 seed 1 (b): ring couplings nan vs zero 3.74 (ratio nan) | corrected ω nan (zero 23.09) | ΔH residual ratio nan
    seed 2 epoch 1/200: loss main nan aux nan val nan (1 s)
    seed 2 epoch 10/200: loss main nan aux nan val nan (10 s)
    seed 2 epoch 20/200: loss main nan aux nan val nan (21 s)
    seed 2: early stop at epoch 20, best inner val inf at epoch 0
  n=100 seed 2: inner validation internal term nan on 15 molecules (fit on 85)
  n=100 seed 2 (a): ring couplings nan vs zero 3.76 (ratio nan) | corrected ω nan (zero 23.29) | ΔH residual ratio nan
  n=100 seed 2 (b): ring couplings nan vs zero 3.74 (ratio nan) | corrected ω nan (zero 23.09) | ΔH residual ratio nan
    seed 0 epoch 1/200: loss main nan aux nan val nan (2 s)
