=== stage 4 start Mon Sep 28 06:18:29 WEDT 2026; stage-2 winner flags: [--aux-weight 1.0 --lr 1e-3 --epochs 200 --patience 20]; mean aggregation
analytic second-route Hessians substituted for 23 molecules
498 molecules; pool 175; hold-out (a) 10, (b) 39 (['fluoranthene', 'fluorene']); sizes [45, 100, 175]; seeds [0, 1, 2]; epochs 200; threads 8; model 171,554 parameters, mean aggregation
  fresh mean body pre-flight: worst |output| 14.3 on the training molecules
    seed 0 epoch 1/200: loss main 1.398e-05 aux 26.79 val 5.992 (0 s)
    seed 0 epoch 10/200: loss main 5.144e-06 aux 0.7793 val 0.8946 (4 s)
    seed 0 epoch 20/200: loss main 2.248e-06 aux 0.5256 val 0.5023 (9 s)
    seed 0 epoch 30/200: loss main 1.489e-06 aux 0.4443 val 0.3444 (13 s)
    seed 0 epoch 40/200: loss main 1.373e-06 aux 0.3903 val 0.3315 (18 s)
    seed 0 epoch 50/200: loss main 1.37e-06 aux 0.4205 val 0.3857 (22 s)
    seed 0 epoch 60/200: loss main 1.293e-06 aux 0.3579 val 0.3417 (27 s)
    seed 0: early stop at epoch 60, best inner val 0.3315 at epoch 40
  n=45 seed 0: inner validation internal term 0.3315 on 7 molecules (fit on 38)
  n=45 seed 0 (a): ring couplings 3.79 vs zero 3.76 (ratio 1.01) | corrected ω 11.02 (zero 23.29) | ΔH residual ratio 0.746
  n=45 seed 0 (b): ring couplings 3.76 vs zero 3.74 (ratio 1.01) | corrected ω 10.36 (zero 23.09) | ΔH residual ratio 0.754
  fresh mean body pre-flight: worst |output| 11.7 on the training molecules
    seed 1 epoch 1/200: loss main 9.071e-06 aux 11.54 val 15.29 (0 s)
    seed 1 epoch 10/200: loss main 5.439e-06 aux 0.7188 val 0.6328 (4 s)
    seed 1 epoch 20/200: loss main 1.992e-06 aux 0.4719 val 0.4265 (9 s)
    seed 1 epoch 30/200: loss main 1.448e-06 aux 0.376 val 0.3382 (14 s)
    seed 1 epoch 40/200: loss main 1.364e-06 aux 0.3987 val 0.4325 (18 s)
    seed 1 epoch 50/200: loss main 1.317e-06 aux 0.351 val 0.3266 (23 s)
    seed 1 epoch 60/200: loss main 1.305e-06 aux 0.3726 val 0.3375 (27 s)
    seed 1: early stop at epoch 61, best inner val 0.3219 at epoch 41
  n=45 seed 1: inner validation internal term 0.3219 on 7 molecules (fit on 38)
  n=45 seed 1 (a): ring couplings 3.79 vs zero 3.76 (ratio 1.01) | corrected ω 11.84 (zero 23.29) | ΔH residual ratio 0.742
  n=45 seed 1 (b): ring couplings 3.75 vs zero 3.74 (ratio 1.00) | corrected ω 11.00 (zero 23.09) | ΔH residual ratio 0.753
  fresh mean body pre-flight: worst |output| 15.7 on the training molecules
    seed 2 epoch 1/200: loss main 1.2e-05 aux 27.76 val 7.48 (0 s)
    seed 2 epoch 10/200: loss main 4.408e-06 aux 0.6332 val 0.7807 (5 s)
    seed 2 epoch 20/200: loss main 1.65e-06 aux 0.5443 val 0.4226 (10 s)
    seed 2 epoch 30/200: loss main 1.361e-06 aux 0.3723 val 0.4485 (14 s)
    seed 2 epoch 40/200: loss main 1.31e-06 aux 0.3548 val 0.4008 (19 s)
    seed 2 epoch 50/200: loss main 1.297e-06 aux 0.3501 val 0.4035 (24 s)
    seed 2 epoch 60/200: loss main 1.278e-06 aux 0.3616 val 0.4125 (28 s)
    seed 2 epoch 70/200: loss main 1.241e-06 aux 0.3348 val 0.4717 (33 s)
    seed 2: early stop at epoch 78, best inner val 0.377 at epoch 58
  n=45 seed 2: inner validation internal term 0.377 on 7 molecules (fit on 38)
  n=45 seed 2 (a): ring couplings 3.79 vs zero 3.76 (ratio 1.01) | corrected ω 10.44 (zero 23.29) | ΔH residual ratio 0.737
  n=45 seed 2 (b): ring couplings 3.77 vs zero 3.74 (ratio 1.01) | corrected ω 10.17 (zero 23.09) | ΔH residual ratio 0.746
  fresh mean body pre-flight: worst |output| 14 on the training molecules
    seed 0 epoch 1/200: loss main 1.185e-05 aux 20.66 val 1.161 (1 s)
    seed 0 epoch 10/200: loss main 1.966e-06 aux 0.5596 val 0.582 (10 s)
    seed 0 epoch 20/200: loss main 1.387e-06 aux 0.3983 val 0.6311 (20 s)
    seed 0 epoch 30/200: loss main 1.321e-06 aux 0.3556 val 0.4912 (31 s)
    seed 0 epoch 40/200: loss main 1.291e-06 aux 0.3648 val 0.4022 (41 s)
    seed 0 epoch 50/200: loss main 1.259e-06 aux 0.3439 val 0.3852 (51 s)
    seed 0 epoch 60/200: loss main 1.26e-06 aux 0.3501 val 0.3764 (61 s)
    seed 0 epoch 70/200: loss main 1.206e-06 aux 0.3244 val 0.357 (71 s)
    seed 0 epoch 80/200: loss main 1.185e-06 aux 0.3115 val 0.3776 (81 s)
    seed 0 epoch 90/200: loss main 1.163e-06 aux 0.3034 val 0.4183 (91 s)
    seed 0 epoch 100/200: loss main 1.14e-06 aux 0.3023 val 0.417 (101 s)
    seed 0 epoch 110/200: loss main 1.144e-06 aux 0.3078 val 0.3408 (111 s)
    seed 0 epoch 120/200: loss main 1.087e-06 aux 0.2929 val 0.3527 (121 s)
    seed 0: early stop at epoch 125, best inner val 0.3298 at epoch 105
  n=100 seed 0: inner validation internal term 0.3298 on 15 molecules (fit on 85)
  n=100 seed 0 (a): ring couplings 3.57 vs zero 3.76 (ratio 0.95) | corrected ω 10.90 (zero 23.29) | ΔH residual ratio 0.695
  n=100 seed 0 (b): ring couplings 3.55 vs zero 3.74 (ratio 0.95) | corrected ω 10.25 (zero 23.09) | ΔH residual ratio 0.711
  fresh mean body pre-flight: worst |output| 11.7 on the training molecules
    seed 1 epoch 1/200: loss main 8.523e-06 aux 11.71 val 0.951 (1 s)
    seed 1 epoch 10/200: loss main 2.322e-06 aux 0.5248 val 0.4806 (10 s)
    seed 1 epoch 20/200: loss main 1.422e-06 aux 0.4314 val 0.4626 (20 s)
    seed 1 epoch 30/200: loss main 1.345e-06 aux 0.4095 val 0.3977 (31 s)
    seed 1 epoch 40/200: loss main 1.302e-06 aux 0.3522 val 0.3877 (41 s)
    seed 1 epoch 50/200: loss main 1.27e-06 aux 0.3376 val 0.4266 (51 s)
    seed 1 epoch 60/200: loss main 1.251e-06 aux 0.3469 val 0.3488 (61 s)
    seed 1 epoch 70/200: loss main 1.21e-06 aux 0.3305 val 0.3507 (71 s)
    seed 1 epoch 80/200: loss main 1.189e-06 aux 0.3072 val 0.3417 (82 s)
    seed 1 epoch 90/200: loss main 1.158e-06 aux 0.3011 val 0.328 (92 s)
    seed 1 epoch 100/200: loss main 1.127e-06 aux 0.308 val 0.329 (102 s)
    seed 1 epoch 110/200: loss main 1.053e-06 aux 0.2844 val 0.3652 (112 s)
    seed 1 epoch 120/200: loss main 1.017e-06 aux 0.2904 val 0.3252 (122 s)
    seed 1 epoch 130/200: loss main 9.951e-07 aux 0.2937 val 0.299 (132 s)
    seed 1 epoch 140/200: loss main 9.444e-07 aux 0.2802 val 0.3135 (142 s)
    seed 1 epoch 150/200: loss main 8.908e-07 aux 0.2592 val 0.2981 (152 s)
    seed 1 epoch 160/200: loss main 8.981e-07 aux 0.2622 val 0.3161 (162 s)
    seed 1 epoch 170/200: loss main 8.479e-07 aux 0.2462 val 0.2971 (172 s)
    seed 1 epoch 180/200: loss main 8.395e-07 aux 0.2521 val 0.2671 (182 s)
    seed 1 epoch 190/200: loss main 8.351e-07 aux 0.2501 val 0.2884 (192 s)
    seed 1 epoch 200/200: loss main 8.132e-07 aux 0.2427 val 0.3409 (203 s)
    seed 1: early stop at epoch 200, best inner val 0.2671 at epoch 180
  n=100 seed 1: inner validation internal term 0.2671 on 15 molecules (fit on 85)
  n=100 seed 1 (a): ring couplings 3.21 vs zero 3.76 (ratio 0.85) | corrected ω 9.61 (zero 23.29) | ΔH residual ratio 0.626
  n=100 seed 1 (b): ring couplings 3.36 vs zero 3.74 (ratio 0.90) | corrected ω 8.92 (zero 23.09) | ΔH residual ratio 0.640
  fresh mean body pre-flight: worst |output| 15.7 on the training molecules
    seed 2 epoch 1/200: loss main 1.025e-05 aux 22.43 val 1.545 (1 s)
    seed 2 epoch 10/200: loss main 1.672e-06 aux 0.5074 val 0.4538 (10 s)
    seed 2 epoch 20/200: loss main 1.449e-06 aux 0.3844 val 0.4107 (20 s)
    seed 2 epoch 30/200: loss main 1.4e-06 aux 0.3567 val 0.4453 (30 s)
    seed 2 epoch 40/200: loss main 1.358e-06 aux 0.3459 val 0.3754 (41 s)
    seed 2 epoch 50/200: loss main 1.32e-06 aux 0.3262 val 0.3948 (51 s)
    seed 2 epoch 60/200: loss main 1.292e-06 aux 0.319 val 0.3584 (61 s)
    seed 2 epoch 70/200: loss main 1.267e-06 aux 0.3252 val 0.3624 (71 s)
    seed 2 epoch 80/200: loss main 1.223e-06 aux 0.3093 val 0.3419 (81 s)
    seed 2 epoch 90/200: loss main 1.182e-06 aux 0.3003 val 0.349 (91 s)
    seed 2 epoch 100/200: loss main 1.157e-06 aux 0.2934 val 0.3268 (101 s)
    seed 2 epoch 110/200: loss main 1.098e-06 aux 0.2828 val 0.3297 (112 s)
    seed 2 epoch 120/200: loss main 1.046e-06 aux 0.2734 val 0.317 (122 s)
    seed 2 epoch 130/200: loss main 1.011e-06 aux 0.2766 val 0.3686 (132 s)
    seed 2 epoch 140/200: loss main 9.841e-07 aux 0.275 val 0.3775 (142 s)
    seed 2: early stop at epoch 147, best inner val 0.2996 at epoch 127
  n=100 seed 2: inner validation internal term 0.2996 on 15 molecules (fit on 85)
  n=100 seed 2 (a): ring couplings 3.36 vs zero 3.76 (ratio 0.89) | corrected ω 10.13 (zero 23.29) | ΔH residual ratio 0.668
  n=100 seed 2 (b): ring couplings 3.40 vs zero 3.74 (ratio 0.91) | corrected ω 9.44 (zero 23.09) | ΔH residual ratio 0.674
  fresh mean body pre-flight: worst |output| 14.3 on the training molecules
    seed 0 epoch 1/200: loss main 9.195e-06 aux 10.31 val 0.9722 (2 s)
    seed 0 epoch 10/200: loss main 1.467e-06 aux 0.4512 val 0.3813 (18 s)
    seed 0 epoch 20/200: loss main 1.364e-06 aux 0.3831 val 0.3482 (36 s)
    seed 0 epoch 30/200: loss main 1.319e-06 aux 0.3608 val 0.3577 (53 s)
    seed 0 epoch 40/200: loss main 1.261e-06 aux 0.3341 val 0.3496 (71 s)
    seed 0 epoch 50/200: loss main 1.166e-06 aux 0.3241 val 0.3147 (89 s)
    seed 0 epoch 60/200: loss main 1.063e-06 aux 0.301 val 0.3094 (107 s)
    seed 0 epoch 70/200: loss main 9.913e-07 aux 0.2802 val 0.2945 (125 s)
    seed 0 epoch 80/200: loss main 9.578e-07 aux 0.2867 val 0.2892 (144 s)
    seed 0 epoch 90/200: loss main 9.26e-07 aux 0.2678 val 0.287 (162 s)
    seed 0 epoch 100/200: loss main 8.933e-07 aux 0.2697 val 0.2853 (180 s)
    seed 0 epoch 110/200: loss main 8.823e-07 aux 0.2569 val 0.2746 (198 s)
    seed 0 epoch 120/200: loss main 8.584e-07 aux 0.263 val 0.269 (217 s)
    seed 0 epoch 130/200: loss main 8.347e-07 aux 0.2469 val 0.2925 (235 s)
    seed 0 epoch 140/200: loss main 8.283e-07 aux 0.2493 val 0.2621 (253 s)
    seed 0 epoch 150/200: loss main 7.983e-07 aux 0.2396 val 0.2979 (271 s)
    seed 0: early stop at epoch 151, best inner val 0.2504 at epoch 131
  n=175 seed 0: inner validation internal term 0.2504 on 26 molecules (fit on 149)
  n=175 seed 0 (a): ring couplings 3.14 vs zero 3.76 (ratio 0.83) | corrected ω 10.08 (zero 23.29) | ΔH residual ratio 0.619
  n=175 seed 0 (b): ring couplings 3.25 vs zero 3.74 (ratio 0.87) | corrected ω 9.27 (zero 23.09) | ΔH residual ratio 0.622
  fresh mean body pre-flight: worst |output| 12.8 on the training molecules
    seed 1 epoch 1/200: loss main 7.742e-06 aux 5.447 val 1.943 (2 s)
    seed 1 epoch 10/200: loss main 1.465e-06 aux 0.4196 val 0.4371 (18 s)
    seed 1 epoch 20/200: loss main 1.345e-06 aux 0.3816 val 0.3982 (36 s)
    seed 1 epoch 30/200: loss main 1.312e-06 aux 0.3614 val 0.3581 (54 s)
    seed 1 epoch 40/200: loss main 1.278e-06 aux 0.3447 val 0.3777 (72 s)
    seed 1 epoch 50/200: loss main 1.223e-06 aux 0.3412 val 0.3707 (89 s)
    seed 1 epoch 60/200: loss main 1.091e-06 aux 0.3103 val 0.3686 (107 s)
    seed 1 epoch 70/200: loss main 9.94e-07 aux 0.2936 val 0.3214 (127 s)
    seed 1 epoch 80/200: loss main 9.474e-07 aux 0.2819 val 0.3211 (145 s)
    seed 1 epoch 90/200: loss main 9.143e-07 aux 0.2682 val 0.2882 (162 s)
    seed 1 epoch 100/200: loss main 8.743e-07 aux 0.2759 val 0.3223 (180 s)
    seed 1 epoch 110/200: loss main 8.403e-07 aux 0.2502 val 0.2729 (198 s)
    seed 1 epoch 120/200: loss main 8.097e-07 aux 0.2482 val 0.2786 (216 s)
    seed 1 epoch 130/200: loss main 7.972e-07 aux 0.2475 val 0.2698 (235 s)
    seed 1 epoch 140/200: loss main 7.956e-07 aux 0.2539 val 0.3224 (255 s)
    seed 1 epoch 150/200: loss main 7.739e-07 aux 0.242 val 0.3018 (274 s)
    seed 1: early stop at epoch 159, best inner val 0.2633 at epoch 139
  n=175 seed 1: inner validation internal term 0.2633 on 26 molecules (fit on 149)
  n=175 seed 1 (a): ring couplings 3.15 vs zero 3.76 (ratio 0.84) | corrected ω 9.47 (zero 23.29) | ΔH residual ratio 0.609
  n=175 seed 1 (b): ring couplings 3.24 vs zero 3.74 (ratio 0.87) | corrected ω 8.70 (zero 23.09) | ΔH residual ratio 0.608
  fresh mean body pre-flight: worst |output| 16.6 on the training molecules
    seed 2 epoch 1/200: loss main 1.134e-05 aux 15.95 val 2.845 (2 s)
    seed 2 epoch 10/200: loss main 1.48e-06 aux 0.4141 val 0.4037 (18 s)
    seed 2 epoch 20/200: loss main 1.378e-06 aux 0.377 val 0.3981 (36 s)
    seed 2 epoch 30/200: loss main 1.314e-06 aux 0.3522 val 0.3771 (58 s)
    seed 2 epoch 40/200: loss main 1.278e-06 aux 0.3337 val 0.3667 (80 s)
    seed 2 epoch 50/200: loss main 1.227e-06 aux 0.3174 val 0.3776 (116 s)
    seed 2 epoch 60/200: loss main 1.147e-06 aux 0.3081 val 0.3354 (145 s)
    seed 2 epoch 70/200: loss main 1.052e-06 aux 0.2884 val 0.3397 (178 s)
    seed 2 epoch 80/200: loss main 9.6e-07 aux 0.2687 val 0.3405 (204 s)
    seed 2 epoch 90/200: loss main 9.11e-07 aux 0.2618 val 0.299 (226 s)
    seed 2 epoch 100/200: loss main 8.705e-07 aux 0.2491 val 0.3356 (247 s)
    seed 2 epoch 110/200: loss main 8.513e-07 aux 0.2529 val 0.3031 (269 s)
    seed 2: early stop at epoch 111, best inner val 0.298 at epoch 91
  n=175 seed 2: inner validation internal term 0.298 on 26 molecules (fit on 149)
  n=175 seed 2 (a): ring couplings 3.19 vs zero 3.76 (ratio 0.85) | corrected ω 9.78 (zero 23.29) | ΔH residual ratio 0.637
  n=175 seed 2 (b): ring couplings 3.24 vs zero 3.74 (ratio 0.87) | corrected ω 9.04 (zero 23.09) | ΔH residual ratio 0.635
wrote out/E7_rungC_C1mean_2026-09-28.json/.md in 1425 s
=== C1 (mean body) done Mon Sep 28 06:42:17 WEDT 2026
5 shards (data-00000-of-00005.arrow 8fb0ae620ddaf83b, data-00001-of-00005.arrow 4a5435bab3710f71, data-00002-of-00005.arrow 2df9a6977971f0a2, data-00003-of-00005.arrow 67cf5c6dbb9e03ab, data-00004-of-00005.arrow 5cda6cd30270bd9c); epochs 3; threads 8
class scales (own block, bonded, non-bonded) from 2000 molecules: [0.2534851655553568, 0.12724846613361318, 0.006810434799983741]
  epoch 1 molecule 500: train loss 0.01131 (0.02 s per molecule)
  epoch 1 molecule 1000: train loss 0.006393 (0.02 s per molecule)
  epoch 1 molecule 1500: train loss 0.004583 (0.02 s per molecule)
  epoch 1 molecule 2000: train loss 0.003605 (0.02 s per molecule)
  epoch 1 molecule 2500: train loss 0.003 (0.02 s per molecule)
  epoch 1 molecule 3000: train loss 0.002594 (0.02 s per molecule)
  epoch 1 molecule 3500: train loss 0.00229 (0.02 s per molecule)
  epoch 1 molecule 4000: train loss 0.002063 (0.02 s per molecule)
  epoch 1 molecule 4500: train loss 0.001878 (0.01 s per molecule)
  epoch 1 molecule 5000: train loss 0.001735 (0.01 s per molecule)
  epoch 1 molecule 5500: train loss 0.001614 (0.01 s per molecule)
  epoch 1 molecule 6000: train loss 0.00151 (0.01 s per molecule)
  epoch 1 molecule 6500: train loss 0.001422 (0.01 s per molecule)
  epoch 1 molecule 7000: train loss 0.001345 (0.01 s per molecule)
  epoch 1 molecule 7500: train loss 0.001291 (0.01 s per molecule)
  epoch 1 molecule 8000: train loss 0.001231 (0.02 s per molecule)
  epoch 1 molecule 8500: train loss 0.001177 (0.02 s per molecule)
  epoch 1 molecule 9000: train loss 0.001128 (0.01 s per molecule)
  epoch 1 molecule 9500: train loss 0.001113 (0.01 s per molecule)
  epoch 1 molecule 10000: train loss 0.001075 (0.01 s per molecule)
  epoch 1 molecule 10500: train loss 0.001038 (0.01 s per molecule)
  epoch 1 molecule 11000: train loss 0.001005 (0.01 s per molecule)
  epoch 1 molecule 11500: train loss 0.0009737 (0.01 s per molecule)
  epoch 1 molecule 12000: train loss 0.0009474 (0.01 s per molecule)
  epoch 1 molecule 12500: train loss 0.000922 (0.01 s per molecule)
  epoch 1 molecule 13000: train loss 0.0008975 (0.01 s per molecule)
  epoch 1 molecule 13500: train loss 0.0008756 (0.01 s per molecule)
  epoch 1 molecule 14000: train loss 0.0008534 (0.01 s per molecule)
  epoch 1 molecule 14500: train loss 0.0008337 (0.01 s per molecule)
  epoch 1 molecule 15000: train loss 0.0008154 (0.01 s per molecule)
  epoch 1 molecule 15500: train loss 0.0008027 (0.01 s per molecule)
  epoch 1 molecule 16000: train loss 0.000786 (0.01 s per molecule)
  epoch 1 molecule 16500: train loss 0.0007698 (0.01 s per molecule)
  epoch 1 molecule 17000: train loss 0.0007548 (0.01 s per molecule)
  epoch 1 molecule 17500: train loss 0.0007406 (0.01 s per molecule)
  epoch 1 molecule 18000: train loss 0.0007276 (0.01 s per molecule)
  epoch 1 molecule 18500: train loss 0.0007151 (0.01 s per molecule)
  epoch 1 molecule 19000: train loss 0.0007033 (0.01 s per molecule)
  epoch 1 molecule 19500: train loss 0.0006922 (0.01 s per molecule)
  epoch 1 molecule 20000: train loss 0.0006817 (0.01 s per molecule)
  epoch 1 molecule 20500: train loss 0.0006711 (0.01 s per molecule)
  epoch 1 molecule 21000: train loss 4.883e+23 (0.01 s per molecule)
  epoch 1 molecule 21500: train loss 4.77e+23 (0.01 s per molecule)
  epoch 1 molecule 22000: train loss 4.661e+23 (0.01 s per molecule)
  epoch 1 molecule 22500: train loss 4.558e+23 (0.01 s per molecule)
  epoch 1 molecule 23000: train loss 4.459e+23 (0.01 s per molecule)
  epoch 1 molecule 23500: train loss 4.364e+23 (0.02 s per molecule)
  epoch 1 molecule 24000: train loss 4.273e+23 (0.02 s per molecule)
  epoch 1 molecule 24500: train loss 4.186e+23 (0.02 s per molecule)
  epoch 1 molecule 25000: train loss 4.102e+23 (0.02 s per molecule)
  epoch 1 molecule 25500: train loss 4.022e+23 (0.02 s per molecule)
  epoch 1 molecule 26000: train loss 3.944e+23 (0.02 s per molecule)
  epoch 1 molecule 26500: train loss 3.87e+23 (0.02 s per molecule)
  epoch 1 molecule 27000: train loss 3.798e+23 (0.02 s per molecule)
  epoch 1 molecule 27500: train loss 3.729e+23 (0.02 s per molecule)
  epoch 1 molecule 28000: train loss 3.662e+23 (0.02 s per molecule)
  epoch 1 molecule 28500: train loss 3.598e+23 (0.02 s per molecule)
  epoch 1 molecule 29000: train loss 3.536e+23 (0.02 s per molecule)
  epoch 1 molecule 29500: train loss 3.476e+23 (0.02 s per molecule)
  epoch 1 molecule 30000: train loss 3.418e+23 (0.02 s per molecule)
  epoch 1 molecule 30500: train loss 3.362e+23 (0.02 s per molecule)
  epoch 1 molecule 31000: train loss 3.308e+23 (0.02 s per molecule)
  epoch 1 molecule 31500: train loss 3.256e+23 (0.02 s per molecule)
  epoch 1 molecule 32000: train loss 3.205e+23 (0.02 s per molecule)
  epoch 1 molecule 32500: train loss 3.155e+23 (0.02 s per molecule)
  epoch 1 molecule 33000: train loss 3.108e+23 (0.02 s per molecule)
  epoch 1 molecule 33500: train loss 3.061e+23 (0.02 s per molecule)
  epoch 1 molecule 34000: train loss 3.016e+23 (0.02 s per molecule)
  epoch 1 molecule 34500: train loss 2.972e+23 (0.02 s per molecule)
  epoch 1 molecule 35000: train loss 2.93e+23 (0.01 s per molecule)
  epoch 1 molecule 35500: train loss 2.889e+23 (0.01 s per molecule)
  epoch 1 molecule 36000: train loss 2.849e+23 (0.01 s per molecule)
  epoch 1 molecule 36500: train loss 2.81e+23 (0.01 s per molecule)
  epoch 1 molecule 37000: train loss 2.772e+23 (0.01 s per molecule)
  epoch 1 molecule 37500: train loss 2.735e+23 (0.01 s per molecule)
  epoch 1 molecule 38000: train loss 2.699e+23 (0.01 s per molecule)
  epoch 1 molecule 38500: train loss 2.664e+23 (0.01 s per molecule)
  epoch 1 molecule 39000: train loss 2.629e+23 (0.01 s per molecule)
  epoch 1 molecule 39500: train loss 2.596e+23 (0.01 s per molecule)
  epoch 1 molecule 40000: train loss 2.564e+23 (0.01 s per molecule)
  epoch 1 molecule 40500: train loss 2.532e+23 (0.01 s per molecule)
epoch 1/3: train 2.513e+23 val 0.0004267 on 40812 / 833 molecules, 608 s; checkpoint out\rungC_pretrained_mean_2026-09-28.pt
  epoch 2 molecule 500: train loss 0.0001984 (0.01 s per molecule)
  epoch 2 molecule 1000: train loss 0.000201 (0.01 s per molecule)
  epoch 2 molecule 1500: train loss 0.0002113 (0.01 s per molecule)
  epoch 2 molecule 2000: train loss 0.0002087 (0.01 s per molecule)
  epoch 2 molecule 2500: train loss 0.0002086 (0.01 s per molecule)
  epoch 2 molecule 3000: train loss 0.0002066 (0.01 s per molecule)
  epoch 2 molecule 3500: train loss 0.0002056 (0.01 s per molecule)
  epoch 2 molecule 4000: train loss 0.0002053 (0.01 s per molecule)
  epoch 2 molecule 4500: train loss 0.0002052 (0.01 s per molecule)
  epoch 2 molecule 5000: train loss 0.0002054 (0.01 s per molecule)
  epoch 2 molecule 5500: train loss 0.0002043 (0.01 s per molecule)
  epoch 2 molecule 6000: train loss 0.0002036 (0.01 s per molecule)
  epoch 2 molecule 6500: train loss 0.0002034 (0.01 s per molecule)
  epoch 2 molecule 7000: train loss 0.0002033 (0.01 s per molecule)
  epoch 2 molecule 7500: train loss 0.0002067 (0.01 s per molecule)
  epoch 2 molecule 8000: train loss 0.0002063 (0.01 s per molecule)
  epoch 2 molecule 8500: train loss 0.0002052 (0.01 s per molecule)
  epoch 2 molecule 9000: train loss 0.0002044 (0.01 s per molecule)
  epoch 2 molecule 9500: train loss 0.0002179 (0.01 s per molecule)
  epoch 2 molecule 10000: train loss 0.0002176 (0.01 s per molecule)
  epoch 2 molecule 10500: train loss 0.0002169 (0.01 s per molecule)
  epoch 2 molecule 11000: train loss 0.000216 (0.01 s per molecule)
  epoch 2 molecule 11500: train loss 0.000215 (0.01 s per molecule)
  epoch 2 molecule 12000: train loss 0.0002143 (0.01 s per molecule)
  epoch 2 molecule 12500: train loss 0.0002133 (0.01 s per molecule)
  epoch 2 molecule 13000: train loss 0.0002128 (0.01 s per molecule)
  epoch 2 molecule 13500: train loss 0.0002122 (0.01 s per molecule)
  epoch 2 molecule 14000: train loss 0.0002111 (0.01 s per molecule)
  epoch 2 molecule 14500: train loss 0.0002103 (0.01 s per molecule)
  epoch 2 molecule 15000: train loss 0.0002097 (0.01 s per molecule)
  epoch 2 molecule 15500: train loss 0.0002098 (0.01 s per molecule)
  epoch 2 molecule 16000: train loss 0.0002092 (0.01 s per molecule)
  epoch 2 molecule 16500: train loss 0.0002083 (0.01 s per molecule)
  epoch 2 molecule 17000: train loss 0.000208 (0.01 s per molecule)
  epoch 2 molecule 17500: train loss 0.0002077 (0.01 s per molecule)
  epoch 2 molecule 18000: train loss 0.0002074 (0.01 s per molecule)
  epoch 2 molecule 18500: train loss 0.0002072 (0.01 s per molecule)
  epoch 2 molecule 19000: train loss 0.0002068 (0.01 s per molecule)
  epoch 2 molecule 19500: train loss 0.0002067 (0.01 s per molecule)
  epoch 2 molecule 20000: train loss 0.0002064 (0.01 s per molecule)
  epoch 2 molecule 20500: train loss 0.000206 (0.01 s per molecule)
  epoch 2 molecule 21000: train loss 0.0003446 (0.01 s per molecule)
  epoch 2 molecule 21500: train loss 0.0003478 (0.01 s per molecule)
  epoch 2 molecule 22000: train loss 0.0003455 (0.01 s per molecule)
  epoch 2 molecule 22500: train loss 0.0003426 (0.01 s per molecule)
  epoch 2 molecule 23000: train loss 0.0003396 (0.01 s per molecule)
  epoch 2 molecule 23500: train loss 0.0003366 (0.01 s per molecule)
  epoch 2 molecule 24000: train loss 0.0003337 (0.01 s per molecule)
  epoch 2 molecule 24500: train loss 0.0003307 (0.01 s per molecule)
  epoch 2 molecule 25000: train loss 0.0003279 (0.01 s per molecule)
  epoch 2 molecule 25500: train loss 0.0003251 (0.01 s per molecule)
  epoch 2 molecule 26000: train loss 0.0003225 (0.01 s per molecule)
  epoch 2 molecule 26500: train loss 0.0003199 (0.01 s per molecule)
  epoch 2 molecule 27000: train loss 0.0003175 (0.01 s per molecule)
  epoch 2 molecule 27500: train loss 0.0003153 (0.01 s per molecule)
  epoch 2 molecule 28000: train loss 0.0003131 (0.01 s per molecule)
  epoch 2 molecule 28500: train loss 0.000311 (0.01 s per molecule)
  epoch 2 molecule 29000: train loss 0.0003088 (0.01 s per molecule)
  epoch 2 molecule 29500: train loss 0.0003069 (0.01 s per molecule)
  epoch 2 molecule 30000: train loss 0.000305 (0.01 s per molecule)
  epoch 2 molecule 30500: train loss 0.0003031 (0.01 s per molecule)
  epoch 2 molecule 31000: train loss 0.0003014 (0.01 s per molecule)
  epoch 2 molecule 31500: train loss 0.0002997 (0.01 s per molecule)
  epoch 2 molecule 32000: train loss 0.0002979 (0.01 s per molecule)
  epoch 2 molecule 32500: train loss 0.0002964 (0.01 s per molecule)
  epoch 2 molecule 33000: train loss 0.0002948 (0.01 s per molecule)
  epoch 2 molecule 33500: train loss 0.0002933 (0.01 s per molecule)
  epoch 2 molecule 34000: train loss 0.0002919 (0.01 s per molecule)
  epoch 2 molecule 34500: train loss 0.0002905 (0.01 s per molecule)
  epoch 2 molecule 35000: train loss 0.0002891 (0.01 s per molecule)
  epoch 2 molecule 35500: train loss 0.0002877 (0.01 s per molecule)
  epoch 2 molecule 36000: train loss 0.0002863 (0.01 s per molecule)
  epoch 2 molecule 36500: train loss 0.000285 (0.01 s per molecule)
  epoch 2 molecule 37000: train loss 0.0002838 (0.01 s per molecule)
  epoch 2 molecule 37500: train loss 0.0002826 (0.01 s per molecule)
  epoch 2 molecule 38000: train loss 0.0002813 (0.01 s per molecule)
  epoch 2 molecule 38500: train loss 0.0002801 (0.01 s per molecule)
  epoch 2 molecule 39000: train loss 0.000279 (0.01 s per molecule)
  epoch 2 molecule 39500: train loss 0.000278 (0.01 s per molecule)
  epoch 2 molecule 40000: train loss 0.0002768 (0.01 s per molecule)
  epoch 2 molecule 40500: train loss 0.0002758 (0.01 s per molecule)
epoch 2/3: train 0.0002751 val 0.0002018 on 40812 / 833 molecules, 591 s; checkpoint out\rungC_pretrained_mean_2026-09-28.pt
  epoch 3 molecule 500: train loss 0.0001873 (0.02 s per molecule)
  epoch 3 molecule 1000: train loss 0.0001874 (0.02 s per molecule)
  epoch 3 molecule 1500: train loss 0.0001902 (0.02 s per molecule)
  epoch 3 molecule 2000: train loss 0.000189 (0.02 s per molecule)
  epoch 3 molecule 2500: train loss 0.0001886 (0.02 s per molecule)
  epoch 3 molecule 3000: train loss 0.0001882 (0.02 s per molecule)
  epoch 3 molecule 3500: train loss 0.0001872 (0.02 s per molecule)
  epoch 3 molecule 4000: train loss 0.000188 (0.02 s per molecule)
  epoch 3 molecule 4500: train loss 0.0001879 (0.02 s per molecule)
  epoch 3 molecule 5000: train loss 0.0001888 (0.02 s per molecule)
  epoch 3 molecule 5500: train loss 0.0001883 (0.02 s per molecule)
  epoch 3 molecule 6000: train loss 0.0001871 (0.02 s per molecule)
  epoch 3 molecule 6500: train loss 0.0001874 (0.02 s per molecule)
  epoch 3 molecule 7000: train loss 0.0001869 (0.02 s per molecule)
  epoch 3 molecule 7500: train loss 0.0001916 (0.02 s per molecule)
  epoch 3 molecule 8000: train loss 0.000191 (0.02 s per molecule)
  epoch 3 molecule 8500: train loss 0.0001901 (0.02 s per molecule)
  epoch 3 molecule 9000: train loss 0.0001893 (0.02 s per molecule)
  epoch 3 molecule 9500: train loss 0.0001971 (0.02 s per molecule)
  epoch 3 molecule 10000: train loss 0.0001967 (0.02 s per molecule)
  epoch 3 molecule 10500: train loss 0.000196 (0.02 s per molecule)
  epoch 3 molecule 11000: train loss 0.0001951 (0.02 s per molecule)
  epoch 3 molecule 11500: train loss 0.0001942 (0.02 s per molecule)
  epoch 3 molecule 12000: train loss 0.0001944 (0.02 s per molecule)
  epoch 3 molecule 12500: train loss 0.0001938 (0.02 s per molecule)
  epoch 3 molecule 13000: train loss 0.0001936 (0.02 s per molecule)
  epoch 3 molecule 13500: train loss 0.0001932 (0.02 s per molecule)
  epoch 3 molecule 14000: train loss 0.0001924 (0.02 s per molecule)
  epoch 3 molecule 14500: train loss 0.000192 (0.02 s per molecule)
  epoch 3 molecule 15000: train loss 0.0001916 (0.02 s per molecule)
  epoch 3 molecule 15500: train loss 0.0001918 (0.02 s per molecule)
  epoch 3 molecule 16000: train loss 0.0001917 (0.02 s per molecule)
  epoch 3 molecule 16500: train loss 0.0001911 (0.02 s per molecule)
  epoch 3 molecule 17000: train loss 0.0001909 (0.02 s per molecule)
  epoch 3 molecule 17500: train loss 0.0001909 (0.02 s per molecule)
  epoch 3 molecule 18000: train loss 0.0001906 (0.02 s per molecule)
  epoch 3 molecule 18500: train loss 0.0001905 (0.02 s per molecule)
  epoch 3 molecule 19000: train loss 0.0001903 (0.02 s per molecule)
  epoch 3 molecule 19500: train loss 0.0001905 (0.02 s per molecule)
  epoch 3 molecule 20000: train loss 0.0001902 (0.02 s per molecule)
  epoch 3 molecule 20500: train loss 0.00019 (0.02 s per molecule)
  epoch 3 molecule 21000: train loss 0.1404 (0.02 s per molecule)
  epoch 3 molecule 21500: train loss 0.2534 (0.02 s per molecule)
  epoch 3 molecule 22000: train loss 0.2477 (0.02 s per molecule)
  epoch 3 molecule 22500: train loss 0.2422 (0.02 s per molecule)
  epoch 3 molecule 23000: train loss 0.2369 (0.02 s per molecule)
  epoch 3 molecule 23500: train loss 0.2319 (0.02 s per molecule)
  epoch 3 molecule 24000: train loss 0.2271 (0.02 s per molecule)
  epoch 3 molecule 24500: train loss 0.2224 (0.02 s per molecule)
  epoch 3 molecule 25000: train loss 0.218 (0.02 s per molecule)
  epoch 3 molecule 25500: train loss 0.2137 (0.02 s per molecule)
  epoch 3 molecule 26000: train loss 0.2096 (0.02 s per molecule)
  epoch 3 molecule 26500: train loss 0.2057 (0.02 s per molecule)
  epoch 3 molecule 27000: train loss 0.2019 (0.02 s per molecule)
  epoch 3 molecule 27500: train loss 0.1982 (0.02 s per molecule)
  epoch 3 molecule 28000: train loss 0.1946 (0.02 s per molecule)
  epoch 3 molecule 28500: train loss 0.1912 (0.02 s per molecule)
  epoch 3 molecule 29000: train loss 0.1879 (0.02 s per molecule)
  epoch 3 molecule 29500: train loss 0.1848 (0.02 s per molecule)
  epoch 3 molecule 30000: train loss 0.1817 (0.02 s per molecule)
  epoch 3 molecule 30500: train loss 0.1787 (0.02 s per molecule)
  epoch 3 molecule 31000: train loss 0.1758 (0.02 s per molecule)
  epoch 3 molecule 31500: train loss 0.173 (0.02 s per molecule)
  epoch 3 molecule 32000: train loss 0.1703 (0.02 s per molecule)
  epoch 3 molecule 32500: train loss 0.1677 (0.02 s per molecule)
  epoch 3 molecule 33000: train loss 0.1652 (0.02 s per molecule)
  epoch 3 molecule 33500: train loss 0.1627 (0.02 s per molecule)
  epoch 3 molecule 34000: train loss 0.1603 (0.02 s per molecule)
  epoch 3 molecule 34500: train loss 0.158 (0.02 s per molecule)
  epoch 3 molecule 35000: train loss 0.1558 (0.02 s per molecule)
  epoch 3 molecule 35500: train loss 0.1536 (0.02 s per molecule)
  epoch 3 molecule 36000: train loss 0.1514 (0.02 s per molecule)
  epoch 3 molecule 36500: train loss 0.1494 (0.02 s per molecule)
  epoch 3 molecule 37000: train loss 0.1473 (0.02 s per molecule)
  epoch 3 molecule 37500: train loss 0.1454 (0.02 s per molecule)
  epoch 3 molecule 38000: train loss 0.1435 (0.02 s per molecule)
  epoch 3 molecule 38500: train loss 0.1416 (0.02 s per molecule)
  epoch 3 molecule 39000: train loss 0.1398 (0.02 s per molecule)
  epoch 3 molecule 39500: train loss 0.138 (0.02 s per molecule)
  epoch 3 molecule 40000: train loss 0.1363 (0.02 s per molecule)
  epoch 3 molecule 40500: train loss 0.1346 (0.02 s per molecule)
epoch 3/3: train 0.1336 val 0.000193 on 40812 / 833 molecules, 644 s; checkpoint out\rungC_pretrained_mean_2026-09-28.pt
wrote out\rungC_pretrained_mean_2026-09-28.pt and out/rungC_pretrained_mean_2026-09-28.json in 1850 s
=== pretraining done Mon Sep 28 07:13:10 WEDT 2026
analytic second-route Hessians substituted for 23 molecules
498 molecules; pool 175; hold-out (a) 10, (b) 39 (['fluoranthene', 'fluorene']); sizes [45, 100, 175]; seeds [0, 1, 2]; epochs 200; threads 8; model 171,554 parameters, mean aggregation
  element embeddings absent from pretraining reset to the trained mean: Z = [16, 17]
  pretrained mean body pre-flight: worst |output| 1.61 on the training molecules
    seed 0 epoch 1/200: loss main 6.404e-06 aux 0.946 val 0.6915 (0 s)
    seed 0 epoch 10/200: loss main 1.914e-06 aux 0.4395 val 0.4055 (5 s)
    seed 0 epoch 20/200: loss main 1.378e-06 aux 0.354 val 0.3151 (9 s)
    seed 0 epoch 30/200: loss main 1.305e-06 aux 0.3641 val 0.3091 (14 s)
    seed 0 epoch 40/200: loss main 1.26e-06 aux 0.3215 val 0.3124 (19 s)
    seed 0 epoch 50/200: loss main 1.243e-06 aux 0.3227 val 0.2942 (24 s)
    seed 0 epoch 60/200: loss main 1.225e-06 aux 0.3162 val 0.2974 (29 s)
    seed 0 epoch 70/200: loss main 1.202e-06 aux 0.3019 val 0.3064 (34 s)
    seed 0 epoch 80/200: loss main 1.193e-06 aux 0.3188 val 0.3744 (39 s)
    seed 0 epoch 90/200: loss main 1.166e-06 aux 0.2988 val 0.2996 (43 s)
    seed 0 epoch 100/200: loss main 1.139e-06 aux 0.2932 val 0.2888 (48 s)
    seed 0 epoch 110/200: loss main 1.135e-06 aux 0.3172 val 0.2761 (53 s)
    seed 0 epoch 120/200: loss main 1.132e-06 aux 0.302 val 0.3084 (58 s)
    seed 0: early stop at epoch 123, best inner val 0.2661 at epoch 103
  n=45 seed 0: inner validation internal term 0.2661 on 7 molecules (fit on 38)
  n=45 seed 0 (a): ring couplings 3.56 vs zero 3.76 (ratio 0.95) | corrected ω 10.11 (zero 23.29) | ΔH residual ratio 0.695
  n=45 seed 0 (b): ring couplings 3.59 vs zero 3.74 (ratio 0.96) | corrected ω 9.97 (zero 23.09) | ΔH residual ratio 0.715
  element embeddings absent from pretraining reset to the trained mean: Z = [16, 17]
  pretrained mean body pre-flight: worst |output| 1.96 on the training molecules
    seed 1 epoch 1/200: loss main 6.732e-06 aux 1.202 val 1.027 (1 s)
    seed 1 epoch 10/200: loss main 1.726e-06 aux 0.4345 val 0.3993 (5 s)
    seed 1 epoch 20/200: loss main 1.385e-06 aux 0.3568 val 0.3509 (11 s)
    seed 1 epoch 30/200: loss main 1.333e-06 aux 0.3383 val 0.3361 (15 s)
    seed 1 epoch 40/200: loss main 1.297e-06 aux 0.3353 val 0.39 (20 s)
    seed 1 epoch 50/200: loss main 1.26e-06 aux 0.3154 val 0.3218 (25 s)
    seed 1 epoch 60/200: loss main 1.235e-06 aux 0.3198 val 0.356 (30 s)
    seed 1 epoch 70/200: loss main 1.222e-06 aux 0.3136 val 0.336 (35 s)
    seed 1: early stop at epoch 76, best inner val 0.3007 at epoch 56
  n=45 seed 1: inner validation internal term 0.3007 on 7 molecules (fit on 38)
  n=45 seed 1 (a): ring couplings 3.62 vs zero 3.76 (ratio 0.96) | corrected ω 10.31 (zero 23.29) | ΔH residual ratio 0.717
  n=45 seed 1 (b): ring couplings 3.62 vs zero 3.74 (ratio 0.97) | corrected ω 10.37 (zero 23.09) | ΔH residual ratio 0.731
  element embeddings absent from pretraining reset to the trained mean: Z = [16, 17]
  pretrained mean body pre-flight: worst |output| 2.32 on the training molecules
    seed 2 epoch 1/200: loss main 6.797e-06 aux 1.442 val 0.6987 (1 s)
    seed 2 epoch 10/200: loss main 1.669e-06 aux 0.447 val 0.432 (5 s)
    seed 2 epoch 20/200: loss main 1.34e-06 aux 0.3649 val 0.508 (11 s)
    seed 2 epoch 30/200: loss main 1.276e-06 aux 0.3299 val 0.3828 (16 s)
    seed 2: early stop at epoch 38, best inner val 0.3578 at epoch 18
  n=45 seed 2: inner validation internal term 0.3578 on 7 molecules (fit on 38)
  n=45 seed 2 (a): ring couplings 3.72 vs zero 3.76 (ratio 0.99) | corrected ω 10.50 (zero 23.29) | ΔH residual ratio 0.738
  n=45 seed 2 (b): ring couplings 3.71 vs zero 3.74 (ratio 0.99) | corrected ω 10.40 (zero 23.09) | ΔH residual ratio 0.755
  element embeddings absent from pretraining reset to the trained mean: Z = [16, 17]
  pretrained mean body pre-flight: worst |output| 1.61 on the training molecules
    seed 0 epoch 1/200: loss main 6.658e-06 aux 0.846 val 0.6603 (1 s)
    seed 0 epoch 10/200: loss main 1.387e-06 aux 0.3699 val 0.4103 (12 s)
    seed 0 epoch 20/200: loss main 1.318e-06 aux 0.3596 val 0.4002 (22 s)
    seed 0 epoch 30/200: loss main 1.267e-06 aux 0.3328 val 0.3594 (34 s)
    seed 0 epoch 40/200: loss main 1.239e-06 aux 0.3235 val 0.368 (45 s)
    seed 0 epoch 50/200: loss main 1.208e-06 aux 0.3204 val 0.3342 (57 s)
    seed 0 epoch 60/200: loss main 1.159e-06 aux 0.2986 val 0.3454 (72 s)
    seed 0 epoch 70/200: loss main 1.111e-06 aux 0.2854 val 0.3468 (85 s)
    seed 0 epoch 80/200: loss main 1.068e-06 aux 0.2787 val 0.3189 (97 s)
    seed 0 epoch 90/200: loss main 1.033e-06 aux 0.284 val 0.3284 (108 s)
    seed 0 epoch 100/200: loss main 9.769e-07 aux 0.26 val 0.3677 (119 s)
    seed 0 epoch 110/200: loss main 9.568e-07 aux 0.2605 val 0.3237 (131 s)
    seed 0 epoch 120/200: loss main 9.405e-07 aux 0.267 val 0.3226 (142 s)
    seed 0 epoch 130/200: loss main 9.128e-07 aux 0.2441 val 0.3395 (153 s)
    seed 0: early stop at epoch 131, best inner val 0.3023 at epoch 111
  n=100 seed 0: inner validation internal term 0.3023 on 15 molecules (fit on 85)
  n=100 seed 0 (a): ring couplings 3.26 vs zero 3.76 (ratio 0.87) | corrected ω 10.05 (zero 23.29) | ΔH residual ratio 0.653
  n=100 seed 0 (b): ring couplings 3.35 vs zero 3.74 (ratio 0.90) | corrected ω 9.76 (zero 23.09) | ΔH residual ratio 0.668
  element embeddings absent from pretraining reset to the trained mean: Z = [16, 17]
  pretrained mean body pre-flight: worst |output| 2.2 on the training molecules
    seed 1 epoch 1/200: loss main 6.732e-06 aux 0.9143 val 0.7663 (1 s)
    seed 1 epoch 10/200: loss main 1.403e-06 aux 0.3753 val 0.3936 (12 s)
    seed 1 epoch 20/200: loss main 1.333e-06 aux 0.4024 val 0.4369 (23 s)
    seed 1 epoch 30/200: loss main 1.283e-06 aux 0.3416 val 0.3701 (35 s)
    seed 1 epoch 40/200: loss main 1.252e-06 aux 0.3203 val 0.3406 (46 s)
    seed 1 epoch 50/200: loss main 1.211e-06 aux 0.3123 val 0.3336 (58 s)
    seed 1 epoch 60/200: loss main 1.15e-06 aux 0.3007 val 0.3339 (69 s)
    seed 1 epoch 70/200: loss main 1.112e-06 aux 0.2963 val 0.3387 (80 s)
    seed 1: early stop at epoch 75, best inner val 0.326 at epoch 55
  n=100 seed 1: inner validation internal term 0.326 on 15 molecules (fit on 85)
  n=100 seed 1 (a): ring couplings 3.53 vs zero 3.76 (ratio 0.94) | corrected ω 10.12 (zero 23.29) | ΔH residual ratio 0.692
  n=100 seed 1 (b): ring couplings 3.55 vs zero 3.74 (ratio 0.95) | corrected ω 9.96 (zero 23.09) | ΔH residual ratio 0.710
  element embeddings absent from pretraining reset to the trained mean: Z = [16, 17]
  pretrained mean body pre-flight: worst |output| 2.32 on the training molecules
    seed 2 epoch 1/200: loss main 6.687e-06 aux 0.8253 val 0.7336 (1 s)
    seed 2 epoch 10/200: loss main 1.412e-06 aux 0.3622 val 0.4132 (12 s)
    seed 2 epoch 20/200: loss main 1.353e-06 aux 0.3275 val 0.3884 (24 s)
    seed 2 epoch 30/200: loss main 1.316e-06 aux 0.3223 val 0.3482 (36 s)
    seed 2 epoch 40/200: loss main 1.262e-06 aux 0.3079 val 0.3588 (48 s)
    seed 2 epoch 50/200: loss main 1.224e-06 aux 0.2997 val 0.3485 (59 s)
    seed 2 epoch 60/200: loss main 1.189e-06 aux 0.2982 val 0.3289 (70 s)
    seed 2 epoch 70/200: loss main 1.128e-06 aux 0.2889 val 0.3272 (81 s)
    seed 2 epoch 80/200: loss main 1.076e-06 aux 0.2792 val 0.3337 (92 s)
    seed 2 epoch 90/200: loss main 1.041e-06 aux 0.2713 val 0.3045 (103 s)
    seed 2 epoch 100/200: loss main 9.923e-07 aux 0.2634 val 0.4131 (115 s)
    seed 2 epoch 110/200: loss main 9.743e-07 aux 0.2586 val 0.2922 (126 s)
    seed 2 epoch 120/200: loss main 9.291e-07 aux 0.2483 val 0.3492 (137 s)
    seed 2 epoch 130/200: loss main 9.206e-07 aux 0.2484 val 0.3072 (148 s)
    seed 2 epoch 140/200: loss main 8.777e-07 aux 0.2405 val 0.2922 (159 s)
    seed 2 epoch 150/200: loss main 8.901e-07 aux 0.2401 val 0.2814 (171 s)
    seed 2 epoch 160/200: loss main 8.803e-07 aux 0.2542 val 0.2805 (182 s)
    seed 2 epoch 170/200: loss main 8.565e-07 aux 0.2414 val 0.2648 (193 s)
    seed 2 epoch 180/200: loss main 8.475e-07 aux 0.2385 val 0.2938 (205 s)
    seed 2 epoch 190/200: loss main 8.433e-07 aux 0.2288 val 0.2858 (216 s)
    seed 2 epoch 200/200: loss main 8.461e-07 aux 0.2331 val 0.293 (227 s)
  n=100 seed 2: inner validation internal term 0.2596 on 15 molecules (fit on 85)
  n=100 seed 2 (a): ring couplings 3.07 vs zero 3.76 (ratio 0.81) | corrected ω 9.89 (zero 23.29) | ΔH residual ratio 0.616
  n=100 seed 2 (b): ring couplings 3.21 vs zero 3.74 (ratio 0.86) | corrected ω 9.21 (zero 23.09) | ΔH residual ratio 0.616
  element embeddings absent from pretraining reset to the trained mean: Z = [16, 17]
  pretrained mean body pre-flight: worst |output| 1.67 on the training molecules
    seed 0 epoch 1/200: loss main 6.381e-06 aux 0.8138 val 0.6568 (2 s)
    seed 0 epoch 10/200: loss main 1.392e-06 aux 0.3634 val 0.3535 (20 s)
    seed 0 epoch 20/200: loss main 1.309e-06 aux 0.3422 val 0.3357 (39 s)
    seed 0 epoch 30/200: loss main 1.234e-06 aux 0.318 val 0.3364 (58 s)
    seed 0 epoch 40/200: loss main 1.167e-06 aux 0.3137 val 0.3325 (78 s)
    seed 0 epoch 50/200: loss main 1.102e-06 aux 0.2955 val 0.328 (97 s)
    seed 0 epoch 60/200: loss main 1.052e-06 aux 0.2798 val 0.3089 (116 s)
    seed 0 epoch 70/200: loss main 9.903e-07 aux 0.2687 val 0.3277 (136 s)
    seed 0 epoch 80/200: loss main 9.361e-07 aux 0.255 val 0.2807 (155 s)
    seed 0 epoch 90/200: loss main 9.09e-07 aux 0.256 val 0.2646 (174 s)
    seed 0 epoch 100/200: loss main 8.816e-07 aux 0.2517 val 0.2686 (194 s)
    seed 0 epoch 110/200: loss main 8.574e-07 aux 0.2468 val 0.2588 (213 s)
    seed 0 epoch 120/200: loss main 8.243e-07 aux 0.2319 val 0.2619 (232 s)
    seed 0 epoch 130/200: loss main 8.279e-07 aux 0.2346 val 0.2677 (252 s)
    seed 0 epoch 140/200: loss main 8.078e-07 aux 0.2292 val 0.2605 (271 s)
    seed 0 epoch 150/200: loss main 7.864e-07 aux 0.2209 val 0.2615 (290 s)
    seed 0 epoch 160/200: loss main 7.866e-07 aux 0.2251 val 0.2627 (310 s)
    seed 0 epoch 170/200: loss main 7.807e-07 aux 0.2285 val 0.262 (330 s)
    seed 0 epoch 180/200: loss main 7.818e-07 aux 0.2233 val 0.2573 (349 s)
    seed 0 epoch 190/200: loss main 7.682e-07 aux 0.2192 val 0.2506 (369 s)
    seed 0: early stop at epoch 192, best inner val 0.2481 at epoch 172
  n=175 seed 0: inner validation internal term 0.2481 on 26 molecules (fit on 149)
  n=175 seed 0 (a): ring couplings 3.01 vs zero 3.76 (ratio 0.80) | corrected ω 9.16 (zero 23.29) | ΔH residual ratio 0.597
  n=175 seed 0 (b): ring couplings 3.14 vs zero 3.74 (ratio 0.84) | corrected ω 8.44 (zero 23.09) | ΔH residual ratio 0.594
  element embeddings absent from pretraining reset to the trained mean: Z = [16, 17]
  pretrained mean body pre-flight: worst |output| 2.3 on the training molecules
    seed 1 epoch 1/200: loss main 6.308e-06 aux 0.8664 val 0.5901 (2 s)
    seed 1 epoch 10/200: loss main 1.391e-06 aux 0.3758 val 0.3637 (20 s)
    seed 1 epoch 20/200: loss main 1.299e-06 aux 0.3384 val 0.4582 (40 s)
    seed 1 epoch 30/200: loss main 1.253e-06 aux 0.3309 val 0.3375 (60 s)
    seed 1 epoch 40/200: loss main 1.194e-06 aux 0.3184 val 0.3727 (79 s)
    seed 1 epoch 50/200: loss main 1.094e-06 aux 0.29 val 0.3415 (99 s)
    seed 1 epoch 60/200: loss main 1.014e-06 aux 0.2742 val 0.3188 (118 s)
    seed 1 epoch 70/200: loss main 9.726e-07 aux 0.2762 val 0.3084 (137 s)
    seed 1 epoch 80/200: loss main 9.24e-07 aux 0.2603 val 0.3309 (156 s)
    seed 1 epoch 90/200: loss main 8.944e-07 aux 0.2538 val 0.3043 (177 s)
    seed 1 epoch 100/200: loss main 8.719e-07 aux 0.2484 val 0.2906 (195 s)
    seed 1 epoch 110/200: loss main 8.577e-07 aux 0.2429 val 0.3016 (213 s)
    seed 1: early stop at epoch 118, best inner val 0.277 at epoch 98
  n=175 seed 1: inner validation internal term 0.277 on 26 molecules (fit on 149)
  n=175 seed 1 (a): ring couplings 3.09 vs zero 3.76 (ratio 0.82) | corrected ω 9.90 (zero 23.29) | ΔH residual ratio 0.623
  n=175 seed 1 (b): ring couplings 3.23 vs zero 3.74 (ratio 0.86) | corrected ω 9.35 (zero 23.09) | ΔH residual ratio 0.627
  element embeddings absent from pretraining reset to the trained mean: Z = [16, 17]
  pretrained mean body pre-flight: worst |output| 2.32 on the training molecules
    seed 2 epoch 1/200: loss main 6.429e-06 aux 0.8536 val 0.6011 (2 s)
    seed 2 epoch 10/200: loss main 1.403e-06 aux 0.3594 val 0.391 (17 s)
    seed 2 epoch 20/200: loss main 1.308e-06 aux 0.3357 val 0.3722 (33 s)
    seed 2 epoch 30/200: loss main 1.221e-06 aux 0.3224 val 0.3558 (50 s)
    seed 2 epoch 40/200: loss main 1.122e-06 aux 0.3005 val 0.3437 (68 s)
    seed 2 epoch 50/200: loss main 1.059e-06 aux 0.2861 val 0.3355 (84 s)
    seed 2 epoch 60/200: loss main 9.683e-07 aux 0.2622 val 0.3289 (101 s)
    seed 2 epoch 70/200: loss main 9.213e-07 aux 0.2559 val 0.3176 (125 s)
    seed 2 epoch 80/200: loss main 9.105e-07 aux 0.261 val 0.3291 (143 s)
    seed 2 epoch 90/200: loss main 8.668e-07 aux 0.2457 val 0.2832 (160 s)
    seed 2 epoch 100/200: loss main 8.72e-07 aux 0.2563 val 0.3361 (177 s)
    seed 2 epoch 110/200: loss main 8.397e-07 aux 0.2411 val 0.3045 (194 s)
    seed 2 epoch 120/200: loss main 8.113e-07 aux 0.2299 val 0.3248 (212 s)
    seed 2: early stop at epoch 122, best inner val 0.2781 at epoch 102
  n=175 seed 2: inner validation internal term 0.2781 on 26 molecules (fit on 149)
  n=175 seed 2 (a): ring couplings 3.05 vs zero 3.76 (ratio 0.81) | corrected ω 9.60 (zero 23.29) | ΔH residual ratio 0.608
  n=175 seed 2 (b): ring couplings 3.17 vs zero 3.74 (ratio 0.85) | corrected ω 8.71 (zero 23.09) | ΔH residual ratio 0.607
wrote out/E7_rungC_C2mean_2026-09-28.json/.md in 1429 s
=== C2 fine-tune done Mon Sep 28 07:37:03 WEDT 2026
=== stage 4 finished Mon Sep 28 07:37:03 WEDT 2026
