=== chain 3 start Thu Oct  1 12:19:21 WEDT 2026
analytic second-route Hessians substituted for 27 molecules
799 molecules; pool 176; hold-out (a) 10, (b) 39 (['fluoranthene', 'fluorene']); sizes [175]; seeds [0, 1, 2]; epochs 200; threads 8; model 171,554 parameters, sum aggregation
  rung B's 66 pair features added to the hybrid head (standardised on the fit molecules)
  hybrid head: 303,636 parameters; F_low input scales 0.0361, 0.252, 0.0982; SQM α per class on
  fresh sum body pre-flight: worst |output| 27.8 on the training molecules
    seed 0 epoch 1/200: loss main 1.193e-05 aux 0.7971 val 0.3165 (5 s)
    seed 0 epoch 10/200: loss main 4.28e-06 aux 0.1385 val 0.1546 (49 s)
    seed 0 epoch 20/200: loss main 3.156e-06 aux 0.1001 val 0.1056 (101 s)
    seed 0 epoch 30/200: loss main 2.301e-06 aux 0.07675 val 0.09235 (156 s)
    seed 0 epoch 40/200: loss main 1.81e-06 aux 0.06302 val 0.08309 (215 s)
    seed 0 epoch 50/200: loss main 1.482e-06 aux 0.05983 val 0.07977 (276 s)
    seed 0 epoch 60/200: loss main 1.313e-06 aux 0.05136 val 0.07712 (343 s)
    seed 0 epoch 70/200: loss main 1.224e-06 aux 0.04491 val 0.07309 (424 s)
    seed 0 epoch 80/200: loss main 1.27e-06 aux 0.04006 val 0.07221 (513 s)
    seed 0 epoch 90/200: loss main 1.64e-06 aux 0.03647 val 0.07082 (632 s)
    seed 0 epoch 100/200: loss main 2.799e-06 aux 0.03316 val 0.07349 (702 s)
    seed 0 epoch 110/200: loss main 4.385e-06 aux 0.03123 val 0.06927 (764 s)
    seed 0 epoch 120/200: loss main 6.088e-06 aux 0.02946 val 0.07063 (821 s)
    seed 0 epoch 130/200: loss main 8.852e-06 aux 0.02913 val 0.06868 (878 s)
    seed 0 epoch 140/200: loss main 1.262e-05 aux 0.02483 val 0.06624 (935 s)
    seed 0 epoch 150/200: loss main 1.544e-05 aux 0.02521 val 0.06677 (992 s)
    seed 0 epoch 160/200: loss main 1.96e-05 aux 0.0237 val 0.07135 (1049 s)
    seed 0 epoch 170/200: loss main 2.375e-05 aux 0.02409 val 0.06655 (1106 s)
    seed 0 epoch 180/200: loss main 2.783e-05 aux 0.02114 val 0.06832 (1162 s)
    seed 0: early stop at epoch 185, best inner val 0.06525 at epoch 165
  n=175 seed 0: inner validation internal term 0.06525 on 26 molecules (fit on 149)
  n=175 seed 0 (a): ring couplings 1.20 vs zero 3.76 (ratio 0.32) | corrected ω 7.27 (zero 23.27) | ΔH residual ratio 1.029
  n=175 seed 0 (b): ring couplings 1.61 vs zero 3.74 (ratio 0.43) | corrected ω 7.12 (zero 23.09) | ΔH residual ratio 0.864
  rung B's 66 pair features added to the hybrid head (standardised on the fit molecules)
  hybrid head: 303,636 parameters; F_low input scales 0.0361, 0.252, 0.0981; SQM α per class on
  fresh sum body pre-flight: worst |output| 18.9 on the training molecules
    seed 1 epoch 1/200: loss main 1.281e-05 aux 0.8295 val 0.3196 (6 s)
    seed 1 epoch 10/200: loss main 4.367e-06 aux 0.1405 val 0.09932 (57 s)
    seed 1 epoch 20/200: loss main 4.733e-06 aux 0.1035 val 0.08523 (113 s)
    seed 1 epoch 30/200: loss main 3.755e-06 aux 0.08454 val 0.07737 (170 s)
    seed 1 epoch 40/200: loss main 3.044e-06 aux 0.0725 val 0.06282 (227 s)
    seed 1 epoch 50/200: loss main 2.355e-06 aux 0.06305 val 0.05393 (284 s)
    seed 1 epoch 60/200: loss main 1.995e-06 aux 0.05422 val 0.04904 (341 s)
    seed 1 epoch 70/200: loss main 1.644e-06 aux 0.04578 val 0.0487 (398 s)
    seed 1 epoch 80/200: loss main 1.554e-06 aux 0.04414 val 0.05448 (454 s)
    seed 1 epoch 90/200: loss main 1.231e-06 aux 0.04016 val 0.04226 (511 s)
    seed 1 epoch 100/200: loss main 1.239e-06 aux 0.03596 val 0.04307 (568 s)
    seed 1 epoch 110/200: loss main 1.473e-06 aux 0.03515 val 0.03955 (625 s)
    seed 1 epoch 120/200: loss main 1.999e-06 aux 0.03242 val 0.0434 (682 s)
    seed 1 epoch 130/200: loss main 2.818e-06 aux 0.02883 val 0.03806 (738 s)
    seed 1 epoch 140/200: loss main 3.382e-06 aux 0.02858 val 0.03624 (795 s)
    seed 1 epoch 150/200: loss main 4.854e-06 aux 0.02489 val 0.0371 (852 s)
    seed 1 epoch 160/200: loss main 5.866e-06 aux 0.02546 val 0.0365 (908 s)
    seed 1: early stop at epoch 160, best inner val 0.03624 at epoch 140
  n=175 seed 1: inner validation internal term 0.03624 on 26 molecules (fit on 149)
  n=175 seed 1 (a): ring couplings 1.10 vs zero 3.76 (ratio 0.29) | corrected ω 6.50 (zero 23.27) | ΔH residual ratio 0.420
  n=175 seed 1 (b): ring couplings 1.56 vs zero 3.74 (ratio 0.42) | corrected ω 6.94 (zero 23.09) | ΔH residual ratio 0.406
  rung B's 66 pair features added to the hybrid head (standardised on the fit molecules)
  hybrid head: 303,636 parameters; F_low input scales 0.036, 0.252, 0.0982; SQM α per class on
  fresh sum body pre-flight: worst |output| 26.8 on the training molecules
    seed 2 epoch 1/200: loss main 1.962e-05 aux 1.02 val 0.3676 (6 s)
    seed 2 epoch 10/200: loss main 3.219e-06 aux 0.1368 val 0.1192 (56 s)
    seed 2 epoch 20/200: loss main 3.215e-06 aux 0.09401 val 0.08976 (113 s)
    seed 2 epoch 30/200: loss main 2.553e-06 aux 0.08002 val 0.07885 (170 s)
    seed 2 epoch 40/200: loss main 2.065e-06 aux 0.07171 val 0.07639 (227 s)
    seed 2 epoch 50/200: loss main 1.8e-06 aux 0.05984 val 0.05893 (284 s)
    seed 2 epoch 60/200: loss main 1.551e-06 aux 0.05284 val 0.05873 (340 s)
    seed 2 epoch 70/200: loss main 1.371e-06 aux 0.04751 val 0.06005 (397 s)
    seed 2 epoch 80/200: loss main 1.29e-06 aux 0.0453 val 0.05357 (455 s)
    seed 2 epoch 90/200: loss main 1.244e-06 aux 0.03896 val 0.0704 (520 s)
    seed 2 epoch 100/200: loss main 1.307e-06 aux 0.03639 val 0.0483 (585 s)
    seed 2 epoch 110/200: loss main 1.616e-06 aux 0.03298 val 0.04844 (644 s)
    seed 2 epoch 120/200: loss main 2.016e-06 aux 0.03222 val 0.05289 (702 s)
    seed 2: early stop at epoch 120, best inner val 0.0483 at epoch 100
  n=175 seed 2: inner validation internal term 0.0483 on 26 molecules (fit on 149)
  n=175 seed 2 (a): ring couplings 1.02 vs zero 3.76 (ratio 0.27) | corrected ω 8.15 (zero 23.27) | ΔH residual ratio 0.365
  n=175 seed 2 (b): ring couplings 1.46 vs zero 3.74 (ratio 0.39) | corrected ω 9.15 (zero 23.09) | ΔH residual ratio 0.381
wrote out/E7_rungC_lever3_kring_175_2026-10-01.json/.md in 2897 s
=== lever 3 kring (175) done Thu Oct  1 13:07:42 WEDT 2026
=== chain 3 finished Thu Oct  1 13:07:42 WEDT 2026
