=== lever 1 start Thu Oct  1 07:12:09 WEDT 2026
analytic second-route Hessians substituted for 27 molecules
799 molecules; pool 1; hold-out (a) 1, (b) 1 (['fluoranthene', 'fluorene']); sizes [1]; seeds [0]; epochs 5000; threads 8; model 171,554 parameters, sum aggregation
  rung B's 66 pair features added to the hybrid head (standardised on the fit molecules)
  hybrid head: 303,618 parameters; F_low input scales 0.0454, 0.269, 0.112; SQM α per class on
  fresh sum body pre-flight: worst |output| 3.74 on the training molecules
  internal term on the pair model's pattern; class scales diag_bond 0.00966, diag_angle 0.00205, diag_dihedral 0.000966, diag_other 0.000966, off_bondbond 0.00442, off_other 0.000966, off_twobond 0.000966
    seed 0 epoch 1/5000: loss main 2.158e-05 aux 0.1282 (0 s)
    seed 0 epoch 10/5000: loss main 3.027e-06 aux 0.071 (0 s)
    seed 0 epoch 20/5000: loss main 6.438e-06 aux 0.05843 (0 s)
    seed 0 epoch 30/5000: loss main 1.114e-06 aux 0.04858 (0 s)
    seed 0 epoch 40/5000: loss main 8.469e-07 aux 0.04274 (1 s)
    seed 0 epoch 50/5000: loss main 5.936e-07 aux 0.0411 (1 s)
    seed 0 epoch 60/5000: loss main 9.192e-07 aux 0.04025 (1 s)
    seed 0 epoch 70/5000: loss main 5.312e-07 aux 0.03945 (1 s)
    seed 0 epoch 80/5000: loss main 1.39e-06 aux 0.03984 (1 s)
    seed 0 epoch 90/5000: loss main 9.651e-07 aux 0.0387 (1 s)
    seed 0 epoch 100/5000: loss main 6.012e-07 aux 0.03795 (1 s)
    seed 0 epoch 110/5000: loss main 6.738e-07 aux 0.03744 (2 s)
    seed 0 epoch 120/5000: loss main 8.387e-07 aux 0.03679 (2 s)
    seed 0 epoch 130/5000: loss main 4.147e-07 aux 0.0372 (2 s)
    seed 0 epoch 140/5000: loss main 9.014e-07 aux 0.03532 (2 s)
    seed 0 epoch 150/5000: loss main 4.676e-07 aux 0.03432 (2 s)
    seed 0 epoch 160/5000: loss main 5.325e-07 aux 0.03243 (2 s)
    seed 0 epoch 170/5000: loss main 3.952e-07 aux 0.03017 (2 s)
    seed 0 epoch 180/5000: loss main 6.428e-07 aux 0.03305 (3 s)
    seed 0 epoch 190/5000: loss main 5.126e-07 aux 0.0282 (3 s)
    seed 0 epoch 200/5000: loss main 3.143e-07 aux 0.02624 (3 s)
    seed 0 epoch 210/5000: loss main 2.719e-07 aux 0.02403 (3 s)
    seed 0 epoch 220/5000: loss main 2.617e-07 aux 0.0212 (3 s)
    seed 0 epoch 230/5000: loss main 2.65e-07 aux 0.01831 (3 s)
    seed 0 epoch 240/5000: loss main 3.114e-07 aux 0.01525 (4 s)
    seed 0 epoch 250/5000: loss main 3.814e-07 aux 0.0147 (4 s)
    seed 0 epoch 260/5000: loss main 3.018e-07 aux 0.01132 (4 s)
    seed 0 epoch 270/5000: loss main 2.028e-07 aux 0.009112 (4 s)
    seed 0 epoch 280/5000: loss main 2.295e-07 aux 0.007269 (4 s)
    seed 0 epoch 290/5000: loss main 9.002e-07 aux 0.009842 (4 s)
    seed 0 epoch 300/5000: loss main 2.048e-07 aux 0.007233 (4 s)
    seed 0 epoch 310/5000: loss main 1.52e-07 aux 0.005332 (5 s)
    seed 0 epoch 320/5000: loss main 1.994e-07 aux 0.004619 (5 s)
    seed 0 epoch 330/5000: loss main 1.623e-07 aux 0.004104 (5 s)
    seed 0 epoch 340/5000: loss main 1.924e-07 aux 0.003616 (5 s)
    seed 0 epoch 350/5000: loss main 1.396e-07 aux 0.003258 (5 s)
    seed 0 epoch 360/5000: loss main 1.543e-07 aux 0.002933 (5 s)
    seed 0 epoch 370/5000: loss main 2.238e-07 aux 0.002811 (6 s)
    seed 0 epoch 380/5000: loss main 1.205e-07 aux 0.002557 (6 s)
    seed 0 epoch 390/5000: loss main 1.081e-07 aux 0.002314 (6 s)
    seed 0 epoch 400/5000: loss main 2.526e-07 aux 0.00214 (6 s)
    seed 0 epoch 410/5000: loss main 1.485e-06 aux 0.004225 (6 s)
    seed 0 epoch 420/5000: loss main 1.506e-07 aux 0.002967 (6 s)
    seed 0 epoch 430/5000: loss main 1.887e-07 aux 0.002418 (6 s)
    seed 0 epoch 440/5000: loss main 3.852e-07 aux 0.001984 (7 s)
    seed 0 epoch 450/5000: loss main 8.981e-08 aux 0.001701 (7 s)
    seed 0 epoch 460/5000: loss main 8.779e-08 aux 0.001588 (7 s)
    seed 0 epoch 470/5000: loss main 9.697e-08 aux 0.001497 (7 s)
    seed 0 epoch 480/5000: loss main 8.474e-08 aux 0.001404 (7 s)
    seed 0 epoch 490/5000: loss main 8.674e-08 aux 0.001338 (7 s)
    seed 0 epoch 500/5000: loss main 8.069e-08 aux 0.001283 (8 s)
    seed 0 epoch 510/5000: loss main 7.929e-08 aux 0.001235 (8 s)
    seed 0 epoch 520/5000: loss main 7.858e-08 aux 0.001194 (8 s)
    seed 0 epoch 530/5000: loss main 7.747e-08 aux 0.001161 (8 s)
    seed 0 epoch 540/5000: loss main 6.527e-07 aux 0.001703 (8 s)
    seed 0 epoch 550/5000: loss main 1.436e-07 aux 0.001227 (8 s)
    seed 0 epoch 560/5000: loss main 9.965e-08 aux 0.001128 (9 s)
    seed 0 epoch 570/5000: loss main 8.706e-08 aux 0.00109 (9 s)
    seed 0 epoch 580/5000: loss main 7.137e-08 aux 0.001057 (9 s)
    seed 0 epoch 590/5000: loss main 7.068e-08 aux 0.001042 (9 s)
    seed 0 epoch 600/5000: loss main 7.1e-08 aux 0.00102 (9 s)
    seed 0 epoch 610/5000: loss main 8.135e-08 aux 0.001083 (10 s)
    seed 0 epoch 620/5000: loss main 1.016e-07 aux 0.001385 (10 s)
    seed 0 epoch 630/5000: loss main 8.532e-08 aux 0.001375 (10 s)
    seed 0 epoch 640/5000: loss main 1.15e-07 aux 0.001205 (10 s)
    seed 0 epoch 650/5000: loss main 6.978e-08 aux 0.001088 (10 s)
    seed 0 epoch 660/5000: loss main 1.126e-07 aux 0.00105 (10 s)
    seed 0 epoch 670/5000: loss main 7.051e-08 aux 0.0009719 (10 s)
    seed 0 epoch 680/5000: loss main 7.086e-08 aux 0.0009478 (11 s)
    seed 0 epoch 690/5000: loss main 6.847e-08 aux 0.0009309 (11 s)
    seed 0 epoch 700/5000: loss main 6.341e-08 aux 0.0009158 (11 s)
    seed 0 epoch 710/5000: loss main 6.294e-08 aux 0.0009054 (11 s)
    seed 0 epoch 720/5000: loss main 6.212e-08 aux 0.0008947 (11 s)
    seed 0 epoch 730/5000: loss main 6.146e-08 aux 0.0008848 (11 s)
    seed 0 epoch 740/5000: loss main 6.085e-08 aux 0.0008754 (12 s)
    seed 0 epoch 750/5000: loss main 6.034e-08 aux 0.0008665 (12 s)
    seed 0 epoch 760/5000: loss main 6.2e-08 aux 0.0009061 (12 s)
    seed 0 epoch 770/5000: loss main 4.272e-07 aux 0.002097 (12 s)
    seed 0 epoch 780/5000: loss main 6.359e-08 aux 0.0009634 (12 s)
    seed 0 epoch 790/5000: loss main 7.765e-08 aux 0.0009404 (12 s)
    seed 0 epoch 800/5000: loss main 9.957e-08 aux 0.0009086 (12 s)
    seed 0 epoch 810/5000: loss main 6.063e-08 aux 0.0008838 (13 s)
    seed 0 epoch 820/5000: loss main 6.879e-08 aux 0.0008529 (13 s)
    seed 0 epoch 830/5000: loss main 5.961e-08 aux 0.000832 (13 s)
    seed 0 epoch 840/5000: loss main 5.948e-08 aux 0.0008225 (13 s)
    seed 0 epoch 850/5000: loss main 5.765e-08 aux 0.0008127 (13 s)
    seed 0 epoch 860/5000: loss main 5.723e-08 aux 0.0008041 (13 s)
    seed 0 epoch 870/5000: loss main 5.677e-08 aux 0.000796 (14 s)
    seed 0 epoch 880/5000: loss main 5.629e-08 aux 0.0007883 (14 s)
    seed 0 epoch 890/5000: loss main 5.587e-08 aux 0.0007807 (14 s)
    seed 0 epoch 900/5000: loss main 5.547e-08 aux 0.0007733 (14 s)
    seed 0 epoch 910/5000: loss main 5.507e-08 aux 0.000766 (14 s)
    seed 0 epoch 920/5000: loss main 5.469e-08 aux 0.0007589 (14 s)
    seed 0 epoch 930/5000: loss main 6.026e-08 aux 0.0007589 (14 s)
    seed 0 epoch 940/5000: loss main 7.28e-08 aux 0.000803 (15 s)
    seed 0 epoch 950/5000: loss main 9.633e-08 aux 0.0008251 (15 s)
    seed 0 epoch 960/5000: loss main 5.584e-08 aux 0.0007396 (15 s)
    seed 0 epoch 970/5000: loss main 5.405e-08 aux 0.0007386 (15 s)
    seed 0 epoch 980/5000: loss main 5.311e-08 aux 0.0007271 (15 s)
    seed 0 epoch 990/5000: loss main 5.262e-08 aux 0.000715 (15 s)
    seed 0 epoch 1000/5000: loss main 5.245e-08 aux 0.0007228 (16 s)
    seed 0 epoch 1010/5000: loss main 1.265e-07 aux 0.002293 (16 s)
    seed 0 epoch 1020/5000: loss main 5.4e-08 aux 0.0007311 (16 s)
    seed 0 epoch 1030/5000: loss main 6.644e-08 aux 0.0008102 (16 s)
    seed 0 epoch 1040/5000: loss main 7.991e-08 aux 0.00073 (16 s)
    seed 0 epoch 1050/5000: loss main 7.581e-08 aux 0.0007134 (16 s)
    seed 0 epoch 1060/5000: loss main 5.189e-08 aux 0.0006905 (16 s)
    seed 0 epoch 1070/5000: loss main 5.071e-08 aux 0.0006826 (17 s)
    seed 0 epoch 1080/5000: loss main 4.998e-08 aux 0.000673 (17 s)
    seed 0 epoch 1090/5000: loss main 4.966e-08 aux 0.0006666 (17 s)
    seed 0 epoch 1100/5000: loss main 4.902e-08 aux 0.0006602 (17 s)
    seed 0 epoch 1110/5000: loss main 4.871e-08 aux 0.0006541 (17 s)
    seed 0 epoch 1120/5000: loss main 6.37e-08 aux 0.0006676 (17 s)
    seed 0 epoch 1130/5000: loss main 7.476e-08 aux 0.0008463 (18 s)
    seed 0 epoch 1140/5000: loss main 4.935e-08 aux 0.0006932 (18 s)
    seed 0 epoch 1150/5000: loss main 5.14e-08 aux 0.0006541 (18 s)
    seed 0 epoch 1160/5000: loss main 5.029e-08 aux 0.0006467 (18 s)
    seed 0 epoch 1170/5000: loss main 5.43e-08 aux 0.00066 (18 s)
    seed 0 epoch 1180/5000: loss main 1.032e-07 aux 0.001658 (18 s)
    seed 0 epoch 1190/5000: loss main 1.089e-07 aux 0.0008454 (18 s)
    seed 0 epoch 1200/5000: loss main 4.831e-08 aux 0.0006259 (19 s)
    seed 0 epoch 1210/5000: loss main 4.986e-08 aux 0.0006519 (19 s)
    seed 0 epoch 1220/5000: loss main 5.032e-08 aux 0.0006202 (19 s)
    seed 0 epoch 1230/5000: loss main 4.522e-08 aux 0.000604 (19 s)
    seed 0 epoch 1240/5000: loss main 4.506e-08 aux 0.0005971 (19 s)
    seed 0 epoch 1250/5000: loss main 3.594e-07 aux 0.0008847 (19 s)
    seed 0 epoch 1260/5000: loss main 4.397e-08 aux 0.0005884 (19 s)
    seed 0 epoch 1270/5000: loss main 4.743e-08 aux 0.0005837 (20 s)
    seed 0 epoch 1280/5000: loss main 4.432e-08 aux 0.000575 (20 s)
    seed 0 epoch 1290/5000: loss main 4.331e-08 aux 0.0005681 (20 s)
    seed 0 epoch 1300/5000: loss main 4.496e-08 aux 0.0005638 (20 s)
    seed 0 epoch 1310/5000: loss main 4.224e-08 aux 0.0005586 (20 s)
    seed 0 epoch 1320/5000: loss main 7.65e-08 aux 0.001005 (20 s)
    seed 0 epoch 1330/5000: loss main 2.563e-07 aux 0.002032 (21 s)
    seed 0 epoch 1340/5000: loss main 6.038e-08 aux 0.0006131 (21 s)
    seed 0 epoch 1350/5000: loss main 7.467e-08 aux 0.0006767 (21 s)
    seed 0 epoch 1360/5000: loss main 4.533e-08 aux 0.0006129 (21 s)
    seed 0 epoch 1370/5000: loss main 4.395e-08 aux 0.0005517 (21 s)
    seed 0 epoch 1380/5000: loss main 4.782e-08 aux 0.0005499 (21 s)
    seed 0 epoch 1390/5000: loss main 4.018e-08 aux 0.0005352 (21 s)
    seed 0 epoch 1400/5000: loss main 3.986e-08 aux 0.0005284 (22 s)
    seed 0 epoch 1410/5000: loss main 3.873e-08 aux 0.0005216 (22 s)
    seed 0 epoch 1420/5000: loss main 3.845e-08 aux 0.000515 (22 s)
    seed 0 epoch 1430/5000: loss main 4.151e-08 aux 0.0005123 (22 s)
    seed 0 epoch 1440/5000: loss main 3.102e-07 aux 0.0006943 (22 s)
    seed 0 epoch 1450/5000: loss main 4.672e-08 aux 0.0005155 (22 s)
    seed 0 epoch 1460/5000: loss main 8.702e-08 aux 0.0005252 (23 s)
    seed 0 epoch 1470/5000: loss main 3.936e-08 aux 0.0004945 (23 s)
    seed 0 epoch 1480/5000: loss main 3.592e-08 aux 0.0004829 (23 s)
    seed 0 epoch 1490/5000: loss main 3.524e-08 aux 0.0004769 (23 s)
    seed 0 epoch 1500/5000: loss main 3.471e-08 aux 0.0004709 (23 s)
    seed 0 epoch 1510/5000: loss main 3.449e-08 aux 0.000465 (23 s)
    seed 0 epoch 1520/5000: loss main 3.388e-08 aux 0.0004589 (23 s)
    seed 0 epoch 1530/5000: loss main 3.324e-08 aux 0.0004529 (24 s)
    seed 0 epoch 1540/5000: loss main 3.442e-08 aux 0.0004482 (24 s)
    seed 0 epoch 1550/5000: loss main 6.748e-07 aux 0.0008921 (24 s)
    seed 0 epoch 1560/5000: loss main 1.539e-07 aux 0.0005622 (24 s)
    seed 0 epoch 1570/5000: loss main 7.779e-08 aux 0.0004612 (24 s)
    seed 0 epoch 1580/5000: loss main 3.183e-08 aux 0.0004401 (24 s)
    seed 0 epoch 1590/5000: loss main 3.231e-08 aux 0.0004253 (25 s)
    seed 0 epoch 1600/5000: loss main 3.053e-08 aux 0.0004205 (25 s)
    seed 0 epoch 1610/5000: loss main 2.999e-08 aux 0.0004129 (25 s)
    seed 0 epoch 1620/5000: loss main 2.969e-08 aux 0.0004067 (25 s)
    seed 0 epoch 1630/5000: loss main 2.871e-08 aux 0.0004008 (25 s)
    seed 0 epoch 1640/5000: loss main 3.012e-08 aux 0.0004294 (25 s)
    seed 0 epoch 1650/5000: loss main 2.375e-07 aux 0.002233 (25 s)
    seed 0 epoch 1660/5000: loss main 1.56e-07 aux 0.000943 (25 s)
    seed 0 epoch 1670/5000: loss main 3.009e-08 aux 0.0004173 (26 s)
    seed 0 epoch 1680/5000: loss main 5.154e-08 aux 0.000447 (26 s)
    seed 0 epoch 1690/5000: loss main 2.846e-08 aux 0.0003922 (26 s)
    seed 0 epoch 1700/5000: loss main 2.957e-08 aux 0.0003881 (26 s)
    seed 0 epoch 1710/5000: loss main 2.67e-08 aux 0.0003737 (26 s)
    seed 0 epoch 1720/5000: loss main 2.59e-08 aux 0.0003671 (26 s)
    seed 0 epoch 1730/5000: loss main 2.541e-08 aux 0.0003606 (27 s)
    seed 0 epoch 1740/5000: loss main 2.483e-08 aux 0.0003541 (27 s)
    seed 0 epoch 1750/5000: loss main 2.433e-08 aux 0.0003479 (27 s)
    seed 0 epoch 1760/5000: loss main 2.378e-08 aux 0.0003419 (27 s)
    seed 0 epoch 1770/5000: loss main 2.328e-08 aux 0.0003359 (27 s)
    seed 0 epoch 1780/5000: loss main 2.279e-08 aux 0.0003301 (27 s)
    seed 0 epoch 1790/5000: loss main 2.325e-08 aux 0.0003255 (27 s)
    seed 0 epoch 1800/5000: loss main 4.219e-07 aux 0.0007607 (28 s)
    seed 0 epoch 1810/5000: loss main 3.01e-08 aux 0.0003249 (28 s)
    seed 0 epoch 1820/5000: loss main 2.377e-08 aux 0.0003169 (28 s)
    seed 0 epoch 1830/5000: loss main 2.134e-08 aux 0.0003092 (28 s)
    seed 0 epoch 1840/5000: loss main 2.077e-08 aux 0.0003031 (28 s)
    seed 0 epoch 1850/5000: loss main 2.118e-08 aux 0.0002981 (28 s)
    seed 0 epoch 1860/5000: loss main 2e-08 aux 0.000292 (29 s)
    seed 0 epoch 1870/5000: loss main 1.893e-08 aux 0.0002861 (29 s)
    seed 0 epoch 1880/5000: loss main 1.861e-08 aux 0.0002808 (29 s)
    seed 0 epoch 1890/5000: loss main 1.812e-08 aux 0.0002755 (29 s)
    seed 0 epoch 1900/5000: loss main 1.767e-08 aux 0.0002702 (29 s)
    seed 0 epoch 1910/5000: loss main 1.723e-08 aux 0.0002651 (29 s)
    seed 0 epoch 1920/5000: loss main 1.679e-08 aux 0.00026 (29 s)
    seed 0 epoch 1930/5000: loss main 1.636e-08 aux 0.000255 (30 s)
    seed 0 epoch 1940/5000: loss main 1.594e-08 aux 0.00025 (30 s)
    seed 0 epoch 1950/5000: loss main 1.552e-08 aux 0.000245 (30 s)
    seed 0 epoch 1960/5000: loss main 1.92e-08 aux 0.0002653 (30 s)
    seed 0 epoch 1970/5000: loss main 1.459e-06 aux 0.001788 (30 s)
    seed 0 epoch 1980/5000: loss main 3.377e-08 aux 0.0005981 (30 s)
    seed 0 epoch 1990/5000: loss main 2.311e-08 aux 0.0003447 (31 s)
    seed 0 epoch 2000/5000: loss main 2.308e-08 aux 0.0002632 (31 s)
    seed 0 epoch 2010/5000: loss main 1.752e-08 aux 0.000251 (31 s)
    seed 0 epoch 2020/5000: loss main 1.647e-08 aux 0.0002393 (31 s)
    seed 0 epoch 2030/5000: loss main 1.455e-08 aux 0.0002306 (31 s)
    seed 0 epoch 2040/5000: loss main 1.371e-08 aux 0.0002238 (31 s)
    seed 0 epoch 2050/5000: loss main 1.326e-08 aux 0.0002182 (31 s)
    seed 0 epoch 2060/5000: loss main 1.285e-08 aux 0.0002135 (32 s)
    seed 0 epoch 2070/5000: loss main 1.247e-08 aux 0.000209 (32 s)
    seed 0 epoch 2080/5000: loss main 1.21e-08 aux 0.0002047 (32 s)
    seed 0 epoch 2090/5000: loss main 1.175e-08 aux 0.0002005 (32 s)
    seed 0 epoch 2100/5000: loss main 1.141e-08 aux 0.0001965 (32 s)
    seed 0 epoch 2110/5000: loss main 1.109e-08 aux 0.0001926 (32 s)
    seed 0 epoch 2120/5000: loss main 1.077e-08 aux 0.0001888 (33 s)
    seed 0 epoch 2130/5000: loss main 1.045e-08 aux 0.0001851 (33 s)
    seed 0 epoch 2140/5000: loss main 1.015e-08 aux 0.0001814 (33 s)
    seed 0 epoch 2150/5000: loss main 9.85e-09 aux 0.0001779 (33 s)
    seed 0 epoch 2160/5000: loss main 9.558e-09 aux 0.0001744 (33 s)
    seed 0 epoch 2170/5000: loss main 9.273e-09 aux 0.000171 (33 s)
    seed 0 epoch 2180/5000: loss main 8.993e-09 aux 0.0001677 (33 s)
    seed 0 epoch 2190/5000: loss main 8.72e-09 aux 0.0001645 (34 s)
    seed 0 epoch 2200/5000: loss main 8.453e-09 aux 0.0001614 (34 s)
    seed 0 epoch 2210/5000: loss main 8.193e-09 aux 0.0001583 (34 s)
    seed 0 epoch 2220/5000: loss main 7.939e-09 aux 0.0001553 (34 s)
    seed 0 epoch 2230/5000: loss main 7.69e-09 aux 0.0001524 (34 s)
    seed 0 epoch 2240/5000: loss main 7.448e-09 aux 0.0001495 (34 s)
    seed 0 epoch 2250/5000: loss main 7.207e-09 aux 0.0001467 (34 s)
    seed 0 epoch 2260/5000: loss main 7.325e-09 aux 0.000146 (35 s)
    seed 0 epoch 2270/5000: loss main 4.111e-07 aux 0.00188 (35 s)
    seed 0 epoch 2280/5000: loss main 1.02e-07 aux 0.001029 (35 s)
    seed 0 epoch 2290/5000: loss main 1.057e-08 aux 0.0002487 (35 s)
    seed 0 epoch 2300/5000: loss main 8.539e-09 aux 0.0001746 (35 s)
    seed 0 epoch 2310/5000: loss main 8.35e-09 aux 0.0001563 (35 s)
    seed 0 epoch 2320/5000: loss main 7.044e-09 aux 0.00015 (36 s)
    seed 0 epoch 2330/5000: loss main 6.862e-09 aux 0.0001444 (36 s)
    seed 0 epoch 2340/5000: loss main 6.391e-09 aux 0.0001382 (36 s)
    seed 0 epoch 2350/5000: loss main 6.17e-09 aux 0.0001344 (36 s)
    seed 0 epoch 2360/5000: loss main 5.956e-09 aux 0.0001319 (36 s)
    seed 0 epoch 2370/5000: loss main 5.751e-09 aux 0.0001293 (36 s)
    seed 0 epoch 2380/5000: loss main 5.578e-09 aux 0.000127 (37 s)
    seed 0 epoch 2390/5000: loss main 5.382e-09 aux 0.0001248 (37 s)
    seed 0 epoch 2400/5000: loss main 5.212e-09 aux 0.0001228 (37 s)
    seed 0 epoch 2410/5000: loss main 5.05e-09 aux 0.0001208 (37 s)
    seed 0 epoch 2420/5000: loss main 4.889e-09 aux 0.0001189 (37 s)
    seed 0 epoch 2430/5000: loss main 4.738e-09 aux 0.0001171 (37 s)
    seed 0 epoch 2440/5000: loss main 4.592e-09 aux 0.0001154 (37 s)
    seed 0 epoch 2450/5000: loss main 4.453e-09 aux 0.0001138 (38 s)
    seed 0 epoch 2460/5000: loss main 4.319e-09 aux 0.0001122 (38 s)
    seed 0 epoch 2470/5000: loss main 4.19e-09 aux 0.0001107 (38 s)
    seed 0 epoch 2480/5000: loss main 4.067e-09 aux 0.0001092 (38 s)
    seed 0 epoch 2490/5000: loss main 3.949e-09 aux 0.0001078 (38 s)
    seed 0 epoch 2500/5000: loss main 3.836e-09 aux 0.0001065 (38 s)
    seed 0 epoch 2510/5000: loss main 3.727e-09 aux 0.0001052 (39 s)
    seed 0 epoch 2520/5000: loss main 3.624e-09 aux 0.0001039 (39 s)
    seed 0 epoch 2530/5000: loss main 3.524e-09 aux 0.0001028 (39 s)
    seed 0 epoch 2540/5000: loss main 3.429e-09 aux 0.0001016 (39 s)
    seed 0 epoch 2550/5000: loss main 3.338e-09 aux 0.0001005 (39 s)
    seed 0 epoch 2560/5000: loss main 3.252e-09 aux 9.949e-05 (39 s)
    seed 0 epoch 2570/5000: loss main 3.169e-09 aux 9.849e-05 (39 s)
    seed 0 epoch 2580/5000: loss main 3.09e-09 aux 9.753e-05 (40 s)
    seed 0 epoch 2590/5000: loss main 3.021e-09 aux 9.662e-05 (40 s)
    seed 0 epoch 2600/5000: loss main 3.241e-09 aux 0.0001006 (40 s)
    seed 0 epoch 2610/5000: loss main 6.218e-08 aux 0.0005033 (40 s)
    seed 0 epoch 2620/5000: loss main 1.626e-08 aux 0.0001921 (40 s)
    seed 0 epoch 2630/5000: loss main 1.168e-08 aux 0.0001358 (40 s)
    seed 0 epoch 2640/5000: loss main 4.825e-09 aux 0.0001096 (41 s)
    seed 0 epoch 2650/5000: loss main 3.597e-09 aux 9.701e-05 (41 s)
    seed 0 epoch 2660/5000: loss main 2.863e-09 aux 9.507e-05 (41 s)
    seed 0 epoch 2670/5000: loss main 2.8e-09 aux 9.296e-05 (41 s)
    seed 0 epoch 2680/5000: loss main 2.712e-09 aux 9.196e-05 (41 s)
    seed 0 epoch 2690/5000: loss main 2.576e-09 aux 9.113e-05 (41 s)
    seed 0 epoch 2700/5000: loss main 2.526e-09 aux 9.052e-05 (42 s)
    seed 0 epoch 2710/5000: loss main 2.491e-09 aux 8.99e-05 (42 s)
    seed 0 epoch 2720/5000: loss main 2.444e-09 aux 8.933e-05 (42 s)
    seed 0 epoch 2730/5000: loss main 2.399e-09 aux 8.879e-05 (42 s)
    seed 0 epoch 2740/5000: loss main 2.363e-09 aux 8.827e-05 (42 s)
    seed 0 epoch 2750/5000: loss main 2.324e-09 aux 8.777e-05 (42 s)
    seed 0 epoch 2760/5000: loss main 2.288e-09 aux 8.729e-05 (42 s)
    seed 0 epoch 2770/5000: loss main 2.254e-09 aux 8.683e-05 (43 s)
    seed 0 epoch 2780/5000: loss main 2.221e-09 aux 8.638e-05 (43 s)
    seed 0 epoch 2790/5000: loss main 2.188e-09 aux 8.596e-05 (43 s)
    seed 0 epoch 2800/5000: loss main 2.397e-09 aux 8.693e-05 (43 s)
    seed 0 epoch 2810/5000: loss main 1.271e-07 aux 0.0006884 (43 s)
    seed 0 epoch 2820/5000: loss main 8.73e-09 aux 0.0003075 (43 s)
    seed 0 epoch 2830/5000: loss main 5.976e-09 aux 0.0001875 (43 s)
    seed 0 epoch 2840/5000: loss main 3.51e-09 aux 0.0001014 (44 s)
    seed 0 epoch 2850/5000: loss main 3.368e-09 aux 9.806e-05 (44 s)
    seed 0 epoch 2860/5000: loss main 2.91e-09 aux 9.482e-05 (44 s)
    seed 0 epoch 2870/5000: loss main 2.886e-09 aux 8.953e-05 (44 s)
    seed 0 epoch 2880/5000: loss main 2.418e-09 aux 8.715e-05 (44 s)
    seed 0 epoch 2890/5000: loss main 2.338e-09 aux 8.596e-05 (44 s)
    seed 0 epoch 2900/5000: loss main 2.16e-09 aux 8.516e-05 (45 s)
    seed 0 epoch 2910/5000: loss main 2.141e-09 aux 8.461e-05 (45 s)
    seed 0 epoch 2920/5000: loss main 2.088e-09 aux 8.415e-05 (45 s)
    seed 0 epoch 2930/5000: loss main 2.061e-09 aux 8.375e-05 (45 s)
    seed 0 epoch 2940/5000: loss main 2.041e-09 aux 8.338e-05 (45 s)
    seed 0 epoch 2950/5000: loss main 2.013e-09 aux 8.302e-05 (45 s)
    seed 0 epoch 2960/5000: loss main 1.992e-09 aux 8.269e-05 (45 s)
    seed 0 epoch 2970/5000: loss main 1.972e-09 aux 8.237e-05 (46 s)
    seed 0 epoch 2980/5000: loss main 1.951e-09 aux 8.207e-05 (46 s)
    seed 0 epoch 2990/5000: loss main 1.932e-09 aux 8.178e-05 (46 s)
    seed 0 epoch 3000/5000: loss main 1.914e-09 aux 8.15e-05 (46 s)
    seed 0 epoch 3010/5000: loss main 1.897e-09 aux 8.123e-05 (46 s)
    seed 0 epoch 3020/5000: loss main 1.881e-09 aux 8.098e-05 (46 s)
    seed 0 epoch 3030/5000: loss main 1.865e-09 aux 8.072e-05 (47 s)
    seed 0 epoch 3040/5000: loss main 1.851e-09 aux 8.048e-05 (47 s)
    seed 0 epoch 3050/5000: loss main 1.836e-09 aux 8.025e-05 (47 s)
    seed 0 epoch 3060/5000: loss main 1.823e-09 aux 8.001e-05 (47 s)
    seed 0 epoch 3070/5000: loss main 1.81e-09 aux 7.979e-05 (47 s)
    seed 0 epoch 3080/5000: loss main 1.798e-09 aux 7.957e-05 (47 s)
    seed 0 epoch 3090/5000: loss main 1.786e-09 aux 7.936e-05 (47 s)
    seed 0 epoch 3100/5000: loss main 1.775e-09 aux 7.915e-05 (48 s)
    seed 0 epoch 3110/5000: loss main 1.764e-09 aux 7.895e-05 (48 s)
    seed 0 epoch 3120/5000: loss main 1.753e-09 aux 7.875e-05 (48 s)
    seed 0 epoch 3130/5000: loss main 1.744e-09 aux 7.856e-05 (48 s)
    seed 0 epoch 3140/5000: loss main 1.75e-09 aux 7.87e-05 (48 s)
    seed 0 epoch 3150/5000: loss main 4.391e-09 aux 0.0001851 (48 s)
    seed 0 epoch 3160/5000: loss main 1.738e-08 aux 0.000258 (49 s)
    seed 0 epoch 3170/5000: loss main 1.115e-08 aux 0.0001064 (49 s)
    seed 0 epoch 3180/5000: loss main 3.077e-09 aux 8.874e-05 (49 s)
    seed 0 epoch 3190/5000: loss main 3.452e-09 aux 8.189e-05 (49 s)
    seed 0 epoch 3200/5000: loss main 2.911e-09 aux 7.99e-05 (49 s)
    seed 0 epoch 3210/5000: loss main 1.74e-09 aux 7.808e-05 (49 s)
    seed 0 epoch 3220/5000: loss main 1.742e-09 aux 7.767e-05 (49 s)
    seed 0 epoch 3230/5000: loss main 1.746e-09 aux 7.749e-05 (50 s)
    seed 0 epoch 3240/5000: loss main 1.707e-09 aux 7.724e-05 (50 s)
    seed 0 epoch 3250/5000: loss main 1.691e-09 aux 7.703e-05 (50 s)
    seed 0 epoch 3260/5000: loss main 1.682e-09 aux 7.686e-05 (50 s)
    seed 0 epoch 3270/5000: loss main 1.673e-09 aux 7.669e-05 (50 s)
    seed 0 epoch 3280/5000: loss main 1.666e-09 aux 7.652e-05 (50 s)
    seed 0 epoch 3290/5000: loss main 1.658e-09 aux 7.636e-05 (51 s)
    seed 0 epoch 3300/5000: loss main 1.661e-09 aux 7.636e-05 (51 s)
    seed 0 epoch 3310/5000: loss main 3.646e-09 aux 9.055e-05 (51 s)
    seed 0 epoch 3320/5000: loss main 1.748e-07 aux 0.001335 (51 s)
    seed 0 epoch 3330/5000: loss main 3.363e-08 aux 0.00032 (51 s)
    seed 0 epoch 3340/5000: loss main 2.2e-09 aux 8.365e-05 (51 s)
    seed 0 epoch 3350/5000: loss main 5.795e-09 aux 9.916e-05 (51 s)
    seed 0 epoch 3360/5000: loss main 3.349e-09 aux 8.813e-05 (52 s)
    seed 0 epoch 3370/5000: loss main 1.81e-09 aux 7.75e-05 (52 s)
    seed 0 epoch 3380/5000: loss main 1.771e-09 aux 7.693e-05 (52 s)
    seed 0 epoch 3390/5000: loss main 1.701e-09 aux 7.642e-05 (52 s)
    seed 0 epoch 3400/5000: loss main 1.652e-09 aux 7.584e-05 (52 s)
    seed 0 epoch 3410/5000: loss main 1.659e-09 aux 7.564e-05 (52 s)
    seed 0 epoch 3420/5000: loss main 1.644e-09 aux 7.542e-05 (52 s)
    seed 0 epoch 3430/5000: loss main 1.628e-09 aux 7.523e-05 (53 s)
    seed 0 epoch 3440/5000: loss main 1.621e-09 aux 7.506e-05 (53 s)
    seed 0 epoch 3450/5000: loss main 1.614e-09 aux 7.49e-05 (53 s)
    seed 0 epoch 3460/5000: loss main 1.608e-09 aux 7.475e-05 (53 s)
    seed 0 epoch 3470/5000: loss main 1.601e-09 aux 7.459e-05 (53 s)
    seed 0 epoch 3480/5000: loss main 1.595e-09 aux 7.445e-05 (53 s)
    seed 0 epoch 3490/5000: loss main 1.589e-09 aux 7.43e-05 (54 s)
    seed 0 epoch 3500/5000: loss main 1.583e-09 aux 7.416e-05 (54 s)
    seed 0 epoch 3510/5000: loss main 1.577e-09 aux 7.402e-05 (54 s)
    seed 0 epoch 3520/5000: loss main 1.571e-09 aux 7.388e-05 (54 s)
    seed 0 epoch 3530/5000: loss main 1.566e-09 aux 7.374e-05 (54 s)
    seed 0 epoch 3540/5000: loss main 1.561e-09 aux 7.361e-05 (54 s)
    seed 0 epoch 3550/5000: loss main 1.556e-09 aux 7.348e-05 (54 s)
    seed 0 epoch 3560/5000: loss main 1.551e-09 aux 7.334e-05 (55 s)
    seed 0 epoch 3570/5000: loss main 1.547e-09 aux 7.321e-05 (55 s)
    seed 0 epoch 3580/5000: loss main 1.543e-09 aux 7.308e-05 (55 s)
    seed 0 epoch 3590/5000: loss main 1.546e-09 aux 7.299e-05 (55 s)
    seed 0 epoch 3600/5000: loss main 1.867e-09 aux 7.847e-05 (55 s)
    seed 0 epoch 3610/5000: loss main 3.591e-08 aux 0.0003392 (55 s)
    seed 0 epoch 3620/5000: loss main 1.072e-08 aux 0.0001319 (56 s)
    seed 0 epoch 3630/5000: loss main 8.925e-09 aux 9.105e-05 (56 s)
    seed 0 epoch 3640/5000: loss main 1.667e-09 aux 7.339e-05 (56 s)
    seed 0 epoch 3650/5000: loss main 2.361e-09 aux 7.443e-05 (56 s)
    seed 0 epoch 3660/5000: loss main 1.645e-09 aux 7.32e-05 (56 s)
    seed 0 epoch 3670/5000: loss main 1.551e-09 aux 7.266e-05 (56 s)
    seed 0 epoch 3680/5000: loss main 1.551e-09 aux 7.225e-05 (56 s)
    seed 0 epoch 3690/5000: loss main 1.526e-09 aux 7.205e-05 (57 s)
    seed 0 epoch 3700/5000: loss main 1.514e-09 aux 7.191e-05 (57 s)
    seed 0 epoch 3710/5000: loss main 1.513e-09 aux 7.177e-05 (57 s)
    seed 0 epoch 3720/5000: loss main 1.505e-09 aux 7.164e-05 (57 s)
    seed 0 epoch 3730/5000: loss main 1.5e-09 aux 7.151e-05 (57 s)
    seed 0 epoch 3740/5000: loss main 1.494e-09 aux 7.142e-05 (57 s)
    seed 0 epoch 3750/5000: loss main 2.841e-09 aux 8.11e-05 (58 s)
    seed 0 epoch 3760/5000: loss main 2.64e-07 aux 0.0019 (58 s)
    seed 0 epoch 3770/5000: loss main 1.936e-08 aux 0.0002022 (58 s)
    seed 0 epoch 3780/5000: loss main 5.794e-09 aux 9.526e-05 (58 s)
    seed 0 epoch 3790/5000: loss main 2.254e-09 aux 8.097e-05 (58 s)
    seed 0 epoch 3800/5000: loss main 5.154e-09 aux 8.514e-05 (58 s)
    seed 0 epoch 3810/5000: loss main 2.527e-09 aux 7.704e-05 (58 s)
    seed 0 epoch 3820/5000: loss main 1.742e-09 aux 7.295e-05 (59 s)
    seed 0 epoch 3830/5000: loss main 1.582e-09 aux 7.183e-05 (59 s)
    seed 0 epoch 3840/5000: loss main 1.517e-09 aux 7.147e-05 (59 s)
    seed 0 epoch 3850/5000: loss main 1.52e-09 aux 7.123e-05 (59 s)
    seed 0 epoch 3860/5000: loss main 1.503e-09 aux 7.105e-05 (59 s)
    seed 0 epoch 3870/5000: loss main 1.503e-09 aux 7.088e-05 (59 s)
    seed 0 epoch 3880/5000: loss main 1.493e-09 aux 7.073e-05 (60 s)
    seed 0 epoch 3890/5000: loss main 1.49e-09 aux 7.058e-05 (60 s)
    seed 0 epoch 3900/5000: loss main 1.481e-09 aux 7.044e-05 (60 s)
    seed 0 epoch 3910/5000: loss main 1.478e-09 aux 7.031e-05 (60 s)
    seed 0 epoch 3920/5000: loss main 1.472e-09 aux 7.018e-05 (60 s)
    seed 0 epoch 3930/5000: loss main 1.467e-09 aux 7.005e-05 (60 s)
    seed 0 epoch 3940/5000: loss main 1.463e-09 aux 6.993e-05 (60 s)
    seed 0 epoch 3950/5000: loss main 1.459e-09 aux 6.98e-05 (61 s)
    seed 0 epoch 3960/5000: loss main 1.455e-09 aux 6.968e-05 (61 s)
    seed 0 epoch 3970/5000: loss main 1.451e-09 aux 6.956e-05 (61 s)
    seed 0 epoch 3980/5000: loss main 1.447e-09 aux 6.944e-05 (61 s)
    seed 0 epoch 3990/5000: loss main 1.443e-09 aux 6.932e-05 (61 s)
    seed 0 epoch 4000/5000: loss main 1.44e-09 aux 6.921e-05 (61 s)
    seed 0 epoch 4010/5000: loss main 1.437e-09 aux 6.909e-05 (61 s)
    seed 0 epoch 4020/5000: loss main 1.437e-09 aux 6.899e-05 (62 s)
    seed 0 epoch 4030/5000: loss main 1.565e-09 aux 6.938e-05 (62 s)
    seed 0 epoch 4040/5000: loss main 1.606e-08 aux 0.0001321 (62 s)
    seed 0 epoch 4050/5000: loss main 1.737e-08 aux 0.0001244 (62 s)
    seed 0 epoch 4060/5000: loss main 4.209e-09 aux 8.442e-05 (62 s)
    seed 0 epoch 4070/5000: loss main 3.085e-09 aux 7.692e-05 (62 s)
    seed 0 epoch 4080/5000: loss main 2.605e-09 aux 7.218e-05 (63 s)
    seed 0 epoch 4090/5000: loss main 1.856e-09 aux 6.965e-05 (63 s)
    seed 0 epoch 4100/5000: loss main 1.497e-09 aux 6.864e-05 (63 s)
    seed 0 epoch 4110/5000: loss main 1.429e-09 aux 6.833e-05 (63 s)
    seed 0 epoch 4120/5000: loss main 1.407e-09 aux 6.811e-05 (63 s)
    seed 0 epoch 4130/5000: loss main 1.406e-09 aux 6.794e-05 (63 s)
    seed 0 epoch 4140/5000: loss main 1.4e-09 aux 6.781e-05 (63 s)
    seed 0 epoch 4150/5000: loss main 1.401e-09 aux 6.769e-05 (64 s)
    seed 0 epoch 4160/5000: loss main 1.397e-09 aux 6.758e-05 (64 s)
    seed 0 epoch 4170/5000: loss main 1.395e-09 aux 6.746e-05 (64 s)
    seed 0 epoch 4180/5000: loss main 1.391e-09 aux 6.735e-05 (64 s)
    seed 0 epoch 4190/5000: loss main 1.388e-09 aux 6.724e-05 (64 s)
    seed 0 epoch 4200/5000: loss main 1.387e-09 aux 6.713e-05 (64 s)
    seed 0 epoch 4210/5000: loss main 1.398e-09 aux 6.707e-05 (65 s)
    seed 0 epoch 4220/5000: loss main 1.956e-09 aux 7.513e-05 (65 s)
    seed 0 epoch 4230/5000: loss main 1.284e-08 aux 0.0001369 (65 s)
    seed 0 epoch 4240/5000: loss main 6.003e-09 aux 7.583e-05 (65 s)
    seed 0 epoch 4250/5000: loss main 2.414e-09 aux 7.064e-05 (65 s)
    seed 0 epoch 4260/5000: loss main 3.269e-09 aux 6.975e-05 (65 s)
    seed 0 epoch 4270/5000: loss main 1.497e-09 aux 6.777e-05 (65 s)
    seed 0 epoch 4280/5000: loss main 1.419e-09 aux 6.678e-05 (66 s)
    seed 0 epoch 4290/5000: loss main 1.37e-09 aux 6.638e-05 (66 s)
    seed 0 epoch 4300/5000: loss main 1.371e-09 aux 6.622e-05 (66 s)
    seed 0 epoch 4310/5000: loss main 1.37e-09 aux 6.61e-05 (66 s)
    seed 0 epoch 4320/5000: loss main 1.362e-09 aux 6.597e-05 (66 s)
    seed 0 epoch 4330/5000: loss main 1.36e-09 aux 6.587e-05 (66 s)
    seed 0 epoch 4340/5000: loss main 1.421e-09 aux 6.605e-05 (67 s)
    seed 0 epoch 4350/5000: loss main 4.813e-09 aux 8.519e-05 (67 s)
    seed 0 epoch 4360/5000: loss main 1.52e-07 aux 0.0007394 (67 s)
    seed 0 epoch 4370/5000: loss main 2.426e-08 aux 0.0001656 (67 s)
    seed 0 epoch 4380/5000: loss main 1.369e-08 aux 0.0001174 (67 s)
    seed 0 epoch 4390/5000: loss main 2.241e-09 aux 7.128e-05 (67 s)
    seed 0 epoch 4400/5000: loss main 1.465e-09 aux 6.702e-05 (67 s)
    seed 0 epoch 4410/5000: loss main 1.756e-09 aux 6.755e-05 (68 s)
    seed 0 epoch 4420/5000: loss main 1.544e-09 aux 6.611e-05 (68 s)
    seed 0 epoch 4430/5000: loss main 1.347e-09 aux 6.54e-05 (68 s)
    seed 0 epoch 4440/5000: loss main 1.34e-09 aux 6.513e-05 (68 s)
    seed 0 epoch 4450/5000: loss main 1.337e-09 aux 6.498e-05 (68 s)
    seed 0 epoch 4460/5000: loss main 1.334e-09 aux 6.485e-05 (68 s)
    seed 0 epoch 4470/5000: loss main 1.331e-09 aux 6.473e-05 (68 s)
    seed 0 epoch 4480/5000: loss main 1.328e-09 aux 6.461e-05 (69 s)
    seed 0 epoch 4490/5000: loss main 1.335e-09 aux 6.456e-05 (69 s)
    seed 0 epoch 4500/5000: loss main 2.172e-09 aux 7.006e-05 (69 s)
    seed 0 epoch 4510/5000: loss main 3.226e-08 aux 0.0002835 (69 s)
    seed 0 epoch 4520/5000: loss main 2.138e-09 aux 7.232e-05 (69 s)
    seed 0 epoch 4530/5000: loss main 1.785e-09 aux 7.221e-05 (69 s)
    seed 0 epoch 4540/5000: loss main 1.695e-09 aux 6.804e-05 (70 s)
    seed 0 epoch 4550/5000: loss main 1.443e-09 aux 6.621e-05 (70 s)
    seed 0 epoch 4560/5000: loss main 1.373e-09 aux 6.461e-05 (70 s)
    seed 0 epoch 4570/5000: loss main 1.333e-09 aux 6.381e-05 (70 s)
    seed 0 epoch 4580/5000: loss main 1.313e-09 aux 6.367e-05 (70 s)
    seed 0 epoch 4590/5000: loss main 1.315e-09 aux 6.353e-05 (70 s)
    seed 0 epoch 4600/5000: loss main 1.3e-09 aux 6.339e-05 (71 s)
    seed 0 epoch 4610/5000: loss main 1.299e-09 aux 6.327e-05 (71 s)
    seed 0 epoch 4620/5000: loss main 1.296e-09 aux 6.316e-05 (71 s)
    seed 0 epoch 4630/5000: loss main 1.293e-09 aux 6.304e-05 (71 s)
    seed 0 epoch 4640/5000: loss main 1.29e-09 aux 6.293e-05 (71 s)
    seed 0 epoch 4650/5000: loss main 1.287e-09 aux 6.282e-05 (71 s)
    seed 0 epoch 4660/5000: loss main 1.284e-09 aux 6.271e-05 (71 s)
    seed 0 epoch 4670/5000: loss main 1.282e-09 aux 6.26e-05 (72 s)
    seed 0 epoch 4680/5000: loss main 1.279e-09 aux 6.249e-05 (72 s)
    seed 0 epoch 4690/5000: loss main 1.276e-09 aux 6.237e-05 (72 s)
    seed 0 epoch 4700/5000: loss main 1.271e-09 aux 6.228e-05 (72 s)
    seed 0 epoch 4710/5000: loss main 2.003e-09 aux 6.766e-05 (72 s)
    seed 0 epoch 4720/5000: loss main 1.954e-07 aux 0.001473 (72 s)
    seed 0 epoch 4730/5000: loss main 4.573e-08 aux 0.0002374 (73 s)
    seed 0 epoch 4740/5000: loss main 1.563e-08 aux 9.873e-05 (73 s)
    seed 0 epoch 4750/5000: loss main 1.869e-09 aux 6.732e-05 (73 s)
    seed 0 epoch 4760/5000: loss main 2.15e-09 aux 7.385e-05 (73 s)
    seed 0 epoch 4770/5000: loss main 1.385e-09 aux 6.496e-05 (73 s)
    seed 0 epoch 4780/5000: loss main 1.532e-09 aux 6.335e-05 (73 s)
    seed 0 epoch 4790/5000: loss main 1.273e-09 aux 6.259e-05 (73 s)
    seed 0 epoch 4800/5000: loss main 1.279e-09 aux 6.226e-05 (74 s)
    seed 0 epoch 4810/5000: loss main 1.312e-09 aux 6.209e-05 (74 s)
    seed 0 epoch 4820/5000: loss main 1.264e-09 aux 6.191e-05 (74 s)
    seed 0 epoch 4830/5000: loss main 1.272e-09 aux 6.176e-05 (74 s)
    seed 0 epoch 4840/5000: loss main 1.263e-09 aux 6.163e-05 (74 s)
    seed 0 epoch 4850/5000: loss main 1.261e-09 aux 6.15e-05 (74 s)
    seed 0 epoch 4860/5000: loss main 1.258e-09 aux 6.138e-05 (75 s)
    seed 0 epoch 4870/5000: loss main 1.254e-09 aux 6.127e-05 (75 s)
    seed 0 epoch 4880/5000: loss main 1.252e-09 aux 6.116e-05 (75 s)
    seed 0 epoch 4890/5000: loss main 1.249e-09 aux 6.105e-05 (75 s)
    seed 0 epoch 4900/5000: loss main 1.247e-09 aux 6.094e-05 (75 s)
    seed 0 epoch 4910/5000: loss main 1.244e-09 aux 6.083e-05 (75 s)
    seed 0 epoch 4920/5000: loss main 1.244e-09 aux 6.074e-05 (75 s)
    seed 0 epoch 4930/5000: loss main 1.337e-09 aux 6.13e-05 (76 s)
    seed 0 epoch 4940/5000: loss main 1.11e-08 aux 0.0001357 (76 s)
    seed 0 epoch 4950/5000: loss main 1.169e-08 aux 0.000131 (76 s)
    seed 0 epoch 4960/5000: loss main 1.752e-09 aux 6.707e-05 (76 s)
    seed 0 epoch 4970/5000: loss main 1.398e-09 aux 6.21e-05 (76 s)
    seed 0 epoch 4980/5000: loss main 1.269e-09 aux 6.089e-05 (76 s)
    seed 0 epoch 4990/5000: loss main 1.236e-09 aux 6.028e-05 (76 s)
    seed 0 epoch 5000/5000: loss main 1.23e-09 aux 6.005e-05 (77 s)
  n=1 seed 0 (a): ring couplings 0.05 vs zero 3.30 (ratio 0.02) | corrected ω 0.21 (zero 25.01) | ΔH residual ratio 0.007
  n=1 seed 0 (b): ring couplings 0.05 vs zero 3.30 (ratio 0.02) | corrected ω 0.21 (zero 25.01) | ΔH residual ratio 0.007
wrote out/E7_rungC_lever1_overfit_benzene_2026-10-01.json/.md in 103 s
=== lever 1 overfit benzene (pattern d) done Thu Oct  1 07:13:55 WEDT 2026
analytic second-route Hessians substituted for 27 molecules
799 molecules; pool 176; hold-out (a) 10, (b) 39 (['fluoranthene', 'fluorene']); sizes [175]; seeds [0, 1, 2]; epochs 200; threads 8; model 171,554 parameters, sum aggregation
  rung B's 66 pair features added to the hybrid head (standardised on the fit molecules)
  hybrid head: 303,618 parameters; F_low input scales 0.0361, 0.252, 0.0982; SQM α per class on
  fresh sum body pre-flight: worst |output| 27.8 on the training molecules
  internal term on the pair model's pattern; class scales diag_bond 0.0117, diag_angle 0.00862, diag_dihedral 0.00117, diag_other 0.00383, off_bondbond 0.00415, off_other 0.00117, off_twobond 0.00117
    seed 0 epoch 1/200: loss main 2.154e-06 aux 0.2676 val 0.2136 (5 s)
    seed 0 epoch 10/200: loss main 1.246e-06 aux 0.1402 val 0.1177 (46 s)
    seed 0 epoch 20/200: loss main 7.979e-07 aux 0.08634 val 0.09028 (88 s)
    seed 0 epoch 30/200: loss main 6.378e-07 aux 0.072 val 0.07587 (130 s)
    seed 0 epoch 40/200: loss main 5.262e-07 aux 0.05189 val 0.07089 (173 s)
    seed 0 epoch 50/200: loss main 4.295e-07 aux 0.04275 val 0.06886 (215 s)
    seed 0 epoch 60/200: loss main 4.155e-07 aux 0.03881 val 0.06627 (259 s)
    seed 0 epoch 70/200: loss main 3.622e-07 aux 0.03097 val 0.06449 (301 s)
    seed 0 epoch 80/200: loss main 3.515e-07 aux 0.02698 val 0.06244 (348 s)
    seed 0 epoch 90/200: loss main 3.186e-07 aux 0.02405 val 0.06081 (393 s)
    seed 0 epoch 100/200: loss main 3.119e-07 aux 0.02003 val 0.05875 (435 s)
    seed 0 epoch 110/200: loss main 3.104e-07 aux 0.01949 val 0.05863 (478 s)
    seed 0: early stop at epoch 117, best inner val 0.05651 at epoch 97
  n=175 seed 0: inner validation internal term 0.05651 on 26 molecules (fit on 149)
  n=175 seed 0 (a): ring couplings 1.50 vs zero 3.76 (ratio 0.40) | corrected ω 4.22 (zero 23.27) | ΔH residual ratio 0.228
  n=175 seed 0 (b): ring couplings 1.87 vs zero 3.74 (ratio 0.50) | corrected ω 5.70 (zero 23.09) | ΔH residual ratio 0.329
  rung B's 66 pair features added to the hybrid head (standardised on the fit molecules)
  hybrid head: 303,618 parameters; F_low input scales 0.0361, 0.252, 0.0981; SQM α per class on
  fresh sum body pre-flight: worst |output| 18.9 on the training molecules
  internal term on the pair model's pattern; class scales diag_bond 0.0116, diag_angle 0.00841, diag_dihedral 0.00116, diag_other 0.00377, off_bondbond 0.00418, off_other 0.00116, off_twobond 0.00116
    seed 1 epoch 1/200: loss main 2.122e-06 aux 0.238 val 0.3885 (4 s)
    seed 1 epoch 10/200: loss main 1.021e-06 aux 0.1224 val 0.2534 (42 s)
    seed 1 epoch 20/200: loss main 7.761e-07 aux 0.07632 val 0.2202 (87 s)
    seed 1 epoch 30/200: loss main 5.53e-07 aux 0.05723 val 0.2115 (135 s)
    seed 1 epoch 40/200: loss main 4.64e-07 aux 0.04316 val 0.2138 (178 s)
    seed 1 epoch 50/200: loss main 4.327e-07 aux 0.03689 val 0.2225 (221 s)
    seed 1: early stop at epoch 50, best inner val 0.2115 at epoch 30
  n=175 seed 1: inner validation internal term 0.2115 on 26 molecules (fit on 149)
  n=175 seed 1 (a): ring couplings 1.57 vs zero 3.76 (ratio 0.42) | corrected ω 5.83 (zero 23.27) | ΔH residual ratio 0.264
  n=175 seed 1 (b): ring couplings 1.83 vs zero 3.74 (ratio 0.49) | corrected ω 6.57 (zero 23.09) | ΔH residual ratio 0.340
  rung B's 66 pair features added to the hybrid head (standardised on the fit molecules)
  hybrid head: 303,618 parameters; F_low input scales 0.036, 0.252, 0.0982; SQM α per class on
  fresh sum body pre-flight: worst |output| 26.8 on the training molecules
  internal term on the pair model's pattern; class scales diag_bond 0.0116, diag_angle 0.00879, diag_dihedral 0.00116, diag_other 0.00356, off_bondbond 0.00418, off_other 0.00116, off_twobond 0.00116
    seed 2 epoch 1/200: loss main 2.261e-06 aux 0.2726 val 0.2052 (4 s)
    seed 2 epoch 10/200: loss main 1.41e-06 aux 0.1413 val 0.1404 (44 s)
    seed 2 epoch 20/200: loss main 1.04e-06 aux 0.09201 val 0.1044 (88 s)
    seed 2 epoch 30/200: loss main 6.251e-07 aux 0.06932 val 0.08541 (136 s)
    seed 2 epoch 40/200: loss main 5.029e-07 aux 0.04999 val 0.08745 (180 s)
    seed 2 epoch 50/200: loss main 4.668e-07 aux 0.04177 val 0.07405 (223 s)
    seed 2 epoch 60/200: loss main 4.514e-07 aux 0.04089 val 0.07273 (267 s)
    seed 2 epoch 70/200: loss main 4.038e-07 aux 0.03228 val 0.07358 (313 s)
    seed 2 epoch 80/200: loss main 4.153e-07 aux 0.02818 val 0.07082 (362 s)
    seed 2 epoch 90/200: loss main 3.713e-07 aux 0.02822 val 0.07594 (408 s)
    seed 2 epoch 100/200: loss main 3.455e-07 aux 0.02454 val 0.07139 (451 s)
    seed 2 epoch 110/200: loss main 3.279e-07 aux 0.02297 val 0.0694 (494 s)
    seed 2 epoch 120/200: loss main 3.457e-07 aux 0.02154 val 0.06757 (539 s)
    seed 2 epoch 130/200: loss main 2.956e-07 aux 0.01708 val 0.06804 (585 s)
    seed 2 epoch 140/200: loss main 2.927e-07 aux 0.01622 val 0.06482 (634 s)
    seed 2 epoch 150/200: loss main 2.897e-07 aux 0.01526 val 0.06945 (684 s)
    seed 2 epoch 160/200: loss main 2.781e-07 aux 0.01419 val 0.06695 (735 s)
    seed 2: early stop at epoch 160, best inner val 0.06482 at epoch 140
  n=175 seed 2: inner validation internal term 0.06482 on 26 molecules (fit on 149)
  n=175 seed 2 (a): ring couplings 1.47 vs zero 3.76 (ratio 0.39) | corrected ω 4.06 (zero 23.27) | ΔH residual ratio 0.230
  n=175 seed 2 (b): ring couplings 1.89 vs zero 3.74 (ratio 0.51) | corrected ω 5.36 (zero 23.09) | ΔH residual ratio 0.337
wrote out/E7_rungC_lever1_d_175_2026-10-01.json/.md in 1537 s
=== lever 1 pattern d (175) done Thu Oct  1 07:39:36 WEDT 2026
analytic second-route Hessians substituted for 27 molecules
799 molecules; pool 750; hold-out (a) 10, (b) 39 (['fluoranthene', 'fluorene']); sizes [750]; seeds [0, 1, 2]; epochs 200; threads 8; model 171,554 parameters, sum aggregation
  rung B's 66 pair features added to the hybrid head (standardised on the fit molecules)
  hybrid head: 303,618 parameters; F_low input scales 0.0408, 0.271, 0.112; SQM α per class on
  fresh sum body pre-flight: worst |output| 27.8 on the training molecules
  internal term on the pair model's pattern; class scales diag_bond 0.012, diag_angle 0.0126, diag_dihedral 0.00126, diag_other 0.00453, off_bondbond 0.00409, off_other 0.00126, off_twobond 0.00126
    seed 0 epoch 1/200: loss main 2.059e-06 aux 0.4266 val 0.4822 (17 s)
    seed 0 epoch 10/200: loss main 6.769e-07 aux 0.1222 val 0.1656 (162 s)
    seed 0 epoch 20/200: loss main 4.944e-07 aux 0.0742 val 0.1362 (331 s)
    seed 0 epoch 30/200: loss main 3.998e-07 aux 0.0563 val 0.1291 (496 s)
    seed 0 epoch 40/200: loss main 3.694e-07 aux 0.04503 val 0.1185 (660 s)
    seed 0 epoch 50/200: loss main 3.265e-07 aux 0.03627 val 0.1257 (823 s)
    seed 0 epoch 60/200: loss main 3.109e-07 aux 0.03139 val 0.1134 (990 s)
    seed 0: early stop at epoch 62, best inner val 0.1111 at epoch 42
  n=750 seed 0: inner validation internal term 0.1111 on 112 molecules (fit on 638)
  n=750 seed 0 (a): ring couplings 1.44 vs zero 3.76 (ratio 0.38) | corrected ω 4.18 (zero 23.27) | ΔH residual ratio 0.231
  n=750 seed 0 (b): ring couplings 1.62 vs zero 3.74 (ratio 0.43) | corrected ω 4.42 (zero 23.09) | ΔH residual ratio 0.297
  rung B's 66 pair features added to the hybrid head (standardised on the fit molecules)
  hybrid head: 303,618 parameters; F_low input scales 0.0408, 0.271, 0.112; SQM α per class on
  fresh sum body pre-flight: worst |output| 18.2 on the training molecules
  internal term on the pair model's pattern; class scales diag_bond 0.012, diag_angle 0.0125, diag_dihedral 0.00125, diag_other 0.00461, off_bondbond 0.00413, off_other 0.00125, off_twobond 0.00125
    seed 1 epoch 1/200: loss main 2.091e-06 aux 0.4302 val 0.4397 (17 s)
    seed 1 epoch 10/200: loss main 6.84e-07 aux 0.1389 val 0.1768 (165 s)
    seed 1 epoch 20/200: loss main 5.419e-07 aux 0.08307 val 0.1203 (338 s)
    seed 1 epoch 30/200: loss main 4.366e-07 aux 0.06083 val 0.109 (540 s)
    seed 1 epoch 40/200: loss main 3.883e-07 aux 0.04671 val 0.1022 (741 s)
    seed 1 epoch 50/200: loss main 4.009e-07 aux 0.03952 val 0.1016 (913 s)
    seed 1 epoch 60/200: loss main 3.434e-07 aux 0.03467 val 0.09757 (1068 s)
    seed 1 epoch 70/200: loss main 3.301e-07 aux 0.03046 val 0.09772 (1251 s)
    seed 1 epoch 80/200: loss main 3.096e-07 aux 0.02564 val 0.1011 (1417 s)
    seed 1 epoch 90/200: loss main 3.066e-07 aux 0.02467 val 0.1002 (1579 s)
    seed 1: early stop at epoch 95, best inner val 0.09403 at epoch 75
  n=750 seed 1: inner validation internal term 0.09403 on 112 molecules (fit on 638)
  n=750 seed 1 (a): ring couplings 1.35 vs zero 3.76 (ratio 0.36) | corrected ω 4.00 (zero 23.27) | ΔH residual ratio 0.212
  n=750 seed 1 (b): ring couplings 1.60 vs zero 3.74 (ratio 0.43) | corrected ω 4.68 (zero 23.09) | ΔH residual ratio 0.288
  rung B's 66 pair features added to the hybrid head (standardised on the fit molecules)
  hybrid head: 303,618 parameters; F_low input scales 0.0409, 0.272, 0.112; SQM α per class on
  fresh sum body pre-flight: worst |output| 26.8 on the training molecules
  internal term on the pair model's pattern; class scales diag_bond 0.012, diag_angle 0.0126, diag_dihedral 0.00126, diag_other 0.00457, off_bondbond 0.0041, off_other 0.00126, off_twobond 0.00126
    seed 2 epoch 1/200: loss main 2.188e-06 aux 0.4363 val 0.3964 (16 s)
    seed 2 epoch 10/200: loss main 7.202e-07 aux 0.134 val 0.1652 (176 s)
    seed 2 epoch 20/200: loss main 4.807e-07 aux 0.08007 val 0.1339 (337 s)
    seed 2 epoch 30/200: loss main 4.205e-07 aux 0.06039 val 0.1146 (497 s)
    seed 2 epoch 40/200: loss main 3.624e-07 aux 0.04677 val 0.1028 (670 s)
    seed 2 epoch 50/200: loss main 3.441e-07 aux 0.03846 val 0.1026 (849 s)
    seed 2 epoch 60/200: loss main 3.14e-07 aux 0.03142 val 0.1014 (1022 s)
    seed 2 epoch 70/200: loss main 3.011e-07 aux 0.02799 val 0.09946 (1213 s)
    seed 2 epoch 80/200: loss main 2.899e-07 aux 0.02567 val 0.0996 (1392 s)
    seed 2 epoch 90/200: loss main 2.741e-07 aux 0.02312 val 0.09757 (1570 s)
    seed 2 epoch 100/200: loss main 2.73e-07 aux 0.02189 val 0.09691 (1751 s)
    seed 2 epoch 110/200: loss main 2.657e-07 aux 0.0204 val 0.09179 (1930 s)
    seed 2 epoch 120/200: loss main 2.571e-07 aux 0.01913 val 0.09696 (2109 s)
    seed 2 epoch 130/200: loss main 2.45e-07 aux 0.01704 val 0.09382 (2287 s)
    seed 2: early stop at epoch 130, best inner val 0.09179 at epoch 110
  n=750 seed 2: inner validation internal term 0.09179 on 112 molecules (fit on 638)
  n=750 seed 2 (a): ring couplings 1.35 vs zero 3.76 (ratio 0.36) | corrected ω 3.82 (zero 23.27) | ΔH residual ratio 0.206
  n=750 seed 2 (b): ring couplings 1.57 vs zero 3.74 (ratio 0.42) | corrected ω 4.32 (zero 23.09) | ΔH residual ratio 0.279
wrote out/E7_rungC_lever1_d_750_2026-10-01.json/.md in 5147 s
=== lever 1 pattern d (750) done Thu Oct  1 09:05:26 WEDT 2026
=== lever 1 finished Thu Oct  1 09:05:26 WEDT 2026
