=== chain 12 start Thu Oct  1 15:06:53 WEDT 2026
analytic second-route Hessians substituted for 27 molecules
=== chain 12 stopped 15:0x by pid before its first cell finished: chain 10 (pattern f + ridge at 750) goes first; chain 12 re-queued behind it
=== chain 12 start Fri Oct  2 02:55:00 WEDT 2026
analytic second-route Hessians substituted for 27 molecules
799 molecules; pool 176; hold-out (a) 10, (b) 39 (['fluoranthene', 'fluorene']); sizes [175]; seeds [0, 1, 2]; epochs 200; threads 8; model 171,554 parameters, sum aggregation
  rung B's 66 pair features added to the hybrid head (standardised on the fit molecules)
  hybrid head: 303,636 parameters; F_low input scales 0.0361, 0.252, 0.0982; SQM α per class on
  fresh sum body pre-flight: worst |output| 27.8 on the training molecules
  internal term on the pair model's pattern; class scales diag_bond 0.1, diag_angle 0.1, diag_dihedral 0.1, diag_other 0.1, off_bondbond 0.1, off_other 0.1, off_twobond 0.1, off_dist2 1, off_dist3 1
    seed 0 epoch 1/200: loss main 1.463e-05 aux 0.0002531 val 5.59e-05 (6 s)
    seed 0 epoch 10/200: loss main 8.053e-07 aux 4.143e-05 val 4.005e-05 (68 s)
    seed 0 epoch 20/200: loss main 6.717e-07 aux 3.366e-05 val 3.363e-05 (131 s)
    seed 0 epoch 30/200: loss main 6.184e-07 aux 2.949e-05 val 3.077e-05 (196 s)
    seed 0 epoch 40/200: loss main 6.34e-07 aux 2.66e-05 val 2.985e-05 (254 s)
    seed 0 epoch 50/200: loss main 4.746e-07 aux 2.273e-05 val 2.779e-05 (300 s)
    seed 0 epoch 60/200: loss main 6.16e-07 aux 2.356e-05 val 2.394e-05 (345 s)
    seed 0 epoch 70/200: loss main 6.021e-07 aux 2.669e-05 val 2.228e-05 (389 s)
    seed 0 epoch 80/200: loss main 4.277e-07 aux 1.665e-05 val 2.092e-05 (433 s)
    seed 0 epoch 90/200: loss main 3.48e-07 aux 1.353e-05 val 2.018e-05 (477 s)
    seed 0 epoch 100/200: loss main 3.271e-07 aux 1.234e-05 val 1.796e-05 (521 s)
    seed 0 epoch 110/200: loss main 3.434e-07 aux 1.284e-05 val 1.972e-05 (565 s)
    seed 0 epoch 120/200: loss main 3.312e-07 aux 1.233e-05 val 1.734e-05 (612 s)
    seed 0 epoch 130/200: loss main 2.823e-07 aux 8.904e-06 val 1.682e-05 (661 s)
    seed 0 epoch 140/200: loss main 2.523e-07 aux 7.748e-06 val 1.597e-05 (716 s)
    seed 0 epoch 150/200: loss main 2.474e-07 aux 7.213e-06 val 1.527e-05 (779 s)
    seed 0 epoch 160/200: loss main 2.439e-07 aux 6.962e-06 val 1.701e-05 (842 s)
    seed 0 epoch 170/200: loss main 2.395e-07 aux 6.744e-06 val 1.535e-05 (906 s)
    seed 0 epoch 180/200: loss main 2.178e-07 aux 5.665e-06 val 1.559e-05 (971 s)
    seed 0 epoch 190/200: loss main 2.215e-07 aux 6.365e-06 val 1.659e-05 (1036 s)
    seed 0: early stop at epoch 195, best inner val 1.462e-05 at epoch 175
  n=175 seed 0: inner validation internal term 1.462e-05 on 26 molecules (fit on 149)
  n=175 seed 0 (a): ring couplings 1.33 vs zero 3.76 (ratio 0.35) | corrected ω 4.82 (zero 23.27) | ΔH residual ratio 0.223
  n=175 seed 0 (b): ring couplings 1.47 vs zero 3.74 (ratio 0.39) | corrected ω 5.59 (zero 23.09) | ΔH residual ratio 0.282
  rung B's 66 pair features added to the hybrid head (standardised on the fit molecules)
  hybrid head: 303,636 parameters; F_low input scales 0.0361, 0.252, 0.0981; SQM α per class on
  fresh sum body pre-flight: worst |output| 18.9 on the training molecules
  internal term on the pair model's pattern; class scales diag_bond 0.1, diag_angle 0.1, diag_dihedral 0.1, diag_other 0.1, off_bondbond 0.1, off_other 0.1, off_twobond 0.1, off_dist2 1, off_dist3 1
    seed 1 epoch 1/200: loss main 1.175e-05 aux 0.0002104 val 7.421e-05 (7 s)
    seed 1 epoch 10/200: loss main 9.087e-07 aux 3.763e-05 val 5.718e-05 (66 s)
    seed 1 epoch 20/200: loss main 7.136e-07 aux 3.039e-05 val 4.96e-05 (134 s)
    seed 1 epoch 30/200: loss main 6.46e-07 aux 2.659e-05 val 4.387e-05 (201 s)
    seed 1 epoch 40/200: loss main 6.318e-07 aux 2.394e-05 val 4.367e-05 (268 s)
    seed 1 epoch 50/200: loss main 5.079e-07 aux 1.972e-05 val 4.24e-05 (336 s)
    seed 1 epoch 60/200: loss main 4.828e-07 aux 1.732e-05 val 4.282e-05 (404 s)
    seed 1 epoch 70/200: loss main 4.89e-07 aux 1.602e-05 val 3.697e-05 (473 s)
    seed 1 epoch 80/200: loss main 4.075e-07 aux 1.32e-05 val 3.949e-05 (540 s)
    seed 1 epoch 90/200: loss main 3.608e-07 aux 1.179e-05 val 3.847e-05 (607 s)
    seed 1 epoch 100/200: loss main 3.549e-07 aux 1.138e-05 val 3.158e-05 (675 s)
    seed 1 epoch 110/200: loss main 3.02e-07 aux 9.751e-06 val 3.076e-05 (742 s)
    seed 1 epoch 120/200: loss main 2.796e-07 aux 8.186e-06 val 3.06e-05 (809 s)
    seed 1 epoch 130/200: loss main 2.745e-07 aux 7.892e-06 val 2.927e-05 (876 s)
    seed 1 epoch 140/200: loss main 2.56e-07 aux 7.32e-06 val 2.992e-05 (943 s)
    seed 1 epoch 150/200: loss main 2.465e-07 aux 6.281e-06 val 2.75e-05 (1011 s)
    seed 1 epoch 160/200: loss main 2.489e-07 aux 6.474e-06 val 2.752e-05 (1078 s)
    seed 1 epoch 170/200: loss main 2.387e-07 aux 5.83e-06 val 2.611e-05 (1145 s)
    seed 1 epoch 180/200: loss main 2.156e-07 aux 4.792e-06 val 2.554e-05 (1212 s)
    seed 1 epoch 190/200: loss main 2.195e-07 aux 4.749e-06 val 2.639e-05 (1280 s)
    seed 1 epoch 200/200: loss main 2.209e-07 aux 4.609e-06 val 2.71e-05 (1347 s)
  n=175 seed 1: inner validation internal term 2.498e-05 on 26 molecules (fit on 149)
  n=175 seed 1 (a): ring couplings 1.34 vs zero 3.76 (ratio 0.36) | corrected ω 3.82 (zero 23.27) | ΔH residual ratio 0.202
  n=175 seed 1 (b): ring couplings 1.50 vs zero 3.74 (ratio 0.40) | corrected ω 4.52 (zero 23.09) | ΔH residual ratio 0.264
  rung B's 66 pair features added to the hybrid head (standardised on the fit molecules)
  hybrid head: 303,636 parameters; F_low input scales 0.036, 0.252, 0.0982; SQM α per class on
  fresh sum body pre-flight: worst |output| 26.8 on the training molecules
  internal term on the pair model's pattern; class scales diag_bond 0.1, diag_angle 0.1, diag_dihedral 0.1, diag_other 0.1, off_bondbond 0.1, off_other 0.1, off_twobond 0.1, off_dist2 1, off_dist3 1
    seed 2 epoch 1/200: loss main 2.248e-05 aux 0.000382 val 4.924e-05 (7 s)
    seed 2 epoch 10/200: loss main 8.511e-07 aux 4.236e-05 val 3.773e-05 (67 s)
    seed 2 epoch 20/200: loss main 8.311e-07 aux 3.615e-05 val 4.036e-05 (134 s)
    seed 2 epoch 30/200: loss main 7.171e-07 aux 3.091e-05 val 2.797e-05 (200 s)
    seed 2 epoch 40/200: loss main 6.035e-07 aux 2.637e-05 val 3.317e-05 (267 s)
    seed 2 epoch 50/200: loss main 5.741e-07 aux 2.384e-05 val 2.562e-05 (334 s)
    seed 2 epoch 60/200: loss main 5.219e-07 aux 2.274e-05 val 2.389e-05 (400 s)
    seed 2 epoch 70/200: loss main 5.299e-07 aux 2.054e-05 val 2.525e-05 (467 s)
    seed 2 epoch 80/200: loss main 6.731e-07 aux 2.117e-05 val 2.07e-05 (534 s)
    seed 2 epoch 90/200: loss main 4.551e-07 aux 1.738e-05 val 1.823e-05 (608 s)
    seed 2 epoch 100/200: loss main 3.718e-07 aux 1.489e-05 val 1.718e-05 (675 s)
    seed 2 epoch 110/200: loss main 3.933e-07 aux 1.302e-05 val 1.627e-05 (744 s)
    seed 2 epoch 120/200: loss main 3.748e-07 aux 1.18e-05 val 1.545e-05 (812 s)
    seed 2 epoch 130/200: loss main 3.179e-07 aux 1.004e-05 val 1.469e-05 (880 s)
    seed 2 epoch 140/200: loss main 2.679e-07 aux 8.242e-06 val 1.49e-05 (951 s)
    seed 2 epoch 150/200: loss main 2.73e-07 aux 8.208e-06 val 1.528e-05 (1017 s)
    seed 2 epoch 160/200: loss main 2.619e-07 aux 7.743e-06 val 1.421e-05 (1083 s)
    seed 2 epoch 170/200: loss main 2.407e-07 aux 6.117e-06 val 1.323e-05 (1150 s)
    seed 2 epoch 180/200: loss main 2.352e-07 aux 5.756e-06 val 1.294e-05 (1217 s)
    seed 2 epoch 190/200: loss main 2.25e-07 aux 5.5e-06 val 1.345e-05 (1284 s)
    seed 2 epoch 200/200: loss main 2.157e-07 aux 4.747e-06 val 1.329e-05 (1351 s)
  n=175 seed 2: inner validation internal term 1.263e-05 on 26 molecules (fit on 149)
  n=175 seed 2 (a): ring couplings 1.30 vs zero 3.76 (ratio 0.35) | corrected ω 3.44 (zero 23.27) | ΔH residual ratio 0.202
  n=175 seed 2 (b): ring couplings 1.60 vs zero 3.74 (ratio 0.43) | corrected ω 5.09 (zero 23.09) | ΔH residual ratio 0.293
wrote out/E7_rungC_lever4_lam1e-1_175_2026-10-01.json/.md in 4128 s
=== chain 12 cell lam1e-1 done Fri Oct  2 04:03:53 WEDT 2026
analytic second-route Hessians substituted for 27 molecules
799 molecules; pool 176; hold-out (a) 10, (b) 39 (['fluoranthene', 'fluorene']); sizes [175]; seeds [0, 1, 2]; epochs 200; threads 8; model 171,554 parameters, sum aggregation
  rung B's 66 pair features added to the hybrid head (standardised on the fit molecules)
  hybrid head: 303,636 parameters; F_low input scales 0.0361, 0.252, 0.0982; SQM α per class on
  fresh sum body pre-flight: worst |output| 27.8 on the training molecules
  internal term on the pair model's pattern; class scales diag_bond 0.1, diag_angle 0.1, diag_dihedral 0.1, diag_other 0.1, off_bondbond 0.1, off_other 0.1, off_twobond 0.1, off_dist2 1, off_dist3 1
    seed 0 epoch 1/200: loss main 1.464e-05 aux 0.0002674 val 7.059e-05 (4 s)
    seed 0 epoch 10/200: loss main 7.992e-07 aux 5.567e-05 val 5.514e-05 (45 s)
    seed 0 epoch 20/200: loss main 6.822e-07 aux 4.829e-05 val 4.896e-05 (91 s)
    seed 0 epoch 30/200: loss main 5.816e-07 aux 4.317e-05 val 4.563e-05 (134 s)
    seed 0 epoch 40/200: loss main 6.479e-07 aux 4.077e-05 val 4.321e-05 (179 s)
    seed 0 epoch 50/200: loss main 4.788e-07 aux 3.641e-05 val 4.226e-05 (225 s)
    seed 0 epoch 60/200: loss main 1.727e-06 aux 5.622e-05 val 4.068e-05 (271 s)
    seed 0 epoch 70/200: loss main 4.188e-07 aux 3.109e-05 val 3.481e-05 (319 s)
    seed 0 epoch 80/200: loss main 4.367e-07 aux 2.979e-05 val 3.449e-05 (368 s)
    seed 0 epoch 90/200: loss main 3.558e-07 aux 2.612e-05 val 3.295e-05 (423 s)
    seed 0 epoch 100/200: loss main 3.529e-07 aux 2.497e-05 val 3.217e-05 (484 s)
    seed 0 epoch 110/200: loss main 3.381e-07 aux 2.488e-05 val 3.398e-05 (547 s)
    seed 0 epoch 120/200: loss main 3.267e-07 aux 2.278e-05 val 3.084e-05 (609 s)
    seed 0 epoch 130/200: loss main 2.604e-07 aux 2.019e-05 val 2.95e-05 (673 s)
    seed 0 epoch 140/200: loss main 2.614e-07 aux 1.904e-05 val 2.905e-05 (738 s)
    seed 0 epoch 150/200: loss main 2.597e-07 aux 1.816e-05 val 2.793e-05 (804 s)
    seed 0 epoch 160/200: loss main 2.587e-07 aux 1.729e-05 val 2.946e-05 (870 s)
    seed 0 epoch 170/200: loss main 2.844e-07 aux 1.762e-05 val 2.754e-05 (937 s)
    seed 0 epoch 180/200: loss main 2.489e-07 aux 1.543e-05 val 2.772e-05 (1004 s)
    seed 0 epoch 190/200: loss main 2.541e-07 aux 1.485e-05 val 2.767e-05 (1070 s)
    seed 0 epoch 200/200: loss main 2.65e-07 aux 1.566e-05 val 2.774e-05 (1137 s)
  n=175 seed 0: inner validation internal term 2.698e-05 on 26 molecules (fit on 149)
  n=175 seed 0 (a): ring couplings 1.52 vs zero 3.76 (ratio 0.40) | corrected ω 3.75 (zero 23.27) | ΔH residual ratio 0.223
  n=175 seed 0 (b): ring couplings 1.70 vs zero 3.74 (ratio 0.46) | corrected ω 4.70 (zero 23.09) | ΔH residual ratio 0.294
  rung B's 66 pair features added to the hybrid head (standardised on the fit molecules)
  hybrid head: 303,636 parameters; F_low input scales 0.0361, 0.252, 0.0981; SQM α per class on
  fresh sum body pre-flight: worst |output| 18.9 on the training molecules
  internal term on the pair model's pattern; class scales diag_bond 0.1, diag_angle 0.1, diag_dihedral 0.1, diag_other 0.1, off_bondbond 0.1, off_other 0.1, off_twobond 0.1, off_dist2 1, off_dist3 1
    seed 1 epoch 1/200: loss main 1.176e-05 aux 0.0002251 val 8.592e-05 (7 s)
    seed 1 epoch 10/200: loss main 9.415e-07 aux 5.301e-05 val 6.87e-05 (69 s)
    seed 1 epoch 20/200: loss main 6.89e-07 aux 4.466e-05 val 6.139e-05 (137 s)
    seed 1 epoch 30/200: loss main 6.199e-07 aux 4.057e-05 val 5.551e-05 (204 s)
    seed 1 epoch 40/200: loss main 6.495e-07 aux 3.813e-05 val 5.466e-05 (271 s)
    seed 1 epoch 50/200: loss main 5.168e-07 aux 3.41e-05 val 5.338e-05 (337 s)
    seed 1 epoch 60/200: loss main 5.426e-07 aux 3.153e-05 val 5.523e-05 (404 s)
    seed 1 epoch 70/200: loss main 4.97e-07 aux 2.888e-05 val 5.011e-05 (471 s)
    seed 1 epoch 80/200: loss main 4.309e-07 aux 2.608e-05 val 5.249e-05 (538 s)
    seed 1 epoch 90/200: loss main 3.425e-07 aux 2.429e-05 val 4.627e-05 (605 s)
    seed 1 epoch 100/200: loss main 3.547e-07 aux 2.346e-05 val 4.396e-05 (673 s)
    seed 1 epoch 110/200: loss main 3.026e-07 aux 2.122e-05 val 4.465e-05 (740 s)
    seed 1 epoch 120/200: loss main 2.921e-07 aux 1.99e-05 val 4.265e-05 (807 s)
    seed 1 epoch 130/200: loss main 2.976e-07 aux 1.943e-05 val 4.099e-05 (874 s)
    seed 1 epoch 140/200: loss main 2.851e-07 aux 1.861e-05 val 4.009e-05 (941 s)
    seed 1 epoch 150/200: loss main 2.644e-07 aux 1.697e-05 val 4.105e-05 (1009 s)
    seed 1 epoch 160/200: loss main 2.615e-07 aux 1.626e-05 val 4.039e-05 (1082 s)
    seed 1 epoch 170/200: loss main 2.771e-07 aux 1.649e-05 val 3.975e-05 (1150 s)
    seed 1 epoch 180/200: loss main 2.565e-07 aux 1.509e-05 val 3.921e-05 (1219 s)
    seed 1: early stop at epoch 186, best inner val 3.836e-05 at epoch 166
  n=175 seed 1: inner validation internal term 3.836e-05 on 26 molecules (fit on 149)
  n=175 seed 1 (a): ring couplings 1.35 vs zero 3.76 (ratio 0.36) | corrected ω 4.60 (zero 23.27) | ΔH residual ratio 0.224
  n=175 seed 1 (b): ring couplings 1.61 vs zero 3.74 (ratio 0.43) | corrected ω 5.40 (zero 23.09) | ΔH residual ratio 0.297
  rung B's 66 pair features added to the hybrid head (standardised on the fit molecules)
  hybrid head: 303,636 parameters; F_low input scales 0.036, 0.252, 0.0982; SQM α per class on
  fresh sum body pre-flight: worst |output| 26.8 on the training molecules
  internal term on the pair model's pattern; class scales diag_bond 0.1, diag_angle 0.1, diag_dihedral 0.1, diag_other 0.1, off_bondbond 0.1, off_other 0.1, off_twobond 0.1, off_dist2 1, off_dist3 1
    seed 2 epoch 1/200: loss main 2.247e-05 aux 0.0003958 val 6.222e-05 (7 s)
    seed 2 epoch 10/200: loss main 8.505e-07 aux 5.743e-05 val 4.978e-05 (67 s)
    seed 2 epoch 20/200: loss main 8.218e-07 aux 5.101e-05 val 5.17e-05 (133 s)
    seed 2 epoch 30/200: loss main 6.902e-07 aux 4.519e-05 val 4.143e-05 (199 s)
    seed 2 epoch 40/200: loss main 5.949e-07 aux 4.05e-05 val 4.665e-05 (265 s)
    seed 2 epoch 50/200: loss main 5.704e-07 aux 3.757e-05 val 3.785e-05 (331 s)
    seed 2 epoch 60/200: loss main 8.433e-07 aux 4.206e-05 val 4.695e-05 (397 s)
    seed 2 epoch 70/200: loss main 5.109e-07 aux 3.245e-05 val 3.442e-05 (464 s)
    seed 2 epoch 80/200: loss main 4.667e-07 aux 3.089e-05 val 3.212e-05 (531 s)
    seed 2 epoch 90/200: loss main 4.131e-07 aux 2.738e-05 val 3.078e-05 (598 s)
    seed 2 epoch 100/200: loss main 4.653e-07 aux 2.81e-05 val 2.854e-05 (666 s)
    seed 2 epoch 110/200: loss main 3.418e-07 aux 2.377e-05 val 2.764e-05 (733 s)
    seed 2 epoch 120/200: loss main 3.577e-07 aux 2.378e-05 val 2.566e-05 (800 s)
    seed 2 epoch 130/200: loss main 2.812e-07 aux 2.069e-05 val 2.493e-05 (867 s)
    seed 2 epoch 140/200: loss main 3e-07 aux 2.066e-05 val 2.55e-05 (935 s)
    seed 2 epoch 150/200: loss main 2.939e-07 aux 1.937e-05 val 2.395e-05 (1002 s)
    seed 2 epoch 160/200: loss main 2.678e-07 aux 1.755e-05 val 2.378e-05 (1069 s)
    seed 2 epoch 170/200: loss main 2.814e-07 aux 1.802e-05 val 2.466e-05 (1133 s)
    seed 2 epoch 180/200: loss main 2.735e-07 aux 1.661e-05 val 2.311e-05 (1183 s)
    seed 2 epoch 190/200: loss main 2.625e-07 aux 1.556e-05 val 2.32e-05 (1232 s)
    seed 2 epoch 200/200: loss main 2.639e-07 aux 1.474e-05 val 2.342e-05 (1292 s)
  n=175 seed 2: inner validation internal term 2.228e-05 on 26 molecules (fit on 149)
  n=175 seed 2 (a): ring couplings 1.40 vs zero 3.76 (ratio 0.37) | corrected ω 4.05 (zero 23.27) | ΔH residual ratio 0.220
  n=175 seed 2 (b): ring couplings 1.72 vs zero 3.74 (ratio 0.46) | corrected ω 5.11 (zero 23.09) | ΔH residual ratio 0.308
wrote out/E7_rungC_lever4_lam1e-2_175_2026-10-01.json/.md in 4101 s
=== chain 12 cell lam1e-2 done Fri Oct  2 05:12:18 WEDT 2026
analytic second-route Hessians substituted for 27 molecules
799 molecules; pool 176; hold-out (a) 10, (b) 39 (['fluoranthene', 'fluorene']); sizes [175]; seeds [0, 1, 2]; epochs 200; threads 8; model 171,554 parameters, sum aggregation
  rung B's 66 pair features added to the hybrid head (standardised on the fit molecules)
  hybrid head: 303,636 parameters; F_low input scales 0.0361, 0.252, 0.0982; SQM α per class on
  fresh sum body pre-flight: worst |output| 27.8 on the training molecules
  internal term on the pair model's pattern; class scales diag_bond 0.1, diag_angle 0.1, diag_dihedral 0.1, diag_other 0.1, off_bondbond 0.1, off_other 0.1, off_twobond 0.1, off_dist2 1, off_dist3 1
    seed 0 epoch 1/200: loss main 1.427e-05 aux 0.0003423 val 0.0001542 (6 s)
    seed 0 epoch 10/200: loss main 7.504e-07 aux 0.0001367 val 0.0001388 (64 s)
    seed 0 epoch 20/200: loss main 6.152e-07 aux 0.0001291 val 0.000133 (128 s)
    seed 0 epoch 30/200: loss main 5.333e-07 aux 0.000124 val 0.000129 (192 s)
    seed 0 epoch 40/200: loss main 5.328e-07 aux 0.0001207 val 0.0001296 (256 s)
    seed 0 epoch 50/200: loss main 4.291e-07 aux 0.0001173 val 0.0001274 (323 s)
    seed 0 epoch 60/200: loss main 6.879e-07 aux 0.0001171 val 0.0001233 (390 s)
    seed 0 epoch 70/200: loss main 4.03e-07 aux 0.0001106 val 0.0001175 (456 s)
    seed 0 epoch 80/200: loss main 3.448e-07 aux 0.0001066 val 0.0001152 (522 s)
    seed 0 epoch 90/200: loss main 3.345e-07 aux 0.0001068 val 0.0001146 (590 s)
    seed 0 epoch 100/200: loss main 3.062e-07 aux 0.0001028 val 0.0001135 (657 s)
    seed 0 epoch 110/200: loss main 3.01e-07 aux 0.0001009 val 0.0001115 (724 s)
    seed 0 epoch 120/200: loss main 2.903e-07 aux 9.855e-05 val 0.0001111 (790 s)
    seed 0 epoch 130/200: loss main 2.692e-07 aux 9.536e-05 val 0.0001105 (858 s)
    seed 0 epoch 140/200: loss main 2.798e-07 aux 9.386e-05 val 0.0001089 (932 s)
    seed 0 epoch 150/200: loss main 2.812e-07 aux 9.239e-05 val 0.000108 (1000 s)
    seed 0 epoch 160/200: loss main 2.883e-07 aux 9.066e-05 val 0.0001104 (1067 s)
    seed 0 epoch 170/200: loss main 2.979e-07 aux 8.982e-05 val 0.0001088 (1134 s)
    seed 0 epoch 180/200: loss main 3.12e-07 aux 8.791e-05 val 0.0001087 (1200 s)
    seed 0: early stop at epoch 181, best inner val 0.0001072 at epoch 161
  n=175 seed 0: inner validation internal term 0.0001072 on 26 molecules (fit on 149)
  n=175 seed 0 (a): ring couplings 1.42 vs zero 3.76 (ratio 0.38) | corrected ω 3.83 (zero 23.27) | ΔH residual ratio 0.217
  n=175 seed 0 (b): ring couplings 1.64 vs zero 3.74 (ratio 0.44) | corrected ω 4.60 (zero 23.09) | ΔH residual ratio 0.293
  rung B's 66 pair features added to the hybrid head (standardised on the fit molecules)
  hybrid head: 303,636 parameters; F_low input scales 0.0361, 0.252, 0.0981; SQM α per class on
  fresh sum body pre-flight: worst |output| 18.9 on the training molecules
  internal term on the pair model's pattern; class scales diag_bond 0.1, diag_angle 0.1, diag_dihedral 0.1, diag_other 0.1, off_bondbond 0.1, off_other 0.1, off_twobond 0.1, off_dist2 1, off_dist3 1
    seed 1 epoch 1/200: loss main 1.126e-05 aux 0.0003028 val 0.0001537 (7 s)
    seed 1 epoch 10/200: loss main 8.311e-07 aux 0.0001359 val 0.0001362 (66 s)
    seed 1 epoch 20/200: loss main 6.408e-07 aux 0.0001286 val 0.0001314 (132 s)
    seed 1 epoch 30/200: loss main 5.838e-07 aux 0.0001243 val 0.0001246 (200 s)
    seed 1 epoch 40/200: loss main 5.667e-07 aux 0.0001214 val 0.0001211 (265 s)
    seed 1 epoch 50/200: loss main 5.107e-07 aux 0.0001184 val 0.0001195 (332 s)
    seed 1 epoch 60/200: loss main 5.2e-07 aux 0.0001153 val 0.0001222 (399 s)
    seed 1 epoch 70/200: loss main 4.533e-07 aux 0.0001122 val 0.0001193 (464 s)
    seed 1 epoch 80/200: loss main 3.773e-07 aux 0.0001082 val 0.0001207 (529 s)
    seed 1 epoch 90/200: loss main 3.408e-07 aux 0.0001059 val 0.0001133 (594 s)
    seed 1 epoch 100/200: loss main 3.208e-07 aux 0.0001037 val 0.0001109 (659 s)
    seed 1 epoch 110/200: loss main 3.133e-07 aux 0.0001025 val 0.0001139 (725 s)
    seed 1 epoch 120/200: loss main 3.052e-07 aux 0.0001003 val 0.00011 (790 s)
    seed 1 epoch 130/200: loss main 2.827e-07 aux 9.683e-05 val 0.0001052 (855 s)
    seed 1 epoch 140/200: loss main 2.833e-07 aux 9.561e-05 val 0.0001051 (921 s)
    seed 1 epoch 150/200: loss main 3.01e-07 aux 9.384e-05 val 0.0001043 (986 s)
    seed 1 epoch 160/200: loss main 2.991e-07 aux 9.289e-05 val 0.0001031 (1051 s)
    seed 1 epoch 170/200: loss main 3.059e-07 aux 9.185e-05 val 0.0001024 (1116 s)
    seed 1 epoch 180/200: loss main 3.093e-07 aux 9.042e-05 val 0.000103 (1180 s)
    seed 1 epoch 190/200: loss main 3.318e-07 aux 9.004e-05 val 0.0001023 (1247 s)
    seed 1: early stop at epoch 193, best inner val 0.0001015 at epoch 173
  n=175 seed 1: inner validation internal term 0.0001015 on 26 molecules (fit on 149)
  n=175 seed 1 (a): ring couplings 1.41 vs zero 3.76 (ratio 0.38) | corrected ω 4.08 (zero 23.27) | ΔH residual ratio 0.218
  n=175 seed 1 (b): ring couplings 1.67 vs zero 3.74 (ratio 0.45) | corrected ω 4.74 (zero 23.09) | ΔH residual ratio 0.296
  rung B's 66 pair features added to the hybrid head (standardised on the fit molecules)
  hybrid head: 303,636 parameters; F_low input scales 0.036, 0.252, 0.0982; SQM α per class on
  fresh sum body pre-flight: worst |output| 26.8 on the training molecules
  internal term on the pair model's pattern; class scales diag_bond 0.1, diag_angle 0.1, diag_dihedral 0.1, diag_other 0.1, off_bondbond 0.1, off_other 0.1, off_twobond 0.1, off_dist2 1, off_dist3 1
    seed 2 epoch 1/200: loss main 2.089e-05 aux 0.0004562 val 0.0001363 (10 s)
    seed 2 epoch 10/200: loss main 7.81e-07 aux 0.00014 val 0.0001255 (84 s)
    seed 2 epoch 20/200: loss main 7.606e-07 aux 0.0001338 val 0.0001228 (171 s)
    seed 2 epoch 30/200: loss main 6.851e-07 aux 0.0001285 val 0.0001165 (261 s)
    seed 2 epoch 40/200: loss main 5.558e-07 aux 0.000123 val 0.0001207 (340 s)
    seed 2 epoch 50/200: loss main 5.514e-07 aux 0.0001212 val 0.0001108 (430 s)
    seed 2 epoch 60/200: loss main 4.702e-07 aux 0.0001168 val 0.0001099 (514 s)
    seed 2 epoch 70/200: loss main 4.829e-07 aux 0.0001138 val 0.0001083 (596 s)
    seed 2 epoch 80/200: loss main 3.926e-07 aux 0.0001106 val 0.0001062 (660 s)
    seed 2 epoch 90/200: loss main 3.693e-07 aux 0.0001076 val 0.0001036 (713 s)
    seed 2 epoch 100/200: loss main 3.376e-07 aux 0.0001056 val 0.0001007 (770 s)
    seed 2 epoch 110/200: loss main 3.502e-07 aux 0.0001054 val 0.0001001 (832 s)
    seed 2 epoch 120/200: loss main 3.7e-07 aux 0.0001035 val 9.986e-05 (898 s)
    seed 2 epoch 130/200: loss main 2.999e-07 aux 9.932e-05 val 9.738e-05 (959 s)
    seed 2 epoch 140/200: loss main 3.006e-07 aux 9.814e-05 val 9.783e-05 (1036 s)
    seed 2 epoch 150/200: loss main 3.026e-07 aux 9.719e-05 val 9.676e-05 (1128 s)
    seed 2 epoch 160/200: loss main 2.818e-07 aux 9.291e-05 val 9.471e-05 (1238 s)
    seed 2 epoch 170/200: loss main 3.266e-07 aux 9.533e-05 val 9.551e-05 (1344 s)
    seed 2 epoch 180/200: loss main 2.909e-07 aux 8.996e-05 val 9.475e-05 (1440 s)
    seed 2 epoch 190/200: loss main 3.13e-07 aux 9.048e-05 val 9.501e-05 (1523 s)
    seed 2 epoch 200/200: loss main 3.213e-07 aux 8.816e-05 val 9.559e-05 (1607 s)
  n=175 seed 2: inner validation internal term 9.386e-05 on 26 molecules (fit on 149)
  n=175 seed 2 (a): ring couplings 1.52 vs zero 3.76 (ratio 0.40) | corrected ω 4.49 (zero 23.27) | ΔH residual ratio 0.231
  n=175 seed 2 (b): ring couplings 1.77 vs zero 3.74 (ratio 0.47) | corrected ω 5.34 (zero 23.09) | ΔH residual ratio 0.319
wrote out/E7_rungC_lever4_w0.3_175_2026-10-01.json/.md in 4202 s
=== chain 12 cell w0.3 done Fri Oct  2 06:22:26 WEDT 2026
=== chain 12 finished Fri Oct  2 06:22:26 WEDT 2026
