=== chain 11 start Thu Oct  1 14:28:53 WEDT 2026
analytic second-route Hessians substituted for 27 molecules
799 molecules; pool 176; hold-out (a) 10, (b) 39 (['fluoranthene', 'fluorene']); sizes [175]; seeds [0, 1, 2]; epochs 200; threads 8; model 171,554 parameters, sum aggregation
  rung B's 66 pair features added to the hybrid head (standardised on the fit molecules)
  hybrid head: 303,636 parameters; F_low input scales 0.0361, 0.252, 0.0982; SQM α per class on
  fresh sum body pre-flight: worst |output| 27.8 on the training molecules
    seed 0 epoch 1/200: loss main 1.157e-05 aux 0.777 val 0.31 (8 s)
    seed 0 epoch 10/200: loss main 4.148e-06 aux 0.1323 val 0.1387 (85 s)
    seed 0 epoch 20/200: loss main 3.105e-06 aux 0.09602 val 0.1136 (170 s)
    seed 0 epoch 30/200: loss main 2.331e-06 aux 0.07614 val 0.09515 (257 s)
    seed 0 epoch 40/200: loss main 1.829e-06 aux 0.06366 val 0.08513 (345 s)
    seed 0 epoch 50/200: loss main 1.535e-06 aux 0.05932 val 0.08412 (435 s)
    seed 0 epoch 60/200: loss main 1.421e-06 aux 0.05237 val 0.07639 (523 s)
    seed 0 epoch 70/200: loss main 1.229e-06 aux 0.0442 val 0.074 (611 s)
    seed 0 epoch 80/200: loss main 1.224e-06 aux 0.04146 val 0.07354 (698 s)
    seed 0 epoch 90/200: loss main 1.415e-06 aux 0.0362 val 0.06868 (784 s)
    seed 0 epoch 100/200: loss main 1.813e-06 aux 0.03245 val 0.07236 (871 s)
    seed 0 epoch 110/200: loss main 2.802e-06 aux 0.03163 val 0.07268 (957 s)
    seed 0 epoch 120/200: loss main 3.396e-06 aux 0.03028 val 0.06926 (1044 s)
    seed 0: early stop at epoch 128, best inner val 0.06769 at epoch 108
  n=175 seed 0: inner validation internal term 0.06769 on 26 molecules (fit on 149)
  n=175 seed 0 (a): ring couplings 1.05 vs zero 3.76 (ratio 0.28) | corrected ω 5.77 (zero 23.27) | ΔH residual ratio 0.382
  n=175 seed 0 (b): ring couplings 1.46 vs zero 3.74 (ratio 0.39) | corrected ω 6.56 (zero 23.09) | ΔH residual ratio 0.393
  rung B's 66 pair features added to the hybrid head (standardised on the fit molecules)
  hybrid head: 303,636 parameters; F_low input scales 0.0361, 0.252, 0.0981; SQM α per class on
  fresh sum body pre-flight: worst |output| 18.9 on the training molecules
    seed 1 epoch 1/200: loss main 1.252e-05 aux 0.8249 val 0.2818 (9 s)
    seed 1 epoch 10/200: loss main 4.139e-06 aux 0.1432 val 0.1018 (88 s)
    seed 1 epoch 20/200: loss main 4.609e-06 aux 0.09867 val 0.07901 (175 s)
    seed 1 epoch 30/200: loss main 3.627e-06 aux 0.07964 val 0.06515 (263 s)
    seed 1 epoch 40/200: loss main 2.665e-06 aux 0.06957 val 0.05747 (350 s)
    seed 1 epoch 50/200: loss main 2.192e-06 aux 0.06139 val 0.05576 (438 s)
    seed 1 epoch 60/200: loss main 1.838e-06 aux 0.05489 val 0.05322 (525 s)
    seed 1 epoch 70/200: loss main 1.604e-06 aux 0.04826 val 0.04622 (612 s)
    seed 1 epoch 80/200: loss main 1.396e-06 aux 0.04459 val 0.05008 (699 s)
    seed 1 epoch 90/200: loss main 1.295e-06 aux 0.04141 val 0.04654 (787 s)
    seed 1 epoch 100/200: loss main 1.202e-06 aux 0.0351 val 0.04214 (875 s)
    seed 1 epoch 110/200: loss main 1.238e-06 aux 0.0352 val 0.0423 (962 s)
    seed 1 epoch 120/200: loss main 1.469e-06 aux 0.03204 val 0.04145 (1045 s)
    seed 1 epoch 130/200: loss main 1.853e-06 aux 0.03065 val 0.04145 (1107 s)
    seed 1 epoch 140/200: loss main 2.516e-06 aux 0.02842 val 0.03968 (1183 s)
    seed 1 epoch 150/200: loss main 3.038e-06 aux 0.02639 val 0.0388 (1250 s)
    seed 1 epoch 160/200: loss main 3.885e-06 aux 0.0251 val 0.03898 (1316 s)
    seed 1 epoch 170/200: loss main 4.739e-06 aux 0.02521 val 0.03911 (1388 s)
    seed 1 epoch 180/200: loss main 5.222e-06 aux 0.02249 val 0.03875 (1464 s)
    seed 1 epoch 190/200: loss main 6.044e-06 aux 0.02117 val 0.0399 (1545 s)
    seed 1: early stop at epoch 199, best inner val 0.03645 at epoch 179
  n=175 seed 1: inner validation internal term 0.03645 on 26 molecules (fit on 149)
  n=175 seed 1 (a): ring couplings 1.11 vs zero 3.76 (ratio 0.29) | corrected ω 6.30 (zero 23.27) | ΔH residual ratio 0.502
  n=175 seed 1 (b): ring couplings 1.58 vs zero 3.74 (ratio 0.42) | corrected ω 6.25 (zero 23.09) | ΔH residual ratio 0.423
  rung B's 66 pair features added to the hybrid head (standardised on the fit molecules)
  hybrid head: 303,636 parameters; F_low input scales 0.036, 0.252, 0.0982; SQM α per class on
  fresh sum body pre-flight: worst |output| 26.8 on the training molecules
    seed 2 epoch 1/200: loss main 1.961e-05 aux 1.019 val 0.3329 (10 s)
    seed 2 epoch 10/200: loss main 2.653e-06 aux 0.1414 val 0.13 (103 s)
    seed 2 epoch 20/200: loss main 3.182e-06 aux 0.09758 val 0.09071 (208 s)
    seed 2 epoch 30/200: loss main 2.658e-06 aux 0.08077 val 0.07305 (299 s)
    seed 2 epoch 40/200: loss main 2.281e-06 aux 0.06745 val 0.07483 (384 s)
    seed 2 epoch 50/200: loss main 1.713e-06 aux 0.05898 val 0.06081 (464 s)
    seed 2 epoch 60/200: loss main 1.519e-06 aux 0.05248 val 0.06411 (563 s)
    seed 2 epoch 70/200: loss main 1.465e-06 aux 0.04806 val 0.05877 (662 s)
    seed 2 epoch 80/200: loss main 1.252e-06 aux 0.04211 val 0.05621 (768 s)
    seed 2 epoch 90/200: loss main 1.376e-06 aux 0.03776 val 0.06938 (875 s)
    seed 2 epoch 100/200: loss main 1.408e-06 aux 0.03687 val 0.0513 (983 s)
    seed 2 epoch 110/200: loss main 1.478e-06 aux 0.035 val 0.0497 (1091 s)
    seed 2: early stop at epoch 119, best inner val 0.04882 at epoch 99
  n=175 seed 2: inner validation internal term 0.04882 on 26 molecules (fit on 149)
  n=175 seed 2 (a): ring couplings 1.05 vs zero 3.76 (ratio 0.28) | corrected ω 7.47 (zero 23.27) | ΔH residual ratio 0.335
  n=175 seed 2 (b): ring couplings 1.53 vs zero 3.74 (ratio 0.41) | corrected ω 8.80 (zero 23.09) | ΔH residual ratio 0.383
wrote out/E7_rungC_lever3b_both_175_2026-10-01.json/.md in 4068 s
=== lever 3b both terms (175) done Thu Oct  1 15:36:47 WEDT 2026
=== chain 11 finished Thu Oct  1 15:36:47 WEDT 2026
