=== chain 4 start Thu Oct  1 22:56:26 WEDT 2026
analytic second-route Hessians substituted for 27 molecules
799 molecules; pool 176; hold-out (a) 10, (b) 39 (['fluoranthene', 'fluorene']); sizes [175]; seeds [0, 1, 2]; epochs 200; threads 8; model 276,898 parameters, sum aggregation
  rung B's 66 pair features added to the hybrid head (standardised on the fit molecules)
  hybrid head: 408,980 parameters; F_low input scales 0.0361, 0.252, 0.0982; SQM α per class on
  fresh sum body pre-flight: worst |output| 33.8 on the training molecules
  internal term on the pair model's pattern; class scales diag_bond 0.1, diag_angle 0.1, diag_dihedral 0.1, diag_other 0.1, off_bondbond 0.1, off_other 0.1, off_twobond 0.1, off_dist2 1, off_dist3 1
    seed 0 epoch 1/200: loss main 2.68e-05 aux 0.0003724 val 5.061e-05 (8 s)
    seed 0 epoch 10/200: loss main 8.365e-07 aux 3.928e-05 val 3.859e-05 (75 s)
    seed 0 epoch 20/200: loss main 7.878e-07 aux 3.277e-05 val 3.445e-05 (152 s)
    seed 0 epoch 30/200: loss main 6.797e-07 aux 2.683e-05 val 2.778e-05 (237 s)
    seed 0 epoch 40/200: loss main 7.037e-07 aux 2.575e-05 val 2.923e-05 (313 s)
    seed 0 epoch 50/200: loss main 5.515e-07 aux 2.055e-05 val 2.566e-05 (391 s)
    seed 0 epoch 60/200: loss main 6.95e-07 aux 2.188e-05 val 2.192e-05 (470 s)
    seed 0 epoch 70/200: loss main 5.917e-07 aux 2.152e-05 val 2.051e-05 (547 s)
    seed 0 epoch 80/200: loss main 4.61e-07 aux 1.613e-05 val 1.969e-05 (624 s)
    seed 0 epoch 90/200: loss main 3.778e-07 aux 1.251e-05 val 1.905e-05 (701 s)
    seed 0 epoch 100/200: loss main 3.583e-07 aux 1.135e-05 val 1.781e-05 (778 s)
    seed 0 epoch 110/200: loss main 3.736e-07 aux 1.185e-05 val 1.635e-05 (855 s)
    seed 0 epoch 120/200: loss main 3.209e-07 aux 8.959e-06 val 1.496e-05 (933 s)
    seed 0 epoch 130/200: loss main 3.179e-07 aux 8.234e-06 val 1.518e-05 (1012 s)
    seed 0 epoch 140/200: loss main 3.029e-07 aux 7.952e-06 val 1.501e-05 (1089 s)
    seed 0 epoch 150/200: loss main 2.698e-07 aux 6.57e-06 val 1.386e-05 (1166 s)
    seed 0 epoch 160/200: loss main 2.536e-07 aux 5.196e-06 val 1.453e-05 (1244 s)
    seed 0 epoch 170/200: loss main 2.494e-07 aux 5.389e-06 val 1.416e-05 (1318 s)
    seed 0: early stop at epoch 175, best inner val 1.373e-05 at epoch 155
  n=175 seed 0: inner validation internal term 1.373e-05 on 26 molecules (fit on 149)
  n=175 seed 0 (a): ring couplings 1.38 vs zero 3.76 (ratio 0.37) | corrected ω 3.94 (zero 23.27) | ΔH residual ratio 0.218
  n=175 seed 0 (b): ring couplings 1.56 vs zero 3.74 (ratio 0.42) | corrected ω 4.60 (zero 23.09) | ΔH residual ratio 0.281
  rung B's 66 pair features added to the hybrid head (standardised on the fit molecules)
  hybrid head: 408,980 parameters; F_low input scales 0.0361, 0.252, 0.0981; SQM α per class on
  fresh sum body pre-flight: worst |output| 37.2 on the training molecules
  internal term on the pair model's pattern; class scales diag_bond 0.1, diag_angle 0.1, diag_dihedral 0.1, diag_other 0.1, off_bondbond 0.1, off_other 0.1, off_twobond 0.1, off_dist2 1, off_dist3 1
    seed 1 epoch 1/200: loss main 3.152e-05 aux 0.0004581 val 7.723e-05 (6 s)
    seed 1 epoch 10/200: loss main 9.102e-07 aux 3.538e-05 val 5.991e-05 (59 s)
    seed 1 epoch 20/200: loss main 7.151e-07 aux 2.791e-05 val 4.96e-05 (128 s)
    seed 1 epoch 30/200: loss main 6.955e-07 aux 2.52e-05 val 4.538e-05 (204 s)
    seed 1 epoch 40/200: loss main 7.106e-07 aux 2.335e-05 val 4.14e-05 (280 s)
    seed 1 epoch 50/200: loss main 5.286e-07 aux 1.935e-05 val 3.853e-05 (356 s)
    seed 1 epoch 60/200: loss main 5.327e-07 aux 1.715e-05 val 3.942e-05 (433 s)
    seed 1 epoch 70/200: loss main 5.536e-07 aux 1.609e-05 val 4.283e-05 (509 s)
    seed 1: early stop at epoch 78, best inner val 3.595e-05 at epoch 58
  n=175 seed 1: inner validation internal term 3.595e-05 on 26 molecules (fit on 149)
  n=175 seed 1 (a): ring couplings 1.65 vs zero 3.76 (ratio 0.44) | corrected ω 6.19 (zero 23.27) | ΔH residual ratio 0.269
  n=175 seed 1 (b): ring couplings 1.77 vs zero 3.74 (ratio 0.47) | corrected ω 6.42 (zero 23.09) | ΔH residual ratio 0.321
  rung B's 66 pair features added to the hybrid head (standardised on the fit molecules)
  hybrid head: 408,980 parameters; F_low input scales 0.036, 0.252, 0.0982; SQM α per class on
  fresh sum body pre-flight: worst |output| 42.7 on the training molecules
  internal term on the pair model's pattern; class scales diag_bond 0.1, diag_angle 0.1, diag_dihedral 0.1, diag_other 0.1, off_bondbond 0.1, off_other 0.1, off_twobond 0.1, off_dist2 1, off_dist3 1
    seed 2 epoch 1/200: loss main 3.583e-05 aux 0.0006056 val 4.927e-05 (8 s)
    seed 2 epoch 10/200: loss main 9.351e-07 aux 4.116e-05 val 3.657e-05 (78 s)
    seed 2 epoch 20/200: loss main 8.665e-07 aux 3.372e-05 val 3.33e-05 (156 s)
    seed 2 epoch 30/200: loss main 7.105e-07 aux 2.864e-05 val 2.71e-05 (233 s)
    seed 2 epoch 40/200: loss main 6.301e-07 aux 2.544e-05 val 2.545e-05 (311 s)
    seed 2 epoch 50/200: loss main 6.28e-07 aux 2.434e-05 val 2.326e-05 (388 s)
    seed 2 epoch 60/200: loss main 6.583e-07 aux 2.178e-05 val 2.2e-05 (466 s)
    seed 2 epoch 70/200: loss main 7.095e-07 aux 2.306e-05 val 2.08e-05 (543 s)
    seed 2 epoch 80/200: loss main 6.042e-07 aux 1.815e-05 val 1.938e-05 (620 s)
    seed 2 epoch 90/200: loss main 4.932e-07 aux 1.363e-05 val 1.826e-05 (698 s)
    seed 2 epoch 100/200: loss main 3.863e-07 aux 1.102e-05 val 1.594e-05 (775 s)
    seed 2 epoch 110/200: loss main 4.197e-07 aux 1.201e-05 val 1.509e-05 (853 s)
    seed 2 epoch 120/200: loss main 4.058e-07 aux 1.255e-05 val 1.477e-05 (931 s)
    seed 2 epoch 130/200: loss main 3.854e-07 aux 9.061e-06 val 1.34e-05 (1010 s)
    seed 2 epoch 140/200: loss main 3.407e-07 aux 8.014e-06 val 1.294e-05 (1087 s)
    seed 2 epoch 150/200: loss main 3.332e-07 aux 8.28e-06 val 1.271e-05 (1165 s)
    seed 2 epoch 160/200: loss main 3.009e-07 aux 6.432e-06 val 1.205e-05 (1244 s)
    seed 2 epoch 170/200: loss main 2.961e-07 aux 6.522e-06 val 1.185e-05 (1321 s)
    seed 2 epoch 180/200: loss main 2.693e-07 aux 4.976e-06 val 1.348e-05 (1398 s)
    seed 2 epoch 190/200: loss main 2.719e-07 aux 4.912e-06 val 1.242e-05 (1476 s)
    seed 2 epoch 200/200: loss main 2.536e-07 aux 4.193e-06 val 1.183e-05 (1554 s)
  n=175 seed 2: inner validation internal term 1.141e-05 on 26 molecules (fit on 149)
  n=175 seed 2 (a): ring couplings 1.34 vs zero 3.76 (ratio 0.36) | corrected ω 3.67 (zero 23.27) | ΔH residual ratio 0.214
  n=175 seed 2 (b): ring couplings 1.50 vs zero 3.74 (ratio 0.40) | corrected ω 4.91 (zero 23.09) | ΔH residual ratio 0.270
wrote out/E7_rungC_lever2c_deep_175_2026-10-01.json/.md in 3588 s
=== lever 2c deep (175) done Thu Oct  1 23:56:24 WEDT 2026
analytic second-route Hessians substituted for 27 molecules
799 molecules; pool 176; hold-out (a) 10, (b) 39 (['fluoranthene', 'fluorene']); sizes [175]; seeds [0, 1, 2]; epochs 200; threads 8; model 629,474 parameters, sum aggregation
  rung B's 66 pair features added to the hybrid head (standardised on the fit molecules)
  hybrid head: 810,708 parameters; F_low input scales 0.0361, 0.252, 0.0982; SQM α per class on
  fresh sum body pre-flight: worst |output| 45.8 on the training molecules
  internal term on the pair model's pattern; class scales diag_bond 0.1, diag_angle 0.1, diag_dihedral 0.1, diag_other 0.1, off_bondbond 0.1, off_other 0.1, off_twobond 0.1, off_dist2 1, off_dist3 1
    seed 0 epoch 1/200: loss main 1.565e-05 aux 0.0002497 val 5.091e-05 (9 s)
    seed 0 epoch 10/200: loss main 7.586e-07 aux 3.743e-05 val 3.628e-05 (88 s)
    seed 0 epoch 20/200: loss main 7.729e-07 aux 3.06e-05 val 3.289e-05 (178 s)
    seed 0 epoch 30/200: loss main 5.78e-07 aux 2.464e-05 val 2.543e-05 (268 s)
    seed 0 epoch 40/200: loss main 5.091e-07 aux 2.234e-05 val 2.469e-05 (360 s)
    seed 0 epoch 50/200: loss main 4.571e-07 aux 1.932e-05 val 2.483e-05 (452 s)
    seed 0 epoch 60/200: loss main 1.085e-06 aux 2.867e-05 val 2.14e-05 (523 s)
    seed 0 epoch 70/200: loss main 4.411e-07 aux 1.686e-05 val 1.856e-05 (591 s)
    seed 0 epoch 80/200: loss main 4.492e-07 aux 1.489e-05 val 1.967e-05 (662 s)
    seed 0 epoch 90/200: loss main 3.762e-07 aux 1.102e-05 val 1.744e-05 (751 s)
    seed 0 epoch 100/200: loss main 3.214e-07 aux 8.658e-06 val 1.678e-05 (837 s)
    seed 0 epoch 110/200: loss main 3.452e-07 aux 1.074e-05 val 1.893e-05 (924 s)
    seed 0 epoch 120/200: loss main 2.893e-07 aux 7.407e-06 val 1.572e-05 (1011 s)
    seed 0 epoch 130/200: loss main 2.99e-07 aux 7.223e-06 val 1.56e-05 (1098 s)
    seed 0 epoch 140/200: loss main 2.61e-07 aux 5.456e-06 val 1.399e-05 (1185 s)
    seed 0 epoch 150/200: loss main 2.643e-07 aux 5.672e-06 val 1.383e-05 (1274 s)
    seed 0 epoch 160/200: loss main 2.441e-07 aux 4.483e-06 val 1.464e-05 (1363 s)
    seed 0 epoch 170/200: loss main 2.565e-07 aux 4.836e-06 val 1.397e-05 (1452 s)
    seed 0: early stop at epoch 170, best inner val 1.383e-05 at epoch 150
  n=175 seed 0: inner validation internal term 1.383e-05 on 26 molecules (fit on 149)
  n=175 seed 0 (a): ring couplings 1.35 vs zero 3.76 (ratio 0.36) | corrected ω 3.91 (zero 23.27) | ΔH residual ratio 0.205
  n=175 seed 0 (b): ring couplings 1.54 vs zero 3.74 (ratio 0.41) | corrected ω 5.00 (zero 23.09) | ΔH residual ratio 0.277
  rung B's 66 pair features added to the hybrid head (standardised on the fit molecules)
  hybrid head: 810,708 parameters; F_low input scales 0.0361, 0.252, 0.0981; SQM α per class on
  fresh sum body pre-flight: worst |output| 21.4 on the training molecules
  internal term on the pair model's pattern; class scales diag_bond 0.1, diag_angle 0.1, diag_dihedral 0.1, diag_other 0.1, off_bondbond 0.1, off_other 0.1, off_twobond 0.1, off_dist2 1, off_dist3 1
    seed 1 epoch 1/200: loss main 2.073e-05 aux 0.0003021 val 7.373e-05 (9 s)
    seed 1 epoch 10/200: loss main 8.476e-07 aux 3.472e-05 val 5.86e-05 (89 s)
    seed 1 epoch 20/200: loss main 6.609e-07 aux 2.637e-05 val 4.64e-05 (178 s)
    seed 1 epoch 30/200: loss main 6.415e-07 aux 2.348e-05 val 4.267e-05 (267 s)
    seed 1 epoch 40/200: loss main 6.26e-07 aux 2.113e-05 val 4.321e-05 (356 s)
    seed 1 epoch 50/200: loss main 5.449e-07 aux 1.712e-05 val 3.97e-05 (446 s)
    seed 1 epoch 60/200: loss main 5.02e-07 aux 1.432e-05 val 4.05e-05 (535 s)
    seed 1 epoch 70/200: loss main 4.466e-07 aux 1.236e-05 val 3.634e-05 (624 s)
    seed 1 epoch 80/200: loss main 4.076e-07 aux 1.065e-05 val 3.675e-05 (714 s)
    seed 1 epoch 90/200: loss main 3.61e-07 aux 8.978e-06 val 3.288e-05 (804 s)
    seed 1 epoch 100/200: loss main 3.503e-07 aux 8.279e-06 val 3.108e-05 (893 s)
    seed 1 epoch 110/200: loss main 3.011e-07 aux 6.757e-06 val 2.911e-05 (982 s)
    seed 1 epoch 120/200: loss main 2.974e-07 aux 6.29e-06 val 3.272e-05 (1072 s)
    seed 1 epoch 130/200: loss main 2.891e-07 aux 5.493e-06 val 3.046e-05 (1162 s)
    seed 1 epoch 140/200: loss main 2.633e-07 aux 4.752e-06 val 2.866e-05 (1251 s)
    seed 1 epoch 150/200: loss main 2.521e-07 aux 4.001e-06 val 2.931e-05 (1341 s)
    seed 1 epoch 160/200: loss main 2.498e-07 aux 3.961e-06 val 3.049e-05 (1430 s)
    seed 1 epoch 170/200: loss main 2.429e-07 aux 3.501e-06 val 2.856e-05 (1521 s)
    seed 1 epoch 180/200: loss main 2.35e-07 aux 3.112e-06 val 2.832e-05 (1614 s)
    seed 1: early stop at epoch 185, best inner val 2.794e-05 at epoch 165
  n=175 seed 1: inner validation internal term 2.794e-05 on 26 molecules (fit on 149)
  n=175 seed 1 (a): ring couplings 1.28 vs zero 3.76 (ratio 0.34) | corrected ω 3.63 (zero 23.27) | ΔH residual ratio 0.198
  n=175 seed 1 (b): ring couplings 1.48 vs zero 3.74 (ratio 0.40) | corrected ω 4.26 (zero 23.09) | ΔH residual ratio 0.265
  rung B's 66 pair features added to the hybrid head (standardised on the fit molecules)
  hybrid head: 810,708 parameters; F_low input scales 0.036, 0.252, 0.0982; SQM α per class on
  fresh sum body pre-flight: worst |output| 16.2 on the training molecules
  internal term on the pair model's pattern; class scales diag_bond 0.1, diag_angle 0.1, diag_dihedral 0.1, diag_other 0.1, off_bondbond 0.1, off_other 0.1, off_twobond 0.1, off_dist2 1, off_dist3 1
    seed 2 epoch 1/200: loss main 1.445e-05 aux 0.0002749 val 4.436e-05 (9 s)
    seed 2 epoch 10/200: loss main 9.083e-07 aux 4.036e-05 val 3.344e-05 (91 s)
    seed 2 epoch 20/200: loss main 9.237e-07 aux 3.302e-05 val 3.036e-05 (181 s)
    seed 2 epoch 30/200: loss main 8.779e-07 aux 2.871e-05 val 2.395e-05 (274 s)
    seed 2 epoch 40/200: loss main 6.333e-07 aux 2.285e-05 val 2.775e-05 (365 s)
    seed 2 epoch 50/200: loss main 6.165e-07 aux 2.348e-05 val 2.04e-05 (461 s)
    seed 2 epoch 60/200: loss main 6.165e-07 aux 2.02e-05 val 2.543e-05 (554 s)
    seed 2 epoch 70/200: loss main 4.736e-07 aux 1.449e-05 val 1.78e-05 (648 s)
    seed 2 epoch 80/200: loss main 6.216e-07 aux 1.498e-05 val 1.783e-05 (740 s)
    seed 2 epoch 90/200: loss main 4.026e-07 aux 1.053e-05 val 1.567e-05 (832 s)
    seed 2 epoch 100/200: loss main 3.612e-07 aux 9.223e-06 val 1.41e-05 (922 s)
    seed 2 epoch 110/200: loss main 3.626e-07 aux 9.824e-06 val 1.455e-05 (1015 s)
    seed 2 epoch 120/200: loss main 3.352e-07 aux 7.457e-06 val 1.281e-05 (1106 s)
    seed 2 epoch 130/200: loss main 3.022e-07 aux 6.568e-06 val 1.27e-05 (1194 s)
    seed 2 epoch 140/200: loss main 2.99e-07 aux 7.012e-06 val 1.263e-05 (1283 s)
    seed 2 epoch 150/200: loss main 3.111e-07 aux 6.412e-06 val 1.229e-05 (1373 s)
    seed 2 epoch 160/200: loss main 2.718e-07 aux 5.096e-06 val 1.159e-05 (1464 s)
    seed 2 epoch 170/200: loss main 2.695e-07 aux 5.152e-06 val 1.189e-05 (1555 s)
    seed 2 epoch 180/200: loss main 2.46e-07 aux 3.876e-06 val 1.2e-05 (1646 s)
    seed 2 epoch 190/200: loss main 2.507e-07 aux 4.088e-06 val 1.181e-05 (1734 s)
    seed 2 epoch 200/200: loss main 2.371e-07 aux 3.777e-06 val 1.208e-05 (1824 s)
  n=175 seed 2: inner validation internal term 1.081e-05 on 26 molecules (fit on 149)
  n=175 seed 2 (a): ring couplings 1.29 vs zero 3.76 (ratio 0.34) | corrected ω 3.59 (zero 23.27) | ΔH residual ratio 0.201
  n=175 seed 2 (b): ring couplings 1.47 vs zero 3.74 (ratio 0.39) | corrected ω 4.36 (zero 23.09) | ΔH residual ratio 0.271
wrote out/E7_rungC_lever2c_wide_175_2026-10-01.json/.md in 5054 s
=== lever 2c wide (175) done Fri Oct  2 01:20:48 WEDT 2026
=== chain 4 finished Fri Oct  2 01:20:48 WEDT 2026
