=== night chain 4 start Thu Oct  1 00:48:49 WEDT 2026 flags: --aux-weight 1.0 --lr 1e-3 --epochs 200 --patience 20
analytic second-route Hessians substituted for 27 molecules
799 molecules; pool 750; hold-out (a) 10, (b) 39 (['fluoranthene', 'fluorene']); sizes [175, 449, 750]; seeds [0, 1, 2]; epochs 200; threads 8; model 171,554 parameters, sum aggregation
  hybrid head: 216,089 parameters; F_low input scales 0.0512, 0.262, 0.111; SQM α per class on
  fresh sum body pre-flight: worst |output| 24.3 on the training molecules
  internal term on the pair model's pattern; class scales diag_bond 0.0122, diag_angle 0.0133, diag_dihedral 0.00133, diag_other 0.00503, off_bondbond 0.00402, off_other 0.00133
    seed 0 epoch 1/200: loss main 1.921e-06 aux 0.6405 val 0.6176 (2 s)
    seed 0 epoch 10/200: loss main 1.938e-06 aux 0.2822 val 0.3207 (22 s)
    seed 0 epoch 20/200: loss main 8.906e-07 aux 0.167 val 0.2094 (43 s)
    seed 0 epoch 30/200: loss main 7.721e-07 aux 0.1035 val 0.2084 (65 s)
    seed 0 epoch 40/200: loss main 7.211e-07 aux 0.08938 val 0.1749 (87 s)
    seed 0 epoch 50/200: loss main 5.882e-07 aux 0.07683 val 0.1684 (109 s)
    seed 0 epoch 60/200: loss main 5.718e-07 aux 0.05735 val 0.1749 (131 s)
    seed 0 epoch 70/200: loss main 6.209e-07 aux 0.07755 val 0.2171 (153 s)
    seed 0 epoch 80/200: loss main 5.193e-07 aux 0.05016 val 0.1871 (174 s)
    seed 0: early stop at epoch 82, best inner val 0.1678 at epoch 62
  n=175 seed 0: inner validation internal term 0.1678 on 26 molecules (fit on 149)
  n=175 seed 0 (a): ring couplings 1.84 vs zero 3.76 (ratio 0.49) | corrected ω 5.36 (zero 23.27) | ΔH residual ratio 0.293
  n=175 seed 0 (b): ring couplings 1.95 vs zero 3.74 (ratio 0.52) | corrected ω 5.70 (zero 23.09) | ΔH residual ratio 0.357
  hybrid head: 216,089 parameters; F_low input scales 0.0511, 0.262, 0.111; SQM α per class on
  fresh sum body pre-flight: worst |output| 17.5 on the training molecules
  internal term on the pair model's pattern; class scales diag_bond 0.0122, diag_angle 0.0135, diag_dihedral 0.00135, diag_other 0.00479, off_bondbond 0.00411, off_other 0.00135
    seed 1 epoch 1/200: loss main 2.139e-06 aux 0.6409 val 0.4889 (2 s)
    seed 1 epoch 10/200: loss main 3.097e-06 aux 0.2939 val 0.2398 (22 s)
    seed 1 epoch 20/200: loss main 1.611e-06 aux 0.1702 val 0.1803 (44 s)
    seed 1 epoch 30/200: loss main 1.045e-06 aux 0.1135 val 0.1625 (66 s)
    seed 1 epoch 40/200: loss main 1.274e-06 aux 0.07919 val 0.1434 (88 s)
    seed 1 epoch 50/200: loss main 9.644e-07 aux 0.08593 val 0.1488 (110 s)
    seed 1 epoch 60/200: loss main 8.147e-07 aux 0.06166 val 0.1301 (132 s)
    seed 1 epoch 70/200: loss main 6.693e-07 aux 0.05487 val 0.1305 (153 s)
    seed 1 epoch 80/200: loss main 5.956e-07 aux 0.04124 val 0.1095 (175 s)
    seed 1 epoch 90/200: loss main 5.89e-07 aux 0.0427 val 0.1141 (198 s)
    seed 1 epoch 100/200: loss main 5.21e-07 aux 0.03419 val 0.1132 (219 s)
    seed 1: early stop at epoch 100, best inner val 0.1095 at epoch 80
  n=175 seed 1: inner validation internal term 0.1095 on 26 molecules (fit on 149)
  n=175 seed 1 (a): ring couplings 1.83 vs zero 3.76 (ratio 0.49) | corrected ω 6.42 (zero 23.27) | ΔH residual ratio 0.306
  n=175 seed 1 (b): ring couplings 2.00 vs zero 3.74 (ratio 0.53) | corrected ω 5.99 (zero 23.09) | ΔH residual ratio 0.355
  hybrid head: 216,089 parameters; F_low input scales 0.0509, 0.262, 0.111; SQM α per class on
  fresh sum body pre-flight: worst |output| 25.5 on the training molecules
  internal term on the pair model's pattern; class scales diag_bond 0.0121, diag_angle 0.0132, diag_dihedral 0.00132, diag_other 0.00466, off_bondbond 0.0041, off_other 0.00132
    seed 2 epoch 1/200: loss main 2.213e-06 aux 0.6252 val 0.7466 (2 s)
    seed 2 epoch 10/200: loss main 1.845e-06 aux 0.2901 val 0.32 (22 s)
    seed 2 epoch 20/200: loss main 1.233e-06 aux 0.1581 val 0.2412 (44 s)
    seed 2 epoch 30/200: loss main 1.012e-06 aux 0.1005 val 0.179 (66 s)
    seed 2 epoch 40/200: loss main 9.687e-07 aux 0.1076 val 0.1901 (88 s)
    seed 2 epoch 50/200: loss main 6.976e-07 aux 0.07311 val 0.1677 (110 s)
    seed 2 epoch 60/200: loss main 6.396e-07 aux 0.0698 val 0.1794 (132 s)
    seed 2 epoch 70/200: loss main 6.137e-07 aux 0.05107 val 0.1728 (154 s)
    seed 2: early stop at epoch 72, best inner val 0.1594 at epoch 52
  n=175 seed 2: inner validation internal term 0.1594 on 26 molecules (fit on 149)
  n=175 seed 2 (a): ring couplings 2.09 vs zero 3.76 (ratio 0.55) | corrected ω 6.03 (zero 23.27) | ΔH residual ratio 0.354
  n=175 seed 2 (b): ring couplings 2.22 vs zero 3.74 (ratio 0.59) | corrected ω 6.57 (zero 23.09) | ΔH residual ratio 0.414
  hybrid head: 216,089 parameters; F_low input scales 0.051, 0.261, 0.11; SQM α per class on
  fresh sum body pre-flight: worst |output| 27.8 on the training molecules
  internal term on the pair model's pattern; class scales diag_bond 0.0121, diag_angle 0.013, diag_dihedral 0.0013, diag_other 0.00488, off_bondbond 0.00412, off_other 0.0013
    seed 0 epoch 1/200: loss main 1.751e-06 aux 0.5892 val 0.5545 (6 s)
    seed 0 epoch 10/200: loss main 1.08e-06 aux 0.1765 val 0.205 (57 s)
    seed 0 epoch 20/200: loss main 7.726e-07 aux 0.1182 val 0.1527 (113 s)
    seed 0 epoch 30/200: loss main 8.979e-07 aux 0.09614 val 0.1471 (169 s)
    seed 0 epoch 40/200: loss main 5.773e-07 aux 0.07374 val 0.1569 (226 s)
    seed 0 epoch 50/200: loss main 5.364e-07 aux 0.06219 val 0.1414 (282 s)
    seed 0 epoch 60/200: loss main 5.08e-07 aux 0.05702 val 0.1294 (339 s)
    seed 0 epoch 70/200: loss main 4.933e-07 aux 0.04838 val 0.1423 (395 s)
    seed 0 epoch 80/200: loss main 5.242e-07 aux 0.04594 val 0.1256 (452 s)
    seed 0: early stop at epoch 85, best inner val 0.1211 at epoch 65
  n=449 seed 0: inner validation internal term 0.1211 on 67 molecules (fit on 382)
  n=449 seed 0 (a): ring couplings 1.83 vs zero 3.76 (ratio 0.49) | corrected ω 4.90 (zero 23.27) | ΔH residual ratio 0.290
  n=449 seed 0 (b): ring couplings 2.02 vs zero 3.74 (ratio 0.54) | corrected ω 5.43 (zero 23.09) | ΔH residual ratio 0.369
  hybrid head: 216,089 parameters; F_low input scales 0.0509, 0.261, 0.11; SQM α per class on
  fresh sum body pre-flight: worst |output| 18.2 on the training molecules
  internal term on the pair model's pattern; class scales diag_bond 0.0121, diag_angle 0.0128, diag_dihedral 0.00128, diag_other 0.00477, off_bondbond 0.00407, off_other 0.00128
    seed 1 epoch 1/200: loss main 1.766e-06 aux 0.592 val 0.6679 (6 s)
    seed 1 epoch 10/200: loss main 1.134e-06 aux 0.1761 val 0.1904 (57 s)
    seed 1 epoch 20/200: loss main 9.094e-07 aux 0.1093 val 0.147 (113 s)
    seed 1 epoch 30/200: loss main 7.064e-07 aux 0.08744 val 0.1242 (170 s)
    seed 1 epoch 40/200: loss main 6.183e-07 aux 0.06874 val 0.1204 (226 s)
    seed 1 epoch 50/200: loss main 5.815e-07 aux 0.06416 val 0.1265 (283 s)
    seed 1 epoch 60/200: loss main 5.821e-07 aux 0.05619 val 0.1327 (339 s)
    seed 1 epoch 70/200: loss main 5.336e-07 aux 0.05049 val 0.1289 (396 s)
    seed 1 epoch 80/200: loss main 4.931e-07 aux 0.04363 val 0.1161 (452 s)
    seed 1 epoch 90/200: loss main 4.696e-07 aux 0.04125 val 0.106 (509 s)
    seed 1 epoch 100/200: loss main 5.263e-07 aux 0.03941 val 0.1021 (565 s)
    seed 1 epoch 110/200: loss main 4.63e-07 aux 0.03514 val 0.1005 (622 s)
    seed 1 epoch 120/200: loss main 4.235e-07 aux 0.02907 val 0.1076 (678 s)
    seed 1: early stop at epoch 129, best inner val 0.09915 at epoch 109
  n=449 seed 1: inner validation internal term 0.09915 on 67 molecules (fit on 382)
  n=449 seed 1 (a): ring couplings 1.65 vs zero 3.76 (ratio 0.44) | corrected ω 6.07 (zero 23.27) | ΔH residual ratio 0.298
  n=449 seed 1 (b): ring couplings 1.96 vs zero 3.74 (ratio 0.52) | corrected ω 6.85 (zero 23.09) | ΔH residual ratio 0.363
  hybrid head: 216,089 parameters; F_low input scales 0.0511, 0.262, 0.11; SQM α per class on
  fresh sum body pre-flight: worst |output| 25.2 on the training molecules
  internal term on the pair model's pattern; class scales diag_bond 0.0121, diag_angle 0.013, diag_dihedral 0.0013, diag_other 0.00463, off_bondbond 0.0041, off_other 0.0013
    seed 2 epoch 1/200: loss main 2.04e-06 aux 0.5985 val 0.5288 (6 s)
    seed 2 epoch 10/200: loss main 1.124e-06 aux 0.1676 val 0.233 (56 s)
    seed 2 epoch 20/200: loss main 8.081e-07 aux 0.1065 val 0.1911 (113 s)
    seed 2 epoch 30/200: loss main 7.838e-07 aux 0.0912 val 0.1562 (169 s)
    seed 2 epoch 40/200: loss main 8.019e-07 aux 0.07625 val 0.1554 (226 s)
    seed 2 epoch 50/200: loss main 6.565e-07 aux 0.0654 val 0.1507 (282 s)
    seed 2 epoch 60/200: loss main 5.811e-07 aux 0.0514 val 0.1591 (338 s)
    seed 2 epoch 70/200: loss main 5.402e-07 aux 0.04898 val 0.152 (395 s)
    seed 2: early stop at epoch 72, best inner val 0.1413 at epoch 52
  n=449 seed 2: inner validation internal term 0.1413 on 67 molecules (fit on 382)
  n=449 seed 2 (a): ring couplings 1.77 vs zero 3.76 (ratio 0.47) | corrected ω 6.15 (zero 23.27) | ΔH residual ratio 0.300
  n=449 seed 2 (b): ring couplings 1.98 vs zero 3.74 (ratio 0.53) | corrected ω 5.69 (zero 23.09) | ΔH residual ratio 0.358
  hybrid head: 216,089 parameters; F_low input scales 0.0507, 0.26, 0.11; SQM α per class on
  fresh sum body pre-flight: worst |output| 27.8 on the training molecules
  internal term on the pair model's pattern; class scales diag_bond 0.012, diag_angle 0.0126, diag_dihedral 0.00126, diag_other 0.00453, off_bondbond 0.00409, off_other 0.00126
    seed 0 epoch 1/200: loss main 1.581e-06 aux 0.538 val 0.5995 (9 s)
    seed 0 epoch 10/200: loss main 8.605e-07 aux 0.146 val 0.1963 (94 s)
    seed 0 epoch 20/200: loss main 6.853e-07 aux 0.1003 val 0.1768 (189 s)
    seed 0 epoch 30/200: loss main 5.578e-07 aux 0.07964 val 0.1494 (283 s)
    seed 0 epoch 40/200: loss main 5.374e-07 aux 0.07767 val 0.1401 (377 s)
    seed 0 epoch 50/200: loss main 5.23e-07 aux 0.06486 val 0.134 (472 s)
    seed 0 epoch 60/200: loss main 4.801e-07 aux 0.05091 val 0.1296 (567 s)
    seed 0 epoch 70/200: loss main 5.046e-07 aux 0.05732 val 0.1246 (661 s)
    seed 0: early stop at epoch 73, best inner val 0.1217 at epoch 53
  n=750 seed 0: inner validation internal term 0.1217 on 112 molecules (fit on 638)
  n=750 seed 0 (a): ring couplings 1.76 vs zero 3.76 (ratio 0.47) | corrected ω 5.79 (zero 23.27) | ΔH residual ratio 0.301
  n=750 seed 0 (b): ring couplings 1.92 vs zero 3.74 (ratio 0.51) | corrected ω 5.55 (zero 23.09) | ΔH residual ratio 0.358
  hybrid head: 216,089 parameters; F_low input scales 0.0506, 0.26, 0.109; SQM α per class on
  fresh sum body pre-flight: worst |output| 18.2 on the training molecules
  internal term on the pair model's pattern; class scales diag_bond 0.012, diag_angle 0.0125, diag_dihedral 0.00125, diag_other 0.00461, off_bondbond 0.00413, off_other 0.00125
    seed 1 epoch 1/200: loss main 2.083e-06 aux 0.5511 val 0.5293 (9 s)
    seed 1 epoch 10/200: loss main 9.027e-07 aux 0.1446 val 0.1856 (95 s)
    seed 1 epoch 20/200: loss main 7.61e-07 aux 0.09982 val 0.1447 (189 s)
    seed 1 epoch 30/200: loss main 5.652e-07 aux 0.07446 val 0.1415 (284 s)
    seed 1 epoch 40/200: loss main 5.493e-07 aux 0.06625 val 0.1334 (378 s)
    seed 1 epoch 50/200: loss main 5.534e-07 aux 0.06109 val 0.1271 (473 s)
    seed 1 epoch 60/200: loss main 4.996e-07 aux 0.0541 val 0.1239 (568 s)
    seed 1 epoch 70/200: loss main 4.908e-07 aux 0.04479 val 0.1304 (662 s)
    seed 1 epoch 80/200: loss main 4.801e-07 aux 0.04223 val 0.1295 (757 s)
    seed 1 epoch 90/200: loss main 5.121e-07 aux 0.04284 val 0.1241 (852 s)
    seed 1 epoch 100/200: loss main 4.742e-07 aux 0.04159 val 0.1214 (946 s)
    seed 1 epoch 110/200: loss main 4.37e-07 aux 0.0335 val 0.1228 (1041 s)
    seed 1: early stop at epoch 118, best inner val 0.115 at epoch 98
  n=750 seed 1: inner validation internal term 0.115 on 112 molecules (fit on 638)
  n=750 seed 1 (a): ring couplings 1.74 vs zero 3.76 (ratio 0.46) | corrected ω 5.13 (zero 23.27) | ΔH residual ratio 0.285
  n=750 seed 1 (b): ring couplings 1.86 vs zero 3.74 (ratio 0.50) | corrected ω 5.13 (zero 23.09) | ΔH residual ratio 0.337
  hybrid head: 216,089 parameters; F_low input scales 0.0508, 0.261, 0.11; SQM α per class on
  fresh sum body pre-flight: worst |output| 26.8 on the training molecules
  internal term on the pair model's pattern; class scales diag_bond 0.012, diag_angle 0.0126, diag_dihedral 0.00126, diag_other 0.00457, off_bondbond 0.0041, off_other 0.00126
    seed 2 epoch 1/200: loss main 1.878e-06 aux 0.5513 val 0.4803 (9 s)
    seed 2 epoch 10/200: loss main 9.268e-07 aux 0.1453 val 0.2028 (94 s)
    seed 2 epoch 20/200: loss main 6.562e-07 aux 0.09828 val 0.1586 (189 s)
    seed 2 epoch 30/200: loss main 5.618e-07 aux 0.0777 val 0.1397 (284 s)
    seed 2 epoch 40/200: loss main 5.162e-07 aux 0.0652 val 0.1296 (378 s)
    seed 2 epoch 50/200: loss main 4.956e-07 aux 0.0603 val 0.1274 (473 s)
    seed 2 epoch 60/200: loss main 4.901e-07 aux 0.05412 val 0.1279 (566 s)
    seed 2 epoch 70/200: loss main 4.649e-07 aux 0.04798 val 0.1287 (660 s)
    seed 2 epoch 80/200: loss main 4.473e-07 aux 0.04383 val 0.1262 (755 s)
    seed 2 epoch 90/200: loss main 4.35e-07 aux 0.03792 val 0.1212 (849 s)
    seed 2 epoch 100/200: loss main 4.661e-07 aux 0.04312 val 0.1249 (943 s)
    seed 2 epoch 110/200: loss main 4.452e-07 aux 0.03719 val 0.1242 (1037 s)
    seed 2: early stop at epoch 110, best inner val 0.1212 at epoch 90
  n=750 seed 2: inner validation internal term 0.1212 on 112 molecules (fit on 638)
  n=750 seed 2 (a): ring couplings 1.67 vs zero 3.76 (ratio 0.44) | corrected ω 5.11 (zero 23.27) | ΔH residual ratio 0.282
  n=750 seed 2 (b): ring couplings 1.81 vs zero 3.74 (ratio 0.49) | corrected ω 5.20 (zero 23.09) | ΔH residual ratio 0.334
wrote out/E7_rungC_hybrid_scale_2026-10-01.json/.md in 5131 s
=== hybrid scaling done Thu Oct  1 02:14:22 WEDT 2026
analytic second-route Hessians substituted for 27 molecules
799 molecules; pool 176; hold-out (a) 10, (b) 39 (['fluoranthene', 'fluorene']); sizes [175]; seeds [0]; epochs 200; threads 8; model 171,554 parameters, sum aggregation
  hybrid head: 216,089 parameters; F_low input scales 0.0452, 0.241, 0.0971; SQM α per class on
  fresh sum body pre-flight: worst |output| 24.4 on the training molecules
  internal term on the pair model's pattern; class scales diag_bond 0.0117, diag_angle 0.00862, diag_dihedral 0.00117, diag_other 0.00383, off_bondbond 0.00415, off_other 0.00117
    seed 0 epoch 1/200: loss main 1.676e-06 aux 0.3303 val 0.2554 (2 s)
    seed 0 epoch 10/200: loss main 1.5e-06 aux 0.1609 val 0.1305 (24 s)
    seed 0 epoch 20/200: loss main 7.269e-07 aux 0.09909 val 0.09134 (49 s)
    seed 0 epoch 30/200: loss main 6.117e-07 aux 0.09144 val 0.08486 (73 s)
    seed 0 epoch 40/200: loss main 5.218e-07 aux 0.0598 val 0.08859 (97 s)
    seed 0 epoch 50/200: loss main 5.218e-07 aux 0.04606 val 0.0799 (122 s)
    seed 0 epoch 60/200: loss main 4.957e-07 aux 0.03998 val 0.07517 (146 s)
    seed 0 epoch 70/200: loss main 4.782e-07 aux 0.04168 val 0.06924 (170 s)
    seed 0 epoch 80/200: loss main 4.423e-07 aux 0.03706 val 0.07582 (195 s)
    seed 0 epoch 90/200: loss main 4.112e-07 aux 0.02939 val 0.07338 (220 s)
    seed 0 epoch 100/200: loss main 3.799e-07 aux 0.02712 val 0.08556 (244 s)
    seed 0 epoch 110/200: loss main 3.934e-07 aux 0.02498 val 0.06997 (268 s)
    seed 0: early stop at epoch 118, best inner val 0.06669 at epoch 98
  n=175 seed 0: inner validation internal term 0.06669 on 26 molecules (fit on 149)
  n=175 seed 0 (a): ring couplings 1.63 vs zero 3.76 (ratio 0.43) | corrected ω 4.65 (zero 23.27) | ΔH residual ratio 0.273
  n=175 seed 0 (b): ring couplings 1.79 vs zero 3.74 (ratio 0.48) | corrected ω 4.74 (zero 23.09) | ΔH residual ratio 0.321
wrote out/E7_rungC_hybrid_zerohlow_2026-10-01.json/.md in 339 s
=== hybrid zeroed-H_low control done Thu Oct  1 02:20:04 WEDT 2026
=== night chain 4 finished Thu Oct  1 02:20:04 WEDT 2026
