# Stage pick — out/E7_rungC_s1_{label}_2026-09-27

| cell | flags | n | inner term (seed mean) | per seed | (a) ratio | (a) ω | (b) ratio | (b) ω |
|---|---|---|---|---|---|---|---|---|
| i | `(registered)` | 175 | 0.3873 | 0.3404, 0.4770, 0.3446 | 0.96 | 11.16 | 0.96 | 10.44 |
| ii **winner** | `--aux-weight 1.0` | 175 | 0.3025 | 0.2925, 0.3175, 0.2975 | 0.88 | 10.01 | 0.89 | 9.21 |
| iii | `--loss internal` | 175 | 0.3285 | 0.2925, 0.3223, 0.3706 | 0.89 | 10.44 | 0.90 | 9.60 |
| iv | `--loss internal --scale class` | 175 | 0.5113 | 0.4092, 0.4253, 0.6994 | 0.99 | 10.79 | 0.98 | 10.52 |

winner: ii → flags `--aux-weight 1.0` (chosen by the inner term alone, as registered)

=== stage 2 start Sun Sep 27 20:36:51 WEDT 2026; stage-1 winner flags: [--aux-weight 1.0]
analytic second-route Hessians substituted for 23 molecules
498 molecules; pool 175; hold-out (a) 10, (b) 39 (['fluoranthene', 'fluorene']); sizes [175]; seeds [0, 1, 2]; epochs 60; threads 8; model 171,554 parameters
    seed 0 epoch 1/60: loss main 9.696e-06 aux 10.59 val 4.322 (2 s)
    seed 0 epoch 10/60: loss main 2.48e-06 aux 0.5518 val 0.491 (18 s)
    seed 0 epoch 20/60: loss main 1.543e-06 aux 0.3953 val 0.4166 (35 s)
    seed 0 epoch 30/60: loss main 1.401e-06 aux 0.3653 val 0.3474 (52 s)
    seed 0 epoch 40/60: loss main 1.325e-06 aux 0.3384 val 0.3547 (70 s)
    seed 0 epoch 50/60: loss main 1.29e-06 aux 0.3331 val 0.3305 (88 s)
    seed 0 epoch 60/60: loss main 1.209e-06 aux 0.3217 val 0.3269 (105 s)
  n=175 seed 0: inner validation internal term 0.3269 on 26 molecules (fit on 149)
  n=175 seed 0 (a): ring couplings 3.54 vs zero 3.76 (ratio 0.94) | corrected ω 10.43 (zero 23.29) | ΔH residual ratio 0.698
  n=175 seed 0 (b): ring couplings 3.54 vs zero 3.74 (ratio 0.95) | corrected ω 9.88 (zero 23.09) | ΔH residual ratio 0.714
    seed 1 epoch 1/60: loss main 8.235e-06 aux 4.203 val 1.975 (2 s)
    seed 1 epoch 10/60: loss main 2.561e-06 aux 0.5275 val 0.6211 (18 s)
    seed 1 epoch 20/60: loss main 1.569e-06 aux 0.411 val 0.5359 (35 s)
    seed 1 epoch 30/60: loss main 1.39e-06 aux 0.3502 val 0.3774 (52 s)
    seed 1 epoch 40/60: loss main 1.301e-06 aux 0.3239 val 0.4029 (70 s)
    seed 1 epoch 50/60: loss main 1.255e-06 aux 0.3322 val 0.3462 (87 s)
    seed 1 epoch 60/60: loss main 1.183e-06 aux 0.2986 val 0.3602 (105 s)
  n=175 seed 1: inner validation internal term 0.3602 on 26 molecules (fit on 149)
  n=175 seed 1 (a): ring couplings 3.56 vs zero 3.76 (ratio 0.95) | corrected ω 11.02 (zero 23.29) | ΔH residual ratio 0.691
  n=175 seed 1 (b): ring couplings 3.55 vs zero 3.74 (ratio 0.95) | corrected ω 10.15 (zero 23.09) | ΔH residual ratio 0.706
    seed 2 epoch 1/60: loss main 1.111e-05 aux 29.36 val 3.572 (2 s)
    seed 2 epoch 10/60: loss main 2.561e-06 aux 0.544 val 0.5031 (18 s)
    seed 2 epoch 20/60: loss main 1.446e-06 aux 0.3924 val 0.5066 (35 s)
    seed 2 epoch 30/60: loss main 1.354e-06 aux 0.3484 val 0.3923 (53 s)
    seed 2 epoch 40/60: loss main 1.298e-06 aux 0.3329 val 0.3731 (70 s)
    seed 2 epoch 50/60: loss main 1.264e-06 aux 0.3218 val 0.3527 (87 s)
    seed 2 epoch 60/60: loss main 1.206e-06 aux 0.309 val 0.3634 (105 s)
  n=175 seed 2: inner validation internal term 0.3634 on 26 molecules (fit on 149)
  n=175 seed 2 (a): ring couplings 3.54 vs zero 3.76 (ratio 0.94) | corrected ω 10.49 (zero 23.29) | ΔH residual ratio 0.696
  n=175 seed 2 (b): ring couplings 3.53 vs zero 3.74 (ratio 0.94) | corrected ω 10.07 (zero 23.09) | ΔH residual ratio 0.711
wrote out/E7_rungC_s2_lr3e-4_e60_2026-09-27.json/.md in 332 s
=== cell lr 3e-4 e60 done Sun Sep 27 20:42:26 WEDT 2026
analytic second-route Hessians substituted for 23 molecules
498 molecules; pool 175; hold-out (a) 10, (b) 39 (['fluoranthene', 'fluorene']); sizes [175]; seeds [0, 1, 2]; epochs 200; threads 8; model 171,554 parameters
    seed 0 epoch 1/200: loss main 9.646e-06 aux 10.09 val 1.143 (2 s)
    seed 0 epoch 10/200: loss main 2.593e-06 aux 0.5861 val 0.4614 (17 s)
    seed 0 epoch 20/200: loss main 1.55e-06 aux 0.4012 val 0.3854 (35 s)
    seed 0 epoch 30/200: loss main 1.39e-06 aux 0.3498 val 0.3571 (52 s)
    seed 0 epoch 40/200: loss main 1.333e-06 aux 0.3325 val 0.4517 (70 s)
    seed 0 epoch 50/200: loss main 1.277e-06 aux 0.326 val 0.3351 (88 s)
    seed 0 epoch 60/200: loss main 1.233e-06 aux 0.3251 val 0.3506 (105 s)
    seed 0 epoch 70/200: loss main 1.184e-06 aux 0.3096 val 0.3204 (122 s)
    seed 0 epoch 80/200: loss main 1.093e-06 aux 0.288 val 0.3143 (140 s)
    seed 0 epoch 90/200: loss main 1.033e-06 aux 0.2759 val 0.3205 (157 s)
    seed 0 epoch 100/200: loss main 9.63e-07 aux 0.2647 val 0.2914 (174 s)
    seed 0 epoch 110/200: loss main 9.348e-07 aux 0.2661 val 0.2775 (192 s)
    seed 0 epoch 120/200: loss main 8.751e-07 aux 0.2483 val 0.2719 (210 s)
    seed 0 epoch 130/200: loss main 8.573e-07 aux 0.2568 val 0.2674 (227 s)
    seed 0 epoch 140/200: loss main 8.263e-07 aux 0.2361 val 0.2615 (245 s)
    seed 0 epoch 150/200: loss main 8.119e-07 aux 0.2371 val 0.2746 (262 s)
    seed 0 epoch 160/200: loss main 8.079e-07 aux 0.239 val 0.2637 (279 s)
    seed 0 epoch 170/200: loss main 7.837e-07 aux 0.2339 val 0.2764 (297 s)
    seed 0 epoch 180/200: loss main 7.791e-07 aux 0.2358 val 0.263 (314 s)
    seed 0 epoch 190/200: loss main 7.607e-07 aux 0.2167 val 0.2479 (332 s)
    seed 0 epoch 200/200: loss main 7.507e-07 aux 0.2201 val 0.2525 (349 s)
  n=175 seed 0: inner validation internal term 0.2479 on 26 molecules (fit on 149)
  n=175 seed 0 (a): ring couplings 3.01 vs zero 3.76 (ratio 0.80) | corrected ω 9.75 (zero 23.29) | ΔH residual ratio 0.604
  n=175 seed 0 (b): ring couplings 3.10 vs zero 3.74 (ratio 0.83) | corrected ω 8.53 (zero 23.09) | ΔH residual ratio 0.590
    seed 1 epoch 1/200: loss main 8.206e-06 aux 4.11 val 2.288 (2 s)
    seed 1 epoch 10/200: loss main 2.534e-06 aux 0.519 val 0.5537 (18 s)
    seed 1 epoch 20/200: loss main 1.553e-06 aux 0.3917 val 0.4185 (35 s)
    seed 1 epoch 30/200: loss main 1.419e-06 aux 0.3535 val 0.3675 (53 s)
    seed 1 epoch 40/200: loss main 1.302e-06 aux 0.3218 val 0.3726 (71 s)
    seed 1 epoch 50/200: loss main 1.247e-06 aux 0.3149 val 0.3584 (88 s)
    seed 1 epoch 60/200: loss main 1.18e-06 aux 0.3062 val 0.3711 (105 s)
    seed 1 epoch 70/200: loss main 1.116e-06 aux 0.2955 val 0.3304 (123 s)
    seed 1 epoch 80/200: loss main 1.036e-06 aux 0.2782 val 0.3756 (140 s)
    seed 1 epoch 90/200: loss main 9.708e-07 aux 0.2697 val 0.319 (158 s)
    seed 1 epoch 100/200: loss main 8.9e-07 aux 0.2545 val 0.2915 (175 s)
    seed 1 epoch 110/200: loss main 8.496e-07 aux 0.242 val 0.327 (193 s)
    seed 1 epoch 120/200: loss main 8.268e-07 aux 0.2355 val 0.285 (210 s)
    seed 1 epoch 130/200: loss main 8.039e-07 aux 0.2383 val 0.2842 (227 s)
    seed 1 epoch 140/200: loss main 7.836e-07 aux 0.2266 val 0.2699 (245 s)
    seed 1 epoch 150/200: loss main 7.676e-07 aux 0.2321 val 0.2837 (262 s)
    seed 1 epoch 160/200: loss main 7.587e-07 aux 0.2264 val 0.2905 (280 s)
    seed 1: early stop at epoch 166, best inner val 0.2612 at epoch 146
  n=175 seed 1: inner validation internal term 0.2612 on 26 molecules (fit on 149)
  n=175 seed 1 (a): ring couplings 3.08 vs zero 3.76 (ratio 0.82) | corrected ω 10.12 (zero 23.29) | ΔH residual ratio 0.606
  n=175 seed 1 (b): ring couplings 3.08 vs zero 3.74 (ratio 0.83) | corrected ω 8.46 (zero 23.09) | ΔH residual ratio 0.575
    seed 2 epoch 1/200: loss main 1.114e-05 aux 29.38 val 9.285 (2 s)
    seed 2 epoch 10/200: loss main 2.271e-06 aux 0.5809 val 0.4975 (18 s)
    seed 2 epoch 20/200: loss main 1.464e-06 aux 0.422 val 0.3722 (35 s)
    seed 2 epoch 30/200: loss main 1.366e-06 aux 0.3549 val 0.4233 (53 s)
    seed 2 epoch 40/200: loss main 1.313e-06 aux 0.3364 val 0.4027 (70 s)
    seed 2 epoch 50/200: loss main 1.291e-06 aux 0.336 val 0.4149 (87 s)
    seed 2 epoch 60/200: loss main 1.247e-06 aux 0.3191 val 0.4966 (105 s)
    seed 2 epoch 70/200: loss main 1.197e-06 aux 0.3007 val 0.3831 (122 s)
    seed 2 epoch 80/200: loss main 1.126e-06 aux 0.2909 val 0.3466 (140 s)
    seed 2 epoch 90/200: loss main 1.057e-06 aux 0.2786 val 0.3623 (157 s)
    seed 2 epoch 100/200: loss main 9.775e-07 aux 0.2639 val 0.4058 (175 s)
    seed 2 epoch 110/200: loss main 9.283e-07 aux 0.2549 val 0.3239 (193 s)
    seed 2 epoch 120/200: loss main 8.828e-07 aux 0.2443 val 0.3748 (211 s)
    seed 2 epoch 130/200: loss main 8.592e-07 aux 0.2478 val 0.3326 (228 s)
    seed 2 epoch 140/200: loss main 8.362e-07 aux 0.231 val 0.3147 (246 s)
    seed 2 epoch 150/200: loss main 8.189e-07 aux 0.2301 val 0.3146 (263 s)
    seed 2 epoch 160/200: loss main 8.067e-07 aux 0.2265 val 0.3297 (281 s)
    seed 2: early stop at epoch 162, best inner val 0.2954 at epoch 142
  n=175 seed 2: inner validation internal term 0.2954 on 26 molecules (fit on 149)
  n=175 seed 2 (a): ring couplings 3.09 vs zero 3.76 (ratio 0.82) | corrected ω 10.36 (zero 23.29) | ΔH residual ratio 0.614
  n=175 seed 2 (b): ring couplings 3.15 vs zero 3.74 (ratio 0.84) | corrected ω 9.12 (zero 23.09) | ΔH residual ratio 0.606
wrote out/E7_rungC_s2_lr3e-4_e200_2026-09-27.json/.md in 942 s
=== cell lr 3e-4 e200 done Sun Sep 27 20:58:11 WEDT 2026
analytic second-route Hessians substituted for 23 molecules
498 molecules; pool 175; hold-out (a) 10, (b) 39 (['fluoranthene', 'fluorene']); sizes [175]; seeds [0, 1, 2]; epochs 60; threads 8; model 171,554 parameters
    seed 0 epoch 1/60: loss main 1.508e-05 aux 41.72 val 1.029 (2 s)
    seed 0 epoch 10/60: loss main 1.525e-06 aux 0.4648 val 0.3824 (17 s)
    seed 0 epoch 20/60: loss main 1.339e-06 aux 0.3585 val 0.3461 (35 s)
    seed 0 epoch 30/60: loss main 1.273e-06 aux 0.3481 val 0.4796 (52 s)
    seed 0 epoch 40/60: loss main 1.203e-06 aux 0.3171 val 0.3543 (70 s)
    seed 0 epoch 50/60: loss main 1.126e-06 aux 0.3145 val 0.3176 (87 s)
    seed 0 epoch 60/60: loss main 1.025e-06 aux 0.2888 val 0.3056 (106 s)
  n=175 seed 0: inner validation internal term 0.3056 on 26 molecules (fit on 149)
  n=175 seed 0 (a): ring couplings 3.35 vs zero 3.76 (ratio 0.89) | corrected ω 9.86 (zero 23.29) | ΔH residual ratio 0.661
  n=175 seed 0 (b): ring couplings 3.33 vs zero 3.74 (ratio 0.89) | corrected ω 9.13 (zero 23.09) | ΔH residual ratio 0.658
    seed 1 epoch 1/60: loss main 8.198e-06 aux 11.71 val 4.779 (2 s)
    seed 1 epoch 10/60: loss main 1.502e-06 aux 0.4072 val 0.4685 (18 s)
    seed 1 epoch 20/60: loss main 1.356e-06 aux 0.3964 val 0.4259 (35 s)
    seed 1 epoch 30/60: loss main 1.282e-06 aux 0.3602 val 0.5055 (53 s)
    seed 1 epoch 40/60: loss main 1.124e-06 aux 0.3128 val 0.3601 (71 s)
    seed 1 epoch 50/60: loss main 1.033e-06 aux 0.296 val 0.304 (88 s)
    seed 1 epoch 60/60: loss main 9.709e-07 aux 0.2777 val 0.3056 (105 s)
  n=175 seed 1: inner validation internal term 0.3056 on 26 molecules (fit on 149)
  n=175 seed 1 (a): ring couplings 3.27 vs zero 3.76 (ratio 0.87) | corrected ω 10.48 (zero 23.29) | ΔH residual ratio 0.646
  n=175 seed 1 (b): ring couplings 3.31 vs zero 3.74 (ratio 0.89) | corrected ω 9.63 (zero 23.09) | ΔH residual ratio 0.639
    seed 2 epoch 1/60: loss main 1.075e-05 aux 22.06 val 1.36 (2 s)
    seed 2 epoch 10/60: loss main 1.427e-06 aux 0.3912 val 0.4545 (17 s)
    seed 2 epoch 20/60: loss main 1.34e-06 aux 0.3874 val 0.419 (35 s)
    seed 2 epoch 30/60: loss main 1.266e-06 aux 0.3338 val 0.4637 (53 s)
    seed 2 epoch 40/60: loss main 1.197e-06 aux 0.3188 val 0.3319 (70 s)
    seed 2 epoch 50/60: loss main 1.063e-06 aux 0.2949 val 0.3341 (88 s)
    seed 2 epoch 60/60: loss main 9.847e-07 aux 0.2838 val 0.3248 (105 s)
  n=175 seed 2: inner validation internal term 0.3248 on 26 molecules (fit on 149)
  n=175 seed 2 (a): ring couplings 3.32 vs zero 3.76 (ratio 0.88) | corrected ω 10.48 (zero 23.29) | ΔH residual ratio 0.664
  n=175 seed 2 (b): ring couplings 3.28 vs zero 3.74 (ratio 0.88) | corrected ω 9.62 (zero 23.09) | ΔH residual ratio 0.648
wrote out/E7_rungC_s2_lr1e-3_e60_2026-09-27.json/.md in 335 s
=== cell lr 1e-3 e60 done Sun Sep 27 21:03:49 WEDT 2026
analytic second-route Hessians substituted for 23 molecules
498 molecules; pool 175; hold-out (a) 10, (b) 39 (['fluoranthene', 'fluorene']); sizes [175]; seeds [0, 1, 2]; epochs 200; threads 8; model 171,554 parameters
    seed 0 epoch 1/200: loss main 1.508e-05 aux 41.72 val 0.987 (2 s)
    seed 0 epoch 10/200: loss main 1.491e-06 aux 0.4372 val 0.3745 (17 s)
    seed 0 epoch 20/200: loss main 1.334e-06 aux 0.3584 val 0.3698 (35 s)
    seed 0 epoch 30/200: loss main 1.298e-06 aux 0.3682 val 0.3384 (52 s)
    seed 0 epoch 40/200: loss main 1.227e-06 aux 0.3399 val 0.3248 (70 s)
    seed 0 epoch 50/200: loss main 1.128e-06 aux 0.31 val 0.3165 (87 s)
    seed 0 epoch 60/200: loss main 1.061e-06 aux 0.2994 val 0.3068 (105 s)
    seed 0 epoch 70/200: loss main 1.004e-06 aux 0.287 val 0.2956 (122 s)
    seed 0 epoch 80/200: loss main 9.467e-07 aux 0.287 val 0.2961 (140 s)
    seed 0 epoch 90/200: loss main 9.023e-07 aux 0.267 val 0.2803 (157 s)
    seed 0 epoch 100/200: loss main 8.528e-07 aux 0.2513 val 0.2832 (175 s)
    seed 0 epoch 110/200: loss main 8.448e-07 aux 0.2573 val 0.2824 (193 s)
    seed 0 epoch 120/200: loss main 8.216e-07 aux 0.2483 val 0.2643 (211 s)
    seed 0 epoch 130/200: loss main 8.043e-07 aux 0.2441 val 0.2741 (229 s)
    seed 0 epoch 140/200: loss main 7.956e-07 aux 0.2422 val 0.2735 (246 s)
    seed 0 epoch 150/200: loss main 7.778e-07 aux 0.2469 val 0.2726 (264 s)
    seed 0 epoch 160/200: loss main 7.712e-07 aux 0.246 val 0.2664 (281 s)
    seed 0 epoch 170/200: loss main 7.571e-07 aux 0.2329 val 0.2621 (299 s)
    seed 0 epoch 180/200: loss main 7.522e-07 aux 0.2346 val 0.2543 (316 s)
    seed 0: early stop at epoch 187, best inner val 0.2485 at epoch 167
  n=175 seed 0: inner validation internal term 0.2485 on 26 molecules (fit on 149)
  n=175 seed 0 (a): ring couplings 3.03 vs zero 3.76 (ratio 0.81) | corrected ω 9.44 (zero 23.29) | ΔH residual ratio 0.599
  n=175 seed 0 (b): ring couplings 3.08 vs zero 3.74 (ratio 0.82) | corrected ω 8.39 (zero 23.09) | ΔH residual ratio 0.578
    seed 1 epoch 1/200: loss main 8.087e-06 aux 11.52 val 5.425 (2 s)
    seed 1 epoch 10/200: loss main 1.43e-06 aux 0.3978 val 0.3759 (18 s)
    seed 1 epoch 20/200: loss main 1.344e-06 aux 0.3536 val 0.3719 (35 s)
    seed 1 epoch 30/200: loss main 1.257e-06 aux 0.3752 val 0.3649 (53 s)
    seed 1 epoch 40/200: loss main 1.114e-06 aux 0.3182 val 0.3557 (70 s)
    seed 1 epoch 50/200: loss main 1.013e-06 aux 0.2993 val 0.3241 (88 s)
    seed 1 epoch 60/200: loss main 9.705e-07 aux 0.2849 val 0.3203 (105 s)
    seed 1 epoch 70/200: loss main 9.461e-07 aux 0.2859 val 0.3136 (123 s)
    seed 1 epoch 80/200: loss main 8.981e-07 aux 0.2862 val 0.3282 (141 s)
    seed 1 epoch 90/200: loss main 8.427e-07 aux 0.2523 val 0.2912 (159 s)
    seed 1 epoch 100/200: loss main 8.27e-07 aux 0.2512 val 0.2763 (176 s)
    seed 1 epoch 110/200: loss main 8.169e-07 aux 0.247 val 0.3148 (194 s)
    seed 1 epoch 120/200: loss main 7.876e-07 aux 0.2424 val 0.2728 (212 s)
    seed 1 epoch 130/200: loss main 7.689e-07 aux 0.2325 val 0.2783 (229 s)
    seed 1 epoch 140/200: loss main 7.792e-07 aux 0.2343 val 0.281 (247 s)
    seed 1 epoch 150/200: loss main 7.522e-07 aux 0.2332 val 0.2627 (264 s)
    seed 1 epoch 160/200: loss main 7.502e-07 aux 0.2251 val 0.2952 (282 s)
    seed 1: early stop at epoch 161, best inner val 0.2561 at epoch 141
  n=175 seed 1: inner validation internal term 0.2561 on 26 molecules (fit on 149)
  n=175 seed 1 (a): ring couplings 3.10 vs zero 3.76 (ratio 0.83) | corrected ω 9.57 (zero 23.29) | ΔH residual ratio 0.610
  n=175 seed 1 (b): ring couplings 3.21 vs zero 3.74 (ratio 0.86) | corrected ω 8.67 (zero 23.09) | ΔH residual ratio 0.603
    seed 2 epoch 1/200: loss main 1.054e-05 aux 22.11 val 1.221 (2 s)
    seed 2 epoch 10/200: loss main 1.43e-06 aux 0.39 val 0.3918 (18 s)
    seed 2 epoch 20/200: loss main 1.341e-06 aux 0.3755 val 0.3617 (35 s)
    seed 2 epoch 30/200: loss main 1.296e-06 aux 0.3492 val 0.4223 (53 s)
    seed 2 epoch 40/200: loss main 1.18e-06 aux 0.3186 val 0.3987 (70 s)
    seed 2 epoch 50/200: loss main 1.043e-06 aux 0.2946 val 0.3518 (88 s)
    seed 2 epoch 60/200: loss main 9.784e-07 aux 0.2749 val 0.3129 (105 s)
    seed 2 epoch 70/200: loss main 9.376e-07 aux 0.2783 val 0.3162 (123 s)
    seed 2 epoch 80/200: loss main 8.947e-07 aux 0.2611 val 0.3223 (141 s)
    seed 2 epoch 90/200: loss main 8.541e-07 aux 0.2498 val 0.3502 (158 s)
    seed 2 epoch 100/200: loss main 8.434e-07 aux 0.2547 val 0.3026 (176 s)
    seed 2 epoch 110/200: loss main 8.111e-07 aux 0.2419 val 0.2972 (194 s)
    seed 2 epoch 120/200: loss main 7.863e-07 aux 0.2399 val 0.3136 (211 s)
    seed 2 epoch 130/200: loss main 7.46e-07 aux 0.2285 val 0.3235 (229 s)
    seed 2 epoch 140/200: loss main 7.211e-07 aux 0.2184 val 0.2857 (246 s)
    seed 2 epoch 150/200: loss main 7.188e-07 aux 0.2256 val 0.2882 (264 s)
    seed 2 epoch 160/200: loss main 7.208e-07 aux 0.2205 val 0.2949 (281 s)
    seed 2: early stop at epoch 160, best inner val 0.2857 at epoch 140
  n=175 seed 2: inner validation internal term 0.2857 on 26 molecules (fit on 149)
  n=175 seed 2 (a): ring couplings 3.02 vs zero 3.76 (ratio 0.80) | corrected ω 9.24 (zero 23.29) | ΔH residual ratio 0.596
  n=175 seed 2 (b): ring couplings 3.13 vs zero 3.74 (ratio 0.84) | corrected ω 8.31 (zero 23.09) | ΔH residual ratio 0.583
wrote out/E7_rungC_s2_lr1e-3_e200_2026-09-27.json/.md in 913 s
=== cell lr 1e-3 e200 done Sun Sep 27 21:19:05 WEDT 2026
analytic second-route Hessians substituted for 23 molecules
498 molecules; pool 175; hold-out (a) 10, (b) 39 (['fluoranthene', 'fluorene']); sizes [175]; seeds [0, 1, 2]; epochs 60; threads 8; model 171,554 parameters
    seed 0 epoch 1/60: loss main 5.04e-05 aux 257.1 val 0.9796 (2 s)
    seed 0 epoch 10/60: loss main 1.49e-06 aux 0.6122 val 0.4663 (17 s)
    seed 0 epoch 20/60: loss main 1.386e-06 aux 0.4136 val 0.3707 (35 s)
    seed 0 epoch 30/60: loss main 6.727e-06 aux 0.7377 val 0.6942 (52 s)
    seed 0 epoch 40/60: loss main 6.364e-06 aux 0.6813 val 0.6825 (70 s)
    seed 0 epoch 50/60: loss main 6.118e-06 aux 0.6399 val 0.68 (87 s)
    seed 0 epoch 60/60: loss main 5.932e-06 aux 0.6253 val 0.6074 (104 s)
  n=175 seed 0: inner validation internal term 0.6074 on 26 molecules (fit on 149)
  n=175 seed 0 (a): ring couplings 3.85 vs zero 3.76 (ratio 1.02) | corrected ω 19.20 (zero 23.29) | ΔH residual ratio 0.923
  n=175 seed 0 (b): ring couplings 3.82 vs zero 3.74 (ratio 1.02) | corrected ω 19.00 (zero 23.09) | ΔH residual ratio 0.941
    seed 1 epoch 1/60: loss main 1.68e-05 aux 61.74 val 0.7487 (2 s)
    seed 1 epoch 10/60: loss main 1.519e-06 aux 0.5166 val 0.4779 (18 s)
    seed 1 epoch 20/60: loss main 1.419e-06 aux 0.4173 val 0.4077 (35 s)
    seed 1 epoch 30/60: loss main 1.33e-06 aux 0.3758 val 0.4141 (53 s)
    seed 1 epoch 40/60: loss main 1.331e-06 aux 0.3809 val 0.3851 (70 s)
    seed 1 epoch 50/60: loss main nan aux nan val nan (88 s)
    seed 1 epoch 60/60: loss main nan aux nan val nan (106 s)
  n=175 seed 1: inner validation internal term nan on 26 molecules (fit on 149)
  n=175 seed 1 (a): ring couplings nan vs zero 3.76 (ratio nan) | corrected ω nan (zero 23.29) | ΔH residual ratio nan
  n=175 seed 1 (b): ring couplings nan vs zero 3.74 (ratio nan) | corrected ω nan (zero 23.09) | ΔH residual ratio nan
    seed 2 epoch 1/60: loss main 3.761e-05 aux 303.2 val 0.8216 (2 s)
    seed 2 epoch 10/60: loss main 1.529e-06 aux 0.4648 val 0.42 (18 s)
    seed 2 epoch 20/60: loss main 1.461e-06 aux 0.5946 val 0.4004 (35 s)
    seed 2 epoch 30/60: loss main 1.418e-06 aux 0.4015 val 0.3706 (53 s)
    seed 2 epoch 40/60: loss main 1.292e-06 aux 0.3473 val 0.4071 (70 s)
    seed 2 epoch 50/60: loss main 1.24e-06 aux 0.342 val 0.3885 (88 s)
    seed 2 epoch 60/60: loss main 1.17e-06 aux 0.3344 val 0.3933 (105 s)
  n=175 seed 2: inner validation internal term 0.3933 on 26 molecules (fit on 149)
  n=175 seed 2 (a): ring couplings 3.52 vs zero 3.76 (ratio 0.94) | corrected ω 11.30 (zero 23.29) | ΔH residual ratio 0.669
  n=175 seed 2 (b): ring couplings 3.48 vs zero 3.74 (ratio 0.93) | corrected ω 10.88 (zero 23.09) | ΔH residual ratio 0.680
wrote out/E7_rungC_s2_lr3e-3_e60_2026-09-27.json/.md in 335 s
=== cell lr 3e-3 e60 done Sun Sep 27 21:24:42 WEDT 2026
analytic second-route Hessians substituted for 23 molecules
498 molecules; pool 175; hold-out (a) 10, (b) 39 (['fluoranthene', 'fluorene']); sizes [175]; seeds [0, 1, 2]; epochs 200; threads 8; model 171,554 parameters
    seed 0 epoch 1/200: loss main 5.033e-05 aux 257.1 val 1.17 (2 s)
    seed 0 epoch 10/200: loss main 1.465e-06 aux 0.5004 val 0.462 (17 s)
    seed 0 epoch 20/200: loss main 1.455e-06 aux 0.4608 val 0.3674 (35 s)
    seed 0 epoch 30/200: loss main 1.377e-06 aux 0.3793 val 0.3365 (52 s)
    seed 0 epoch 40/200: loss main 1.347e-06 aux 0.3583 val 0.374 (70 s)
    seed 0 epoch 50/200: loss main 1.309e-06 aux 0.4957 val 0.3454 (87 s)
    seed 0 epoch 60/200: loss main 1.19e-06 aux 0.3246 val 0.3142 (105 s)
    seed 0 epoch 70/200: loss main nan aux nan val nan (122 s)
    seed 0 epoch 80/200: loss main nan aux nan val nan (140 s)
    seed 0: early stop at epoch 83, best inner val 0.3097 at epoch 63
  n=175 seed 0: inner validation internal term 0.3097 on 26 molecules (fit on 149)
  n=175 seed 0 (a): ring couplings 3.56 vs zero 3.76 (ratio 0.95) | corrected ω 10.99 (zero 23.29) | ΔH residual ratio 0.680
  n=175 seed 0 (b): ring couplings 3.51 vs zero 3.74 (ratio 0.94) | corrected ω 10.36 (zero 23.09) | ΔH residual ratio 0.692
    seed 1 epoch 1/200: loss main 1.674e-05 aux 61.77 val 1.252 (2 s)
    seed 1 epoch 10/200: loss main 1.448e-06 aux 0.4407 val 0.4444 (18 s)
    seed 1 epoch 20/200: loss main 1.428e-06 aux 0.4016 val 0.3968 (36 s)
    seed 1 epoch 30/200: loss main 1.394e-06 aux 0.4221 val 0.3954 (54 s)
    seed 1 epoch 40/200: loss main 1.358e-06 aux 0.394 val 0.3626 (72 s)
    seed 1 epoch 50/200: loss main 6.801e-06 aux 0.7269 val 0.683 (89 s)
    seed 1: early stop at epoch 56, best inner val 0.3613 at epoch 36
  n=175 seed 1: inner validation internal term 0.3613 on 26 molecules (fit on 149)
  n=175 seed 1 (a): ring couplings 3.75 vs zero 3.76 (ratio 1.00) | corrected ω 11.60 (zero 23.29) | ΔH residual ratio 0.711
  n=175 seed 1 (b): ring couplings 3.71 vs zero 3.74 (ratio 0.99) | corrected ω 10.93 (zero 23.09) | ΔH residual ratio 0.726
    seed 2 epoch 1/200: loss main 3.764e-05 aux 303.3 val 0.9572 (2 s)
    seed 2 epoch 10/200: loss main 1.439e-06 aux 0.4368 val 0.401 (18 s)
    seed 2 epoch 20/200: loss main 1.367e-06 aux 0.3961 val 0.3818 (35 s)
    seed 2 epoch 30/200: loss main 1.356e-06 aux 0.3644 val 0.4409 (53 s)
    seed 2 epoch 40/200: loss main 1.269e-06 aux 0.3466 val 0.359 (71 s)
    seed 2 epoch 50/200: loss main 1.246e-06 aux 0.3493 val 0.487 (88 s)
    seed 2 epoch 60/200: loss main 1.209e-06 aux 0.3521 val 0.3484 (106 s)
    seed 2 epoch 70/200: loss main 1.118e-06 aux 0.3224 val 0.3484 (124 s)
    seed 2 epoch 80/200: loss main 1.05e-06 aux 0.3099 val 0.3237 (141 s)
    seed 2 epoch 90/200: loss main 1.018e-06 aux 0.3223 val 0.3782 (159 s)
    seed 2 epoch 100/200: loss main 9.994e-07 aux 0.2998 val 0.3441 (176 s)
    seed 2 epoch 110/200: loss main 9.32e-07 aux 0.2775 val 0.3263 (194 s)
    seed 2 epoch 120/200: loss main 9.163e-07 aux 0.28 val 0.5295 (211 s)
    seed 2 epoch 130/200: loss main 9.155e-07 aux 0.2904 val 0.3327 (229 s)
    seed 2 epoch 140/200: loss main 8.923e-07 aux 0.2716 val 0.3348 (246 s)
    seed 2 epoch 150/200: loss main 8.681e-07 aux 0.2664 val 0.3243 (264 s)
    seed 2: early stop at epoch 153, best inner val 0.2892 at epoch 133
  n=175 seed 2: inner validation internal term 0.2892 on 26 molecules (fit on 149)
  n=175 seed 2 (a): ring couplings 3.09 vs zero 3.76 (ratio 0.82) | corrected ω 10.07 (zero 23.29) | ΔH residual ratio 0.588
  n=175 seed 2 (b): ring couplings 3.16 vs zero 3.74 (ratio 0.84) | corrected ω 9.53 (zero 23.09) | ΔH residual ratio 0.600
wrote out/E7_rungC_s2_lr3e-3_e200_2026-09-27.json/.md in 534 s
=== cell lr 3e-3 e200 done Sun Sep 27 21:33:39 WEDT 2026
# Stage pick — out/E7_rungC_s2_{label}_2026-09-27

| cell | flags | n | inner term (seed mean) | per seed | (a) ratio | (a) ω | (b) ratio | (b) ω |
|---|---|---|---|---|---|---|---|---|
| lr3e-4_e60 | `--aux-weight 1.0 --lr 3e-4 --epochs 60` | 175 | 0.3502 | 0.3269, 0.3602, 0.3634 | 0.94 | 10.65 | 0.95 | 10.03 |
| lr3e-4_e200 | `--aux-weight 1.0 --lr 3e-4 --epochs 200 --patience 20` | 175 | 0.2682 | 0.2479, 0.2612, 0.2954 | 0.81 | 10.07 | 0.83 | 8.70 |
| lr1e-3_e60 | `--aux-weight 1.0 --lr 1e-3 --epochs 60` | 175 | 0.3120 | 0.3056, 0.3056, 0.3248 | 0.88 | 10.27 | 0.88 | 9.46 |
| lr1e-3_e200 **winner** | `--aux-weight 1.0 --lr 1e-3 --epochs 200 --patience 20` | 175 | 0.2634 | 0.2485, 0.2561, 0.2857 | 0.81 | 9.42 | 0.84 | 8.45 |
| lr3e-3_e60 | `--aux-weight 1.0 --lr 3e-3 --epochs 60` | 175 | nan | 0.6074, nan, 0.3933 | nan | nan | nan | nan |
| lr3e-3_e200 | `--aux-weight 1.0 --lr 3e-3 --epochs 200 --patience 20` | 175 | 0.3201 | 0.3097, 0.3613, 0.2892 | 0.92 | 10.89 | 0.93 | 10.27 |

winner: lr1e-3_e200 → flags `--aux-weight 1.0 --lr 1e-3 --epochs 200 --patience 20` (chosen by the inner term alone, as registered)

=== stage 2 finished Sun Sep 27 21:33:39 WEDT 2026
