[19:08:07] canonical CCSD(T) gradient, benzene cc-pvdz, 114 bf, 8 threads
[19:08:07] RHF 0.6 s
[19:08:21] CCSD 13.5 s, peak 1.06 GB
=== rerun Sat Sep  5 19:12:50 CEST 2026: the 19:08 attempt died with its WSL session when the chain shell was killed at 19:11 ===
[19:12:51] canonical CCSD(T) gradient, benzene cc-pvdz, 114 bf, 8 threads
[19:12:52] RHF 1.7 s
[19:13:15] CCSD 22.3 s, peak 1.10 GB
[19:36:33] CCSD(T) gradient 1398.5 s (23.3 min), |g| = 1.91e-02, peak 13.89 GB
{
 "basis": "cc-pvdz",
 "nbf": 114,
 "threads": 8,
 "machine": "Asus18",
 "t_scf_s": 1.68422532081604,
 "t_ccsd_s": 22.338165998458862,
 "e_corr_ccsd": -0.8233831640977753,
 "t_gradient_ccsd_t_s": 1398.5460169315338,
 "grad_norm": 0.019130048904443506,
 "grad_max_abs": 0.006565946690681113,
 "peak_rss_gb": 13.885562896728516
}
Printed by probes/canonical_gradient_timing.py. A timing at the equilibrium geometry; the gradient is Δ₁-class information only.
