=== naphthalene cc-pVTZ tight LNO-CCSD(T) single point RESTARTED (frozen core = 10) Thu Sep 10 13:08:41 CEST 2026
[13:08:41] anchor single-point timing on Asus18, molecule naphthalene, 8 threads, thresholds tight = [1e-06, 1e-07]
[13:08:42] cc-pvtz: 412 basis functions
[13:08:49] cc-pvtz: RHF(DF) 7.4 s, E = -383.47407578
[13:08:50] cc-pvtz: PM localisation 1.0 s, 28 LMOs

WARN: Input vhf is not found. Building vhf from SCF MO.

=== detached start Thu Sep 10 13:11:25 CEST 2026: python anchor_single_point_timing.py --molecule naphthalene --basis cc-pvtz --thresh tight --no-canonical --threads 8
[13:11:25] anchor single-point timing on Asus18, molecule naphthalene, 8 threads, thresholds tight = [1e-06, 1e-07]
[13:11:26] cc-pvtz: 412 basis functions
[13:11:32] cc-pvtz: RHF(DF) 6.5 s, E = -383.47407578
[13:11:33] cc-pvtz: PM localisation 1.0 s, 24 LMOs

WARN: Input vhf is not found. Building vhf from SCF MO.

--- heartbeat 2026-09-10 17:37:54: pid 445 alive, elapsed 04:26:29, cpu 748 %, rss 2445 MB, tmp 18G
Traceback (most recent call last):
  File "/mnt/c/Users/thebr/Documents/CapstonePlan/plans/05_delta-probed-ir-pipeline/probes/anchor_single_point_timing.py", line 160, in <module>
    main()
  File "/mnt/c/Users/thebr/Documents/CapstonePlan/plans/05_delta-probed-ir-pipeline/probes/anchor_single_point_timing.py", line 147, in main
    results.append(run_one(b, args.threads, args.thresh, canonical=(not args.no_canonical and b == args.canonical_basis), out=OUT))
                   ^^^^^^^^^^^^^^^^^^^^^^^^^^^^^^^^^^^^^^^^^^^^^^^^^^^^^^^^^^^^^^^^^^^^^^^^^^^^^^^^^^^^^^^^^^^^^^^^^^^^^^^^^^^^^^^
  File "/mnt/c/Users/thebr/Documents/CapstonePlan/plans/05_delta-probed-ir-pipeline/probes/anchor_single_point_timing.py", line 99, in run_one
    mcc.kernel()
  File "/home/thebreadishard/qc05/lib/python3.12/site-packages/pyscf/lno/lno.py", line 498, in kernel
    frag_res = kernel(self, self.lo_coeff, self.frag_lolist,
               ^^^^^^^^^^^^^^^^^^^^^^^^^^^^^^^^^^^^^^^^^^^^^
  File "/home/thebreadishard/qc05/lib/python3.12/site-packages/pyscf/lno/lno.py", line 147, in kernel
    frag_res[ifrag], frag_msg = mlno.impurity_solve(mf_frag, lnofrag, uocc_loc, eris, frozen=frozen)
                                ^^^^^^^^^^^^^^^^^^^^^^^^^^^^^^^^^^^^^^^^^^^^^^^^^^^^^^^^^^^^^^^^^^^^
  File "/home/thebreadishard/qc05/lib/python3.12/site-packages/pyscf/lno/lnoccsd.py", line 679, in impurity_solve
    return impurity_solve(mcc, mo_coeff, uocc_loc, mo_occ, maskact, eris, log=log,
           ^^^^^^^^^^^^^^^^^^^^^^^^^^^^^^^^^^^^^^^^^^^^^^^^^^^^^^^^^^^^^^^^^^^^^^^
  File "/home/thebreadishard/qc05/lib/python3.12/site-packages/pyscf/lno/lnoccsd.py", line 547, in impurity_solve
    t1, t2 = mcc.kernel(eris=imp_eris, t1=t1, t2=t2)[1:]
             ^^^^^^^^^^^^^^^^^^^^^^^^^^^^^^^^^^^^^^^
  File "/home/thebreadishard/qc05/lib/python3.12/site-packages/pyscf/cc/ccsd.py", line 1088, in kernel
    return self.ccsd(t1, t2, eris)
           ^^^^^^^^^^^^^^^^^^^^^^^
  File "/home/thebreadishard/qc05/lib/python3.12/site-packages/pyscf/cc/ccsd.py", line 1103, in ccsd
    kernel(self, eris, t1, t2, max_cycle=self.max_cycle,
  File "/home/thebreadishard/qc05/lib/python3.12/site-packages/pyscf/cc/ccsd.py", line 71, in kernel
    t1new, t2new = mycc.update_amps(t1, t2, eris)
                   ^^^^^^^^^^^^^^^^^^^^^^^^^^^^^^
  File "/home/thebreadishard/qc05/lib/python3.12/site-packages/pyscf/cc/ccsd.py", line 117, in update_amps
    t2new = mycc._add_vvvv(t1, t2, eris, t2sym='jiba')
            ^^^^^^^^^^^^^^^^^^^^^^^^^^^^^^^^^^^^^^^^^^
  File "/home/thebreadishard/qc05/lib/python3.12/site-packages/pyscf/cc/dfccsd.py", line 49, in _add_vvvv
    return ccsd.CCSD._add_vvvv(self, t1, t2, eris, out, with_ovvv, t2sym)
           ^^^^^^^^^^^^^^^^^^^^^^^^^^^^^^^^^^^^^^^^^^^^^^^^^^^^^^^^^^^^^^
  File "/home/thebreadishard/qc05/lib/python3.12/site-packages/pyscf/cc/ccsd.py", line 378, in _add_vvvv
    Ht2tril = _add_vvvv_tril(mycc, t1, t2, eris, with_ovvv=with_ovvv)
              ^^^^^^^^^^^^^^^^^^^^^^^^^^^^^^^^^^^^^^^^^^^^^^^^^^^^^^^
  File "/home/thebreadishard/qc05/lib/python3.12/site-packages/pyscf/cc/ccsd.py", line 435, in _add_vvvv_tril
    Ht2tril = eris._contract_vvvv_t2(mycc, tau, mycc.direct, out, log)
              ^^^^^^^^^^^^^^^^^^^^^^^^^^^^^^^^^^^^^^^^^^^^^^^^^^^^^^^^
  File "/home/thebreadishard/qc05/lib/python3.12/site-packages/pyscf/lno/lnoccsd.py", line 399, in _contract_vvvv_t2
    return dfccsd._contract_vvvv_t2(mycc, self.mol, self.vvL, t2, out, verbose)
           ^^^^^^^^^^^^^^^^^^^^^^^^^^^^^^^^^^^^^^^^^^^^^^^^^^^^^^^^^^^^^^^^^^^^
  File "/home/thebreadishard/qc05/lib/python3.12/site-packages/pyscf/cc/dfccsd.py", line 69, in _contract_vvvv_t2
    nvira, nvirb = t2.shape[-2:]
                   ^^^^^^^^
AttributeError: 'NoneType' object has no attribute 'shape'
=== detached start Thu Sep 10 17:45:21 CEST 2026: python anchor_single_point_timing.py --molecule naphthalene --basis cc-pvtz --thresh tight --no-canonical --threads 8
[17:45:21] anchor single-point timing on Asus18, molecule naphthalene, 8 threads, thresholds tight = [1e-06, 1e-07]
[17:45:22] cc-pvtz: 412 basis functions
[17:45:28] cc-pvtz: RHF(DF) 6.7 s, E = -383.47407578
[17:45:29] cc-pvtz: PM localisation 1.0 s, 24 LMOs

******** <class 'pyscf.lno.lnoccsd.LNOCCSD_T'> ********
nocc = 24, nmo = 402
frozen orbitals 10
max_memory 24000 MB (current use 893 MB)
nfrag = 24  nlo = 24
frag_lolist = [[0], [1], [2], [3], [4], [5], [6], [7], [8], [9], [10], [11], [12], [13], [14], [15], [16], [17], [18], [19], [20], [21], [22], [23]]
frag_wghtlist = None
lno_type = ['1h', '1h']
lno_thresh = [1e-06, 1e-07]
lno_pct_occ = None
lno_norb = None
lo_proj_thresh = 1e-10
lo_proj_thresh_active = 0.1
verbose_imp = 2
_ovL = None
_ovL_to_save = None
force_outcore_ao2mo = False
_match_oldcode = False
_max_las_size_ccsd = 1000
_max_las_size_ccsd_t = 1000
Regularized frag_wghtlist = [1. 1. 1. 1. 1. 1. 1. 1. 1. 1. 1. 1. 1. 1. 1. 1. 1. 1. 1. 1. 1. 1. 1. 1.]

WARN: Input vhf is not found. Building vhf from SCF MO.

LO occ proj: 1 active | 0 standby | 23 orthogonal
LO vir proj: 0 active | 0 standby | 378 orthogonal
Fragment 1/24  LAS: 24/34 Occ | 220/378 Vir | 244/412 MOs
Fragment 1/24  Sol: E_corr(MP2) = -0.0654560759390056  E_corr(CCSD) = -0.0665886305413123  E_corr(CCSD(T)) = -0.00369695792990688
LO occ proj: 1 active | 0 standby | 23 orthogonal
LO vir proj: 0 active | 0 standby | 378 orthogonal
Fragment 2/24  LAS: 22/34 Occ | 190/378 Vir | 212/412 MOs
Fragment 2/24  Sol: E_corr(MP2) = -0.0639542654325173  E_corr(CCSD) = -0.0656421343773519  E_corr(CCSD(T)) = -0.00347283258231697
LO occ proj: 1 active | 0 standby | 23 orthogonal
LO vir proj: 0 active | 0 standby | 378 orthogonal
Fragment 3/24  LAS: 24/34 Occ | 220/378 Vir | 244/412 MOs
--- heartbeat 2026-09-10 18:37:54: pid 445 has exited
Fragment 3/24  Sol: E_corr(MP2) = -0.0654560503329556  E_corr(CCSD) = -0.0665886076302387  E_corr(CCSD(T)) = -0.0036969549073044
LO occ proj: 1 active | 0 standby | 23 orthogonal
LO vir proj: 0 active | 0 standby | 378 orthogonal
Fragment 4/24  LAS: 22/34 Occ | 190/378 Vir | 212/412 MOs
Fragment 4/24  Sol: E_corr(MP2) = -0.0639542643166835  E_corr(CCSD) = -0.0656421326104221  E_corr(CCSD(T)) = -0.00347283181422973
LO occ proj: 1 active | 0 standby | 23 orthogonal
LO vir proj: 0 active | 0 standby | 378 orthogonal
Fragment 5/24  LAS: 23/34 Occ | 192/378 Vir | 215/412 MOs
Fragment 5/24  Sol: E_corr(MP2) = -0.0634972224827036  E_corr(CCSD) = -0.0648621051937372  E_corr(CCSD(T)) = -0.00341335578685592
LO occ proj: 1 active | 0 standby | 23 orthogonal
LO vir proj: 0 active | 0 standby | 378 orthogonal
Fragment 6/24  LAS: 24/34 Occ | 220/378 Vir | 244/412 MOs
Fragment 6/24  Sol: E_corr(MP2) = -0.0654560658812059  E_corr(CCSD) = -0.066588621001276  E_corr(CCSD(T)) = -0.00369695655651197
LO occ proj: 1 active | 0 standby | 23 orthogonal
LO vir proj: 0 active | 0 standby | 378 orthogonal
Fragment 7/24  LAS: 23/34 Occ | 192/378 Vir | 215/412 MOs
Fragment 7/24  Sol: E_corr(MP2) = -0.0634972194767054  E_corr(CCSD) = -0.0648621029967098  E_corr(CCSD(T)) = -0.00341335479633374
LO occ proj: 1 active | 0 standby | 23 orthogonal
LO vir proj: 0 active | 0 standby | 378 orthogonal
Fragment 8/24  LAS: 24/34 Occ | 234/378 Vir | 258/412 MOs
Fragment 8/24  Sol: E_corr(MP2) = -0.0676567906605348  E_corr(CCSD) = -0.0680160097376657  E_corr(CCSD(T)) = -0.00395033071063822
LO occ proj: 1 active | 0 standby | 23 orthogonal
LO vir proj: 0 active | 0 standby | 378 orthogonal
Fragment 9/24  LAS: 22/34 Occ | 168/378 Vir | 190/412 MOs
Fragment 9/24  Sol: E_corr(MP2) = -0.0521452547331211  E_corr(CCSD) = -0.0559813991377093  E_corr(CCSD(T)) = -0.00222302042517781
LO occ proj: 1 active | 0 standby | 23 orthogonal
LO vir proj: 0 active | 0 standby | 378 orthogonal
Fragment 10/24  LAS: 23/34 Occ | 183/378 Vir | 206/412 MOs
Fragment 10/24  Sol: E_corr(MP2) = -0.0526727850684015  E_corr(CCSD) = -0.0563604755758055  E_corr(CCSD(T)) = -0.0023099801218251
LO occ proj: 1 active | 0 standby | 23 orthogonal
LO vir proj: 0 active | 0 standby | 378 orthogonal
Fragment 11/24  LAS: 23/34 Occ | 192/378 Vir | 215/412 MOs
Fragment 11/24  Sol: E_corr(MP2) = -0.0634972106829135  E_corr(CCSD) = -0.0648620954536858  E_corr(CCSD(T)) = -0.0034133543187421
LO occ proj: 1 active | 0 standby | 23 orthogonal
LO vir proj: 0 active | 0 standby | 378 orthogonal
Fragment 12/24  LAS: 23/34 Occ | 183/378 Vir | 206/412 MOs
Fragment 12/24  Sol: E_corr(MP2) = -0.0526727689360283  E_corr(CCSD) = -0.0563604621142193  E_corr(CCSD(T)) = -0.00230997925497643
LO occ proj: 1 active | 0 standby | 23 orthogonal
LO vir proj: 0 active | 0 standby | 378 orthogonal
Fragment 13/24  LAS: 22/34 Occ | 168/378 Vir | 190/412 MOs
Fragment 13/24  Sol: E_corr(MP2) = -0.0521452551236058  E_corr(CCSD) = -0.0559813988363933  E_corr(CCSD(T)) = -0.00222302008103406
LO occ proj: 1 active | 0 standby | 23 orthogonal
LO vir proj: 0 active | 0 standby | 378 orthogonal
Fragment 14/24  LAS: 23/34 Occ | 192/378 Vir | 215/412 MOs
Fragment 14/24  Sol: E_corr(MP2) = -0.0634972127160993  E_corr(CCSD) = -0.0648620968274629  E_corr(CCSD(T)) = -0.00341335506003525
LO occ proj: 1 active | 0 standby | 23 orthogonal
LO vir proj: 0 active | 0 standby | 378 orthogonal
Fragment 15/24  LAS: 23/34 Occ | 183/378 Vir | 206/412 MOs
Fragment 15/24  Sol: E_corr(MP2) = -0.0526727859003471  E_corr(CCSD) = -0.0563604764784184  E_corr(CCSD(T)) = -0.00230998067954532
LO occ proj: 1 active | 0 standby | 23 orthogonal
LO vir proj: 0 active | 0 standby | 378 orthogonal
Fragment 16/24  LAS: 22/34 Occ | 168/378 Vir | 190/412 MOs
Fragment 16/24  Sol: E_corr(MP2) = -0.0521452418962034  E_corr(CCSD) = -0.0559813879488191  E_corr(CCSD(T)) = -0.00222301947467973
LO occ proj: 1 active | 0 standby | 23 orthogonal
LO vir proj: 0 active | 0 standby | 378 orthogonal
Fragment 17/24  LAS: 24/34 Occ | 316/378 Vir | 340/412 MOs
Fragment 17/24  Sol: E_corr(MP2) = -0.0931719914431545  E_corr(CCSD) = -0.0868129800267292  E_corr(CCSD(T)) = -0.00728416900925466
LO occ proj: 1 active | 0 standby | 23 orthogonal
LO vir proj: 0 active | 0 standby | 378 orthogonal
Fragment 18/24  LAS: 23/34 Occ | 183/378 Vir | 206/412 MOs
Fragment 18/24  Sol: E_corr(MP2) = -0.0526727703237207  E_corr(CCSD) = -0.0563604632970285  E_corr(CCSD(T)) = -0.00230997971268711
LO occ proj: 1 active | 0 standby | 23 orthogonal
LO vir proj: 0 active | 0 standby | 378 orthogonal
Fragment 19/24  LAS: 24/34 Occ | 220/378 Vir | 244/412 MOs
Fragment 19/24  Sol: E_corr(MP2) = -0.0654560659322107  E_corr(CCSD) = -0.066588622081923  E_corr(CCSD(T)) = -0.00369695695591158
LO occ proj: 1 active | 0 standby | 23 orthogonal
LO vir proj: 0 active | 0 standby | 378 orthogonal
Fragment 20/24  LAS: 22/34 Occ | 168/378 Vir | 190/412 MOs
Fragment 20/24  Sol: E_corr(MP2) = -0.0521452421861655  E_corr(CCSD) = -0.0559813874206087  E_corr(CCSD(T)) = -0.00222301906103082
LO occ proj: 1 active | 0 standby | 23 orthogonal
LO vir proj: 0 active | 0 standby | 378 orthogonal
Fragment 21/24  LAS: 24/34 Occ | 280/378 Vir | 304/412 MOs
Fragment 21/24  Sol: E_corr(MP2) = -0.086379926289937  E_corr(CCSD) = -0.0837955431540097  E_corr(CCSD(T)) = -0.00634536343967835
LO occ proj: 1 active | 0 standby | 23 orthogonal
LO vir proj: 0 active | 0 standby | 378 orthogonal
Fragment 22/24  LAS: 24/34 Occ | 280/378 Vir | 304/412 MOs
Fragment 22/24  Sol: E_corr(MP2) = -0.0863799250376332  E_corr(CCSD) = -0.08379554187176  E_corr(CCSD(T)) = -0.00634536335675195
LO occ proj: 1 active | 0 standby | 23 orthogonal
LO vir proj: 0 active | 0 standby | 378 orthogonal
Fragment 23/24  LAS: 24/34 Occ | 280/378 Vir | 304/412 MOs
Fragment 23/24  Sol: E_corr(MP2) = -0.0863799233492204  E_corr(CCSD) = -0.0837955378081578  E_corr(CCSD(T)) = -0.00634536230216599
LO occ proj: 1 active | 0 standby | 23 orthogonal
LO vir proj: 0 active | 0 standby | 378 orthogonal
Fragment 24/24  LAS: 24/34 Occ | 280/378 Vir | 304/412 MOs
Fragment 24/24  Sol: E_corr(MP2) = -0.0863799223984774  E_corr(CCSD) = -0.0837955370465118  E_corr(CCSD(T)) = -0.00634536194599295
E(LNOMP2) = -385.043418016363  E_corr = -1.56934223653955
E(LNOCCSD) = -385.070541528991  E_corr = -1.59646574916796
E(LNOCCSD_T) = -385.160676389275  E_corr = -1.68660060945154
Summary by spin components
LNOMP2   Ess = -0.405274113223022  Eos = -1.16406812331653  Escs = -1.5318380276831
LNOCCSD  Ess = -0.359405713494647  Eos = -1.23706003567331  Escs = -1.60415414540169
[05:15:04] cc-pvtz: LNO-CCSD(T) 41375.2 s, E_corr(T) = -1.68660061, peak RSS 19.83 GB

# Anchor single-point timing — naphthalene at the dry-run B3LYP/6-31G* geometry — 2026-09-11 05:15, Asus18 (WSL), 8 threads, LNO thresholds [1e-06, 1e-07]
| basis | nbf | RHF(DF) s | PM s | LNO-CCSD(T) s | peak RSS GB | E_corr LNO-CCSD(T) | canonical CCSD(T) s | LNO − canonical µE_h |
|---|---|---|---|---|---|---|---|---|
| cc-pvtz | 412 | 7 | 1 | 41375 | 19.83 | -1.686601 | nan | nan |

Printed by probes/anchor_single_point_timing.py. A timing; no Δ, no displaced geometry.
