=== detached start Sat Sep 12 16:50:08 CEST 2026: python anchor_single_point_timing.py --molecule naphthalene --basis cc-pvtz --thresh xtight --no-canonical --threads 8 --max-memory 16000
[16:50:08] anchor single-point timing on Asus18, molecule naphthalene, 8 threads, thresholds xtight = [1e-07, 1e-08]
[16:50:09] cc-pvtz: 412 basis functions
[16:50:17] cc-pvtz: RHF(DF) 7.5 s, E = -383.47407578
[16:50:18] cc-pvtz: PM localisation 1.1 s, 24 LMOs (saved to naphthalene_cc-pvtz_xtight_lo.npz)

******** <class 'lno_checkpoint.CheckpointedLNOCCSD_T'> ********
nocc = 24, nmo = 402
frozen orbitals 10
max_memory 16000 MB (current use 893 MB)
nfrag = 24  nlo = 24
frag_lolist = [[0], [1], [2], [3], [4], [5], [6], [7], [8], [9], [10], [11], [12], [13], [14], [15], [16], [17], [18], [19], [20], [21], [22], [23]]
frag_wghtlist = None
lno_type = ['1h', '1h']
lno_thresh = [1e-07, 1e-08]
lno_pct_occ = None
lno_norb = None
lo_proj_thresh = 1e-10
lo_proj_thresh_active = 0.1
verbose_imp = 2
_ovL = None
_ovL_to_save = None
force_outcore_ao2mo = False
_match_oldcode = False
_max_las_size_ccsd = 1000
_max_las_size_ccsd_t = 1000
Regularized frag_wghtlist = [1. 1. 1. 1. 1. 1. 1. 1. 1. 1. 1. 1. 1. 1. 1. 1. 1. 1. 1. 1. 1. 1. 1. 1.]

WARN: Input vhf is not found. Building vhf from SCF MO.

LO occ proj: 1 active | 0 standby | 23 orthogonal
LO vir proj: 0 active | 0 standby | 378 orthogonal
Fragment 1/24  LAS: 24/34 Occ | 310/378 Vir | 334/412 MOs
--- heartbeat 2026-09-12 17:50:08: pid 438 alive, elapsed 01:00:00, cpu 710 %, rss 3994 MB, tmp 11G
--- heartbeat 2026-09-12 18:50:08: pid 438 alive, elapsed 02:00:00, cpu 792 %, rss 7625 MB, tmp 11G
Fragment 1/24  Sol: E_corr(MP2) = -0.0654806097322072  E_corr(CCSD) = -0.0665787327808912  E_corr(CCSD(T)) = -0.00371959399590207
LO occ proj: 1 active | 0 standby | 23 orthogonal
LO vir proj: 0 active | 0 standby | 378 orthogonal
Fragment 2/24  LAS: 24/34 Occ | 255/378 Vir | 279/412 MOs
--- heartbeat 2026-09-12 19:50:08: pid 438 alive, elapsed 03:00:00, cpu 778 %, rss 4386 MB, tmp 14G
Fragment 2/24  Sol: E_corr(MP2) = -0.0639717537496538  E_corr(CCSD) = -0.0656245877931774  E_corr(CCSD(T)) = -0.00349805481100637
LO occ proj: 1 active | 0 standby | 23 orthogonal
LO vir proj: 0 active | 0 standby | 378 orthogonal
Fragment 3/24  LAS: 24/34 Occ | 310/378 Vir | 334/412 MOs
--- heartbeat 2026-09-12 20:50:09: pid 438 alive, elapsed 04:00:00, cpu 760 %, rss 7579 MB, tmp 11G
Fragment 3/24  Sol: E_corr(MP2) = -0.065480584076481  E_corr(CCSD) = -0.0665787099218884  E_corr(CCSD(T)) = -0.0037195909388513
LO occ proj: 1 active | 0 standby | 23 orthogonal
LO vir proj: 0 active | 0 standby | 378 orthogonal
Fragment 4/24  LAS: 24/34 Occ | 255/378 Vir | 279/412 MOs
--- heartbeat 2026-09-12 21:50:09: pid 438 alive, elapsed 05:00:00, cpu 764 %, rss 8662 MB, tmp 13G
Fragment 4/24  Sol: E_corr(MP2) = -0.0639717526499425  E_corr(CCSD) = -0.0656245860530437  E_corr(CCSD(T)) = -0.00349805404803164
LO occ proj: 1 active | 0 standby | 23 orthogonal
LO vir proj: 0 active | 0 standby | 378 orthogonal
Fragment 5/24  LAS: 24/34 Occ | 266/378 Vir | 290/412 MOs
--- heartbeat 2026-09-12 22:50:09: pid 438 alive, elapsed 06:00:00, cpu 764 %, rss 5007 MB, tmp 16G
Fragment 5/24  Sol: E_corr(MP2) = -0.0635177970420456  E_corr(CCSD) = -0.0648528789054593  E_corr(CCSD(T)) = -0.00343742772405414
LO occ proj: 1 active | 0 standby | 23 orthogonal
LO vir proj: 0 active | 0 standby | 378 orthogonal
Fragment 6/24  LAS: 24/34 Occ | 310/378 Vir | 334/412 MOs
--- heartbeat 2026-09-12 23:50:09: pid 438 alive, elapsed 07:00:00, cpu 759 %, rss 11486 MB, tmp 7.7G
--- heartbeat 2026-09-13 00:50:09: pid 438 alive, elapsed 08:00:00, cpu 771 %, rss 7614 MB, tmp 11G
Fragment 6/24  Sol: E_corr(MP2) = -0.0654805996473311  E_corr(CCSD) = -0.066578723232187  E_corr(CCSD(T)) = -0.00371959261054629
LO occ proj: 1 active | 0 standby | 23 orthogonal
LO vir proj: 0 active | 0 standby | 378 orthogonal
Fragment 7/24  LAS: 24/34 Occ | 266/378 Vir | 290/412 MOs
Fragment 7/24  Sol: E_corr(MP2) = -0.063517794048325  E_corr(CCSD) = -0.0648528767094159  E_corr(CCSD(T)) = -0.00343742673821198
LO occ proj: 1 active | 0 standby | 23 orthogonal
LO vir proj: 0 active | 0 standby | 378 orthogonal
Fragment 8/24  LAS: 24/34 Occ | 326/378 Vir | 350/412 MOs
--- heartbeat 2026-09-13 01:50:09: pid 438 alive, elapsed 09:00:00, cpu 769 %, rss 9332 MB, tmp 5.0G
--- heartbeat 2026-09-13 02:50:09: pid 438 alive, elapsed 10:00:00, cpu 761 %, rss 5179 MB, tmp 12G
--- heartbeat 2026-09-13 03:50:09: pid 438 alive, elapsed 11:00:00, cpu 771 %, rss 7731 MB, tmp 12G
Fragment 8/24  Sol: E_corr(MP2) = -0.0676847057318773  E_corr(CCSD) = -0.068010366595767  E_corr(CCSD(T)) = -0.00397603364109092
LO occ proj: 1 active | 0 standby | 23 orthogonal
LO vir proj: 0 active | 0 standby | 378 orthogonal
Fragment 9/24  LAS: 24/34 Occ | 240/378 Vir | 264/412 MOs
Fragment 9/24  Sol: E_corr(MP2) = -0.0521640633981985  E_corr(CCSD) = -0.0559760702450132  E_corr(CCSD(T)) = -0.00224419299644484
LO occ proj: 1 active | 0 standby | 23 orthogonal
LO vir proj: 0 active | 0 standby | 378 orthogonal
Fragment 10/24  LAS: 24/34 Occ | 265/378 Vir | 289/412 MOs
--- heartbeat 2026-09-13 04:50:09: pid 438 alive, elapsed 12:00:00, cpu 765 %, rss 5033 MB, tmp 16G
Fragment 10/24  Sol: E_corr(MP2) = -0.052693553996997  E_corr(CCSD) = -0.0563545673379704  E_corr(CCSD(T)) = -0.00233147235643041
LO occ proj: 1 active | 0 standby | 23 orthogonal
LO vir proj: 0 active | 0 standby | 378 orthogonal
Fragment 11/24  LAS: 24/34 Occ | 266/378 Vir | 290/412 MOs
--- heartbeat 2026-09-13 05:50:09: pid 438 alive, elapsed 13:00:00, cpu 766 %, rss 5135 MB, tmp 16G
Fragment 11/24  Sol: E_corr(MP2) = -0.0635177852108275  E_corr(CCSD) = -0.0648528690566472  E_corr(CCSD(T)) = -0.00343742630571897
LO occ proj: 1 active | 0 standby | 23 orthogonal
LO vir proj: 0 active | 0 standby | 378 orthogonal
Fragment 12/24  LAS: 24/34 Occ | 265/378 Vir | 289/412 MOs
--- heartbeat 2026-09-13 06:50:09: pid 438 alive, elapsed 14:00:01, cpu 766 %, rss 5088 MB, tmp 16G
Fragment 12/24  Sol: E_corr(MP2) = -0.0526935377871399  E_corr(CCSD) = -0.0563545539232495  E_corr(CCSD(T)) = -0.00233147138478068
LO occ proj: 1 active | 0 standby | 23 orthogonal
LO vir proj: 0 active | 0 standby | 378 orthogonal
Fragment 13/24  LAS: 24/34 Occ | 240/378 Vir | 264/412 MOs
Fragment 13/24  Sol: E_corr(MP2) = -0.0521640637973963  E_corr(CCSD) = -0.0559760699462113  E_corr(CCSD(T)) = -0.00224419265372257
LO occ proj: 1 active | 0 standby | 23 orthogonal
LO vir proj: 0 active | 0 standby | 378 orthogonal
Fragment 14/24  LAS: 24/34 Occ | 266/378 Vir | 290/412 MOs
--- heartbeat 2026-09-13 07:50:09: pid 438 alive, elapsed 15:00:01, cpu 764 %, rss 3381 MB, tmp 15G
Fragment 14/24  Sol: E_corr(MP2) = -0.0635177872346724  E_corr(CCSD) = -0.0648528704321907  E_corr(CCSD(T)) = -0.00343742704339771
LO occ proj: 1 active | 0 standby | 23 orthogonal
LO vir proj: 0 active | 0 standby | 378 orthogonal
Fragment 15/24  LAS: 24/34 Occ | 265/378 Vir | 289/412 MOs
--- heartbeat 2026-09-13 08:50:10: pid 438 alive, elapsed 16:00:01, cpu 760 %, rss 2433 MB, tmp 14G
Fragment 15/24  Sol: E_corr(MP2) = -0.0526935548261583  E_corr(CCSD) = -0.0563545682420089  E_corr(CCSD(T)) = -0.00233147291442274
LO occ proj: 1 active | 0 standby | 23 orthogonal
LO vir proj: 0 active | 0 standby | 378 orthogonal
Fragment 16/24  LAS: 24/34 Occ | 240/378 Vir | 264/412 MOs
=== detached start Sun Sep 13 09:49:05 CEST 2026: python /mnt/c/Users/thebr/Documents/CapstonePlan/plans/05_delta-probed-ir-pipeline/probes/anchor_single_point_timing.py --molecule naphthalene --basis cc-pvtz --thresh xtight --no-canonical --threads 8 --max-memory 16000 --resume
[09:49:05] anchor single-point timing on Asus18, molecule naphthalene, 8 threads, thresholds xtight = [1e-07, 1e-08]
[09:49:06] cc-pvtz: 412 basis functions
[09:49:14] cc-pvtz: RHF(DF) 7.6 s, E = -383.47407578
[09:49:14] cc-pvtz: PM localisation reloaded from naphthalene_cc-pvtz_xtight_lo.npz (24 LMOs)
[09:49:14] cc-pvtz: checkpoint naphthalene_cc-pvtz_xtight_fragments.json holds 15 of 24 fragments — resuming

******** <class 'lno_checkpoint.CheckpointedLNOCCSD_T'> ********
nocc = 24, nmo = 402
frozen orbitals 10
max_memory 16000 MB (current use 878 MB)
nfrag = 24  nlo = 24
frag_lolist = [[0], [1], [2], [3], [4], [5], [6], [7], [8], [9], [10], [11], [12], [13], [14], [15], [16], [17], [18], [19], [20], [21], [22], [23]]
frag_wghtlist = None
lno_type = ['1h', '1h']
lno_thresh = [1e-07, 1e-08]
lno_pct_occ = None
lno_norb = None
lo_proj_thresh = 1e-10
lo_proj_thresh_active = 0.1
verbose_imp = 2
_ovL = None
_ovL_to_save = None
force_outcore_ao2mo = False
_match_oldcode = False
_max_las_size_ccsd = 1000
_max_las_size_ccsd_t = 1000
Regularized frag_wghtlist = [1. 1. 1. 1. 1. 1. 1. 1. 1. 1. 1. 1. 1. 1. 1. 1. 1. 1. 1. 1. 1. 1. 1. 1.]

WARN: Input vhf is not found. Building vhf from SCF MO.

LO occ proj: 1 active | 0 standby | 23 orthogonal
LO vir proj: 0 active | 0 standby | 378 orthogonal
Fragment 1/24  LAS: 24/34 Occ | 310/378 Vir | 334/412 MOs
Fragment 1/24  Sol: E_corr(MP2) = -0.0654806097322072  E_corr(CCSD) = -0.0665787327808912  E_corr(CCSD(T)) = -0.00371959399590207  [restored from checkpoint; solved in 7501 s on 2026-09-12 18:55]
LO occ proj: 1 active | 0 standby | 23 orthogonal
LO vir proj: 0 active | 0 standby | 378 orthogonal
Fragment 2/24  LAS: 24/34 Occ | 255/378 Vir | 279/412 MOs
Fragment 2/24  Sol: E_corr(MP2) = -0.0639717537496538  E_corr(CCSD) = -0.0656245877931774  E_corr(CCSD(T)) = -0.00349805481100637  [restored from checkpoint; solved in 3299 s on 2026-09-12 19:50]
LO occ proj: 1 active | 0 standby | 23 orthogonal
LO vir proj: 0 active | 0 standby | 378 orthogonal
Fragment 3/24  LAS: 24/34 Occ | 310/378 Vir | 334/412 MOs
Fragment 3/24  Sol: E_corr(MP2) = -0.065480584076481  E_corr(CCSD) = -0.0665787099218884  E_corr(CCSD(T)) = -0.0037195909388513  [restored from checkpoint; solved in 6154 s on 2026-09-12 21:32]
LO occ proj: 1 active | 0 standby | 23 orthogonal
LO vir proj: 0 active | 0 standby | 378 orthogonal
Fragment 4/24  LAS: 24/34 Occ | 255/378 Vir | 279/412 MOs
Fragment 4/24  Sol: E_corr(MP2) = -0.0639717526499425  E_corr(CCSD) = -0.0656245860530437  E_corr(CCSD(T)) = -0.00349805404803164  [restored from checkpoint; solved in 2730 s on 2026-09-12 22:18]
LO occ proj: 1 active | 0 standby | 23 orthogonal
LO vir proj: 0 active | 0 standby | 378 orthogonal
Fragment 5/24  LAS: 24/34 Occ | 266/378 Vir | 290/412 MOs
Fragment 5/24  Sol: E_corr(MP2) = -0.0635177970420456  E_corr(CCSD) = -0.0648528789054593  E_corr(CCSD(T)) = -0.00343742772405414  [restored from checkpoint; solved in 3134 s on 2026-09-12 23:10]
LO occ proj: 1 active | 0 standby | 23 orthogonal
LO vir proj: 0 active | 0 standby | 378 orthogonal
Fragment 6/24  LAS: 24/34 Occ | 310/378 Vir | 334/412 MOs
Fragment 6/24  Sol: E_corr(MP2) = -0.0654805996473311  E_corr(CCSD) = -0.066578723232187  E_corr(CCSD(T)) = -0.00371959261054629  [restored from checkpoint; solved in 6231 s on 2026-09-13 00:54]
LO occ proj: 1 active | 0 standby | 23 orthogonal
LO vir proj: 0 active | 0 standby | 378 orthogonal
Fragment 7/24  LAS: 24/34 Occ | 266/378 Vir | 290/412 MOs
Fragment 7/24  Sol: E_corr(MP2) = -0.063517794048325  E_corr(CCSD) = -0.0648528767094159  E_corr(CCSD(T)) = -0.00343742673821198  [restored from checkpoint; solved in 3212 s on 2026-09-13 01:48]
LO occ proj: 1 active | 0 standby | 23 orthogonal
LO vir proj: 0 active | 0 standby | 378 orthogonal
Fragment 8/24  LAS: 24/34 Occ | 326/378 Vir | 350/412 MOs
Fragment 8/24  Sol: E_corr(MP2) = -0.0676847057318773  E_corr(CCSD) = -0.068010366595767  E_corr(CCSD(T)) = -0.00397603364109092  [restored from checkpoint; solved in 7343 s on 2026-09-13 03:50]
LO occ proj: 1 active | 0 standby | 23 orthogonal
LO vir proj: 0 active | 0 standby | 378 orthogonal
Fragment 9/24  LAS: 24/34 Occ | 240/378 Vir | 264/412 MOs
Fragment 9/24  Sol: E_corr(MP2) = -0.0521640633981985  E_corr(CCSD) = -0.0559760702450132  E_corr(CCSD(T)) = -0.00224419299644484  [restored from checkpoint; solved in 2117 s on 2026-09-13 04:25]
LO occ proj: 1 active | 0 standby | 23 orthogonal
LO vir proj: 0 active | 0 standby | 378 orthogonal
Fragment 10/24  LAS: 24/34 Occ | 265/378 Vir | 289/412 MOs
Fragment 10/24  Sol: E_corr(MP2) = -0.052693553996997  E_corr(CCSD) = -0.0563545673379704  E_corr(CCSD(T)) = -0.00233147235643041  [restored from checkpoint; solved in 3095 s on 2026-09-13 05:17]
LO occ proj: 1 active | 0 standby | 23 orthogonal
LO vir proj: 0 active | 0 standby | 378 orthogonal
Fragment 11/24  LAS: 24/34 Occ | 266/378 Vir | 290/412 MOs
Fragment 11/24  Sol: E_corr(MP2) = -0.0635177852108275  E_corr(CCSD) = -0.0648528690566472  E_corr(CCSD(T)) = -0.00343742630571897  [restored from checkpoint; solved in 3109 s on 2026-09-13 06:09]
LO occ proj: 1 active | 0 standby | 23 orthogonal
LO vir proj: 0 active | 0 standby | 378 orthogonal
Fragment 12/24  LAS: 24/34 Occ | 265/378 Vir | 289/412 MOs
Fragment 12/24  Sol: E_corr(MP2) = -0.0526935377871399  E_corr(CCSD) = -0.0563545539232495  E_corr(CCSD(T)) = -0.00233147138478068  [restored from checkpoint; solved in 3141 s on 2026-09-13 07:01]
LO occ proj: 1 active | 0 standby | 23 orthogonal
LO vir proj: 0 active | 0 standby | 378 orthogonal
Fragment 13/24  LAS: 24/34 Occ | 240/378 Vir | 264/412 MOs
Fragment 13/24  Sol: E_corr(MP2) = -0.0521640637973963  E_corr(CCSD) = -0.0559760699462113  E_corr(CCSD(T)) = -0.00224419265372257  [restored from checkpoint; solved in 2094 s on 2026-09-13 07:36]
LO occ proj: 1 active | 0 standby | 23 orthogonal
LO vir proj: 0 active | 0 standby | 378 orthogonal
Fragment 14/24  LAS: 24/34 Occ | 266/378 Vir | 290/412 MOs
Fragment 14/24  Sol: E_corr(MP2) = -0.0635177872346724  E_corr(CCSD) = -0.0648528704321907  E_corr(CCSD(T)) = -0.00343742704339771  [restored from checkpoint; solved in 3186 s on 2026-09-13 08:29]
LO occ proj: 1 active | 0 standby | 23 orthogonal
LO vir proj: 0 active | 0 standby | 378 orthogonal
Fragment 15/24  LAS: 24/34 Occ | 265/378 Vir | 289/412 MOs
Fragment 15/24  Sol: E_corr(MP2) = -0.0526935548261583  E_corr(CCSD) = -0.0563545682420089  E_corr(CCSD(T)) = -0.00233147291442274  [restored from checkpoint; solved in 3882 s on 2026-09-13 09:34]
LO occ proj: 1 active | 0 standby | 23 orthogonal
LO vir proj: 0 active | 0 standby | 378 orthogonal
Fragment 16/24  LAS: 24/34 Occ | 240/378 Vir | 264/412 MOs
=== detached start Sun Sep 13 10:01:08 CEST 2026: python /mnt/c/Users/thebr/Documents/CapstonePlan/plans/05_delta-probed-ir-pipeline/probes/anchor_single_point_timing.py --molecule naphthalene --basis cc-pvtz --thresh xtight --no-canonical --threads 8 --max-memory 16000 --resume
[10:01:08] anchor single-point timing on Asus18, molecule naphthalene, 8 threads, thresholds xtight = [1e-07, 1e-08]
[10:01:09] cc-pvtz: 412 basis functions
[10:01:16] cc-pvtz: RHF(DF) 7.0 s, E = -383.47407578
[10:01:16] cc-pvtz: PM localisation reloaded from naphthalene_cc-pvtz_xtight_lo.npz (24 LMOs)
[10:01:16] cc-pvtz: checkpoint naphthalene_cc-pvtz_xtight_fragments.json holds 15 of 24 fragments — resuming

******** <class 'lno_checkpoint.CheckpointedLNOCCSD_T'> ********
nocc = 24, nmo = 402
frozen orbitals 10
max_memory 16000 MB (current use 878 MB)
nfrag = 24  nlo = 24
frag_lolist = [[0], [1], [2], [3], [4], [5], [6], [7], [8], [9], [10], [11], [12], [13], [14], [15], [16], [17], [18], [19], [20], [21], [22], [23]]
frag_wghtlist = None
lno_type = ['1h', '1h']
lno_thresh = [1e-07, 1e-08]
lno_pct_occ = None
lno_norb = None
lo_proj_thresh = 1e-10
lo_proj_thresh_active = 0.1
verbose_imp = 2
_ovL = None
_ovL_to_save = None
force_outcore_ao2mo = False
_match_oldcode = False
_max_las_size_ccsd = 1000
_max_las_size_ccsd_t = 1000
Regularized frag_wghtlist = [1. 1. 1. 1. 1. 1. 1. 1. 1. 1. 1. 1. 1. 1. 1. 1. 1. 1. 1. 1. 1. 1. 1. 1.]

WARN: Input vhf is not found. Building vhf from SCF MO.

LO occ proj: 1 active | 0 standby | 23 orthogonal
LO vir proj: 0 active | 0 standby | 378 orthogonal
Fragment 1/24  LAS: 24/34 Occ | 310/378 Vir | 334/412 MOs
Fragment 1/24  Sol: E_corr(MP2) = -0.0654806097322072  E_corr(CCSD) = -0.0665787327808912  E_corr(CCSD(T)) = -0.00371959399590207  [restored from checkpoint; solved in 7501 s on 2026-09-12 18:55]
LO occ proj: 1 active | 0 standby | 23 orthogonal
LO vir proj: 0 active | 0 standby | 378 orthogonal
Fragment 2/24  LAS: 24/34 Occ | 255/378 Vir | 279/412 MOs
Fragment 2/24  Sol: E_corr(MP2) = -0.0639717537496538  E_corr(CCSD) = -0.0656245877931774  E_corr(CCSD(T)) = -0.00349805481100637  [restored from checkpoint; solved in 3299 s on 2026-09-12 19:50]
LO occ proj: 1 active | 0 standby | 23 orthogonal
LO vir proj: 0 active | 0 standby | 378 orthogonal
Fragment 3/24  LAS: 24/34 Occ | 310/378 Vir | 334/412 MOs
Fragment 3/24  Sol: E_corr(MP2) = -0.065480584076481  E_corr(CCSD) = -0.0665787099218884  E_corr(CCSD(T)) = -0.0037195909388513  [restored from checkpoint; solved in 6154 s on 2026-09-12 21:32]
LO occ proj: 1 active | 0 standby | 23 orthogonal
LO vir proj: 0 active | 0 standby | 378 orthogonal
Fragment 4/24  LAS: 24/34 Occ | 255/378 Vir | 279/412 MOs
Fragment 4/24  Sol: E_corr(MP2) = -0.0639717526499425  E_corr(CCSD) = -0.0656245860530437  E_corr(CCSD(T)) = -0.00349805404803164  [restored from checkpoint; solved in 2730 s on 2026-09-12 22:18]
LO occ proj: 1 active | 0 standby | 23 orthogonal
LO vir proj: 0 active | 0 standby | 378 orthogonal
Fragment 5/24  LAS: 24/34 Occ | 266/378 Vir | 290/412 MOs
Fragment 5/24  Sol: E_corr(MP2) = -0.0635177970420456  E_corr(CCSD) = -0.0648528789054593  E_corr(CCSD(T)) = -0.00343742772405414  [restored from checkpoint; solved in 3134 s on 2026-09-12 23:10]
LO occ proj: 1 active | 0 standby | 23 orthogonal
LO vir proj: 0 active | 0 standby | 378 orthogonal
Fragment 6/24  LAS: 24/34 Occ | 310/378 Vir | 334/412 MOs
Fragment 6/24  Sol: E_corr(MP2) = -0.0654805996473311  E_corr(CCSD) = -0.066578723232187  E_corr(CCSD(T)) = -0.00371959261054629  [restored from checkpoint; solved in 6231 s on 2026-09-13 00:54]
LO occ proj: 1 active | 0 standby | 23 orthogonal
LO vir proj: 0 active | 0 standby | 378 orthogonal
Fragment 7/24  LAS: 24/34 Occ | 266/378 Vir | 290/412 MOs
Fragment 7/24  Sol: E_corr(MP2) = -0.063517794048325  E_corr(CCSD) = -0.0648528767094159  E_corr(CCSD(T)) = -0.00343742673821198  [restored from checkpoint; solved in 3212 s on 2026-09-13 01:48]
LO occ proj: 1 active | 0 standby | 23 orthogonal
LO vir proj: 0 active | 0 standby | 378 orthogonal
Fragment 8/24  LAS: 24/34 Occ | 326/378 Vir | 350/412 MOs
Fragment 8/24  Sol: E_corr(MP2) = -0.0676847057318773  E_corr(CCSD) = -0.068010366595767  E_corr(CCSD(T)) = -0.00397603364109092  [restored from checkpoint; solved in 7343 s on 2026-09-13 03:50]
LO occ proj: 1 active | 0 standby | 23 orthogonal
LO vir proj: 0 active | 0 standby | 378 orthogonal
Fragment 9/24  LAS: 24/34 Occ | 240/378 Vir | 264/412 MOs
Fragment 9/24  Sol: E_corr(MP2) = -0.0521640633981985  E_corr(CCSD) = -0.0559760702450132  E_corr(CCSD(T)) = -0.00224419299644484  [restored from checkpoint; solved in 2117 s on 2026-09-13 04:25]
LO occ proj: 1 active | 0 standby | 23 orthogonal
LO vir proj: 0 active | 0 standby | 378 orthogonal
Fragment 10/24  LAS: 24/34 Occ | 265/378 Vir | 289/412 MOs
Fragment 10/24  Sol: E_corr(MP2) = -0.052693553996997  E_corr(CCSD) = -0.0563545673379704  E_corr(CCSD(T)) = -0.00233147235643041  [restored from checkpoint; solved in 3095 s on 2026-09-13 05:17]
LO occ proj: 1 active | 0 standby | 23 orthogonal
LO vir proj: 0 active | 0 standby | 378 orthogonal
Fragment 11/24  LAS: 24/34 Occ | 266/378 Vir | 290/412 MOs
Fragment 11/24  Sol: E_corr(MP2) = -0.0635177852108275  E_corr(CCSD) = -0.0648528690566472  E_corr(CCSD(T)) = -0.00343742630571897  [restored from checkpoint; solved in 3109 s on 2026-09-13 06:09]
LO occ proj: 1 active | 0 standby | 23 orthogonal
LO vir proj: 0 active | 0 standby | 378 orthogonal
Fragment 12/24  LAS: 24/34 Occ | 265/378 Vir | 289/412 MOs
Fragment 12/24  Sol: E_corr(MP2) = -0.0526935377871399  E_corr(CCSD) = -0.0563545539232495  E_corr(CCSD(T)) = -0.00233147138478068  [restored from checkpoint; solved in 3141 s on 2026-09-13 07:01]
LO occ proj: 1 active | 0 standby | 23 orthogonal
LO vir proj: 0 active | 0 standby | 378 orthogonal
Fragment 13/24  LAS: 24/34 Occ | 240/378 Vir | 264/412 MOs
Fragment 13/24  Sol: E_corr(MP2) = -0.0521640637973963  E_corr(CCSD) = -0.0559760699462113  E_corr(CCSD(T)) = -0.00224419265372257  [restored from checkpoint; solved in 2094 s on 2026-09-13 07:36]
LO occ proj: 1 active | 0 standby | 23 orthogonal
LO vir proj: 0 active | 0 standby | 378 orthogonal
Fragment 14/24  LAS: 24/34 Occ | 266/378 Vir | 290/412 MOs
Fragment 14/24  Sol: E_corr(MP2) = -0.0635177872346724  E_corr(CCSD) = -0.0648528704321907  E_corr(CCSD(T)) = -0.00343742704339771  [restored from checkpoint; solved in 3186 s on 2026-09-13 08:29]
LO occ proj: 1 active | 0 standby | 23 orthogonal
LO vir proj: 0 active | 0 standby | 378 orthogonal
Fragment 15/24  LAS: 24/34 Occ | 265/378 Vir | 289/412 MOs
Fragment 15/24  Sol: E_corr(MP2) = -0.0526935548261583  E_corr(CCSD) = -0.0563545682420089  E_corr(CCSD(T)) = -0.00233147291442274  [restored from checkpoint; solved in 3882 s on 2026-09-13 09:34]
LO occ proj: 1 active | 0 standby | 23 orthogonal
LO vir proj: 0 active | 0 standby | 378 orthogonal
Fragment 16/24  LAS: 24/34 Occ | 240/378 Vir | 264/412 MOs
Fragment 16/24  Sol: E_corr(MP2) = -0.0521640505154561  E_corr(CCSD) = -0.0559760590099498  E_corr(CCSD(T)) = -0.00224419204260525
LO occ proj: 1 active | 0 standby | 23 orthogonal
LO vir proj: 0 active | 0 standby | 378 orthogonal
Fragment 17/24  LAS: 24/34 Occ | 369/378 Vir | 393/412 MOs
--- heartbeat 2026-09-13 11:01:08: pid 436 alive, elapsed 01:00:00, cpu 743 %, rss 9808 MB, tmp 29G
--- heartbeat 2026-09-13 12:01:08: pid 436 alive, elapsed 02:00:00, cpu 685 %, rss 8840 MB, tmp 31G
--- heartbeat 2026-09-13 13:01:08: pid 436 alive, elapsed 03:00:00, cpu 718 %, rss 7504 MB, tmp 37G
--- heartbeat 2026-09-13 14:01:08: pid 436 alive, elapsed 04:00:00, cpu 755 %, rss 7370 MB, tmp 37G
Fragment 17/24  Sol: E_corr(MP2) = -0.0931918689505788  E_corr(CCSD) = -0.0868164232741191  E_corr(CCSD(T)) = -0.00729984762106582
LO occ proj: 1 active | 0 standby | 23 orthogonal
LO vir proj: 0 active | 0 standby | 378 orthogonal
Fragment 18/24  LAS: 24/34 Occ | 265/378 Vir | 289/412 MOs
--- heartbeat 2026-09-13 15:01:08: pid 436 alive, elapsed 05:00:00, cpu 755 %, rss 5010 MB, tmp 36G
Fragment 18/24  Sol: E_corr(MP2) = -0.0526935391774333  E_corr(CCSD) = -0.0563545551128226  E_corr(CCSD(T)) = -0.0023314718433052
LO occ proj: 1 active | 0 standby | 23 orthogonal
LO vir proj: 0 active | 0 standby | 378 orthogonal
Fragment 19/24  LAS: 24/34 Occ | 310/378 Vir | 334/412 MOs
--- heartbeat 2026-09-13 16:01:09: pid 436 alive, elapsed 06:00:00, cpu 766 %, rss 11239 MB, tmp 26G
--- heartbeat 2026-09-13 17:01:09: pid 436 alive, elapsed 07:00:01, cpu 766 %, rss 7618 MB, tmp 30G
Fragment 19/24  Sol: E_corr(MP2) = -0.0654805997149931  E_corr(CCSD) = -0.0665787243846591  E_corr(CCSD(T)) = -0.00371959300974157
LO occ proj: 1 active | 0 standby | 23 orthogonal
LO vir proj: 0 active | 0 standby | 378 orthogonal
Fragment 20/24  LAS: 24/34 Occ | 240/378 Vir | 264/412 MOs
--- heartbeat 2026-09-13 18:01:09: pid 436 alive, elapsed 08:00:01, cpu 774 %, rss 3158 MB, tmp 30G
Fragment 20/24  Sol: E_corr(MP2) = -0.0521640508142178  E_corr(CCSD) = -0.0559760584770288  E_corr(CCSD(T)) = -0.00224419163389419
LO occ proj: 1 active | 0 standby | 23 orthogonal
LO vir proj: 0 active | 0 standby | 378 orthogonal
Fragment 21/24  LAS: 24/34 Occ | 343/378 Vir | 367/412 MOs
--- heartbeat 2026-09-13 19:01:09: pid 436 alive, elapsed 09:00:01, cpu 774 %, rss 5908 MB, tmp 28G
--- heartbeat 2026-09-13 20:01:10: pid 436 alive, elapsed 10:00:01, cpu 764 %, rss 8975 MB, tmp 29G
--- heartbeat 2026-09-13 21:01:10: pid 436 alive, elapsed 11:00:01, cpu 770 %, rss 7330 MB, tmp 34G
--- heartbeat 2026-09-13 22:01:10: pid 436 alive, elapsed 12:00:02, cpu 778 %, rss 7330 MB, tmp 34G
Fragment 21/24  Sol: E_corr(MP2) = -0.0863995230653693  E_corr(CCSD) = -0.083806609188195  E_corr(CCSD(T)) = -0.00636362986286898
LO occ proj: 1 active | 0 standby | 23 orthogonal
LO vir proj: 0 active | 0 standby | 378 orthogonal
Fragment 22/24  LAS: 24/34 Occ | 343/378 Vir | 367/412 MOs
--- heartbeat 2026-09-13 23:01:10: pid 436 alive, elapsed 13:00:02, cpu 775 %, rss 9726 MB, tmp 29G
--- heartbeat 2026-09-14 00:01:10: pid 436 alive, elapsed 14:00:02, cpu 771 %, rss 5555 MB, tmp 34G
--- heartbeat 2026-09-14 01:01:10: pid 436 alive, elapsed 15:00:02, cpu 778 %, rss 7386 MB, tmp 34G
Fragment 22/24  Sol: E_corr(MP2) = -0.0863995217864119  E_corr(CCSD) = -0.0838066078748394  E_corr(CCSD(T)) = -0.00636362977074824
LO occ proj: 1 active | 0 standby | 23 orthogonal
LO vir proj: 0 active | 0 standby | 378 orthogonal
Fragment 23/24  LAS: 24/34 Occ | 343/378 Vir | 367/412 MOs
--- heartbeat 2026-09-14 02:01:10: pid 436 alive, elapsed 16:00:02, cpu 777 %, rss 9596 MB, tmp 28G
--- heartbeat 2026-09-14 03:01:10: pid 436 alive, elapsed 17:00:02, cpu 775 %, rss 6675 MB, tmp 34G
--- heartbeat 2026-09-14 04:01:11: pid 436 alive, elapsed 18:00:02, cpu 780 %, rss 7863 MB, tmp 34G
Fragment 23/24  Sol: E_corr(MP2) = -0.0863995201059789  E_corr(CCSD) = -0.083806603813318  E_corr(CCSD(T)) = -0.00636362872251022
LO occ proj: 1 active | 0 standby | 23 orthogonal
LO vir proj: 0 active | 0 standby | 378 orthogonal
Fragment 24/24  LAS: 24/34 Occ | 343/378 Vir | 367/412 MOs
--- heartbeat 2026-09-14 05:01:11: pid 436 alive, elapsed 19:00:02, cpu 780 %, rss 11931 MB, tmp 28G
--- heartbeat 2026-09-14 06:01:11: pid 436 alive, elapsed 20:00:03, cpu 777 %, rss 5528 MB, tmp 34G
--- heartbeat 2026-09-14 07:01:11: pid 436 alive, elapsed 21:00:03, cpu 781 %, rss 7329 MB, tmp 34G
Fragment 24/24  Sol: E_corr(MP2) = -0.0863995191842644  E_corr(CCSD) = -0.0838066030825486  E_corr(CCSD(T)) = -0.00636362837321272
E(LNOMP2) = -385.043917916068  E_corr = -1.56984213624396
E(LNOCCSD) = -385.070427055216  E_corr = -1.5963512753926
E(LNOCCSD_T) = -385.161084298259  E_corr = -1.68700851843517
Summary by spin components
LNOMP2   Ess = -0.405419468305906  Eos = -1.16442266793805  Escs = -1.53231188447153
LNOCCSD  Ess = -0.359251218117125  Eos = -1.23710005727548  Escs = -1.60415072436357
[07:42:59] cc-pvtz: LNO-CCSD(T) 78103.3 s this segment (fragment solves summed over segments 138304.9 s, 9 new + 15 restored), E_corr(T) = -1.68700852, peak RSS 15.35 GB
[07:49:57] cc-pvtz: basis terms (decision 33) MP2/cc-pvqz 60.0 s, SCF/cc-pv5z 352.9 s (anchor-basis MP2 5.0 s); share of the LNO time 0.5%; peak RSS 15.35 GB

# Anchor single-point timing — naphthalene at the dry-run B3LYP/6-31G* geometry — 2026-09-14 07:49, Asus18 (WSL), 8 threads, LNO thresholds [1e-07, 1e-08]
| basis | nbf | RHF(DF) s | PM s | LNO-CCSD(T) s | peak RSS GB | E_corr LNO-CCSD(T) | canonical CCSD(T) s | LNO − canonical µE_h |
|---|---|---|---|---|---|---|---|---|
| cc-pvtz | 412 | 7 | 0 | 78103 | 15.35 | -1.687009 | nan | nan |

Printed by probes/anchor_single_point_timing.py. A timing; no Δ, no displaced geometry.
