=== detached start Sat Sep 12 12:39:00 CEST 2026: python anchor_single_point_timing.py --molecule naphthalene --basis cc-pvtz --thresh xtight --no-canonical --threads 8 --max-memory 16000
[12:39:00] anchor single-point timing on Asus18, molecule naphthalene, 8 threads, thresholds xtight = [1e-07, 1e-08]
[12:39:00] cc-pvtz: 412 basis functions
[12:39:07] cc-pvtz: RHF(DF) 6.7 s, E = -383.47407578
[12:39:08] cc-pvtz: PM localisation 1.1 s, 24 LMOs

******** <class 'pyscf.lno.lnoccsd.LNOCCSD_T'> ********
nocc = 24, nmo = 402
frozen orbitals 10
max_memory 16000 MB (current use 893 MB)
nfrag = 24  nlo = 24
frag_lolist = [[0], [1], [2], [3], [4], [5], [6], [7], [8], [9], [10], [11], [12], [13], [14], [15], [16], [17], [18], [19], [20], [21], [22], [23]]
frag_wghtlist = None
lno_type = ['1h', '1h']
lno_thresh = [1e-07, 1e-08]
lno_pct_occ = None
lno_norb = None
lo_proj_thresh = 1e-10
lo_proj_thresh_active = 0.1
verbose_imp = 2
_ovL = None
_ovL_to_save = None
force_outcore_ao2mo = False
_match_oldcode = False
_max_las_size_ccsd = 1000
_max_las_size_ccsd_t = 1000
Regularized frag_wghtlist = [1. 1. 1. 1. 1. 1. 1. 1. 1. 1. 1. 1. 1. 1. 1. 1. 1. 1. 1. 1. 1. 1. 1. 1.]

WARN: Input vhf is not found. Building vhf from SCF MO.

LO occ proj: 1 active | 0 standby | 23 orthogonal
LO vir proj: 0 active | 0 standby | 378 orthogonal
Fragment 1/24  LAS: 24/34 Occ | 310/378 Vir | 334/412 MOs
Fragment 1/24  Sol: E_corr(MP2) = -0.0654806097339351  E_corr(CCSD) = -0.0665787327823546  E_corr(CCSD(T)) = -0.00371959399603505
LO occ proj: 1 active | 0 standby | 23 orthogonal
LO vir proj: 0 active | 0 standby | 378 orthogonal
Fragment 2/24  LAS: 24/34 Occ | 255/378 Vir | 279/412 MOs
--- heartbeat 2026-09-12 14:31:25 (restarted loop; the launcher loop died with its shell): pid 518 alive, elapsed 01:52:25, cpu 790 %, rss 3218 MB, tmp 17G
--- heartbeat 2026-09-12 15:31:25: pid 518 alive, elapsed 02:52:25, cpu 790 %, rss 4379 MB, tmp 29G
Fragment 2/24  Sol: E_corr(MP2) = -0.0639717537498491  E_corr(CCSD) = -0.0656245877933485  E_corr(CCSD(T)) = -0.00349805481102162
LO occ proj: 1 active | 0 standby | 23 orthogonal
LO vir proj: 0 active | 0 standby | 378 orthogonal
Fragment 3/24  LAS: 24/34 Occ | 310/378 Vir | 334/412 MOs

=== killed 2026-09-12 16:14:33 with the whole WSL VM: Windows Resource-Exhaustion-Detector event 2004 at 16:14:32 (low virtual memory: vmmemWSL 21,858,902,016 B, lean.exe 8,068,087,808 B, lake.exe 1,262,022,656 B) - a Lean/Mathlib build on the Windows side beside the job; Hyper-V port deleted 16:14:33-35. Fragment 3/24 had started at ~15:36; 1-2 done in ~1 h 50 and ~70 min. No Linux OOM, no traceback. ===
