=== detached start Sat Sep 12 12:36:19 CEST 2026: python anchor_single_point_timing.py --molecule naphthalene --basis cc-pvtz --thresh xtight --no-canonical --threads 8 --max-memory 16000
[12:36:19] anchor single-point timing on Asus18, molecule naphthalene, 8 threads, thresholds xtight = [1e-07, 1e-08]
[12:36:20] cc-pvtz: 412 basis functions
[12:36:27] cc-pvtz: RHF(DF) 6.9 s, E = -383.47407578
[12:36:28] cc-pvtz: PM localisation 1.0 s, 24 LMOs

******** <class 'pyscf.lno.lnoccsd.LNOCCSD_T'> ********
nocc = 24, nmo = 402
frozen orbitals 10
max_memory 16000 MB (current use 893 MB)
nfrag = 24  nlo = 24
frag_lolist = [[0], [1], [2], [3], [4], [5], [6], [7], [8], [9], [10], [11], [12], [13], [14], [15], [16], [17], [18], [19], [20], [21], [22], [23]]
frag_wghtlist = None
lno_type = ['1h', '1h']
lno_thresh = [1e-07, 1e-08]
lno_pct_occ = None
lno_norb = None
lo_proj_thresh = 1e-10
lo_proj_thresh_active = 0.1
verbose_imp = 2
_ovL = None
_ovL_to_save = None
force_outcore_ao2mo = False
_match_oldcode = False
_max_las_size_ccsd = 1000
_max_las_size_ccsd_t = 1000
Regularized frag_wghtlist = [1. 1. 1. 1. 1. 1. 1. 1. 1. 1. 1. 1. 1. 1. 1. 1. 1. 1. 1. 1. 1. 1. 1. 1.]

WARN: Input vhf is not found. Building vhf from SCF MO.

LO occ proj: 1 active | 0 standby | 23 orthogonal
LO vir proj: 0 active | 0 standby | 378 orthogonal
Fragment 1/24  LAS: 24/34 Occ | 310/378 Vir | 334/412 MOs
Traceback (most recent call last):
  File "/mnt/c/Users/thebr/Documents/CapstonePlan/plans/05_delta-probed-ir-pipeline/probes/anchor_single_point_timing.py", line 196, in <module>
    main()
  File "/mnt/c/Users/thebr/Documents/CapstonePlan/plans/05_delta-probed-ir-pipeline/probes/anchor_single_point_timing.py", line 182, in main
    results.append(run_one(b, args.threads, args.thresh, canonical=(not args.no_canonical and b == args.canonical_basis), out=OUT,
                   ^^^^^^^^^^^^^^^^^^^^^^^^^^^^^^^^^^^^^^^^^^^^^^^^^^^^^^^^^^^^^^^^^^^^^^^^^^^^^^^^^^^^^^^^^^^^^^^^^^^^^^^^^^^^^^^
  File "/mnt/c/Users/thebr/Documents/CapstonePlan/plans/05_delta-probed-ir-pipeline/probes/anchor_single_point_timing.py", line 100, in run_one
    mcc.kernel()
  File "/home/thebreadishard/qc05/lib/python3.12/site-packages/pyscf/lno/lno.py", line 498, in kernel
    frag_res = kernel(self, self.lo_coeff, self.frag_lolist,
               ^^^^^^^^^^^^^^^^^^^^^^^^^^^^^^^^^^^^^^^^^^^^^
  File "/home/thebreadishard/qc05/lib/python3.12/site-packages/pyscf/lno/lno.py", line 147, in kernel
    frag_res[ifrag], frag_msg = mlno.impurity_solve(mf_frag, lnofrag, uocc_loc, eris, frozen=frozen)
                                ^^^^^^^^^^^^^^^^^^^^^^^^^^^^^^^^^^^^^^^^^^^^^^^^^^^^^^^^^^^^^^^^^^^^
  File "/home/thebreadishard/qc05/lib/python3.12/site-packages/pyscf/lno/lnoccsd.py", line 684, in impurity_solve
    return impurity_solve(mcc, mo_coeff, uocc_loc, mo_occ, maskact, eris, log=log,
           ^^^^^^^^^^^^^^^^^^^^^^^^^^^^^^^^^^^^^^^^^^^^^^^^^^^^^^^^^^^^^^^^^^^^^^^
  File "/home/thebreadishard/qc05/lib/python3.12/site-packages/pyscf/lno/lnoccsd.py", line 536, in impurity_solve
    imp_eris = mcc.ao2mo()
               ^^^^^^^^^^^
  File "/home/thebreadishard/qc05/lib/python3.12/site-packages/pyscf/lno/lnoccsd.py", line 394, in ao2mo
    return _make_df_eris(self, mo_coeff)
           ^^^^^^^^^^^^^^^^^^^^^^^^^^^^^
  File "/home/thebreadishard/qc05/lib/python3.12/site-packages/pyscf/lno/lnoccsd.py", line 469, in _make_df_eris
    tmpLov = _cp(Lov[:,:,p0:p1]).reshape(naux,-1)
             ^^^^^^^^^^^^^^^^^^^
  File "/home/thebreadishard/qc05/lib/python3.12/site-packages/pyscf/lno/lnoccsd.py", line 475, in _cp
    return np.array(a, copy=False, order='C')
           ^^^^^^^^^^^^^^^^^^^^^^^^^^^^^^^^^^
ValueError: Unable to avoid copy while creating an array as requested.
If using `np.array(obj, copy=False)` replace it with `np.asarray(obj)` to allow a copy when needed (no behavior change in NumPy 1.x).
For more details, see https://numpy.org/devdocs/numpy_2_0_migration_guide.html#adapting-to-changes-in-the-copy-keyword.
